Build started 7/29/2025 4:47:13 PM.
     1>Project "C:\ExplorerPro\ExplorerPro.sln" on node 1 (Restore target(s)).
     1>ValidateSolutionConfiguration:
         Building solution configuration "Debug|Any CPU".
       _GetAllRestoreProjectPathItems:
         Determining projects to restore...
       Restore:
         X.509 certificate chain validation will use the default trust store selected by .NET for code signing.
         X.509 certificate chain validation will use the default trust store selected by .NET for timestamping.
         Assets file has not changed. Skipping assets file writing. Path: C:\ExplorerPro\obj\project.assets.json
         Restored C:\ExplorerPro\ExplorerPro.csproj (in 55 ms).
         
         NuGet Config files used:
             C:\ExplorerPro\NuGet.Config
             C:\Users\Burness\AppData\Roaming\NuGet\NuGet.Config
         
         Feeds used:
             https://api.nuget.org/v3/index.json
         All projects are up-to-date for restore.
     1>Done Building Project "C:\ExplorerPro\ExplorerPro.sln" (Restore target(s)).
   1:2>Project "C:\ExplorerPro\ExplorerPro.sln" on node 1 (default targets).
     1>ValidateSolutionConfiguration:
         Building solution configuration "Debug|Any CPU".
   1:2>Project "C:\ExplorerPro\ExplorerPro.sln" (1:2) is building "C:\ExplorerPro\ExplorerPro.csproj" (2:6) on node 1 (default targets).
     2>GenerateTemporaryTargetAssembly:
         Copying file from "C:\ExplorerPro\obj\ExplorerPro.csproj.nuget.g.targets" to "C:\ExplorerPro\obj\ExplorerPro_on4pkfpc_wpftmp.csproj.nuget.g.targets".
         Copying file from "C:\ExplorerPro\obj\ExplorerPro.csproj.nuget.g.props" to "C:\ExplorerPro\obj\ExplorerPro_on4pkfpc_wpftmp.csproj.nuget.g.props".
         Copying file from "C:\ExplorerPro\obj\ExplorerPro.csproj.nuget.dgspec.json" to "C:\ExplorerPro\obj\ExplorerPro_on4pkfpc_wpftmp.csproj.nuget.dgspec.json".
   2:6>Project "C:\ExplorerPro\ExplorerPro.csproj" (2:6) is building "C:\ExplorerPro\ExplorerPro_on4pkfpc_wpftmp.csproj" (3) on node 1 (_CompileTemporaryAssembly target(s)).
     3>GenerateTargetFrameworkMonikerAttribute:
       Skipping target "GenerateTargetFrameworkMonikerAttribute" because all output files are up-to-date with respect to the input files.
       _GenerateSourceLinkFile:
         Updating Source Link file 'obj\Debug\net9.0-windows\ExplorerPro_on4pkfpc_wpftmp.sourcelink.json'.
       CoreCompile:
         C:\Program Files\dotnet\dotnet.exe exec "C:\Program Files\dotnet\sdk\9.0.203\Roslyn\bincore\csc.dll" /noconfig /unsafe- /checked- /nowarn:1701,1702,NU1701,1701,1702 /fullpaths /nostdlib+ /errorreport:prompt /warn:9 /define:TRACE;DEBUG;NET;NET9_0;NETCOREAPP;WINDOWS;WINDOWS7_0;NET5_0_OR_GREATER;NET6_0_OR_GREATER;NET7_0_OR_GREATER;NET8_0_OR_GREATER;NET9_0_OR_GREATER;NETCOREAPP3_0_OR_GREATER;NETCOREAPP3_1_OR_GREATER;WINDOWS7_0_OR_GREATER /highentropyva+ /nullable:enable /reference:"C:\Program Files\dotnet\packs\Microsoft.WindowsDesktop.App.Ref\9.0.4\ref\net9.0\Accessibility.dll" /reference:C:\Users\Burness\.nuget\packages\controlzex\4.4.0\lib\netcoreapp3.1\ControlzEx.dll /reference:C:\Users\Burness\.nuget\packages\documentformat.openxml\2.20.0\lib\net6.0\DocumentFormat.OpenXml.dll /reference:C:\Users\Burness\.nuget\packages\fuzzysharp\2.0.2\lib\netcoreapp2.1\FuzzySharp.dll /reference:C:\Users\Burness\.nuget\packages\mahapps.metro\2.4.10\lib\netcoreapp3.1\MahApps.Metro.dll /reference:"C:\Program Files\dotnet\packs\Microsoft.NETCore.App.Ref\9.0.4\ref\net9.0\Microsoft.CSharp.dll" /reference:C:\Users\Burness\.nuget\packages\microsoft.extensions.configuration.abstractions\9.0.4\lib\net9.0\Microsoft.Extensions.Configuration.Abstractions.dll /reference:C:\Users\Burness\.nuget\packages\microsoft.extensions.configuration.binder\9.0.4\lib\net9.0\Microsoft.Extensions.Configuration.Binder.dll /reference:C:\Users\Burness\.nuget\packages\microsoft.extensions.configuration\9.0.4\lib\net9.0\Microsoft.Extensions.Configuration.dll /reference:C:\Users\Burness\.nuget\packages\microsoft.extensions.dependencyinjection.abstractions\9.0.4\lib\net9.0\Microsoft.Extensions.DependencyInjection.Abstractions.dll /reference:C:\Users\Burness\.nuget\packages\microsoft.extensions.dependencyinjection\9.0.4\lib\net9.0\Microsoft.Extensions.DependencyInjection.dll /reference:C:\Users\Burness\.nuget\packages\microsoft.extensions.logging.abstractions\9.0.4\lib\net9.0\Microsoft.Extensions.Logging.Abstractions.dll /reference:C:\Users\Burness\.nuget\packages\microsoft.extensions.logging.configuration\9.0.4\lib\net9.0\Microsoft.Extensions.Logging.Configuration.dll /reference:C:\Users\Burness\.nuget\packages\microsoft.extensions.logging.console\9.0.4\lib\net9.0\Microsoft.Extensions.Logging.Console.dll /reference:C:\Users\Burness\.nuget\packages\microsoft.extensions.logging\9.0.4\lib\net9.0\Microsoft.Extensions.Logging.dll /reference:C:\Users\Burness\.nuget\packages\microsoft.extensions.options.configurationextensions\9.0.4\lib\net9.0\Microsoft.Extensions.Options.ConfigurationExtensions.dll /reference:C:\Users\Burness\.nuget\packages\microsoft.extensions.options\9.0.4\lib\net9.0\Microsoft.Extensions.Options.dll /reference:C:\Users\Burness\.nuget\packages\microsoft.extensions.primitives\9.0.4\lib\net9.0\Microsoft.Extensions.Primitives.dll /reference:"C:\Program Files\dotnet\packs\Microsoft.NETCore.App.Ref\9.0.4\ref\net9.0\Microsoft.VisualBasic.Core.dll" /reference:"C:\Program Files\dotnet\packs\Microsoft.WindowsDesktop.App.Ref\9.0.4\ref\net9.0\Microsoft.VisualBasic.dll" /reference:"C:\Program Files\dotnet\packs\Microsoft.WindowsDesktop.App.Ref\9.0.4\ref\net9.0\Microsoft.VisualBasic.Forms.dll" /reference:"C:\Program Files\dotnet\packs\Microsoft.NETCore.App.Ref\9.0.4\ref\net9.0\Microsoft.Win32.Primitives.dll" /reference:"C:\Program Files\dotnet\packs\Microsoft.WindowsDesktop.App.Ref\9.0.4\ref\net9.0\Microsoft.Win32.Registry.AccessControl.dll" /reference:"C:\Program Files\dotnet\packs\Microsoft.NETCore.App.Ref\9.0.4\ref\net9.0\Microsoft.Win32.Registry.dll" /reference:"C:\Program Files\dotnet\packs\Microsoft.WindowsDesktop.App.Ref\9.0.4\ref\net9.0\Microsoft.Win32.SystemEvents.dll" /reference:C:\Users\Burness\.nuget\packages\microsoft.xaml.behaviors.wpf\1.1.77\lib\net6.0-windows7.0\Microsoft.Xaml.Behaviors.dll /reference:"C:\Program Files\dotnet\packs\Microsoft.NETCore.App.Ref\9.0.4\ref\net9.0\mscorlib.dll" /reference:"C:\Program Files\dotnet\packs\Microsoft.NETCore.App.Ref\9.0.4\ref\net9.0\netstandard.dll" /reference:C:\Users\Burness\.nuget\packages\newtonsoft.json\13.0.3\lib\net6.0\Newtonsoft.Json.dll /reference:C:\Users\Burness\.nuget\packages\pdfiumviewer.updated\2.14.5\lib\net6.0-windows7.0\PdfiumViewer.dll /reference:"C:\Program Files\dotnet\packs\Microsoft.WindowsDesktop.App.Ref\9.0.4\ref\net9.0\PresentationCore.dll" /reference:"C:\Program Files\dotnet\packs\Microsoft.WindowsDesktop.App.Ref\9.0.4\ref\net9.0\PresentationFramework.Aero.dll" /reference:"C:\Program Files\dotnet\packs\Microsoft.WindowsDesktop.App.Ref\9.0.4\ref\net9.0\PresentationFramework.Aero2.dll" /reference:"C:\Program Files\dotnet\packs\Microsoft.WindowsDesktop.App.Ref\9.0.4\ref\net9.0\PresentationFramework.AeroLite.dll" /reference:"C:\Program Files\dotnet\packs\Microsoft.WindowsDesktop.App.Ref\9.0.4\ref\net9.0\PresentationFramework.Classic.dll" /reference:"C:\Program Files\dotnet\packs\Microsoft.WindowsDesktop.App.Ref\9.0.4\ref\net9.0\PresentationFramework.dll" /reference:"C:\Program Files\dotnet\packs\Microsoft.WindowsDesktop.App.Ref\9.0.4\ref\net9.0\PresentationFramework.Luna.dll" /reference:"C:\Program Files\dotnet\packs\Microsoft.WindowsDesktop.App.Ref\9.0.4\ref\net9.0\PresentationFramework.Royale.dll" /reference:"C:\Program Files\dotnet\packs\Microsoft.WindowsDesktop.App.Ref\9.0.4\ref\net9.0\PresentationUI.dll" /reference:"C:\Program Files\dotnet\packs\Microsoft.WindowsDesktop.App.Ref\9.0.4\ref\net9.0\ReachFramework.dll" /reference:"C:\Program Files\dotnet\packs\Microsoft.NETCore.App.Ref\9.0.4\ref\net9.0\System.AppContext.dll" /reference:"C:\Program Files\dotnet\packs\Microsoft.NETCore.App.Ref\9.0.4\ref\net9.0\System.Buffers.dll" /reference:"C:\Program Files\dotnet\packs\Microsoft.WindowsDesktop.App.Ref\9.0.4\ref\net9.0\System.CodeDom.dll" /reference:"C:\Program Files\dotnet\packs\Microsoft.NETCore.App.Ref\9.0.4\ref\net9.0\System.Collections.Concurrent.dll" /reference:"C:\Program Files\dotnet\packs\Microsoft.NETCore.App.Ref\9.0.4\ref\net9.0\System.Collections.dll" /reference:"C:\Program Files\dotnet\packs\Microsoft.NETCore.App.Ref\9.0.4\ref\net9.0\System.Collections.Immutable.dll" /reference:"C:\Program Files\dotnet\packs\Microsoft.NETCore.App.Ref\9.0.4\ref\net9.0\System.Collections.NonGeneric.dll" /reference:"C:\Program Files\dotnet\packs\Microsoft.NETCore.App.Ref\9.0.4\ref\net9.0\System.Collections.Specialized.dll" /reference:"C:\Program Files\dotnet\packs\Microsoft.NETCore.App.Ref\9.0.4\ref\net9.0\System.ComponentModel.Annotations.dll" /reference:"C:\Program Files\dotnet\packs\Microsoft.NETCore.App.Ref\9.0.4\ref\net9.0\System.ComponentModel.DataAnnotations.dll" /reference:"C:\Program Files\dotnet\packs\Microsoft.NETCore.App.Ref\9.0.4\ref\net9.0\System.ComponentModel.dll" /reference:"C:\Program Files\dotnet\packs\Microsoft.NETCore.App.Ref\9.0.4\ref\net9.0\System.ComponentModel.EventBasedAsync.dll" /reference:"C:\Program Files\dotnet\packs\Microsoft.NETCore.App.Ref\9.0.4\ref\net9.0\System.ComponentModel.Primitives.dll" /reference:"C:\Program Files\dotnet\packs\Microsoft.NETCore.App.Ref\9.0.4\ref\net9.0\System.ComponentModel.TypeConverter.dll" /reference:"C:\Program Files\dotnet\packs\Microsoft.WindowsDesktop.App.Ref\9.0.4\ref\net9.0\System.Configuration.ConfigurationManager.dll" /reference:"C:\Program Files\dotnet\packs\Microsoft.NETCore.App.Ref\9.0.4\ref\net9.0\System.Configuration.dll" /reference:"C:\Program Files\dotnet\packs\Microsoft.NETCore.App.Ref\9.0.4\ref\net9.0\System.Console.dll" /reference:"C:\Program Files\dotnet\packs\Microsoft.NETCore.App.Ref\9.0.4\ref\net9.0\System.Core.dll" /reference:"C:\Program Files\dotnet\packs\Microsoft.NETCore.App.Ref\9.0.4\ref\net9.0\System.Data.Common.dll" /reference:"C:\Program Files\dotnet\packs\Microsoft.NETCore.App.Ref\9.0.4\ref\net9.0\System.Data.DataSetExtensions.dll" /reference:"C:\Program Files\dotnet\packs\Microsoft.NETCore.App.Ref\9.0.4\ref\net9.0\System.Data.dll" /reference:"C:\Program Files\dotnet\packs\Microsoft.WindowsDesktop.App.Ref\9.0.4\ref\net9.0\System.Design.dll" /reference:"C:\Program Files\dotnet\packs\Microsoft.NETCore.App.Ref\9.0.4\ref\net9.0\System.Diagnostics.Contracts.dll" /reference:"C:\Program Files\dotnet\packs\Microsoft.NETCore.App.Ref\9.0.4\ref\net9.0\System.Diagnostics.Debug.dll" /reference:"C:\Program Files\dotnet\packs\Microsoft.NETCore.App.Ref\9.0.4\ref\net9.0\System.Diagnostics.DiagnosticSource.dll" /reference:"C:\Program Files\dotnet\packs\Microsoft.WindowsDesktop.App.Ref\9.0.4\ref\net9.0\System.Diagnostics.EventLog.dll" /reference:"C:\Program Files\dotnet\packs\Microsoft.NETCore.App.Ref\9.0.4\ref\net9.0\System.Diagnostics.FileVersionInfo.dll" /reference:"C:\Program Files\dotnet\packs\Microsoft.WindowsDesktop.App.Ref\9.0.4\ref\net9.0\System.Diagnostics.PerformanceCounter.dll" /reference:"C:\Program Files\dotnet\packs\Microsoft.NETCore.App.Ref\9.0.4\ref\net9.0\System.Diagnostics.Process.dll" /reference:"C:\Program Files\dotnet\packs\Microsoft.NETCore.App.Ref\9.0.4\ref\net9.0\System.Diagnostics.StackTrace.dll" /reference:"C:\Program Files\dotnet\packs\Microsoft.NETCore.App.Ref\9.0.4\ref\net9.0\System.Diagnostics.TextWriterTraceListener.dll" /reference:"C:\Program Files\dotnet\packs\Microsoft.NETCore.App.Ref\9.0.4\ref\net9.0\System.Diagnostics.Tools.dll" /reference:"C:\Program Files\dotnet\packs\Microsoft.NETCore.App.Ref\9.0.4\ref\net9.0\System.Diagnostics.TraceSource.dll" /reference:"C:\Program Files\dotnet\packs\Microsoft.NETCore.App.Ref\9.0.4\ref\net9.0\System.Diagnostics.Tracing.dll" /reference:"C:\Program Files\dotnet\packs\Microsoft.WindowsDesktop.App.Ref\9.0.4\ref\net9.0\System.DirectoryServices.dll" /reference:"C:\Program Files\dotnet\packs\Microsoft.NETCore.App.Ref\9.0.4\ref\net9.0\System.dll" /reference:"C:\Program Files\dotnet\packs\Microsoft.WindowsDesktop.App.Ref\9.0.4\ref\net9.0\System.Drawing.Common.dll" /reference:"C:\Program Files\dotnet\packs\Microsoft.WindowsDesktop.App.Ref\9.0.4\ref\net9.0\System.Drawing.Design.dll" /reference:"C:\Program Files\dotnet\packs\Microsoft.WindowsDesktop.App.Ref\9.0.4\ref\net9.0\System.Drawing.dll" /reference:"C:\Program Files\dotnet\packs\Microsoft.NETCore.App.Ref\9.0.4\ref\net9.0\System.Drawing.Primitives.dll" /reference:"C:\Program Files\dotnet\packs\Microsoft.NETCore.App.Ref\9.0.4\ref\net9.0\System.Dynamic.Runtime.dll" /reference:"C:\Program Files\dotnet\packs\Microsoft.NETCore.App.Ref\9.0.4\ref\net9.0\System.Formats.Asn1.dll" /reference:"C:\Program Files\dotnet\packs\Microsoft.WindowsDesktop.App.Ref\9.0.4\ref\net9.0\System.Formats.Nrbf.dll" /reference:"C:\Program Files\dotnet\packs\Microsoft.NETCore.App.Ref\9.0.4\ref\net9.0\System.Formats.Tar.dll" /reference:"C:\Program Files\dotnet\packs\Microsoft.NETCore.App.Ref\9.0.4\ref\net9.0\System.Globalization.Calendars.dll" /reference:"C:\Program Files\dotnet\packs\Microsoft.NETCore.App.Ref\9.0.4\ref\net9.0\System.Globalization.dll" /reference:"C:\Program Files\dotnet\packs\Microsoft.NETCore.App.Ref\9.0.4\ref\net9.0\System.Globalization.Extensions.dll" /reference:C:\Users\Burness\.nuget\packages\system.io.abstractions\20.0.4\lib\net8.0\System.IO.Abstractions.dll /reference:"C:\Program Files\dotnet\packs\Microsoft.NETCore.App.Ref\9.0.4\ref\net9.0\System.IO.Compression.Brotli.dll" /reference:"C:\Program Files\dotnet\packs\Microsoft.NETCore.App.Ref\9.0.4\ref\net9.0\System.IO.Compression.dll" /reference:"C:\Program Files\dotnet\packs\Microsoft.NETCore.App.Ref\9.0.4\ref\net9.0\System.IO.Compression.FileSystem.dll" /reference:"C:\Program Files\dotnet\packs\Microsoft.NETCore.App.Ref\9.0.4\ref\net9.0\System.IO.Compression.ZipFile.dll" /reference:"C:\Program Files\dotnet\packs\Microsoft.NETCore.App.Ref\9.0.4\ref\net9.0\System.IO.dll" /reference:"C:\Program Files\dotnet\packs\Microsoft.NETCore.App.Ref\9.0.4\ref\net9.0\System.IO.FileSystem.AccessControl.dll" /reference:"C:\Program Files\dotnet\packs\Microsoft.NETCore.App.Ref\9.0.4\ref\net9.0\System.IO.FileSystem.dll" /reference:"C:\Program Files\dotnet\packs\Microsoft.NETCore.App.Ref\9.0.4\ref\net9.0\System.IO.FileSystem.DriveInfo.dll" /reference:"C:\Program Files\dotnet\packs\Microsoft.NETCore.App.Ref\9.0.4\ref\net9.0\System.IO.FileSystem.Primitives.dll" /reference:"C:\Program Files\dotnet\packs\Microsoft.NETCore.App.Ref\9.0.4\ref\net9.0\System.IO.FileSystem.Watcher.dll" /reference:"C:\Program Files\dotnet\packs\Microsoft.NETCore.App.Ref\9.0.4\ref\net9.0\System.IO.IsolatedStorage.dll" /reference:"C:\Program Files\dotnet\packs\Microsoft.NETCore.App.Ref\9.0.4\ref\net9.0\System.IO.MemoryMappedFiles.dll" /reference:"C:\Program Files\dotnet\packs\Microsoft.WindowsDesktop.App.Ref\9.0.4\ref\net9.0\System.IO.Packaging.dll" /reference:"C:\Program Files\dotnet\packs\Microsoft.NETCore.App.Ref\9.0.4\ref\net9.0\System.IO.Pipelines.dll" /reference:"C:\Program Files\dotnet\packs\Microsoft.NETCore.App.Ref\9.0.4\ref\net9.0\System.IO.Pipes.AccessControl.dll" /reference:"C:\Program Files\dotnet\packs\Microsoft.NETCore.App.Ref\9.0.4\ref\net9.0\System.IO.Pipes.dll" /reference:"C:\Program Files\dotnet\packs\Microsoft.NETCore.App.Ref\9.0.4\ref\net9.0\System.IO.UnmanagedMemoryStream.dll" /reference:"C:\Program Files\dotnet\packs\Microsoft.NETCore.App.Ref\9.0.4\ref\net9.0\System.Linq.dll" /reference:"C:\Program Files\dotnet\packs\Microsoft.NETCore.App.Ref\9.0.4\ref\net9.0\System.Linq.Expressions.dll" /reference:"C:\Program Files\dotnet\packs\Microsoft.NETCore.App.Ref\9.0.4\ref\net9.0\System.Linq.Parallel.dll" /reference:"C:\Program Files\dotnet\packs\Microsoft.NETCore.App.Ref\9.0.4\ref\net9.0\System.Linq.Queryable.dll" /reference:"C:\Program Files\dotnet\packs\Microsoft.NETCore.App.Ref\9.0.4\ref\net9.0\System.Memory.dll" /reference:"C:\Program Files\dotnet\packs\Microsoft.NETCore.App.Ref\9.0.4\ref\net9.0\System.Net.dll" /reference:"C:\Program Files\dotnet\packs\Microsoft.NETCore.App.Ref\9.0.4\ref\net9.0\System.Net.Http.dll" /reference:"C:\Program Files\dotnet\packs\Microsoft.NETCore.App.Ref\9.0.4\ref\net9.0\System.Net.Http.Json.dll" /reference:"C:\Program Files\dotnet\packs\Microsoft.NETCore.App.Ref\9.0.4\ref\net9.0\System.Net.HttpListener.dll" /reference:"C:\Program Files\dotnet\packs\Microsoft.NETCore.App.Ref\9.0.4\ref\net9.0\System.Net.Mail.dll" /reference:"C:\Program Files\dotnet\packs\Microsoft.NETCore.App.Ref\9.0.4\ref\net9.0\System.Net.NameResolution.dll" /reference:"C:\Program Files\dotnet\packs\Microsoft.NETCore.App.Ref\9.0.4\ref\net9.0\System.Net.NetworkInformation.dll" /reference:"C:\Program Files\dotnet\packs\Microsoft.NETCore.App.Ref\9.0.4\ref\net9.0\System.Net.Ping.dll" /reference:"C:\Program Files\dotnet\packs\Microsoft.NETCore.App.Ref\9.0.4\ref\net9.0\System.Net.Primitives.dll" /reference:"C:\Program Files\dotnet\packs\Microsoft.NETCore.App.Ref\9.0.4\ref\net9.0\System.Net.Quic.dll" /reference:"C:\Program Files\dotnet\packs\Microsoft.NETCore.App.Ref\9.0.4\ref\net9.0\System.Net.Requests.dll" /reference:"C:\Program Files\dotnet\packs\Microsoft.NETCore.App.Ref\9.0.4\ref\net9.0\System.Net.Security.dll" /reference:"C:\Program Files\dotnet\packs\Microsoft.NETCore.App.Ref\9.0.4\ref\net9.0\System.Net.ServicePoint.dll" /reference:"C:\Program Files\dotnet\packs\Microsoft.NETCore.App.Ref\9.0.4\ref\net9.0\System.Net.Sockets.dll" /reference:"C:\Program Files\dotnet\packs\Microsoft.NETCore.App.Ref\9.0.4\ref\net9.0\System.Net.WebClient.dll" /reference:"C:\Program Files\dotnet\packs\Microsoft.NETCore.App.Ref\9.0.4\ref\net9.0\System.Net.WebHeaderCollection.dll" /reference:"C:\Program Files\dotnet\packs\Microsoft.NETCore.App.Ref\9.0.4\ref\net9.0\System.Net.WebProxy.dll" /reference:"C:\Program Files\dotnet\packs\Microsoft.NETCore.App.Ref\9.0.4\ref\net9.0\System.Net.WebSockets.Client.dll" /reference:"C:\Program Files\dotnet\packs\Microsoft.NETCore.App.Ref\9.0.4\ref\net9.0\System.Net.WebSockets.dll" /reference:"C:\Program Files\dotnet\packs\Microsoft.NETCore.App.Ref\9.0.4\ref\net9.0\System.Numerics.dll" /reference:"C:\Program Files\dotnet\packs\Microsoft.NETCore.App.Ref\9.0.4\ref\net9.0\System.Numerics.Vectors.dll" /reference:"C:\Program Files\dotnet\packs\Microsoft.NETCore.App.Ref\9.0.4\ref\net9.0\System.ObjectModel.dll" /reference:"C:\Program Files\dotnet\packs\Microsoft.WindowsDesktop.App.Ref\9.0.4\ref\net9.0\System.Printing.dll" /reference:"C:\Program Files\dotnet\packs\Microsoft.WindowsDesktop.App.Ref\9.0.4\ref\net9.0\System.Private.Windows.Core.dll" /reference:"C:\Program Files\dotnet\packs\Microsoft.NETCore.App.Ref\9.0.4\ref\net9.0\System.Reflection.DispatchProxy.dll" /reference:"C:\Program Files\dotnet\packs\Microsoft.NETCore.App.Ref\9.0.4\ref\net9.0\System.Reflection.dll" /reference:"C:\Program Files\dotnet\packs\Microsoft.NETCore.App.Ref\9.0.4\ref\net9.0\System.Reflection.Emit.dll" /reference:"C:\Program Files\dotnet\packs\Microsoft.NETCore.App.Ref\9.0.4\ref\net9.0\System.Reflection.Emit.ILGeneration.dll" /reference:"C:\Program Files\dotnet\packs\Microsoft.NETCore.App.Ref\9.0.4\ref\net9.0\System.Reflection.Emit.Lightweight.dll" /reference:"C:\Program Files\dotnet\packs\Microsoft.NETCore.App.Ref\9.0.4\ref\net9.0\System.Reflection.Extensions.dll" /reference:"C:\Program Files\dotnet\packs\Microsoft.NETCore.App.Ref\9.0.4\ref\net9.0\System.Reflection.Metadata.dll" /reference:"C:\Program Files\dotnet\packs\Microsoft.NETCore.App.Ref\9.0.4\ref\net9.0\System.Reflection.Primitives.dll" /reference:"C:\Program Files\dotnet\packs\Microsoft.NETCore.App.Ref\9.0.4\ref\net9.0\System.Reflection.TypeExtensions.dll" /reference:"C:\Program Files\dotnet\packs\Microsoft.WindowsDesktop.App.Ref\9.0.4\ref\net9.0\System.Resources.Extensions.dll" /reference:"C:\Program Files\dotnet\packs\Microsoft.NETCore.App.Ref\9.0.4\ref\net9.0\System.Resources.Reader.dll" /reference:"C:\Program Files\dotnet\packs\Microsoft.NETCore.App.Ref\9.0.4\ref\net9.0\System.Resources.ResourceManager.dll" /reference:"C:\Program Files\dotnet\packs\Microsoft.NETCore.App.Ref\9.0.4\ref\net9.0\System.Resources.Writer.dll" /reference:"C:\Program Files\dotnet\packs\Microsoft.NETCore.App.Ref\9.0.4\ref\net9.0\System.Runtime.CompilerServices.Unsafe.dll" /reference:"C:\Program Files\dotnet\packs\Microsoft.NETCore.App.Ref\9.0.4\ref\net9.0\System.Runtime.CompilerServices.VisualC.dll" /reference:"C:\Program Files\dotnet\packs\Microsoft.NETCore.App.Ref\9.0.4\ref\net9.0\System.Runtime.dll" /reference:"C:\Program Files\dotnet\packs\Microsoft.NETCore.App.Ref\9.0.4\ref\net9.0\System.Runtime.Extensions.dll" /reference:"C:\Program Files\dotnet\packs\Microsoft.NETCore.App.Ref\9.0.4\ref\net9.0\System.Runtime.Handles.dll" /reference:"C:\Program Files\dotnet\packs\Microsoft.NETCore.App.Ref\9.0.4\ref\net9.0\System.Runtime.InteropServices.dll" /reference:"C:\Program Files\dotnet\packs\Microsoft.NETCore.App.Ref\9.0.4\ref\net9.0\System.Runtime.InteropServices.JavaScript.dll" /reference:"C:\Program Files\dotnet\packs\Microsoft.NETCore.App.Ref\9.0.4\ref\net9.0\System.Runtime.InteropServices.RuntimeInformation.dll" /reference:"C:\Program Files\dotnet\packs\Microsoft.NETCore.App.Ref\9.0.4\ref\net9.0\System.Runtime.Intrinsics.dll" /reference:"C:\Program Files\dotnet\packs\Microsoft.NETCore.App.Ref\9.0.4\ref\net9.0\System.Runtime.Loader.dll" /reference:"C:\Program Files\dotnet\packs\Microsoft.NETCore.App.Ref\9.0.4\ref\net9.0\System.Runtime.Numerics.dll" /reference:"C:\Program Files\dotnet\packs\Microsoft.NETCore.App.Ref\9.0.4\ref\net9.0\System.Runtime.Serialization.dll" /reference:"C:\Program Files\dotnet\packs\Microsoft.NETCore.App.Ref\9.0.4\ref\net9.0\System.Runtime.Serialization.Formatters.dll" /reference:"C:\Program Files\dotnet\packs\Microsoft.NETCore.App.Ref\9.0.4\ref\net9.0\System.Runtime.Serialization.Json.dll" /reference:"C:\Program Files\dotnet\packs\Microsoft.NETCore.App.Ref\9.0.4\ref\net9.0\System.Runtime.Serialization.Primitives.dll" /reference:"C:\Program Files\dotnet\packs\Microsoft.NETCore.App.Ref\9.0.4\ref\net9.0\System.Runtime.Serialization.Xml.dll" /reference:"C:\Program Files\dotnet\packs\Microsoft.NETCore.App.Ref\9.0.4\ref\net9.0\System.Security.AccessControl.dll" /reference:"C:\Program Files\dotnet\packs\Microsoft.NETCore.App.Ref\9.0.4\ref\net9.0\System.Security.Claims.dll" /reference:"C:\Program Files\dotnet\packs\Microsoft.NETCore.App.Ref\9.0.4\ref\net9.0\System.Security.Cryptography.Algorithms.dll" /reference:"C:\Program Files\dotnet\packs\Microsoft.NETCore.App.Ref\9.0.4\ref\net9.0\System.Security.Cryptography.Cng.dll" /reference:"C:\Program Files\dotnet\packs\Microsoft.NETCore.App.Ref\9.0.4\ref\net9.0\System.Security.Cryptography.Csp.dll" /reference:"C:\Program Files\dotnet\packs\Microsoft.NETCore.App.Ref\9.0.4\ref\net9.0\System.Security.Cryptography.dll" /reference:"C:\Program Files\dotnet\packs\Microsoft.NETCore.App.Ref\9.0.4\ref\net9.0\System.Security.Cryptography.Encoding.dll" /reference:"C:\Program Files\dotnet\packs\Microsoft.NETCore.App.Ref\9.0.4\ref\net9.0\System.Security.Cryptography.OpenSsl.dll" /reference:"C:\Program Files\dotnet\packs\Microsoft.WindowsDesktop.App.Ref\9.0.4\ref\net9.0\System.Security.Cryptography.Pkcs.dll" /reference:"C:\Program Files\dotnet\packs\Microsoft.NETCore.App.Ref\9.0.4\ref\net9.0\System.Security.Cryptography.Primitives.dll" /reference:"C:\Program Files\dotnet\packs\Microsoft.WindowsDesktop.App.Ref\9.0.4\ref\net9.0\System.Security.Cryptography.ProtectedData.dll" /reference:"C:\Program Files\dotnet\packs\Microsoft.NETCore.App.Ref\9.0.4\ref\net9.0\System.Security.Cryptography.X509Certificates.dll" /reference:"C:\Program Files\dotnet\packs\Microsoft.WindowsDesktop.App.Ref\9.0.4\ref\net9.0\System.Security.Cryptography.Xml.dll" /reference:"C:\Program Files\dotnet\packs\Microsoft.NETCore.App.Ref\9.0.4\ref\net9.0\System.Security.dll" /reference:"C:\Program Files\dotnet\packs\Microsoft.WindowsDesktop.App.Ref\9.0.4\ref\net9.0\System.Security.Permissions.dll" /reference:"C:\Program Files\dotnet\packs\Microsoft.NETCore.App.Ref\9.0.4\ref\net9.0\System.Security.Principal.dll" /reference:"C:\Program Files\dotnet\packs\Microsoft.NETCore.App.Ref\9.0.4\ref\net9.0\System.Security.Principal.Windows.dll" /reference:"C:\Program Files\dotnet\packs\Microsoft.NETCore.App.Ref\9.0.4\ref\net9.0\System.Security.SecureString.dll" /reference:"C:\Program Files\dotnet\packs\Microsoft.NETCore.App.Ref\9.0.4\ref\net9.0\System.ServiceModel.Web.dll" /reference:"C:\Program Files\dotnet\packs\Microsoft.NETCore.App.Ref\9.0.4\ref\net9.0\System.ServiceProcess.dll" /reference:"C:\Program Files\dotnet\packs\Microsoft.NETCore.App.Ref\9.0.4\ref\net9.0\System.Text.Encoding.CodePages.dll" /reference:"C:\Program Files\dotnet\packs\Microsoft.NETCore.App.Ref\9.0.4\ref\net9.0\System.Text.Encoding.dll" /reference:"C:\Program Files\dotnet\packs\Microsoft.NETCore.App.Ref\9.0.4\ref\net9.0\System.Text.Encoding.Extensions.dll" /reference:"C:\Program Files\dotnet\packs\Microsoft.NETCore.App.Ref\9.0.4\ref\net9.0\System.Text.Encodings.Web.dll" /reference:"C:\Program Files\dotnet\packs\Microsoft.NETCore.App.Ref\9.0.4\ref\net9.0\System.Text.Json.dll" /reference:"C:\Program Files\dotnet\packs\Microsoft.NETCore.App.Ref\9.0.4\ref\net9.0\System.Text.RegularExpressions.dll" /reference:"C:\Program Files\dotnet\packs\Microsoft.WindowsDesktop.App.Ref\9.0.4\ref\net9.0\System.Threading.AccessControl.dll" /reference:"C:\Program Files\dotnet\packs\Microsoft.NETCore.App.Ref\9.0.4\ref\net9.0\System.Threading.Channels.dll" /reference:"C:\Program Files\dotnet\packs\Microsoft.NETCore.App.Ref\9.0.4\ref\net9.0\System.Threading.dll" /reference:"C:\Program Files\dotnet\packs\Microsoft.NETCore.App.Ref\9.0.4\ref\net9.0\System.Threading.Overlapped.dll" /reference:"C:\Program Files\dotnet\packs\Microsoft.NETCore.App.Ref\9.0.4\ref\net9.0\System.Threading.Tasks.Dataflow.dll" /reference:"C:\Program Files\dotnet\packs\Microsoft.NETCore.App.Ref\9.0.4\ref\net9.0\System.Threading.Tasks.dll" /reference:"C:\Program Files\dotnet\packs\Microsoft.NETCore.App.Ref\9.0.4\ref\net9.0\System.Threading.Tasks.Extensions.dll" /reference:"C:\Program Files\dotnet\packs\Microsoft.NETCore.App.Ref\9.0.4\ref\net9.0\System.Threading.Tasks.Parallel.dll" /reference:"C:\Program Files\dotnet\packs\Microsoft.NETCore.App.Ref\9.0.4\ref\net9.0\System.Threading.Thread.dll" /reference:"C:\Program Files\dotnet\packs\Microsoft.NETCore.App.Ref\9.0.4\ref\net9.0\System.Threading.ThreadPool.dll" /reference:"C:\Program Files\dotnet\packs\Microsoft.NETCore.App.Ref\9.0.4\ref\net9.0\System.Threading.Timer.dll" /reference:"C:\Program Files\dotnet\packs\Microsoft.NETCore.App.Ref\9.0.4\ref\net9.0\System.Transactions.dll" /reference:"C:\Program Files\dotnet\packs\Microsoft.NETCore.App.Ref\9.0.4\ref\net9.0\System.Transactions.Local.dll" /reference:"C:\Program Files\dotnet\packs\Microsoft.NETCore.App.Ref\9.0.4\ref\net9.0\System.ValueTuple.dll" /reference:"C:\Program Files\dotnet\packs\Microsoft.NETCore.App.Ref\9.0.4\ref\net9.0\System.Web.dll" /reference:"C:\Program Files\dotnet\packs\Microsoft.NETCore.App.Ref\9.0.4\ref\net9.0\System.Web.HttpUtility.dll" /reference:"C:\Program Files\dotnet\packs\Microsoft.WindowsDesktop.App.Ref\9.0.4\ref\net9.0\System.Windows.Controls.Ribbon.dll" /reference:"C:\Program Files\dotnet\packs\Microsoft.NETCore.App.Ref\9.0.4\ref\net9.0\System.Windows.dll" /reference:"C:\Program Files\dotnet\packs\Microsoft.WindowsDesktop.App.Ref\9.0.4\ref\net9.0\System.Windows.Extensions.dll" /reference:"C:\Program Files\dotnet\packs\Microsoft.WindowsDesktop.App.Ref\9.0.4\ref\net9.0\System.Windows.Forms.Design.dll" /reference:"C:\Program Files\dotnet\packs\Microsoft.WindowsDesktop.App.Ref\9.0.4\ref\net9.0\System.Windows.Forms.Design.Editors.dll" /reference:"C:\Program Files\dotnet\packs\Microsoft.WindowsDesktop.App.Ref\9.0.4\ref\net9.0\System.Windows.Forms.dll" /reference:"C:\Program Files\dotnet\packs\Microsoft.WindowsDesktop.App.Ref\9.0.4\ref\net9.0\System.Windows.Forms.Primitives.dll" /reference:"C:\Program Files\dotnet\packs\Microsoft.WindowsDesktop.App.Ref\9.0.4\ref\net9.0\System.Windows.Input.Manipulations.dll" /reference:"C:\Program Files\dotnet\packs\Microsoft.WindowsDesktop.App.Ref\9.0.4\ref\net9.0\System.Windows.Presentation.dll" /reference:"C:\Program Files\dotnet\packs\Microsoft.WindowsDesktop.App.Ref\9.0.4\ref\net9.0\System.Xaml.dll" /reference:"C:\Program Files\dotnet\packs\Microsoft.NETCore.App.Ref\9.0.4\ref\net9.0\System.Xml.dll" /reference:"C:\Program Files\dotnet\packs\Microsoft.NETCore.App.Ref\9.0.4\ref\net9.0\System.Xml.Linq.dll" /reference:"C:\Program Files\dotnet\packs\Microsoft.NETCore.App.Ref\9.0.4\ref\net9.0\System.Xml.ReaderWriter.dll" /reference:"C:\Program Files\dotnet\packs\Microsoft.NETCore.App.Ref\9.0.4\ref\net9.0\System.Xml.Serialization.dll" /reference:"C:\Program Files\dotnet\packs\Microsoft.NETCore.App.Ref\9.0.4\ref\net9.0\System.Xml.XDocument.dll" /reference:"C:\Program Files\dotnet\packs\Microsoft.NETCore.App.Ref\9.0.4\ref\net9.0\System.Xml.XmlDocument.dll" /reference:"C:\Program Files\dotnet\packs\Microsoft.NETCore.App.Ref\9.0.4\ref\net9.0\System.Xml.XmlSerializer.dll" /reference:"C:\Program Files\dotnet\packs\Microsoft.NETCore.App.Ref\9.0.4\ref\net9.0\System.Xml.XPath.dll" /reference:"C:\Program Files\dotnet\packs\Microsoft.NETCore.App.Ref\9.0.4\ref\net9.0\System.Xml.XPath.XDocument.dll" /reference:C:\Users\Burness\.nuget\packages\testableio.system.io.abstractions\20.0.4\lib\net8.0\TestableIO.System.IO.Abstractions.dll /reference:C:\Users\Burness\.nuget\packages\testableio.system.io.abstractions.wrappers\20.0.4\lib\net8.0\TestableIO.System.IO.Abstractions.Wrappers.dll /reference:C:\Users\Burness\.nuget\packages\pdfpig\0.1.10\lib\net8.0\UglyToad.PdfPig.Core.dll /reference:C:\Users\Burness\.nuget\packages\pdfpig\0.1.10\lib\net8.0\UglyToad.PdfPig.dll /reference:C:\Users\Burness\.nuget\packages\pdfpig\0.1.10\lib\net8.0\UglyToad.PdfPig.DocumentLayoutAnalysis.dll /reference:C:\Users\Burness\.nuget\packages\pdfpig\0.1.10\lib\net8.0\UglyToad.PdfPig.Fonts.dll /reference:C:\Users\Burness\.nuget\packages\pdfpig\0.1.10\lib\net8.0\UglyToad.PdfPig.Package.dll /reference:C:\Users\Burness\.nuget\packages\pdfpig\0.1.10\lib\net8.0\UglyToad.PdfPig.Tokenization.dll /reference:C:\Users\Burness\.nuget\packages\pdfpig\0.1.10\lib\net8.0\UglyToad.PdfPig.Tokens.dll /reference:"C:\Program Files\dotnet\packs\Microsoft.WindowsDesktop.App.Ref\9.0.4\ref\net9.0\UIAutomationClient.dll" /reference:"C:\Program Files\dotnet\packs\Microsoft.WindowsDesktop.App.Ref\9.0.4\ref\net9.0\UIAutomationClientSideProviders.dll" /reference:"C:\Program Files\dotnet\packs\Microsoft.WindowsDesktop.App.Ref\9.0.4\ref\net9.0\UIAutomationProvider.dll" /reference:"C:\Program Files\dotnet\packs\Microsoft.WindowsDesktop.App.Ref\9.0.4\ref\net9.0\UIAutomationTypes.dll" /reference:"C:\Program Files\dotnet\packs\Microsoft.WindowsDesktop.App.Ref\9.0.4\ref\net9.0\WindowsBase.dll" /debug+ /debug:portable /filealign:512 /optimize- /out:obj\Debug\net9.0-windows\ExplorerPro.dll /refout:obj\Debug\net9.0-windows\refint\ExplorerPro.dll /target:winexe /warnaserror- /utf8output /win32icon:Assets\Icons\app.ico /deterministic+ /sourcelink:obj\Debug\net9.0-windows\ExplorerPro_on4pkfpc_wpftmp.sourcelink.json /langversion:13.0 /embed:C:\ExplorerPro\obj\Debug\net9.0-windows\TestWindow.g.cs /embed:C:\ExplorerPro\obj\Debug\net9.0-windows\UI\Controls\DateEditControl.g.cs /embed:C:\ExplorerPro\obj\Debug\net9.0-windows\UI\Controls\PreviewHandlers\ImagePreviewControl.g.cs /embed:C:\ExplorerPro\obj\Debug\net9.0-windows\UI\Controls\PreviewHandlers\PdfPreviewControl.g.cs /embed:C:\ExplorerPro\obj\Debug\net9.0-windows\UI\Controls\TabSearchControl.g.cs /embed:C:\ExplorerPro\obj\Debug\net9.0-windows\UI\Dialogs\AddItemDialog.g.cs /embed:C:\ExplorerPro\obj\Debug\net9.0-windows\UI\Dialogs\ColorPickerDialog.g.cs /embed:C:\ExplorerPro\obj\Debug\net9.0-windows\UI\Dialogs\EditRecurrenceDialog.g.cs /embed:C:\ExplorerPro\obj\Debug\net9.0-windows\UI\Dialogs\FilePropertiesDialog.g.cs /embed:C:\ExplorerPro\obj\Debug\net9.0-windows\UI\Dialogs\ManageRecurringItemsDialog.g.cs /embed:C:\ExplorerPro\obj\Debug\net9.0-windows\UI\Dialogs\RenameDialog.g.cs /embed:C:\ExplorerPro\obj\Debug\net9.0-windows\UI\Dialogs\SettingsDialog.g.cs /embed:C:\ExplorerPro\obj\Debug\net9.0-windows\UI\Dialogs\TextInputDialog.g.cs /embed:C:\ExplorerPro\obj\Debug\net9.0-windows\UI\FileTree\Dialogs\SelectByPatternDialog.g.cs /embed:C:\ExplorerPro\obj\Debug\net9.0-windows\UI\FileTree\FileTreeDemo.g.cs /embed:C:\ExplorerPro\obj\Debug\net9.0-windows\UI\FileTree\ImprovedFileTreeListView.g.cs /embed:C:\ExplorerPro\obj\Debug\net9.0-windows\UI\MainWindow\MainWindow.g.cs /embed:C:\ExplorerPro\obj\Debug\net9.0-windows\UI\MainWindow\MainWindowContainer.g.cs /embed:C:\ExplorerPro\obj\Debug\net9.0-windows\UI\Panels\BookmarksPanel\BookmarksPanel.g.cs /embed:C:\ExplorerPro\obj\Debug\net9.0-windows\UI\Panels\PinnedPanel\PinnedPanel.g.cs /embed:C:\ExplorerPro\obj\Debug\net9.0-windows\UI\Panels\ProcoreLinksPanel\ProcoreLinksPanel.g.cs /embed:C:\ExplorerPro\obj\Debug\net9.0-windows\UI\Panels\ToDoPanel\ToDoPanel.g.cs /embed:C:\ExplorerPro\obj\Debug\net9.0-windows\UI\PaneManagement\PaneManager.g.cs /embed:C:\ExplorerPro\obj\Debug\net9.0-windows\UI\Toolbar\Toolbar.g.cs /embed:C:\ExplorerPro\obj\Debug\net9.0-windows\App.g.cs /embed:C:\ExplorerPro\obj\Debug\net9.0-windows\ExplorerPro_Content.g.cs /embed:C:\ExplorerPro\obj\Debug\net9.0-windows\GeneratedInternalTypeHelper.g.cs /embed:"obj\Debug\net9.0-windows\.NETCoreApp,Version=v9.0.AssemblyAttributes.cs" /embed:obj\Debug\net9.0-windows\ExplorerPro_on4pkfpc_wpftmp.AssemblyInfo.cs /embed:obj\Debug\net9.0-windows\ExplorerPro_on4pkfpc_wpftmp.GlobalUsings.g.cs /analyzerconfig:obj\Debug\net9.0-windows\ExplorerPro_on4pkfpc_wpftmp.GeneratedMSBuildEditorConfig.editorconfig /analyzerconfig:"C:\Program Files\dotnet\sdk\9.0.203\Sdks\Microsoft.NET.Sdk\analyzers\build\config\analysislevel_9_default.globalconfig" /analyzer:"C:\Program Files\dotnet\sdk\9.0.203\Sdks\Microsoft.NET.Sdk\targets\..\analyzers\Microsoft.CodeAnalysis.CSharp.NetAnalyzers.dll" /analyzer:"C:\Program Files\dotnet\sdk\9.0.203\Sdks\Microsoft.NET.Sdk\targets\..\analyzers\Microsoft.CodeAnalysis.NetAnalyzers.dll" /analyzer:C:\Users\Burness\.nuget\packages\microsoft.extensions.logging.abstractions\9.0.4\analyzers\dotnet\roslyn4.4\cs\Microsoft.Extensions.Logging.Generators.dll /analyzer:C:\Users\Burness\.nuget\packages\microsoft.extensions.options\9.0.4\analyzers\dotnet\roslyn4.4\cs\Microsoft.Extensions.Options.SourceGeneration.dll /analyzer:"C:\Program Files\dotnet\packs\Microsoft.NETCore.App.Ref\9.0.4\analyzers/dotnet/cs/Microsoft.Interop.ComInterfaceGenerator.dll" /analyzer:"C:\Program Files\dotnet\packs\Microsoft.NETCore.App.Ref\9.0.4\analyzers/dotnet/cs/Microsoft.Interop.JavaScript.JSImportGenerator.dll" /analyzer:"C:\Program Files\dotnet\packs\Microsoft.NETCore.App.Ref\9.0.4\analyzers/dotnet/cs/Microsoft.Interop.LibraryImportGenerator.dll" /analyzer:"C:\Program Files\dotnet\packs\Microsoft.NETCore.App.Ref\9.0.4\analyzers/dotnet/cs/Microsoft.Interop.SourceGeneration.dll" /analyzer:"C:\Program Files\dotnet\packs\Microsoft.NETCore.App.Ref\9.0.4\analyzers/dotnet/cs/System.Text.Json.SourceGeneration.dll" /analyzer:"C:\Program Files\dotnet\packs\Microsoft.NETCore.App.Ref\9.0.4\analyzers/dotnet/cs/System.Text.RegularExpressions.Generator.dll" /analyzer:"C:\Program Files\dotnet\packs\Microsoft.WindowsDesktop.App.Ref\9.0.4\analyzers/dotnet/System.Windows.Forms.Analyzers.dll" /analyzer:"C:\Program Files\dotnet\packs\Microsoft.WindowsDesktop.App.Ref\9.0.4\analyzers/dotnet/cs/System.Windows.Forms.Analyzers.CSharp.dll" /analyzer:"C:\Program Files\dotnet\packs\Microsoft.WindowsDesktop.App.Ref\9.0.4\analyzers/dotnet/cs/System.Windows.Forms.Analyzers.CodeFixes.CSharp.dll" App.xaml.cs AssemblyInfo.cs Commands\CommandPool.cs Commands\KeyboardShortcuts.cs Commands\ModernTabCommandSystem.cs Commands\TabCommands.cs Commands\TabEventManager.cs Commands\UnifiedTabCommands.cs Core\AsyncHelper.cs Core\Collections\BoundedCollection.cs Core\Commands\AsyncRelayCommand.cs Core\Commands\IAsyncCommand.cs Core\ConsoleTelemetryService.cs Core\Disposables\CompositeDisposable.cs Core\Disposables\Disposable.cs Core\Events\EventSubscriptionExtensions.cs Core\Events\WeakEventManager.cs Core\ExceptionHandler.cs Core\IExceptionHandler.cs Core\InitializationState.cs Core\ISettingsService.cs Core\ITelemetryService.cs Core\IWindowInitializer.cs Core\IWindowRegistry.cs Core\MainWindowInitializer.cs Core\Monitoring\ResourceMonitor.cs Core\OperationContext.cs Core\Services\DragDropService.cs Core\Services\NavigationService.cs Core\Services\ServiceHealthMonitor.cs Core\Services\ThemeService.cs Core\Services\WindowLifecycleService.cs Core\SettingsService.cs Core\ShutdownManager.cs Core\TabManagement\DetachedWindowInfo.cs Core\TabManagement\DetachedWindowManager.cs Core\TabManagement\DragOperation.cs Core\TabManagement\IDetachedWindowManager.cs Core\TabManagement\ITabDragDropService.cs Core\TabManagement\ITabManagerService.cs Core\TabManagement\ITabValidator.cs Core\TabManagement\ModernTabManagerService.cs Core\TabManagement\PerformanceOptimizer.cs Core\TabManagement\PerformanceTypes.cs Core\TabManagement\ServiceIntegrationManager.cs Core\TabManagement\SimpleDetachedWindowManager.cs Core\TabManagement\SimplifiedTabPerformanceIntegration.cs Core\TabManagement\TabCreationRequest.cs Core\TabManagement\TabDragDropService.cs Core\TabManagement\TabHibernationManager.cs Core\TabManagement\TabManagementServiceExtensions.cs Core\TabManagement\TabManager.cs Core\TabManagement\TabManagerService.cs Core\TabManagement\TabOperationsManager.cs Core\TabManagement\TabPerformanceIntegration.cs Core\TabManagement\TabPreviewManager.cs Core\TabManagement\TabSearchManager.cs Core\TabManagement\TabServicesFactory.cs Core\TabManagement\TabStateManager.cs Core\TabManagement\TabVirtualizationManager.cs Core\TabManagement\UnifiedTabService.cs Core\TabManagement\VirtualizationTypes.cs Core\TabManagement\WindowLocator.cs Core\Threading\ThreadSafeExtensions.cs Core\Threading\ThreadSafeTabOperations.cs Core\Threading\ThreadSafetyValidator.cs Core\TransactionalOperation.cs Core\UIThreadHelper.cs Core\WeakEventHelper.cs Core\WindowInitializationContext.cs Core\WindowLifecycleManager.cs Core\WindowState.cs Examples\Phase2_2_FullMVVMDemo.cs Examples\Phase2_3_LegacyCleanupDemo.cs Examples\Phase3_ServiceExtractionDemo.cs Examples\TreeViewCacheUsageExample.cs FileOperations\DragDropOperation.cs FileOperations\FileIconProvider.cs FileOperations\FileOperations.cs FileOperations\FileSystemWatcher.cs FileOperations\IFileOperations.cs Models\BatchFileOperation.cs Models\Command.cs Models\ConfigManager.cs Models\DragDropValidationResult.cs Models\MetadataManager.cs Models\NavigationHistoryItem.cs Models\PinnedManager.cs Models\RecurringTaskManager.cs Models\SearchEngine.cs Models\SettingsManager.cs Models\TabModel.cs Models\TabModelAdapter.cs Models\TabNavigationHistory.cs Models\UndoCommands.cs Models\UndoManager.cs Models\WindowSettings.cs Program.cs Services\NavigationService.cs Services\TabManagementService.cs SimpleTestRunner.cs Tests\DragDropMetadataTest.cs Tests\Phase1ValidationTests.cs Tests\Phase2ValidationTests.cs Tests\Phase3ValidationTests.cs Tests\Phase5ValidationTests.cs Tests\Phase6ValidationTests.cs Tests\ServiceIntegrationTests.cs Tests\TabManagement\TabDragDropIntegrationTests.cs TestWindow.xaml.cs Themes\ThemeManager.cs UI\Controls\ChromeStyleTabControl.cs UI\Controls\ChromeTabSizingHelper.cs UI\Controls\DateEditControl.xaml.cs UI\Controls\DragAdorner.cs UI\Controls\DragPreviewAdorner.cs UI\Controls\EnhancedDragAdorner.cs UI\Controls\Interfaces\ITabAnimationManager.cs UI\Controls\Interfaces\ITabDragDropManager.cs UI\Controls\Interfaces\ITabSizingManager.cs UI\Controls\Interfaces\ITabVisualManager.cs UI\Controls\ModernTabControl.cs UI\Controls\PreviewHandlers\ImagePreviewControl.xaml.cs UI\Controls\PreviewHandlers\PdfPreviewControl.xaml.cs UI\Controls\TabAnimationManager.cs UI\Controls\TabDragDropManager.cs UI\Controls\TabDropInsertionIndicator.cs UI\Controls\TabDropZone.cs UI\Controls\TabSearchControl.xaml.cs UI\Controls\TabSizingManager.cs UI\Controls\TabVirtualizationManager.cs UI\Controls\TabVisualManager.cs UI\Converters\BoolToVisibilityConverter.cs UI\Converters\ColorToBrushConverter.cs UI\Converters\CommonConverters.cs UI\Dialogs\AddItemDialog.xaml.cs UI\Dialogs\ColorPickerDialog.xaml.cs UI\Dialogs\EditRecurrenceDialog.xaml.cs UI\Dialogs\FilePropertiesDialog.xaml.cs UI\Dialogs\InputDialog.cs UI\Dialogs\ManageRecurringItemsDialog.xaml.cs UI\Dialogs\RecurringItemViewModel.cs UI\Dialogs\RenameDialog.xaml.cs UI\Dialogs\SettingsDialog.xaml.cs UI\Dialogs\TextInputDialog.xaml.cs UI\FileTree\Commands\DragDropCommand.cs UI\FileTree\Commands\FileOperationHandler.cs UI\FileTree\ContextMenuProvider.cs UI\FileTree\Converters.cs UI\FileTree\Coordinators\FileTreeCoordinator.cs UI\FileTree\CustomFileSystemModel.cs UI\FileTree\Dialogs\SelectByPatternDialog.xaml.cs UI\FileTree\DragDrop\AutoScrollHelper.cs UI\FileTree\DragDrop\DragAdorner.cs UI\FileTree\DragDrop\DragDropHelper.cs UI\FileTree\DragDrop\SpringLoadedFolderHelper.cs UI\FileTree\Examples\OptimizedTreeViewSelectionDemo.cs UI\FileTree\Example_OptimizedTreeViewIntegration.cs UI\FileTree\FileTreeDemo.xaml.cs UI\FileTree\FileTreeItem.cs UI\FileTree\Helpers\FileTreeOperationHelper.cs UI\FileTree\IFileTree.cs UI\FileTree\ImprovedFileTreeListView.xaml.cs UI\FileTree\Managers\FileTreeColumnManager.cs UI\FileTree\Managers\FileTreeEventManager.cs UI\FileTree\Managers\FileTreeLoadChildrenManager.cs UI\FileTree\Managers\FileTreePerformanceManager.cs UI\FileTree\Managers\FileTreeUIEventManager.cs UI\FileTree\Managers\OptimizedFileTreePerformanceManager.cs UI\FileTree\Managers\OptimizedTreeViewIndexer.cs UI\FileTree\Managers\SelectionRectangleAdorner.cs UI\FileTree\Models\FileTreeItem.cs UI\FileTree\Services\FileTreeCacheService.cs UI\FileTree\Services\FileTreeDragDropService.cs UI\FileTree\Services\FileTreeDragDropServiceAdapter.cs UI\FileTree\Services\FileTreeService.cs UI\FileTree\Services\FileTreeThemeService.cs UI\FileTree\Services\IFileTreeCache.cs UI\FileTree\Services\IFileTreeDragDropService.cs UI\FileTree\Services\IFileTreeService.cs UI\FileTree\Services\OutlookDataExtractor.cs UI\FileTree\Services\SelectionService.cs UI\FileTree\TreeViewItemExtensions.cs UI\FileTree\Utilities\VisualTreeHelper.cs UI\FileTree\VirtualizingTreeView.cs UI\MainWindow\MainWindow.xaml.cs UI\MainWindow\MainWindowContainer.xaml.cs UI\MainWindow\MainWindowTabIntegration.cs UI\MainWindow\TabIntegrationBridge.cs UI\Panels\BookmarksPanel\BookmarksPanel.xaml.cs UI\Panels\PinnedPanel\EventArgs.cs UI\Panels\PinnedPanel\PinnedPanel.xaml.cs UI\Panels\ProcoreLinksPanel\ProcoreLinksPanel.xaml.cs UI\Panels\ToDoPanel\ToDoPanel.xaml.cs UI\PaneManagement\DraggablePaneBar.cs UI\PaneManagement\PaneHistoryManager.cs UI\PaneManagement\PaneManager.xaml.cs UI\Toolbar\Toolbar.xaml.cs Utilities\DateFormatter.cs Utilities\DragCopyCommand.cs Utilities\Extensions.cs Utilities\FileSizeFormatter.cs Utilities\IconProvider.cs Utilities\PathUtils.cs ViewModels\MainWindowTabsViewModel.cs ViewModels\MainWindowViewModel.cs ViewModels\TabControlViewModel.cs ViewModels\TabViewModel.cs C:\ExplorerPro\obj\Debug\net9.0-windows\TestWindow.g.cs C:\ExplorerPro\obj\Debug\net9.0-windows\UI\Controls\DateEditControl.g.cs C:\ExplorerPro\obj\Debug\net9.0-windows\UI\Controls\PreviewHandlers\ImagePreviewControl.g.cs C:\ExplorerPro\obj\Debug\net9.0-windows\UI\Controls\PreviewHandlers\PdfPreviewControl.g.cs C:\ExplorerPro\obj\Debug\net9.0-windows\UI\Controls\TabSearchControl.g.cs C:\ExplorerPro\obj\Debug\net9.0-windows\UI\Dialogs\AddItemDialog.g.cs C:\ExplorerPro\obj\Debug\net9.0-windows\UI\Dialogs\ColorPickerDialog.g.cs C:\ExplorerPro\obj\Debug\net9.0-windows\UI\Dialogs\EditRecurrenceDialog.g.cs C:\ExplorerPro\obj\Debug\net9.0-windows\UI\Dialogs\FilePropertiesDialog.g.cs C:\ExplorerPro\obj\Debug\net9.0-windows\UI\Dialogs\ManageRecurringItemsDialog.g.cs C:\ExplorerPro\obj\Debug\net9.0-windows\UI\Dialogs\RenameDialog.g.cs C:\ExplorerPro\obj\Debug\net9.0-windows\UI\Dialogs\SettingsDialog.g.cs C:\ExplorerPro\obj\Debug\net9.0-windows\UI\Dialogs\TextInputDialog.g.cs C:\ExplorerPro\obj\Debug\net9.0-windows\UI\FileTree\Dialogs\SelectByPatternDialog.g.cs C:\ExplorerPro\obj\Debug\net9.0-windows\UI\FileTree\FileTreeDemo.g.cs C:\ExplorerPro\obj\Debug\net9.0-windows\UI\FileTree\ImprovedFileTreeListView.g.cs C:\ExplorerPro\obj\Debug\net9.0-windows\UI\MainWindow\MainWindow.g.cs C:\ExplorerPro\obj\Debug\net9.0-windows\UI\MainWindow\MainWindowContainer.g.cs C:\ExplorerPro\obj\Debug\net9.0-windows\UI\Panels\BookmarksPanel\BookmarksPanel.g.cs C:\ExplorerPro\obj\Debug\net9.0-windows\UI\Panels\PinnedPanel\PinnedPanel.g.cs C:\ExplorerPro\obj\Debug\net9.0-windows\UI\Panels\ProcoreLinksPanel\ProcoreLinksPanel.g.cs C:\ExplorerPro\obj\Debug\net9.0-windows\UI\Panels\ToDoPanel\ToDoPanel.g.cs C:\ExplorerPro\obj\Debug\net9.0-windows\UI\PaneManagement\PaneManager.g.cs C:\ExplorerPro\obj\Debug\net9.0-windows\UI\Toolbar\Toolbar.g.cs C:\ExplorerPro\obj\Debug\net9.0-windows\App.g.cs C:\ExplorerPro\obj\Debug\net9.0-windows\ExplorerPro_Content.g.cs C:\ExplorerPro\obj\Debug\net9.0-windows\GeneratedInternalTypeHelper.g.cs "obj\Debug\net9.0-windows\.NETCoreApp,Version=v9.0.AssemblyAttributes.cs" obj\Debug\net9.0-windows\ExplorerPro_on4pkfpc_wpftmp.AssemblyInfo.cs obj\Debug\net9.0-windows\ExplorerPro_on4pkfpc_wpftmp.GlobalUsings.g.cs /warnaserror+:NU1605,SYSLIB0011 /warnaserror-:CS8600,CS8601,CS8602,CS8603,CS8604,CS8612,CS8613,CS8614,CS8618,CS8622,CS8625,CS8765,CS8766,CS8767
     3>C:\ExplorerPro\Core\TabManagement\ModernTabManagerService.cs(14,7): warning CS0105: The using directive for 'System.ComponentModel.DataAnnotations' appeared previously in this namespace [C:\ExplorerPro\ExplorerPro_on4pkfpc_wpftmp.csproj]
     3>C:\ExplorerPro\Examples\Phase2_2_FullMVVMDemo.cs(29,55): warning CS8625: Cannot convert null literal to non-nullable reference type. [C:\ExplorerPro\ExplorerPro_on4pkfpc_wpftmp.csproj]
     3>C:\ExplorerPro\Core\TabManagement\ServiceIntegrationManager.cs(472,21): warning CS8767: Nullability of reference types in type of parameter 'exception' of 'void ChildLogger<T>.Log<TState>(LogLevel logLevel, EventId eventId, TState state, Exception exception, Func<TState, Exception, string> formatter)' doesn't match implicitly implemented member 'void ILogger.Log<TState>(LogLevel logLevel, EventId eventId, TState state, Exception? exception, Func<TState, Exception?, string> formatter)' (possibly because of nullability attributes). [C:\ExplorerPro\ExplorerPro_on4pkfpc_wpftmp.csproj]
     3>C:\ExplorerPro\Core\TabManagement\ServiceIntegrationManager.cs(470,28): warning CS8633: Nullability in constraints for type parameter 'TState' of method 'ChildLogger<T>.BeginScope<TState>(TState)' doesn't match the constraints for type parameter 'TState' of interface method 'ILogger.BeginScope<TState>(TState)'. Consider using an explicit interface implementation instead. [C:\ExplorerPro\ExplorerPro_on4pkfpc_wpftmp.csproj]
     3>C:\ExplorerPro\Commands\CommandPool.cs(71,131): warning CS8625: Cannot convert null literal to non-nullable reference type. [C:\ExplorerPro\ExplorerPro_on4pkfpc_wpftmp.csproj]
     3>C:\ExplorerPro\Commands\CommandPool.cs(181,127): warning CS8625: Cannot convert null literal to non-nullable reference type. [C:\ExplorerPro\ExplorerPro_on4pkfpc_wpftmp.csproj]
     3>C:\ExplorerPro\Commands\KeyboardShortcuts.cs(153,34): warning CS8765: Nullability of type of parameter 'obj' doesn't match overridden member (possibly because of nullability attributes). [C:\ExplorerPro\ExplorerPro_on4pkfpc_wpftmp.csproj]
     3>C:\ExplorerPro\Core\AsyncHelper.cs(43,45): warning CS8625: Cannot convert null literal to non-nullable reference type. [C:\ExplorerPro\ExplorerPro_on4pkfpc_wpftmp.csproj]
     3>C:\ExplorerPro\Models\BatchFileOperation.cs(30,58): warning CS8625: Cannot convert null literal to non-nullable reference type. [C:\ExplorerPro\ExplorerPro_on4pkfpc_wpftmp.csproj]
     3>C:\ExplorerPro\Commands\TabEventManager.cs(30,66): warning CS8625: Cannot convert null literal to non-nullable reference type. [C:\ExplorerPro\ExplorerPro_on4pkfpc_wpftmp.csproj]
     3>C:\ExplorerPro\Core\AsyncHelper.cs(72,45): warning CS8625: Cannot convert null literal to non-nullable reference type. [C:\ExplorerPro\ExplorerPro_on4pkfpc_wpftmp.csproj]
     3>C:\ExplorerPro\Core\AsyncHelper.cs(293,45): warning CS8625: Cannot convert null literal to non-nullable reference type. [C:\ExplorerPro\ExplorerPro_on4pkfpc_wpftmp.csproj]
     3>C:\ExplorerPro\Core\AsyncHelper.cs(324,45): warning CS8625: Cannot convert null literal to non-nullable reference type. [C:\ExplorerPro\ExplorerPro_on4pkfpc_wpftmp.csproj]
     3>C:\ExplorerPro\Commands\ModernTabCommandSystem.cs(25,30): warning CS8625: Cannot convert null literal to non-nullable reference type. [C:\ExplorerPro\ExplorerPro_on4pkfpc_wpftmp.csproj]
     3>C:\ExplorerPro\Commands\ModernTabCommandSystem.cs(38,30): warning CS8625: Cannot convert null literal to non-nullable reference type. [C:\ExplorerPro\ExplorerPro_on4pkfpc_wpftmp.csproj]
     3>C:\ExplorerPro\Core\Events\WeakEventManager.cs(19,68): warning CS8625: Cannot convert null literal to non-nullable reference type. [C:\ExplorerPro\ExplorerPro_on4pkfpc_wpftmp.csproj]
     3>C:\ExplorerPro\Commands\ModernTabCommandSystem.cs(51,30): warning CS8625: Cannot convert null literal to non-nullable reference type. [C:\ExplorerPro\ExplorerPro_on4pkfpc_wpftmp.csproj]
     3>C:\ExplorerPro\Commands\ModernTabCommandSystem.cs(64,30): warning CS8625: Cannot convert null literal to non-nullable reference type. [C:\ExplorerPro\ExplorerPro_on4pkfpc_wpftmp.csproj]
     3>C:\ExplorerPro\Commands\ModernTabCommandSystem.cs(77,30): warning CS8625: Cannot convert null literal to non-nullable reference type. [C:\ExplorerPro\ExplorerPro_on4pkfpc_wpftmp.csproj]
     3>C:\ExplorerPro\Commands\ModernTabCommandSystem.cs(90,30): warning CS8625: Cannot convert null literal to non-nullable reference type. [C:\ExplorerPro\ExplorerPro_on4pkfpc_wpftmp.csproj]
     3>C:\ExplorerPro\Commands\ModernTabCommandSystem.cs(103,30): warning CS8625: Cannot convert null literal to non-nullable reference type. [C:\ExplorerPro\ExplorerPro_on4pkfpc_wpftmp.csproj]
     3>C:\ExplorerPro\Commands\ModernTabCommandSystem.cs(116,30): warning CS8625: Cannot convert null literal to non-nullable reference type. [C:\ExplorerPro\ExplorerPro_on4pkfpc_wpftmp.csproj]
     3>C:\ExplorerPro\Commands\ModernTabCommandSystem.cs(129,30): warning CS8625: Cannot convert null literal to non-nullable reference type. [C:\ExplorerPro\ExplorerPro_on4pkfpc_wpftmp.csproj]
     3>C:\ExplorerPro\Commands\ModernTabCommandSystem.cs(142,30): warning CS8625: Cannot convert null literal to non-nullable reference type. [C:\ExplorerPro\ExplorerPro_on4pkfpc_wpftmp.csproj]
     3>C:\ExplorerPro\Commands\ModernTabCommandSystem.cs(359,30): warning CS8625: Cannot convert null literal to non-nullable reference type. [C:\ExplorerPro\ExplorerPro_on4pkfpc_wpftmp.csproj]
     3>C:\ExplorerPro\Services\NavigationService.cs(20,50): warning CS8612: Nullability of reference types in type of 'event PropertyChangedEventHandler NavigationService.PropertyChanged' doesn't match implicitly implemented member 'event PropertyChangedEventHandler? INotifyPropertyChanged.PropertyChanged'. [C:\ExplorerPro\ExplorerPro_on4pkfpc_wpftmp.csproj]
     3>C:\ExplorerPro\Services\NavigationService.cs(114,74): warning CS8625: Cannot convert null literal to non-nullable reference type. [C:\ExplorerPro\ExplorerPro_on4pkfpc_wpftmp.csproj]
     3>C:\ExplorerPro\Services\NavigationService.cs(247,91): warning CS8625: Cannot convert null literal to non-nullable reference type. [C:\ExplorerPro\ExplorerPro_on4pkfpc_wpftmp.csproj]
     3>C:\ExplorerPro\Commands\UnifiedTabCommands.cs(89,99): warning CS8625: Cannot convert null literal to non-nullable reference type. [C:\ExplorerPro\ExplorerPro_on4pkfpc_wpftmp.csproj]
     3>C:\ExplorerPro\Core\Collections\BoundedCollection.cs(336,58): warning CS8612: Nullability of reference types in type of 'event NotifyCollectionChangedEventHandler BoundedCollection<T>.CollectionChanged' doesn't match implicitly implemented member 'event NotifyCollectionChangedEventHandler? INotifyCollectionChanged.CollectionChanged'. [C:\ExplorerPro\ExplorerPro_on4pkfpc_wpftmp.csproj]
     3>C:\ExplorerPro\Core\Collections\BoundedCollection.cs(337,50): warning CS8612: Nullability of reference types in type of 'event PropertyChangedEventHandler BoundedCollection<T>.PropertyChanged' doesn't match implicitly implemented member 'event PropertyChangedEventHandler? INotifyPropertyChanged.PropertyChanged'. [C:\ExplorerPro\ExplorerPro_on4pkfpc_wpftmp.csproj]
     3>C:\ExplorerPro\Commands\UnifiedTabCommands.cs(395,111): warning CS8625: Cannot convert null literal to non-nullable reference type. [C:\ExplorerPro\ExplorerPro_on4pkfpc_wpftmp.csproj]
     3>C:\ExplorerPro\Core\ExceptionHandler.cs(156,48): warning CS8625: Cannot convert null literal to non-nullable reference type. [C:\ExplorerPro\ExplorerPro_on4pkfpc_wpftmp.csproj]
     3>C:\ExplorerPro\Core\ExceptionHandler.cs(184,48): warning CS8625: Cannot convert null literal to non-nullable reference type. [C:\ExplorerPro\ExplorerPro_on4pkfpc_wpftmp.csproj]
     3>C:\ExplorerPro\Core\Collections\BoundedCollection.cs(259,59): warning CS8625: Cannot convert null literal to non-nullable reference type. [C:\ExplorerPro\ExplorerPro_on4pkfpc_wpftmp.csproj]
     3>C:\ExplorerPro\Commands\UnifiedTabCommands.cs(143,51): warning CS8625: Cannot convert null literal to non-nullable reference type. [C:\ExplorerPro\ExplorerPro_on4pkfpc_wpftmp.csproj]
     3>C:\ExplorerPro\FileOperations\FileOperations.cs(112,24): warning CS8766: Nullability of reference types in return type of 'string? FileOperations.RenameItem(string itemPath, string newName)' doesn't match implicitly implemented member 'string IFileOperations.RenameItem(string path, string newName)' (possibly because of nullability attributes). [C:\ExplorerPro\ExplorerPro_on4pkfpc_wpftmp.csproj]
     3>C:\ExplorerPro\FileOperations\FileOperations.cs(29,24): warning CS8766: Nullability of reference types in return type of 'string? FileOperations.CreateNewFile(string parentDirectory, string fileName = "New File.txt")' doesn't match implicitly implemented member 'string IFileOperations.CreateNewFile(string parentDir, string fileName)' (possibly because of nullability attributes). [C:\ExplorerPro\ExplorerPro_on4pkfpc_wpftmp.csproj]
     3>C:\ExplorerPro\FileOperations\FileOperations.cs(74,24): warning CS8766: Nullability of reference types in return type of 'string? FileOperations.CreateNewFolder(string parentDirectory, string folderName = "New Folder")' doesn't match implicitly implemented member 'string IFileOperations.CreateNewFolder(string parentDir, string folderName)' (possibly because of nullability attributes). [C:\ExplorerPro\ExplorerPro_on4pkfpc_wpftmp.csproj]
     3>C:\ExplorerPro\FileOperations\FileOperations.cs(207,24): warning CS8766: Nullability of reference types in return type of 'string? FileOperations.CopyItem(string sourcePath, string destinationPath)' doesn't match implicitly implemented member 'string IFileOperations.CopyItem(string sourcePath, string destinationDir)' (possibly because of nullability attributes). [C:\ExplorerPro\ExplorerPro_on4pkfpc_wpftmp.csproj]
     3>C:\ExplorerPro\Core\Commands\AsyncRelayCommand.cs(63,21): warning CS8767: Nullability of reference types in type of parameter 'parameter' of 'bool AsyncRelayCommand.CanExecute(object parameter)' doesn't match implicitly implemented member 'bool ICommand.CanExecute(object? parameter)' (possibly because of nullability attributes). [C:\ExplorerPro\ExplorerPro_on4pkfpc_wpftmp.csproj]
     3>C:\ExplorerPro\Core\Commands\AsyncRelayCommand.cs(68,27): warning CS8767: Nullability of reference types in type of parameter 'parameter' of 'void AsyncRelayCommand.Execute(object parameter)' doesn't match implicitly implemented member 'void ICommand.Execute(object? parameter)' (possibly because of nullability attributes). [C:\ExplorerPro\ExplorerPro_on4pkfpc_wpftmp.csproj]
     3>C:\ExplorerPro\Core\Commands\AsyncRelayCommand.cs(57,35): warning CS8612: Nullability of reference types in type of 'event EventHandler AsyncRelayCommand.CanExecuteChanged' doesn't match implicitly implemented member 'event EventHandler? ICommand.CanExecuteChanged'. [C:\ExplorerPro\ExplorerPro_on4pkfpc_wpftmp.csproj]
     3>C:\ExplorerPro\Core\Commands\AsyncRelayCommand.cs(22,37): warning CS8625: Cannot convert null literal to non-nullable reference type. [C:\ExplorerPro\ExplorerPro_on4pkfpc_wpftmp.csproj]
     3>C:\ExplorerPro\Core\Commands\AsyncRelayCommand.cs(23,30): warning CS8625: Cannot convert null literal to non-nullable reference type. [C:\ExplorerPro\ExplorerPro_on4pkfpc_wpftmp.csproj]
     3>C:\ExplorerPro\FileOperations\FileIconProvider.cs(33,90): warning CS8625: Cannot convert null literal to non-nullable reference type. [C:\ExplorerPro\ExplorerPro_on4pkfpc_wpftmp.csproj]
     3>C:\ExplorerPro\Core\InitializationState.cs(54,114): warning CS8625: Cannot convert null literal to non-nullable reference type. [C:\ExplorerPro\ExplorerPro_on4pkfpc_wpftmp.csproj]
     3>C:\ExplorerPro\Core\ISettingsService.cs(21,54): warning CS8601: Possible null reference assignment. [C:\ExplorerPro\ExplorerPro_on4pkfpc_wpftmp.csproj]
     3>C:\ExplorerPro\Core\Commands\AsyncRelayCommand.cs(154,21): warning CS8767: Nullability of reference types in type of parameter 'parameter' of 'bool AsyncRelayCommand<T>.CanExecute(object parameter)' doesn't match implicitly implemented member 'bool ICommand.CanExecute(object? parameter)' (possibly because of nullability attributes). [C:\ExplorerPro\ExplorerPro_on4pkfpc_wpftmp.csproj]
     3>C:\ExplorerPro\Core\Commands\AsyncRelayCommand.cs(164,27): warning CS8767: Nullability of reference types in type of parameter 'parameter' of 'void AsyncRelayCommand<T>.Execute(object parameter)' doesn't match implicitly implemented member 'void ICommand.Execute(object? parameter)' (possibly because of nullability attributes). [C:\ExplorerPro\ExplorerPro_on4pkfpc_wpftmp.csproj]
     3>C:\ExplorerPro\Core\Commands\AsyncRelayCommand.cs(148,35): warning CS8612: Nullability of reference types in type of 'event EventHandler AsyncRelayCommand<T>.CanExecuteChanged' doesn't match implicitly implemented member 'event EventHandler? ICommand.CanExecuteChanged'. [C:\ExplorerPro\ExplorerPro_on4pkfpc_wpftmp.csproj]
     3>C:\ExplorerPro\Core\ISettingsService.cs(129,89): warning CS8625: Cannot convert null literal to non-nullable reference type. [C:\ExplorerPro\ExplorerPro_on4pkfpc_wpftmp.csproj]
     3>C:\ExplorerPro\Core\ISettingsService.cs(146,87): warning CS8625: Cannot convert null literal to non-nullable reference type. [C:\ExplorerPro\ExplorerPro_on4pkfpc_wpftmp.csproj]
     3>C:\ExplorerPro\Core\Commands\AsyncRelayCommand.cs(113,40): warning CS8625: Cannot convert null literal to non-nullable reference type. [C:\ExplorerPro\ExplorerPro_on4pkfpc_wpftmp.csproj]
     3>C:\ExplorerPro\Core\Commands\AsyncRelayCommand.cs(114,30): warning CS8625: Cannot convert null literal to non-nullable reference type. [C:\ExplorerPro\ExplorerPro_on4pkfpc_wpftmp.csproj]
     3>C:\ExplorerPro\FileOperations\FileSystemWatcher.cs(62,84): warning CS8625: Cannot convert null literal to non-nullable reference type. [C:\ExplorerPro\ExplorerPro_on4pkfpc_wpftmp.csproj]
     3>C:\ExplorerPro\Core\MainWindowInitializer.cs(292,105): warning CS8625: Cannot convert null literal to non-nullable reference type. [C:\ExplorerPro\ExplorerPro_on4pkfpc_wpftmp.csproj]
     3>C:\ExplorerPro\Commands\TabCommands.cs(57,72): warning CS8625: Cannot convert null literal to non-nullable reference type. [C:\ExplorerPro\ExplorerPro_on4pkfpc_wpftmp.csproj]
     3>C:\ExplorerPro\Commands\TabCommands.cs(70,74): warning CS8625: Cannot convert null literal to non-nullable reference type. [C:\ExplorerPro\ExplorerPro_on4pkfpc_wpftmp.csproj]
     3>C:\ExplorerPro\Commands\TabCommands.cs(83,72): warning CS8625: Cannot convert null literal to non-nullable reference type. [C:\ExplorerPro\ExplorerPro_on4pkfpc_wpftmp.csproj]
     3>C:\ExplorerPro\Commands\TabCommands.cs(96,71): warning CS8625: Cannot convert null literal to non-nullable reference type. [C:\ExplorerPro\ExplorerPro_on4pkfpc_wpftmp.csproj]
     3>C:\ExplorerPro\Commands\TabCommands.cs(37,25): warning CS8767: Nullability of reference types in type of parameter 'parameter' of 'bool RelayCommand.CanExecute(object parameter)' doesn't match implicitly implemented member 'bool ICommand.CanExecute(object? parameter)' (possibly because of nullability attributes). [C:\ExplorerPro\ExplorerPro_on4pkfpc_wpftmp.csproj]
     3>C:\ExplorerPro\Commands\TabCommands.cs(42,25): warning CS8767: Nullability of reference types in type of parameter 'parameter' of 'void RelayCommand.Execute(object parameter)' doesn't match implicitly implemented member 'void ICommand.Execute(object? parameter)' (possibly because of nullability attributes). [C:\ExplorerPro\ExplorerPro_on4pkfpc_wpftmp.csproj]
     3>C:\ExplorerPro\Commands\TabCommands.cs(31,39): warning CS8612: Nullability of reference types in type of 'event EventHandler RelayCommand.CanExecuteChanged' doesn't match implicitly implemented member 'event EventHandler? ICommand.CanExecuteChanged'. [C:\ExplorerPro\ExplorerPro_on4pkfpc_wpftmp.csproj]
     3>C:\ExplorerPro\Commands\TabCommands.cs(25,89): warning CS8625: Cannot convert null literal to non-nullable reference type. [C:\ExplorerPro\ExplorerPro_on4pkfpc_wpftmp.csproj]
     3>C:\ExplorerPro\Models\NavigationHistoryItem.cs(46,30): warning CS8765: Nullability of type of parameter 'obj' doesn't match overridden member (possibly because of nullability attributes). [C:\ExplorerPro\ExplorerPro_on4pkfpc_wpftmp.csproj]
     3>C:\ExplorerPro\Models\NavigationHistoryItem.cs(24,66): warning CS8625: Cannot convert null literal to non-nullable reference type. [C:\ExplorerPro\ExplorerPro_on4pkfpc_wpftmp.csproj]
     3>C:\ExplorerPro\Utilities\Extensions.cs(123,87): warning CS8625: Cannot convert null literal to non-nullable reference type. [C:\ExplorerPro\ExplorerPro_on4pkfpc_wpftmp.csproj]
     3>C:\ExplorerPro\Core\Services\DragDropService.cs(49,98): warning CS8625: Cannot convert null literal to non-nullable reference type. [C:\ExplorerPro\ExplorerPro_on4pkfpc_wpftmp.csproj]
     3>C:\ExplorerPro\ViewModels\MainWindowTabsViewModel.cs(34,113): warning CS8625: Cannot convert null literal to non-nullable reference type. [C:\ExplorerPro\ExplorerPro_on4pkfpc_wpftmp.csproj]
     3>C:\ExplorerPro\ViewModels\MainWindowTabsViewModel.cs(180,80): warning CS8625: Cannot convert null literal to non-nullable reference type. [C:\ExplorerPro\ExplorerPro_on4pkfpc_wpftmp.csproj]
     3>C:\ExplorerPro\ViewModels\MainWindowTabsViewModel.cs(180,115): warning CS8625: Cannot convert null literal to non-nullable reference type. [C:\ExplorerPro\ExplorerPro_on4pkfpc_wpftmp.csproj]
     3>C:\ExplorerPro\Core\Services\ServiceHealthMonitor.cs(29,76): warning CS8625: Cannot convert null literal to non-nullable reference type. [C:\ExplorerPro\ExplorerPro_on4pkfpc_wpftmp.csproj]
     3>C:\ExplorerPro\ViewModels\MainWindowViewModel.cs(439,50): warning CS8612: Nullability of reference types in type of 'event PropertyChangedEventHandler MainWindowViewModel.PropertyChanged' doesn't match implicitly implemented member 'event PropertyChangedEventHandler? INotifyPropertyChanged.PropertyChanged'. [C:\ExplorerPro\ExplorerPro_on4pkfpc_wpftmp.csproj]
     3>C:\ExplorerPro\ViewModels\MainWindowViewModel.cs(35,74): warning CS8625: Cannot convert null literal to non-nullable reference type. [C:\ExplorerPro\ExplorerPro_on4pkfpc_wpftmp.csproj]
     3>C:\ExplorerPro\ViewModels\MainWindowViewModel.cs(178,50): warning CS8625: Cannot convert null literal to non-nullable reference type. [C:\ExplorerPro\ExplorerPro_on4pkfpc_wpftmp.csproj]
     3>C:\ExplorerPro\ViewModels\MainWindowViewModel.cs(178,73): warning CS8625: Cannot convert null literal to non-nullable reference type. [C:\ExplorerPro\ExplorerPro_on4pkfpc_wpftmp.csproj]
     3>C:\ExplorerPro\ViewModels\MainWindowViewModel.cs(445,91): warning CS8625: Cannot convert null literal to non-nullable reference type. [C:\ExplorerPro\ExplorerPro_on4pkfpc_wpftmp.csproj]
     3>C:\ExplorerPro\ViewModels\MainWindowViewModel.cs(458,102): warning CS8625: Cannot convert null literal to non-nullable reference type. [C:\ExplorerPro\ExplorerPro_on4pkfpc_wpftmp.csproj]
     3>C:\ExplorerPro\UI\FileTree\Commands\DragDropCommand.cs(29,174): warning CS8625: Cannot convert null literal to non-nullable reference type. [C:\ExplorerPro\ExplorerPro_on4pkfpc_wpftmp.csproj]
     3>C:\ExplorerPro\UI\Controls\Interfaces\ITabAnimationManager.cs(50,79): warning CS8625: Cannot convert null literal to non-nullable reference type. [C:\ExplorerPro\ExplorerPro_on4pkfpc_wpftmp.csproj]
     3>C:\ExplorerPro\Models\SettingsManager.cs(174,61): warning CS8601: Possible null reference assignment. [C:\ExplorerPro\ExplorerPro_on4pkfpc_wpftmp.csproj]
     3>C:\ExplorerPro\Core\SettingsService.cs(35,82): warning CS8625: Cannot convert null literal to non-nullable reference type. [C:\ExplorerPro\ExplorerPro_on4pkfpc_wpftmp.csproj]
     3>C:\ExplorerPro\Core\SettingsService.cs(47,61): warning CS8601: Possible null reference assignment. [C:\ExplorerPro\ExplorerPro_on4pkfpc_wpftmp.csproj]
     3>C:\ExplorerPro\UI\FileTree\Commands\FileOperationHandler.cs(60,52): warning CS8625: Cannot convert null literal to non-nullable reference type. [C:\ExplorerPro\ExplorerPro_on4pkfpc_wpftmp.csproj]
     3>C:\ExplorerPro\Models\TabModel.cs(449,30): warning CS8765: Nullability of type of parameter 'obj' doesn't match overridden member (possibly because of nullability attributes). [C:\ExplorerPro\ExplorerPro_on4pkfpc_wpftmp.csproj]
     3>C:\ExplorerPro\Models\TabModel.cs(381,50): warning CS8612: Nullability of reference types in type of 'event PropertyChangedEventHandler TabModel.PropertyChanged' doesn't match implicitly implemented member 'event PropertyChangedEventHandler? INotifyPropertyChanged.PropertyChanged'. [C:\ExplorerPro\ExplorerPro_on4pkfpc_wpftmp.csproj]
     3>C:\ExplorerPro\Models\TabModel.cs(68,53): warning CS8625: Cannot convert null literal to non-nullable reference type. [C:\ExplorerPro\ExplorerPro_on4pkfpc_wpftmp.csproj]
     3>C:\ExplorerPro\Models\TabModel.cs(383,91): warning CS8625: Cannot convert null literal to non-nullable reference type. [C:\ExplorerPro\ExplorerPro_on4pkfpc_wpftmp.csproj]
     3>C:\ExplorerPro\Models\TabModel.cs(388,102): warning CS8625: Cannot convert null literal to non-nullable reference type. [C:\ExplorerPro\ExplorerPro_on4pkfpc_wpftmp.csproj]
     3>C:\ExplorerPro\Models\TabModelAdapter.cs(208,26): warning CS0109: The member 'TabModelAdapter.TabColor' does not hide an accessible member. The new keyword is not required. [C:\ExplorerPro\ExplorerPro_on4pkfpc_wpftmp.csproj]
     3>C:\ExplorerPro\Models\TabModelAdapter.cs(260,21): warning CS0108: 'TabModelAdapter.Dispose()' hides inherited member 'TabModel.Dispose()'. Use the new keyword if hiding was intended. [C:\ExplorerPro\ExplorerPro_on4pkfpc_wpftmp.csproj]
     3>C:\ExplorerPro\Models\TabNavigationHistory.cs(20,50): warning CS8612: Nullability of reference types in type of 'event PropertyChangedEventHandler TabNavigationHistory.PropertyChanged' doesn't match implicitly implemented member 'event PropertyChangedEventHandler? INotifyPropertyChanged.PropertyChanged'. [C:\ExplorerPro\ExplorerPro_on4pkfpc_wpftmp.csproj]
     3>C:\ExplorerPro\Models\TabNavigationHistory.cs(51,58): warning CS8625: Cannot convert null literal to non-nullable reference type. [C:\ExplorerPro\ExplorerPro_on4pkfpc_wpftmp.csproj]
     3>C:\ExplorerPro\UI\Controls\ModernTabControl.cs(148,68): warning CS8625: Cannot convert null literal to non-nullable reference type. [C:\ExplorerPro\ExplorerPro_on4pkfpc_wpftmp.csproj]
     3>C:\ExplorerPro\UI\Controls\ModernTabControl.cs(148,109): warning CS8625: Cannot convert null literal to non-nullable reference type. [C:\ExplorerPro\ExplorerPro_on4pkfpc_wpftmp.csproj]
     3>C:\ExplorerPro\Models\TabNavigationHistory.cs(196,91): warning CS8625: Cannot convert null literal to non-nullable reference type. [C:\ExplorerPro\ExplorerPro_on4pkfpc_wpftmp.csproj]
     3>C:\ExplorerPro\Core\TabManagement\ITabManagerService.cs(75,67): warning CS8625: Cannot convert null literal to non-nullable reference type. [C:\ExplorerPro\ExplorerPro_on4pkfpc_wpftmp.csproj]
     3>C:\ExplorerPro\Core\TabManagement\ITabManagerService.cs(75,102): warning CS8625: Cannot convert null literal to non-nullable reference type. [C:\ExplorerPro\ExplorerPro_on4pkfpc_wpftmp.csproj]
     3>C:\ExplorerPro\Models\UndoCommands.cs(33,126): warning CS8625: Cannot convert null literal to non-nullable reference type. [C:\ExplorerPro\ExplorerPro_on4pkfpc_wpftmp.csproj]
     3>C:\ExplorerPro\UI\Controls\ChromeStyleTabControl.cs(2451,77): warning CS8625: Cannot convert null literal to non-nullable reference type. [C:\ExplorerPro\ExplorerPro_on4pkfpc_wpftmp.csproj]
     3>C:\ExplorerPro\UI\Controls\ChromeStyleTabControl.cs(2902,66): warning CS8625: Cannot convert null literal to non-nullable reference type. [C:\ExplorerPro\ExplorerPro_on4pkfpc_wpftmp.csproj]
     3>C:\ExplorerPro\UI\Controls\TabAnimationManager.cs(31,74): warning CS8625: Cannot convert null literal to non-nullable reference type. [C:\ExplorerPro\ExplorerPro_on4pkfpc_wpftmp.csproj]
     3>C:\ExplorerPro\UI\Controls\TabAnimationManager.cs(149,92): warning CS8625: Cannot convert null literal to non-nullable reference type. [C:\ExplorerPro\ExplorerPro_on4pkfpc_wpftmp.csproj]
     3>C:\ExplorerPro\Models\UndoCommands.cs(88,157): warning CS8625: Cannot convert null literal to non-nullable reference type. [C:\ExplorerPro\ExplorerPro_on4pkfpc_wpftmp.csproj]
     3>C:\ExplorerPro\Models\UndoCommands.cs(159,163): warning CS8625: Cannot convert null literal to non-nullable reference type. [C:\ExplorerPro\ExplorerPro_on4pkfpc_wpftmp.csproj]
     3>C:\ExplorerPro\UI\Controls\PreviewHandlers\PdfPreviewControl.xaml.cs(242,34): warning CS8765: Nullability of type of parameter 'obj' doesn't match overridden member (possibly because of nullability attributes). [C:\ExplorerPro\ExplorerPro_on4pkfpc_wpftmp.csproj]
     3>C:\ExplorerPro\UI\Controls\PreviewHandlers\PdfPreviewControl.xaml.cs(235,25): warning CS8767: Nullability of reference types in type of parameter 'other' of 'bool CacheKey.Equals(CacheKey other)' doesn't match implicitly implemented member 'bool IEquatable<CacheKey>.Equals(CacheKey? other)' (possibly because of nullability attributes). [C:\ExplorerPro\ExplorerPro_on4pkfpc_wpftmp.csproj]
     3>C:\ExplorerPro\Models\UndoCommands.cs(230,141): warning CS8625: Cannot convert null literal to non-nullable reference type. [C:\ExplorerPro\ExplorerPro_on4pkfpc_wpftmp.csproj]
     3>C:\ExplorerPro\Models\UndoCommands.cs(296,160): warning CS8625: Cannot convert null literal to non-nullable reference type. [C:\ExplorerPro\ExplorerPro_on4pkfpc_wpftmp.csproj]
     3>C:\ExplorerPro\UI\Controls\TabDropInsertionIndicator.cs(63,21): warning CS0108: 'TabDropInsertionIndicator.IsVisible' hides inherited member 'UIElement.IsVisible'. Use the new keyword if hiding was intended. [C:\ExplorerPro\ExplorerPro_on4pkfpc_wpftmp.csproj]
     3>C:\ExplorerPro\Models\UndoCommands.cs(368,160): warning CS8625: Cannot convert null literal to non-nullable reference type. [C:\ExplorerPro\ExplorerPro_on4pkfpc_wpftmp.csproj]
     3>C:\ExplorerPro\Core\TabManagement\ModernTabManagerService.cs(47,55): warning CS8625: Cannot convert null literal to non-nullable reference type. [C:\ExplorerPro\ExplorerPro_on4pkfpc_wpftmp.csproj]
     3>C:\ExplorerPro\Core\TabManagement\ModernTabManagerService.cs(48,39): warning CS8625: Cannot convert null literal to non-nullable reference type. [C:\ExplorerPro\ExplorerPro_on4pkfpc_wpftmp.csproj]
     3>C:\ExplorerPro\Core\TabManagement\ModernTabManagerService.cs(49,51): warning CS8625: Cannot convert null literal to non-nullable reference type. [C:\ExplorerPro\ExplorerPro_on4pkfpc_wpftmp.csproj]
     3>C:\ExplorerPro\Core\TabManagement\ModernTabManagerService.cs(123,80): warning CS8625: Cannot convert null literal to non-nullable reference type. [C:\ExplorerPro\ExplorerPro_on4pkfpc_wpftmp.csproj]
     3>C:\ExplorerPro\Core\TabManagement\ModernTabManagerService.cs(123,115): warning CS8625: Cannot convert null literal to non-nullable reference type. [C:\ExplorerPro\ExplorerPro_on4pkfpc_wpftmp.csproj]
     3>C:\ExplorerPro\UI\Controls\TabSizingManager.cs(27,68): warning CS8625: Cannot convert null literal to non-nullable reference type. [C:\ExplorerPro\ExplorerPro_on4pkfpc_wpftmp.csproj]
     3>C:\ExplorerPro\Models\WindowSettings.cs(108,61): warning CS8625: Cannot convert null literal to non-nullable reference type. [C:\ExplorerPro\ExplorerPro_on4pkfpc_wpftmp.csproj]
     3>C:\ExplorerPro\Models\WindowSettings.cs(170,81): warning CS8625: Cannot convert null literal to non-nullable reference type. [C:\ExplorerPro\ExplorerPro_on4pkfpc_wpftmp.csproj]
     3>C:\ExplorerPro\Models\WindowSettings.cs(222,57): warning CS8625: Cannot convert null literal to non-nullable reference type. [C:\ExplorerPro\ExplorerPro_on4pkfpc_wpftmp.csproj]
     3>C:\ExplorerPro\UI\Controls\TabVirtualizationManager.cs(57,56): warning CS8625: Cannot convert null literal to non-nullable reference type. [C:\ExplorerPro\ExplorerPro_on4pkfpc_wpftmp.csproj]
     3>C:\ExplorerPro\UI\Controls\TabVirtualizationManager.cs(58,47): warning CS8625: Cannot convert null literal to non-nullable reference type. [C:\ExplorerPro\ExplorerPro_on4pkfpc_wpftmp.csproj]
     3>C:\ExplorerPro\UI\Controls\TabVirtualizationManager.cs(59,47): warning CS8625: Cannot convert null literal to non-nullable reference type. [C:\ExplorerPro\ExplorerPro_on4pkfpc_wpftmp.csproj]
     3>C:\ExplorerPro\Core\TabManagement\PerformanceOptimizer.cs(40,48): warning CS8625: Cannot convert null literal to non-nullable reference type. [C:\ExplorerPro\ExplorerPro_on4pkfpc_wpftmp.csproj]
     3>C:\ExplorerPro\Core\TabManagement\PerformanceOptimizer.cs(41,43): warning CS8625: Cannot convert null literal to non-nullable reference type. [C:\ExplorerPro\ExplorerPro_on4pkfpc_wpftmp.csproj]
     3>C:\ExplorerPro\Core\TabManagement\PerformanceOptimizer.cs(42,70): warning CS8625: Cannot convert null literal to non-nullable reference type. [C:\ExplorerPro\ExplorerPro_on4pkfpc_wpftmp.csproj]
     3>C:\ExplorerPro\Core\TabManagement\PerformanceOptimizer.cs(43,52): warning CS8625: Cannot convert null literal to non-nullable reference type. [C:\ExplorerPro\ExplorerPro_on4pkfpc_wpftmp.csproj]
     3>C:\ExplorerPro\Core\TabManagement\PerformanceOptimizer.cs(44,40): warning CS8625: Cannot convert null literal to non-nullable reference type. [C:\ExplorerPro\ExplorerPro_on4pkfpc_wpftmp.csproj]
     3>C:\ExplorerPro\Core\TabManagement\PerformanceOptimizer.cs(90,91): warning CS8625: Cannot convert null literal to non-nullable reference type. [C:\ExplorerPro\ExplorerPro_on4pkfpc_wpftmp.csproj]
     3>C:\ExplorerPro\UI\Controls\TabDragDropManager.cs(37,72): warning CS8625: Cannot convert null literal to non-nullable reference type. [C:\ExplorerPro\ExplorerPro_on4pkfpc_wpftmp.csproj]
     3>C:\ExplorerPro\Core\Threading\ThreadSafeTabOperations.cs(42,55): warning CS8625: Cannot convert null literal to non-nullable reference type. [C:\ExplorerPro\ExplorerPro_on4pkfpc_wpftmp.csproj]
     3>C:\ExplorerPro\Core\Threading\ThreadSafeTabOperations.cs(43,37): warning CS8625: Cannot convert null literal to non-nullable reference type. [C:\ExplorerPro\ExplorerPro_on4pkfpc_wpftmp.csproj]
     3>C:\ExplorerPro\Core\Threading\ThreadSafeTabOperations.cs(62,84): warning CS8625: Cannot convert null literal to non-nullable reference type. [C:\ExplorerPro\ExplorerPro_on4pkfpc_wpftmp.csproj]
     3>C:\ExplorerPro\Core\Threading\ThreadSafeTabOperations.cs(62,119): warning CS8625: Cannot convert null literal to non-nullable reference type. [C:\ExplorerPro\ExplorerPro_on4pkfpc_wpftmp.csproj]
     3>C:\ExplorerPro\UI\Controls\TabVisualManager.cs(33,68): warning CS8625: Cannot convert null literal to non-nullable reference type. [C:\ExplorerPro\ExplorerPro_on4pkfpc_wpftmp.csproj]
     3>C:\ExplorerPro\UI\MainWindow\MainWindow.xaml.cs(1360,136): warning CS8625: Cannot convert null literal to non-nullable reference type. [C:\ExplorerPro\ExplorerPro_on4pkfpc_wpftmp.csproj]
     3>C:\ExplorerPro\UI\FileTree\Dialogs\SelectByPatternDialog.xaml.cs(140,50): warning CS8612: Nullability of reference types in type of 'event PropertyChangedEventHandler SelectByPatternDialog.PropertyChanged' doesn't match implicitly implemented member 'event PropertyChangedEventHandler? INotifyPropertyChanged.PropertyChanged'. [C:\ExplorerPro\ExplorerPro_on4pkfpc_wpftmp.csproj]
     3>C:\ExplorerPro\UI\FileTree\Dialogs\SelectByPatternDialog.xaml.cs(93,73): warning CS8625: Cannot convert null literal to non-nullable reference type. [C:\ExplorerPro\ExplorerPro_on4pkfpc_wpftmp.csproj]
     3>C:\ExplorerPro\UI\FileTree\Dialogs\SelectByPatternDialog.xaml.cs(142,91): warning CS8625: Cannot convert null literal to non-nullable reference type. [C:\ExplorerPro\ExplorerPro_on4pkfpc_wpftmp.csproj]
     3>C:\ExplorerPro\Core\TabManagement\ServiceIntegrationManager.cs(45,57): warning CS8625: Cannot convert null literal to non-nullable reference type. [C:\ExplorerPro\ExplorerPro_on4pkfpc_wpftmp.csproj]
     3>C:\ExplorerPro\UI\FileTree\Dialogs\SelectByPatternDialog.xaml.cs(168,25): warning CS8767: Nullability of reference types in type of parameter 'parameter' of 'bool RelayCommand.CanExecute(object parameter)' doesn't match implicitly implemented member 'bool ICommand.CanExecute(object? parameter)' (possibly because of nullability attributes). [C:\ExplorerPro\ExplorerPro_on4pkfpc_wpftmp.csproj]
     3>C:\ExplorerPro\UI\FileTree\Dialogs\SelectByPatternDialog.xaml.cs(173,25): warning CS8767: Nullability of reference types in type of parameter 'parameter' of 'void RelayCommand.Execute(object parameter)' doesn't match implicitly implemented member 'void ICommand.Execute(object? parameter)' (possibly because of nullability attributes). [C:\ExplorerPro\ExplorerPro_on4pkfpc_wpftmp.csproj]
     3>C:\ExplorerPro\UI\FileTree\Dialogs\SelectByPatternDialog.xaml.cs(162,39): warning CS8612: Nullability of reference types in type of 'event EventHandler RelayCommand.CanExecuteChanged' doesn't match implicitly implemented member 'event EventHandler? ICommand.CanExecuteChanged'. [C:\ExplorerPro\ExplorerPro_on4pkfpc_wpftmp.csproj]
     3>C:\ExplorerPro\Core\TabManagement\ServiceIntegrationManager.cs(340,57): warning CS8625: Cannot convert null literal to non-nullable reference type. [C:\ExplorerPro\ExplorerPro_on4pkfpc_wpftmp.csproj]
     3>C:\ExplorerPro\Core\TabManagement\ServiceIntegrationManager.cs(352,57): warning CS8625: Cannot convert null literal to non-nullable reference type. [C:\ExplorerPro\ExplorerPro_on4pkfpc_wpftmp.csproj]
     3>C:\ExplorerPro\UI\FileTree\Dialogs\SelectByPatternDialog.xaml.cs(156,73): warning CS8625: Cannot convert null literal to non-nullable reference type. [C:\ExplorerPro\ExplorerPro_on4pkfpc_wpftmp.csproj]
     3>C:\ExplorerPro\Core\TabManagement\SimpleDetachedWindowManager.cs(19,90): warning CS8625: Cannot convert null literal to non-nullable reference type. [C:\ExplorerPro\ExplorerPro_on4pkfpc_wpftmp.csproj]
     3>C:\ExplorerPro\Core\TransactionalOperation.cs(20,109): warning CS8625: Cannot convert null literal to non-nullable reference type. [C:\ExplorerPro\ExplorerPro_on4pkfpc_wpftmp.csproj]
     3>C:\ExplorerPro\Core\TransactionalOperation.cs(158,35): warning CS8625: Cannot convert null literal to non-nullable reference type. [C:\ExplorerPro\ExplorerPro_on4pkfpc_wpftmp.csproj]
     3>C:\ExplorerPro\Core\TabManagement\TabCreationRequest.cs(68,96): warning CS8625: Cannot convert null literal to non-nullable reference type. [C:\ExplorerPro\ExplorerPro_on4pkfpc_wpftmp.csproj]
     3>C:\ExplorerPro\Core\TabManagement\TabCreationRequest.cs(82,83): warning CS8625: Cannot convert null literal to non-nullable reference type. [C:\ExplorerPro\ExplorerPro_on4pkfpc_wpftmp.csproj]
     3>C:\ExplorerPro\Core\TabManagement\TabCreationRequest.cs(97,87): warning CS8625: Cannot convert null literal to non-nullable reference type. [C:\ExplorerPro\ExplorerPro_on4pkfpc_wpftmp.csproj]
     3>C:\ExplorerPro\UI\PaneManagement\PaneManager.xaml.cs(218,53): warning CS8625: Cannot convert null literal to non-nullable reference type. [C:\ExplorerPro\ExplorerPro_on4pkfpc_wpftmp.csproj]
     3>C:\ExplorerPro\UI\FileTree\FileTreeItem.cs(593,50): warning CS8612: Nullability of reference types in type of 'event PropertyChangedEventHandler FileTreeItem.PropertyChanged' doesn't match implicitly implemented member 'event PropertyChangedEventHandler? INotifyPropertyChanged.PropertyChanged'. [C:\ExplorerPro\ExplorerPro_on4pkfpc_wpftmp.csproj]
     3>C:\ExplorerPro\UI\FileTree\Managers\FileTreeColumnManager.cs(61,47): warning CS8625: Cannot convert null literal to non-nullable reference type. [C:\ExplorerPro\ExplorerPro_on4pkfpc_wpftmp.csproj]
     3>C:\ExplorerPro\UI\Panels\ToDoPanel\ToDoPanel.xaml.cs(29,50): warning CS8612: Nullability of reference types in type of 'event PropertyChangedEventHandler ToDoPanel.PropertyChanged' doesn't match implicitly implemented member 'event PropertyChangedEventHandler? INotifyPropertyChanged.PropertyChanged'. [C:\ExplorerPro\ExplorerPro_on4pkfpc_wpftmp.csproj]
     3>C:\ExplorerPro\UI\Panels\ToDoPanel\ToDoPanel.xaml.cs(651,50): warning CS8612: Nullability of reference types in type of 'event PropertyChangedEventHandler TaskItem.PropertyChanged' doesn't match implicitly implemented member 'event PropertyChangedEventHandler? INotifyPropertyChanged.PropertyChanged'. [C:\ExplorerPro\ExplorerPro_on4pkfpc_wpftmp.csproj]
     3>C:\ExplorerPro\Core\TabManagement\TabHibernationManager.cs(42,53): warning CS8625: Cannot convert null literal to non-nullable reference type. [C:\ExplorerPro\ExplorerPro_on4pkfpc_wpftmp.csproj]
     3>C:\ExplorerPro\Core\TabManagement\TabHibernationManager.cs(43,47): warning CS8625: Cannot convert null literal to non-nullable reference type. [C:\ExplorerPro\ExplorerPro_on4pkfpc_wpftmp.csproj]
     3>C:\ExplorerPro\Core\TabManagement\TabHibernationManager.cs(44,44): warning CS8625: Cannot convert null literal to non-nullable reference type. [C:\ExplorerPro\ExplorerPro_on4pkfpc_wpftmp.csproj]
     3>C:\ExplorerPro\UI\FileTree\Models\FileTreeItem.cs(129,50): warning CS8612: Nullability of reference types in type of 'event PropertyChangedEventHandler FileTreeItem.PropertyChanged' doesn't match implicitly implemented member 'event PropertyChangedEventHandler? INotifyPropertyChanged.PropertyChanged'. [C:\ExplorerPro\ExplorerPro_on4pkfpc_wpftmp.csproj]
     3>C:\ExplorerPro\UI\FileTree\Models\FileTreeItem.cs(131,91): warning CS8625: Cannot convert null literal to non-nullable reference type. [C:\ExplorerPro\ExplorerPro_on4pkfpc_wpftmp.csproj]
     3>C:\ExplorerPro\UI\MainWindow\MainWindowTabIntegration.cs(50,56): warning CS8625: Cannot convert null literal to non-nullable reference type. [C:\ExplorerPro\ExplorerPro_on4pkfpc_wpftmp.csproj]
     3>C:\ExplorerPro\UI\MainWindow\MainWindowTabIntegration.cs(88,70): warning CS8625: Cannot convert null literal to non-nullable reference type. [C:\ExplorerPro\ExplorerPro_on4pkfpc_wpftmp.csproj]
     3>C:\ExplorerPro\UI\MainWindow\MainWindowTabIntegration.cs(88,90): warning CS8625: Cannot convert null literal to non-nullable reference type. [C:\ExplorerPro\ExplorerPro_on4pkfpc_wpftmp.csproj]
     3>C:\ExplorerPro\UI\MainWindow\TabIntegrationBridge.cs(38,52): warning CS8625: Cannot convert null literal to non-nullable reference type. [C:\ExplorerPro\ExplorerPro_on4pkfpc_wpftmp.csproj]
     3>C:\ExplorerPro\UI\MainWindow\TabIntegrationBridge.cs(39,53): warning CS8625: Cannot convert null literal to non-nullable reference type. [C:\ExplorerPro\ExplorerPro_on4pkfpc_wpftmp.csproj]
     3>C:\ExplorerPro\UI\MainWindow\TabIntegrationBridge.cs(40,52): warning CS8625: Cannot convert null literal to non-nullable reference type. [C:\ExplorerPro\ExplorerPro_on4pkfpc_wpftmp.csproj]
     3>C:\ExplorerPro\Core\TabManagement\TabManagerService.cs(31,70): warning CS8625: Cannot convert null literal to non-nullable reference type. [C:\ExplorerPro\ExplorerPro_on4pkfpc_wpftmp.csproj]
     3>C:\ExplorerPro\Core\TabManagement\TabManagerService.cs(94,80): warning CS8625: Cannot convert null literal to non-nullable reference type. [C:\ExplorerPro\ExplorerPro_on4pkfpc_wpftmp.csproj]
     3>C:\ExplorerPro\Core\TabManagement\TabManagerService.cs(94,115): warning CS8625: Cannot convert null literal to non-nullable reference type. [C:\ExplorerPro\ExplorerPro_on4pkfpc_wpftmp.csproj]
     3>C:\ExplorerPro\Core\TabManagement\TabOperationsManager.cs(362,130): warning CS8625: Cannot convert null literal to non-nullable reference type. [C:\ExplorerPro\ExplorerPro_on4pkfpc_wpftmp.csproj]
     3>C:\ExplorerPro\UI\FileTree\Managers\FileTreePerformanceManager.cs(70,98): warning CS8625: Cannot convert null literal to non-nullable reference type. [C:\ExplorerPro\ExplorerPro_on4pkfpc_wpftmp.csproj]
     3>C:\ExplorerPro\UI\FileTree\Managers\OptimizedFileTreePerformanceManager.cs(62,107): warning CS8625: Cannot convert null literal to non-nullable reference type. [C:\ExplorerPro\ExplorerPro_on4pkfpc_wpftmp.csproj]
     3>C:\ExplorerPro\UI\FileTree\Services\FileTreeDragDropService.cs(114,66): warning CS8625: Cannot convert null literal to non-nullable reference type. [C:\ExplorerPro\ExplorerPro_on4pkfpc_wpftmp.csproj]
     3>C:\ExplorerPro\UI\FileTree\Services\FileTreeDragDropService.cs(114,105): warning CS8625: Cannot convert null literal to non-nullable reference type. [C:\ExplorerPro\ExplorerPro_on4pkfpc_wpftmp.csproj]
     3>C:\ExplorerPro\UI\FileTree\Services\FileTreeDragDropService.cs(114,147): warning CS8625: Cannot convert null literal to non-nullable reference type. [C:\ExplorerPro\ExplorerPro_on4pkfpc_wpftmp.csproj]
     3>C:\ExplorerPro\UI\FileTree\Services\FileTreeDragDropService.cs(140,99): warning CS8625: Cannot convert null literal to non-nullable reference type. [C:\ExplorerPro\ExplorerPro_on4pkfpc_wpftmp.csproj]
     3>C:\ExplorerPro\UI\FileTree\Managers\OptimizedTreeViewIndexer.cs(87,88): warning CS8625: Cannot convert null literal to non-nullable reference type. [C:\ExplorerPro\ExplorerPro_on4pkfpc_wpftmp.csproj]
     3>C:\ExplorerPro\Core\TabManagement\TabPerformanceIntegration.cs(64,57): warning CS8625: Cannot convert null literal to non-nullable reference type. [C:\ExplorerPro\ExplorerPro_on4pkfpc_wpftmp.csproj]
     3>C:\ExplorerPro\Core\TabManagement\TabPerformanceIntegration.cs(65,47): warning CS8625: Cannot convert null literal to non-nullable reference type. [C:\ExplorerPro\ExplorerPro_on4pkfpc_wpftmp.csproj]
     3>C:\ExplorerPro\Core\TabManagement\TabPerformanceIntegration.cs(66,55): warning CS8625: Cannot convert null literal to non-nullable reference type. [C:\ExplorerPro\ExplorerPro_on4pkfpc_wpftmp.csproj]
     3>C:\ExplorerPro\Core\TabManagement\TabServicesFactory.cs(27,70): warning CS8625: Cannot convert null literal to non-nullable reference type. [C:\ExplorerPro\ExplorerPro_on4pkfpc_wpftmp.csproj]
     3>C:\ExplorerPro\Core\TabManagement\TabServicesFactory.cs(27,113): warning CS8625: Cannot convert null literal to non-nullable reference type. [C:\ExplorerPro\ExplorerPro_on4pkfpc_wpftmp.csproj]
     3>C:\ExplorerPro\Core\TabManagement\TabServicesFactory.cs(62,92): warning CS8625: Cannot convert null literal to non-nullable reference type. [C:\ExplorerPro\ExplorerPro_on4pkfpc_wpftmp.csproj]
     3>C:\ExplorerPro\Core\TabManagement\TabServicesFactory.cs(157,110): warning CS8625: Cannot convert null literal to non-nullable reference type. [C:\ExplorerPro\ExplorerPro_on4pkfpc_wpftmp.csproj]
     3>C:\ExplorerPro\Core\TabManagement\UnifiedTabService.cs(386,50): warning CS8612: Nullability of reference types in type of 'event PropertyChangedEventHandler UnifiedTabService.PropertyChanged' doesn't match implicitly implemented member 'event PropertyChangedEventHandler? INotifyPropertyChanged.PropertyChanged'. [C:\ExplorerPro\ExplorerPro_on4pkfpc_wpftmp.csproj]
     3>C:\ExplorerPro\Core\TabManagement\UnifiedTabService.cs(45,107): warning CS8625: Cannot convert null literal to non-nullable reference type. [C:\ExplorerPro\ExplorerPro_on4pkfpc_wpftmp.csproj]
     3>C:\ExplorerPro\Core\TabManagement\UnifiedTabService.cs(123,106): warning CS8625: Cannot convert null literal to non-nullable reference type. [C:\ExplorerPro\ExplorerPro_on4pkfpc_wpftmp.csproj]
     3>C:\ExplorerPro\Core\TabManagement\UnifiedTabService.cs(123,141): warning CS8625: Cannot convert null literal to non-nullable reference type. [C:\ExplorerPro\ExplorerPro_on4pkfpc_wpftmp.csproj]
     3>C:\ExplorerPro\Core\TabManagement\UnifiedTabService.cs(388,91): warning CS8625: Cannot convert null literal to non-nullable reference type. [C:\ExplorerPro\ExplorerPro_on4pkfpc_wpftmp.csproj]
     3>C:\ExplorerPro\UI\FileTree\Services\OutlookDataExtractor.cs(285,42): warning CS8625: Cannot convert null literal to non-nullable reference type. [C:\ExplorerPro\ExplorerPro_on4pkfpc_wpftmp.csproj]
     3>C:\ExplorerPro\UI\FileTree\Services\OutlookDataExtractor.cs(337,42): warning CS8625: Cannot convert null literal to non-nullable reference type. [C:\ExplorerPro\ExplorerPro_on4pkfpc_wpftmp.csproj]
     3>C:\ExplorerPro\UI\FileTree\Services\SelectionService.cs(896,83): warning CS8625: Cannot convert null literal to non-nullable reference type. [C:\ExplorerPro\ExplorerPro_on4pkfpc_wpftmp.csproj]
     3>C:\ExplorerPro\Program.cs(12,27): warning CS8892: Method 'Program.Main(string[])' will not be used as an entry point because a synchronous entry point 'App.Main()' was found. [C:\ExplorerPro\ExplorerPro_on4pkfpc_wpftmp.csproj]
     3>C:\ExplorerPro\SimpleTestRunner.cs(8,30): warning CS8892: Method 'SimpleTestRunner.Main(string[])' will not be used as an entry point because a synchronous entry point 'App.Main()' was found. [C:\ExplorerPro\ExplorerPro_on4pkfpc_wpftmp.csproj]
     3>C:\ExplorerPro\UI\Controls\ModernTabControl.cs(676,16): warning CS8603: Possible null reference return. [C:\ExplorerPro\ExplorerPro_on4pkfpc_wpftmp.csproj]
     3>C:\ExplorerPro\Core\TabManagement\ServiceIntegrationManager.cs(470,64): warning CS8714: The type 'TState' cannot be used as type parameter 'TState' in the generic type or method 'ILogger.BeginScope<TState>(TState)'. Nullability of type argument 'TState' doesn't match 'notnull' constraint. [C:\ExplorerPro\ExplorerPro_on4pkfpc_wpftmp.csproj]
     3>C:\ExplorerPro\Core\TabManagement\ServiceIntegrationManager.cs(470,64): warning CS8603: Possible null reference return. [C:\ExplorerPro\ExplorerPro_on4pkfpc_wpftmp.csproj]
     3>C:\ExplorerPro\Core\TabManagement\ServiceIntegrationManager.cs(473,71): warning CS8620: Argument of type 'Func<TState, Exception, string>' cannot be used for parameter 'formatter' of type 'Func<TState, Exception?, string>' in 'void ILogger.Log<TState>(LogLevel logLevel, EventId eventId, TState state, Exception? exception, Func<TState, Exception?, string> formatter)' due to differences in the nullability of reference types. [C:\ExplorerPro\ExplorerPro_on4pkfpc_wpftmp.csproj]
     3>C:\ExplorerPro\Core\Collections\BoundedCollection.cs(31,46): warning CS8622: Nullability of reference types in type of parameter 'sender' of 'void BoundedCollection<T>.OnCollectionChanged(object sender, NotifyCollectionChangedEventArgs e)' doesn't match the target delegate 'NotifyCollectionChangedEventHandler' (possibly because of nullability attributes). [C:\ExplorerPro\ExplorerPro_on4pkfpc_wpftmp.csproj]
     3>C:\ExplorerPro\Core\Collections\BoundedCollection.cs(32,70): warning CS8622: Nullability of reference types in type of parameter 'sender' of 'void BoundedCollection<T>.OnPropertyChanged(object sender, PropertyChangedEventArgs e)' doesn't match the target delegate 'PropertyChangedEventHandler' (possibly because of nullability attributes). [C:\ExplorerPro\ExplorerPro_on4pkfpc_wpftmp.csproj]
     3>C:\ExplorerPro\Core\Collections\BoundedCollection.cs(24,16): warning CS8618: Non-nullable event 'CollectionChanged' must contain a non-null value when exiting constructor. Consider adding the 'required' modifier or declaring the event as nullable. [C:\ExplorerPro\ExplorerPro_on4pkfpc_wpftmp.csproj]
     3>C:\ExplorerPro\Core\Collections\BoundedCollection.cs(24,16): warning CS8618: Non-nullable event 'PropertyChanged' must contain a non-null value when exiting constructor. Consider adding the 'required' modifier or declaring the event as nullable. [C:\ExplorerPro\ExplorerPro_on4pkfpc_wpftmp.csproj]
     3>C:\ExplorerPro\Core\Commands\AsyncRelayCommand.cs(111,16): warning CS8618: Non-nullable event 'ExecutionStateChanged' must contain a non-null value when exiting constructor. Consider adding the 'required' modifier or declaring the event as nullable. [C:\ExplorerPro\ExplorerPro_on4pkfpc_wpftmp.csproj]
     3>C:\ExplorerPro\Core\WindowState.cs(81,21): warning CS8625: Cannot convert null literal to non-nullable reference type. [C:\ExplorerPro\ExplorerPro_on4pkfpc_wpftmp.csproj]
     3>C:\ExplorerPro\Examples\TreeViewCacheUsageExample.cs(30,53): warning CS8622: Nullability of reference types in type of parameter 'sender' of 'void TreeViewCacheUsageExample.OnCleanupCompleted(object sender, CleanupCompletedEventArgs e)' doesn't match the target delegate 'EventHandler<FileTreePerformanceManager.CleanupCompletedEventArgs>' (possibly because of nullability attributes). [C:\ExplorerPro\ExplorerPro_on4pkfpc_wpftmp.csproj]
     3>C:\ExplorerPro\Examples\TreeViewCacheUsageExample.cs(33,61): warning CS8622: Nullability of reference types in type of parameter 'sender' of 'void TreeViewCacheUsageExample.OnVisibleItemsCacheUpdated(object sender, EventArgs e)' doesn't match the target delegate 'EventHandler' (possibly because of nullability attributes). [C:\ExplorerPro\ExplorerPro_on4pkfpc_wpftmp.csproj]
     3>C:\ExplorerPro\Commands\KeyboardShortcuts.cs(174,20): warning CS8603: Possible null reference return. [C:\ExplorerPro\ExplorerPro_on4pkfpc_wpftmp.csproj]
     3>C:\ExplorerPro\Utilities\DragCopyCommand.cs(103,38): warning CS8600: Converting null literal or possible null value to non-nullable type. [C:\ExplorerPro\ExplorerPro_on4pkfpc_wpftmp.csproj]
     3>C:\ExplorerPro\Examples\Phase2_2_FullMVVMDemo.cs(29,16): warning CS8618: Non-nullable field '_viewModel' must contain a non-null value when exiting constructor. Consider adding the 'required' modifier or declaring the field as nullable. [C:\ExplorerPro\ExplorerPro_on4pkfpc_wpftmp.csproj]
     3>C:\ExplorerPro\Examples\Phase2_2_FullMVVMDemo.cs(29,16): warning CS8618: Non-nullable field '_tabService' must contain a non-null value when exiting constructor. Consider adding the 'required' modifier or declaring the field as nullable. [C:\ExplorerPro\ExplorerPro_on4pkfpc_wpftmp.csproj]
     3>C:\ExplorerPro\Core\Disposables\Disposable.cs(19,55): warning CS8601: Possible null reference assignment. [C:\ExplorerPro\ExplorerPro_on4pkfpc_wpftmp.csproj]
     3>C:\ExplorerPro\FileOperations\FileSystemWatcher.cs(66,42): warning CS8622: Nullability of reference types in type of parameter 'state' of 'void FileSystemWatcherService.ProcessEventsAsync(object state)' doesn't match the target delegate 'TimerCallback' (possibly because of nullability attributes). [C:\ExplorerPro\ExplorerPro_on4pkfpc_wpftmp.csproj]
     3>C:\ExplorerPro\FileOperations\FileSystemWatcher.cs(62,16): warning CS8618: Non-nullable field '_watcher' must contain a non-null value when exiting constructor. Consider adding the 'required' modifier or declaring the field as nullable. [C:\ExplorerPro\ExplorerPro_on4pkfpc_wpftmp.csproj]
     3>C:\ExplorerPro\FileOperations\FileSystemWatcher.cs(62,16): warning CS8618: Non-nullable field '_currentPath' must contain a non-null value when exiting constructor. Consider adding the 'required' modifier or declaring the field as nullable. [C:\ExplorerPro\ExplorerPro_on4pkfpc_wpftmp.csproj]
     3>C:\ExplorerPro\FileOperations\FileSystemWatcher.cs(62,16): warning CS8618: Non-nullable event 'ItemCreated' must contain a non-null value when exiting constructor. Consider adding the 'required' modifier or declaring the event as nullable. [C:\ExplorerPro\ExplorerPro_on4pkfpc_wpftmp.csproj]
     3>C:\ExplorerPro\FileOperations\FileSystemWatcher.cs(62,16): warning CS8618: Non-nullable event 'ItemDeleted' must contain a non-null value when exiting constructor. Consider adding the 'required' modifier or declaring the event as nullable. [C:\ExplorerPro\ExplorerPro_on4pkfpc_wpftmp.csproj]
     3>C:\ExplorerPro\FileOperations\FileSystemWatcher.cs(62,16): warning CS8618: Non-nullable event 'ItemChanged' must contain a non-null value when exiting constructor. Consider adding the 'required' modifier or declaring the event as nullable. [C:\ExplorerPro\ExplorerPro_on4pkfpc_wpftmp.csproj]
     3>C:\ExplorerPro\FileOperations\FileSystemWatcher.cs(62,16): warning CS8618: Non-nullable event 'ItemRenamed' must contain a non-null value when exiting constructor. Consider adding the 'required' modifier or declaring the event as nullable. [C:\ExplorerPro\ExplorerPro_on4pkfpc_wpftmp.csproj]
     3>C:\ExplorerPro\FileOperations\FileSystemWatcher.cs(62,16): warning CS8618: Non-nullable event 'BatchProcessed' must contain a non-null value when exiting constructor. Consider adding the 'required' modifier or declaring the event as nullable. [C:\ExplorerPro\ExplorerPro_on4pkfpc_wpftmp.csproj]
     3>C:\ExplorerPro\Core\Collections\BoundedCollection.cs(263,24): warning CS8603: Possible null reference return. [C:\ExplorerPro\ExplorerPro_on4pkfpc_wpftmp.csproj]
     3>C:\ExplorerPro\Examples\Phase2_2_FullMVVMDemo.cs(62,28): warning CS1998: This async method lacks 'await' operators and will run synchronously. Consider using the 'await' operator to await non-blocking API calls, or 'await Task.Run(...)' to do CPU-bound work on a background thread. [C:\ExplorerPro\ExplorerPro_on4pkfpc_wpftmp.csproj]
     3>C:\ExplorerPro\Core\Disposables\CompositeDisposable.cs(60,41): warning CS8600: Converting null literal or possible null value to non-nullable type. [C:\ExplorerPro\ExplorerPro_on4pkfpc_wpftmp.csproj]
     3>C:\ExplorerPro\Core\Disposables\CompositeDisposable.cs(81,41): warning CS8600: Converting null literal or possible null value to non-nullable type. [C:\ExplorerPro\ExplorerPro_on4pkfpc_wpftmp.csproj]
     3>C:\ExplorerPro\Core\Disposables\CompositeDisposable.cs(87,35): warning CS8600: Converting null literal or possible null value to non-nullable type. [C:\ExplorerPro\ExplorerPro_on4pkfpc_wpftmp.csproj]
     3>C:\ExplorerPro\Core\Disposables\CompositeDisposable.cs(88,36): warning CS8625: Cannot convert null literal to non-nullable reference type. [C:\ExplorerPro\ExplorerPro_on4pkfpc_wpftmp.csproj]
     3>C:\ExplorerPro\Examples\TreeViewCacheUsageExample.cs(113,57): warning CS8622: Nullability of reference types in type of parameter 'sender' of 'void TreeViewCacheUsageExample.OnCleanupCompleted(object sender, CleanupCompletedEventArgs e)' doesn't match the target delegate 'EventHandler<FileTreePerformanceManager.CleanupCompletedEventArgs>' (possibly because of nullability attributes). [C:\ExplorerPro\ExplorerPro_on4pkfpc_wpftmp.csproj]
     3>C:\ExplorerPro\Examples\TreeViewCacheUsageExample.cs(114,65): warning CS8622: Nullability of reference types in type of parameter 'sender' of 'void TreeViewCacheUsageExample.OnVisibleItemsCacheUpdated(object sender, EventArgs e)' doesn't match the target delegate 'EventHandler' (possibly because of nullability attributes). [C:\ExplorerPro\ExplorerPro_on4pkfpc_wpftmp.csproj]
     3>C:\ExplorerPro\Examples\TreeViewCacheUsageExample.cs(118,39): warning CS8625: Cannot convert null literal to non-nullable reference type. [C:\ExplorerPro\ExplorerPro_on4pkfpc_wpftmp.csproj]
     3>C:\ExplorerPro\Core\Collections\BoundedCollection.cs(367,50): warning CS8622: Nullability of reference types in type of parameter 'sender' of 'void BoundedCollection<T>.OnCollectionChanged(object sender, NotifyCollectionChangedEventArgs e)' doesn't match the target delegate 'NotifyCollectionChangedEventHandler' (possibly because of nullability attributes). [C:\ExplorerPro\ExplorerPro_on4pkfpc_wpftmp.csproj]
     3>C:\ExplorerPro\Core\Collections\BoundedCollection.cs(368,74): warning CS8622: Nullability of reference types in type of parameter 'sender' of 'void BoundedCollection<T>.OnPropertyChanged(object sender, PropertyChangedEventArgs e)' doesn't match the target delegate 'PropertyChangedEventHandler' (possibly because of nullability attributes). [C:\ExplorerPro\ExplorerPro_on4pkfpc_wpftmp.csproj]
     3>C:\ExplorerPro\Core\Events\WeakEventManager.cs(191,30): warning CS8618: Non-nullable property 'SourceReference' must contain a non-null value when exiting constructor. Consider adding the 'required' modifier or declaring the property as nullable. [C:\ExplorerPro\ExplorerPro_on4pkfpc_wpftmp.csproj]
     3>C:\ExplorerPro\Core\Events\WeakEventManager.cs(192,30): warning CS8618: Non-nullable property 'HandlerReference' must contain a non-null value when exiting constructor. Consider adding the 'required' modifier or declaring the property as nullable. [C:\ExplorerPro\ExplorerPro_on4pkfpc_wpftmp.csproj]
     3>C:\ExplorerPro\Core\Events\WeakEventManager.cs(193,30): warning CS8618: Non-nullable property 'TargetReference' must contain a non-null value when exiting constructor. Consider adding the 'required' modifier or declaring the property as nullable. [C:\ExplorerPro\ExplorerPro_on4pkfpc_wpftmp.csproj]
     3>C:\ExplorerPro\Core\Events\WeakEventManager.cs(194,23): warning CS8618: Non-nullable property 'EventName' must contain a non-null value when exiting constructor. Consider adding the 'required' modifier or declaring the property as nullable. [C:\ExplorerPro\ExplorerPro_on4pkfpc_wpftmp.csproj]
     3>C:\ExplorerPro\Core\Events\WeakEventManager.cs(195,23): warning CS8618: Non-nullable property 'HandlerMethodName' must contain a non-null value when exiting constructor. Consider adding the 'required' modifier or declaring the property as nullable. [C:\ExplorerPro\ExplorerPro_on4pkfpc_wpftmp.csproj]
     3>C:\ExplorerPro\Core\Events\WeakEventManager.cs(196,25): warning CS8618: Non-nullable property 'ProxyHandler' must contain a non-null value when exiting constructor. Consider adding the 'required' modifier or declaring the property as nullable. [C:\ExplorerPro\ExplorerPro_on4pkfpc_wpftmp.csproj]
     3>C:\ExplorerPro\FileOperations\FileSystemWatcher.cs(137,28): warning CS8625: Cannot convert null literal to non-nullable reference type. [C:\ExplorerPro\ExplorerPro_on4pkfpc_wpftmp.csproj]
     3>C:\ExplorerPro\FileOperations\FileSystemWatcher.cs(143,32): warning CS8625: Cannot convert null literal to non-nullable reference type. [C:\ExplorerPro\ExplorerPro_on4pkfpc_wpftmp.csproj]
     3>C:\ExplorerPro\Examples\TreeViewCacheUsageExample.cs(18,44): warning CS8618: Non-nullable field '_performanceManager' must contain a non-null value when exiting constructor. Consider adding the 'required' modifier or declaring the field as nullable. [C:\ExplorerPro\ExplorerPro_on4pkfpc_wpftmp.csproj]
     3>C:\ExplorerPro\Examples\TreeViewCacheUsageExample.cs(19,26): warning CS8618: Non-nullable field '_treeView' must contain a non-null value when exiting constructor. Consider adding the 'required' modifier or declaring the field as nullable. [C:\ExplorerPro\ExplorerPro_on4pkfpc_wpftmp.csproj]
     3>C:\ExplorerPro\Core\Events\WeakEventManager.cs(40,35): warning CS8601: Possible null reference assignment. [C:\ExplorerPro\ExplorerPro_on4pkfpc_wpftmp.csproj]
     3>C:\ExplorerPro\Examples\Phase3_ServiceExtractionDemo.cs(70,27): warning CS1998: This async method lacks 'await' operators and will run synchronously. Consider using the 'await' operator to await non-blocking API calls, or 'await Task.Run(...)' to do CPU-bound work on a background thread. [C:\ExplorerPro\ExplorerPro_on4pkfpc_wpftmp.csproj]
     3>C:\ExplorerPro\ViewModels\TabControlViewModel.cs(83,17): warning CS4014: Because this call is not awaited, execution of the current method continues before the call is completed. Consider applying the 'await' operator to the result of the call. [C:\ExplorerPro\ExplorerPro_on4pkfpc_wpftmp.csproj]
     3>C:\ExplorerPro\App.xaml.cs(276,33): warning CS8600: Converting null literal or possible null value to non-nullable type. [C:\ExplorerPro\ExplorerPro_on4pkfpc_wpftmp.csproj]
     3>C:\ExplorerPro\App.xaml.cs(281,27): warning CS8600: Converting null literal or possible null value to non-nullable type. [C:\ExplorerPro\ExplorerPro_on4pkfpc_wpftmp.csproj]
     3>C:\ExplorerPro\App.xaml.cs(299,31): warning CS8600: Converting null literal or possible null value to non-nullable type. [C:\ExplorerPro\ExplorerPro_on4pkfpc_wpftmp.csproj]
     3>C:\ExplorerPro\App.xaml.cs(303,35): warning CS8600: Converting null literal or possible null value to non-nullable type. [C:\ExplorerPro\ExplorerPro_on4pkfpc_wpftmp.csproj]
     3>C:\ExplorerPro\Core\AsyncHelper.cs(201,35): warning CS8625: Cannot convert null literal to non-nullable reference type. [C:\ExplorerPro\ExplorerPro_on4pkfpc_wpftmp.csproj]
     3>C:\ExplorerPro\FileOperations\FileSystemWatcher.cs(195,70): warning CS8600: Converting null literal or possible null value to non-nullable type. [C:\ExplorerPro\ExplorerPro_on4pkfpc_wpftmp.csproj]
     3>C:\ExplorerPro\Utilities\DragCopyCommand.cs(142,38): warning CS8600: Converting null literal or possible null value to non-nullable type. [C:\ExplorerPro\ExplorerPro_on4pkfpc_wpftmp.csproj]
     3>C:\ExplorerPro\Core\AsyncHelper.cs(272,35): warning CS8625: Cannot convert null literal to non-nullable reference type. [C:\ExplorerPro\ExplorerPro_on4pkfpc_wpftmp.csproj]
     3>C:\ExplorerPro\Models\WindowSettings.cs(224,18): warning CS0219: The variable 'corrected' is assigned but its value is never used [C:\ExplorerPro\ExplorerPro_on4pkfpc_wpftmp.csproj]
     3>C:\ExplorerPro\App.xaml.cs(529,96): warning CS8604: Possible null reference argument for parameter 'logger' in 'SimpleDetachedWindowManager.SimpleDetachedWindowManager(ILogger<SimpleDetachedWindowManager> logger = null)'. [C:\ExplorerPro\ExplorerPro_on4pkfpc_wpftmp.csproj]
     3>C:\ExplorerPro\App.xaml.cs(533,96): warning CS8604: Possible null reference argument for parameter 'logger' in 'TabOperationsManager.TabOperationsManager(ILogger<TabOperationsManager> logger, IDetachedWindowManager windowManager)'. [C:\ExplorerPro\ExplorerPro_on4pkfpc_wpftmp.csproj]
     3>C:\ExplorerPro\App.xaml.cs(537,89): warning CS8604: Possible null reference argument for parameter 'logger' in 'TabDragDropService.TabDragDropService(ILogger<TabDragDropService> logger, IDetachedWindowManager windowManager, TabOperationsManager operationsManager)'. [C:\ExplorerPro\ExplorerPro_on4pkfpc_wpftmp.csproj]
     3>C:\ExplorerPro\Utilities\DragCopyCommand.cs(27,27): warning CS8618: Non-nullable property 'SourcePath' must contain a non-null value when exiting constructor. Consider adding the 'required' modifier or declaring the property as nullable. [C:\ExplorerPro\ExplorerPro_on4pkfpc_wpftmp.csproj]
     3>C:\ExplorerPro\Utilities\DragCopyCommand.cs(28,27): warning CS8618: Non-nullable property 'DestinationPath' must contain a non-null value when exiting constructor. Consider adding the 'required' modifier or declaring the property as nullable. [C:\ExplorerPro\ExplorerPro_on4pkfpc_wpftmp.csproj]
     3>C:\ExplorerPro\Core\Events\EventSubscriptionExtensions.cs(78,20): warning CS8618: Non-nullable field '_subscription' must contain a non-null value when exiting constructor. Consider adding the 'required' modifier or declaring the field as nullable. [C:\ExplorerPro\ExplorerPro_on4pkfpc_wpftmp.csproj]
     3>C:\ExplorerPro\Core\Events\EventSubscriptionExtensions.cs(92,33): warning CS8625: Cannot convert null literal to non-nullable reference type. [C:\ExplorerPro\ExplorerPro_on4pkfpc_wpftmp.csproj]
     3>C:\ExplorerPro\Examples\Phase2_3_LegacyCleanupDemo.cs(169,67): warning CS8625: Cannot convert null literal to non-nullable reference type. [C:\ExplorerPro\ExplorerPro_on4pkfpc_wpftmp.csproj]
     3>C:\ExplorerPro\Models\WindowSettings.cs(332,36): warning CS8600: Converting null literal or possible null value to non-nullable type. [C:\ExplorerPro\ExplorerPro_on4pkfpc_wpftmp.csproj]
     3>C:\ExplorerPro\Models\WindowSettings.cs(355,20): warning CS8603: Possible null reference return. [C:\ExplorerPro\ExplorerPro_on4pkfpc_wpftmp.csproj]
     3>C:\ExplorerPro\Core\ExceptionHandler.cs(57,33): warning CS8601: Possible null reference assignment. [C:\ExplorerPro\ExplorerPro_on4pkfpc_wpftmp.csproj]
     3>C:\ExplorerPro\Core\ExceptionHandler.cs(74,37): warning CS8601: Possible null reference assignment. [C:\ExplorerPro\ExplorerPro_on4pkfpc_wpftmp.csproj]
     3>C:\ExplorerPro\Core\ExceptionHandler.cs(87,29): warning CS8601: Possible null reference assignment. [C:\ExplorerPro\ExplorerPro_on4pkfpc_wpftmp.csproj]
     3>C:\ExplorerPro\Core\ExceptionHandler.cs(97,53): warning CS8604: Possible null reference argument for parameter 'exception' in 'ExceptionSeverity ExceptionHandler.ClassifyException(Exception exception)'. [C:\ExplorerPro\ExplorerPro_on4pkfpc_wpftmp.csproj]
     3>C:\ExplorerPro\Core\ExceptionHandler.cs(121,25): warning CS8602: Dereference of a possibly null reference. [C:\ExplorerPro\ExplorerPro_on4pkfpc_wpftmp.csproj]
     3>C:\ExplorerPro\ViewModels\MainWindowViewModel.cs(35,16): warning CS8618: Non-nullable field '_selectedTabItem' must contain a non-null value when exiting constructor. Consider adding the 'required' modifier or declaring the field as nullable. [C:\ExplorerPro\ExplorerPro_on4pkfpc_wpftmp.csproj]
     3>C:\ExplorerPro\ViewModels\MainWindowViewModel.cs(35,16): warning CS8618: Non-nullable field '_tabManager' must contain a non-null value when exiting constructor. Consider adding the 'required' modifier or declaring the field as nullable. [C:\ExplorerPro\ExplorerPro_on4pkfpc_wpftmp.csproj]
     3>C:\ExplorerPro\ViewModels\MainWindowViewModel.cs(35,16): warning CS8618: Non-nullable field '_tabOperationsManager' must contain a non-null value when exiting constructor. Consider adding the 'required' modifier or declaring the field as nullable. [C:\ExplorerPro\ExplorerPro_on4pkfpc_wpftmp.csproj]
     3>C:\ExplorerPro\ViewModels\MainWindowViewModel.cs(35,16): warning CS8618: Non-nullable property 'AddNewTabCommand' must contain a non-null value when exiting constructor. Consider adding the 'required' modifier or declaring the property as nullable. [C:\ExplorerPro\ExplorerPro_on4pkfpc_wpftmp.csproj]
     3>C:\ExplorerPro\ViewModels\MainWindowViewModel.cs(35,16): warning CS8618: Non-nullable property 'CloseTabCommand' must contain a non-null value when exiting constructor. Consider adding the 'required' modifier or declaring the property as nullable. [C:\ExplorerPro\ExplorerPro_on4pkfpc_wpftmp.csproj]
     3>C:\ExplorerPro\ViewModels\MainWindowViewModel.cs(35,16): warning CS8618: Non-nullable property 'CloseCurrentTabCommand' must contain a non-null value when exiting constructor. Consider adding the 'required' modifier or declaring the property as nullable. [C:\ExplorerPro\ExplorerPro_on4pkfpc_wpftmp.csproj]
     3>C:\ExplorerPro\ViewModels\MainWindowViewModel.cs(35,16): warning CS8618: Non-nullable property 'DuplicateTabCommand' must contain a non-null value when exiting constructor. Consider adding the 'required' modifier or declaring the property as nullable. [C:\ExplorerPro\ExplorerPro_on4pkfpc_wpftmp.csproj]
     3>C:\ExplorerPro\ViewModels\MainWindowViewModel.cs(35,16): warning CS8618: Non-nullable property 'TogglePinTabCommand' must contain a non-null value when exiting constructor. Consider adding the 'required' modifier or declaring the property as nullable. [C:\ExplorerPro\ExplorerPro_on4pkfpc_wpftmp.csproj]
     3>C:\ExplorerPro\ViewModels\MainWindowViewModel.cs(35,16): warning CS8618: Non-nullable property 'RenameTabCommand' must contain a non-null value when exiting constructor. Consider adding the 'required' modifier or declaring the property as nullable. [C:\ExplorerPro\ExplorerPro_on4pkfpc_wpftmp.csproj]
     3>C:\ExplorerPro\ViewModels\MainWindowViewModel.cs(35,16): warning CS8618: Non-nullable property 'ChangeColorCommand' must contain a non-null value when exiting constructor. Consider adding the 'required' modifier or declaring the property as nullable. [C:\ExplorerPro\ExplorerPro_on4pkfpc_wpftmp.csproj]
     3>C:\ExplorerPro\ViewModels\MainWindowViewModel.cs(35,16): warning CS8618: Non-nullable property 'TogglePinCommand' must contain a non-null value when exiting constructor. Consider adding the 'required' modifier or declaring the property as nullable. [C:\ExplorerPro\ExplorerPro_on4pkfpc_wpftmp.csproj]
     3>C:\ExplorerPro\ViewModels\MainWindowViewModel.cs(35,16): warning CS8618: Non-nullable event 'PropertyChanged' must contain a non-null value when exiting constructor. Consider adding the 'required' modifier or declaring the event as nullable. [C:\ExplorerPro\ExplorerPro_on4pkfpc_wpftmp.csproj]
     3>C:\ExplorerPro\Services\TabManagementService.cs(39,24): warning CS8603: Possible null reference return. [C:\ExplorerPro\ExplorerPro_on4pkfpc_wpftmp.csproj]
     3>C:\ExplorerPro\Services\TabManagementService.cs(60,51): warning CS8625: Cannot convert null literal to non-nullable reference type. [C:\ExplorerPro\ExplorerPro_on4pkfpc_wpftmp.csproj]
     3>C:\ExplorerPro\Services\TabManagementService.cs(74,24): warning CS8603: Possible null reference return. [C:\ExplorerPro\ExplorerPro_on4pkfpc_wpftmp.csproj]
     3>C:\ExplorerPro\Commands\UnifiedTabCommands.cs(89,40): warning CS1998: This async method lacks 'await' operators and will run synchronously. Consider using the 'await' operator to await non-blocking API calls, or 'await Task.Run(...)' to do CPU-bound work on a background thread. [C:\ExplorerPro\ExplorerPro_on4pkfpc_wpftmp.csproj]
     3>C:\ExplorerPro\Core\Commands\AsyncRelayCommand.cs(20,16): warning CS8618: Non-nullable event 'ExecutionStateChanged' must contain a non-null value when exiting constructor. Consider adding the 'required' modifier or declaring the event as nullable. [C:\ExplorerPro\ExplorerPro_on4pkfpc_wpftmp.csproj]
     3>C:\ExplorerPro\ViewModels\MainWindowViewModel.cs(198,24): warning CS8603: Possible null reference return. [C:\ExplorerPro\ExplorerPro_on4pkfpc_wpftmp.csproj]
     3>C:\ExplorerPro\Commands\UnifiedTabCommands.cs(437,20): warning CS8603: Possible null reference return. [C:\ExplorerPro\ExplorerPro_on4pkfpc_wpftmp.csproj]
     3>C:\ExplorerPro\Services\TabManagementService.cs(106,35): warning CS8600: Converting null literal or possible null value to non-nullable type. [C:\ExplorerPro\ExplorerPro_on4pkfpc_wpftmp.csproj]
     3>C:\ExplorerPro\Services\TabManagementService.cs(110,49): warning CS8600: Converting null literal or possible null value to non-nullable type. [C:\ExplorerPro\ExplorerPro_on4pkfpc_wpftmp.csproj]
     3>C:\ExplorerPro\Services\NavigationService.cs(23,16): warning CS8618: Non-nullable field '_activeTabId' must contain a non-null value when exiting constructor. Consider adding the 'required' modifier or declaring the field as nullable. [C:\ExplorerPro\ExplorerPro_on4pkfpc_wpftmp.csproj]
     3>C:\ExplorerPro\Services\NavigationService.cs(23,16): warning CS8618: Non-nullable event 'PropertyChanged' must contain a non-null value when exiting constructor. Consider adding the 'required' modifier or declaring the event as nullable. [C:\ExplorerPro\ExplorerPro_on4pkfpc_wpftmp.csproj]
     3>C:\ExplorerPro\Services\NavigationService.cs(23,16): warning CS8618: Non-nullable event 'NavigationRequested' must contain a non-null value when exiting constructor. Consider adding the 'required' modifier or declaring the event as nullable. [C:\ExplorerPro\ExplorerPro_on4pkfpc_wpftmp.csproj]
     3>C:\ExplorerPro\ViewModels\MainWindowViewModel.cs(265,41): warning CS8603: Possible null reference return. [C:\ExplorerPro\ExplorerPro_on4pkfpc_wpftmp.csproj]
     3>C:\ExplorerPro\ViewModels\MainWindowViewModel.cs(281,24): warning CS8603: Possible null reference return. [C:\ExplorerPro\ExplorerPro_on4pkfpc_wpftmp.csproj]
     3>C:\ExplorerPro\Services\NavigationService.cs(95,35): warning CS8625: Cannot convert null literal to non-nullable reference type. [C:\ExplorerPro\ExplorerPro_on4pkfpc_wpftmp.csproj]
     3>C:\ExplorerPro\Services\NavigationService.cs(166,20): warning CS8603: Possible null reference return. [C:\ExplorerPro\ExplorerPro_on4pkfpc_wpftmp.csproj]
     3>C:\ExplorerPro\Core\WindowState.cs(38,64): warning CS8618: Non-nullable event 'StateChanged' must contain a non-null value when exiting constructor. Consider adding the 'required' modifier or declaring the event as nullable. [C:\ExplorerPro\ExplorerPro_on4pkfpc_wpftmp.csproj]
     3>C:\ExplorerPro\FileOperations\FileIconProvider.cs(33,16): warning CS8618: Non-nullable field '_iconCache' must contain a non-null value when exiting constructor. Consider adding the 'required' modifier or declaring the field as nullable. [C:\ExplorerPro\ExplorerPro_on4pkfpc_wpftmp.csproj]
     3>C:\ExplorerPro\Models\BatchFileOperation.cs(78,23): warning CS8618: Non-nullable property 'Description' must contain a non-null value when exiting constructor. Consider adding the 'required' modifier or declaring the property as nullable. [C:\ExplorerPro\ExplorerPro_on4pkfpc_wpftmp.csproj]
     3>C:\ExplorerPro\Models\BatchFileOperation.cs(79,46): warning CS8618: Non-nullable property 'ExecuteAsync' must contain a non-null value when exiting constructor. Consider adding the 'required' modifier or declaring the property as nullable. [C:\ExplorerPro\ExplorerPro_on4pkfpc_wpftmp.csproj]
     3>C:\ExplorerPro\Core\ExceptionHandler.cs(353,26): warning CS8618: Non-nullable property 'Exception' must contain a non-null value when exiting constructor. Consider adding the 'required' modifier or declaring the property as nullable. [C:\ExplorerPro\ExplorerPro_on4pkfpc_wpftmp.csproj]
     3>C:\ExplorerPro\Core\ExceptionHandler.cs(354,26): warning CS8618: Non-nullable property 'HandlerException' must contain a non-null value when exiting constructor. Consider adding the 'required' modifier or declaring the property as nullable. [C:\ExplorerPro\ExplorerPro_on4pkfpc_wpftmp.csproj]
     3>C:\ExplorerPro\Core\ExceptionHandler.cs(355,33): warning CS8618: Non-nullable property 'Context' must contain a non-null value when exiting constructor. Consider adding the 'required' modifier or declaring the property as nullable. [C:\ExplorerPro\ExplorerPro_on4pkfpc_wpftmp.csproj]
     3>C:\ExplorerPro\Core\ExceptionHandler.cs(361,27): warning CS8618: Non-nullable property 'CallerInfo' must contain a non-null value when exiting constructor. Consider adding the 'required' modifier or declaring the property as nullable. [C:\ExplorerPro\ExplorerPro_on4pkfpc_wpftmp.csproj]
     3>C:\ExplorerPro\FileOperations\FileIconProvider.cs(64,89): warning CS8600: Converting null literal or possible null value to non-nullable type. [C:\ExplorerPro\ExplorerPro_on4pkfpc_wpftmp.csproj]
     3>C:\ExplorerPro\FileOperations\FileIconProvider.cs(79,24): warning CS8603: Possible null reference return. [C:\ExplorerPro\ExplorerPro_on4pkfpc_wpftmp.csproj]
     3>C:\ExplorerPro\ViewModels\MainWindowViewModel.cs(327,20): warning CS8603: Possible null reference return. [C:\ExplorerPro\ExplorerPro_on4pkfpc_wpftmp.csproj]
     3>C:\ExplorerPro\Themes\ThemeManager.cs(135,43): warning CS8622: Nullability of reference types in type of parameter 'sender' of 'void ThemeManager.OnThemeChangeDebounce(object sender, EventArgs e)' doesn't match the target delegate 'EventHandler' (possibly because of nullability attributes). [C:\ExplorerPro\ExplorerPro_on4pkfpc_wpftmp.csproj]
     3>C:\ExplorerPro\Themes\ThemeManager.cs(117,17): warning CS8618: Non-nullable event 'ThemeChanged' must contain a non-null value when exiting constructor. Consider adding the 'required' modifier or declaring the event as nullable. [C:\ExplorerPro\ExplorerPro_on4pkfpc_wpftmp.csproj]
     3>C:\ExplorerPro\Themes\ThemeManager.cs(117,17): warning CS8618: Non-nullable event 'ThemeRefreshing' must contain a non-null value when exiting constructor. Consider adding the 'required' modifier or declaring the event as nullable. [C:\ExplorerPro\ExplorerPro_on4pkfpc_wpftmp.csproj]
     3>C:\ExplorerPro\Themes\ThemeManager.cs(117,17): warning CS8618: Non-nullable event 'ThemeRefreshed' must contain a non-null value when exiting constructor. Consider adding the 'required' modifier or declaring the event as nullable. [C:\ExplorerPro\ExplorerPro_on4pkfpc_wpftmp.csproj]
     3>C:\ExplorerPro\Themes\ThemeManager.cs(117,17): warning CS8618: Non-nullable property 'DefaultResources' must contain a non-null value when exiting constructor. Consider adding the 'required' modifier or declaring the property as nullable. [C:\ExplorerPro\ExplorerPro_on4pkfpc_wpftmp.csproj]
     3>C:\ExplorerPro\FileOperations\FileIconProvider.cs(109,89): warning CS8600: Converting null literal or possible null value to non-nullable type. [C:\ExplorerPro\ExplorerPro_on4pkfpc_wpftmp.csproj]
     3>C:\ExplorerPro\FileOperations\FileIconProvider.cs(146,24): warning CS8603: Possible null reference return. [C:\ExplorerPro\ExplorerPro_on4pkfpc_wpftmp.csproj]
     3>C:\ExplorerPro\Themes\ThemeManager.cs(176,50): warning CS8622: Nullability of reference types in type of parameter 'sender' of 'void ThemeManager.Application_Activated(object sender, EventArgs e)' doesn't match the target delegate 'EventHandler' (possibly because of nullability attributes). [C:\ExplorerPro\ExplorerPro_on4pkfpc_wpftmp.csproj]
     3>C:\ExplorerPro\ViewModels\MainWindowViewModel.cs(374,74): warning CS8604: Possible null reference argument for parameter 'tabItem' in 'bool MainWindowViewModel.CloseTab(TabModel tabItem)'. [C:\ExplorerPro\ExplorerPro_on4pkfpc_wpftmp.csproj]
     3>C:\ExplorerPro\ViewModels\MainWindowViewModel.cs(376,82): warning CS8604: Possible null reference argument for parameter 'tabItem' in 'TabModel MainWindowViewModel.DuplicateTab(TabModel tabItem)'. [C:\ExplorerPro\ExplorerPro_on4pkfpc_wpftmp.csproj]
     3>C:\ExplorerPro\ViewModels\MainWindowViewModel.cs(377,62): warning CS8622: Nullability of reference types in type of parameter 'tabItem' of 'void MainWindowViewModel.TogglePinTab(TabModel tabItem)' doesn't match the target delegate 'Action<TabModel?>' (possibly because of nullability attributes). [C:\ExplorerPro\ExplorerPro_on4pkfpc_wpftmp.csproj]
     3>C:\ExplorerPro\Core\WindowLifecycleManager.cs(518,32): warning CS8625: Cannot convert null literal to non-nullable reference type. [C:\ExplorerPro\ExplorerPro_on4pkfpc_wpftmp.csproj]
     3>C:\ExplorerPro\Core\WindowLifecycleManager.cs(519,32): warning CS8625: Cannot convert null literal to non-nullable reference type. [C:\ExplorerPro\ExplorerPro_on4pkfpc_wpftmp.csproj]
     3>C:\ExplorerPro\Core\WindowLifecycleManager.cs(516,60): warning CS0252: Possible unintended reference comparison; to get a value comparison, cast the left hand side to type 'MulticastDelegate' [C:\ExplorerPro\ExplorerPro_on4pkfpc_wpftmp.csproj]
     3>C:\ExplorerPro\Tests\TabManagement\TabDragDropIntegrationTests.cs(112,72): warning CS8625: Cannot convert null literal to non-nullable reference type. [C:\ExplorerPro\ExplorerPro_on4pkfpc_wpftmp.csproj]
     3>C:\ExplorerPro\Core\WindowLifecycleManager.cs(34,17): warning CS8618: Non-nullable field '_logger' must contain a non-null value when exiting constructor. Consider adding the 'required' modifier or declaring the field as nullable. [C:\ExplorerPro\ExplorerPro_on4pkfpc_wpftmp.csproj]
     3>C:\ExplorerPro\FileOperations\FileIconProvider.cs(194,24): warning CS8603: Possible null reference return. [C:\ExplorerPro\ExplorerPro_on4pkfpc_wpftmp.csproj]
     3>C:\ExplorerPro\Models\UndoCommands.cs(374,26): warning CS8601: Possible null reference assignment. [C:\ExplorerPro\ExplorerPro_on4pkfpc_wpftmp.csproj]
     3>C:\ExplorerPro\Models\UndoCommands.cs(368,16): warning CS8618: Non-nullable field '_sourceDir' must contain a non-null value when exiting constructor. Consider adding the 'required' modifier or declaring the field as nullable. [C:\ExplorerPro\ExplorerPro_on4pkfpc_wpftmp.csproj]
     3>C:\ExplorerPro\Models\UndoCommands.cs(368,16): warning CS8618: Non-nullable field '_destinationPath' must contain a non-null value when exiting constructor. Consider adding the 'required' modifier or declaring the field as nullable. [C:\ExplorerPro\ExplorerPro_on4pkfpc_wpftmp.csproj]
     3>C:\ExplorerPro\Themes\ThemeManager.cs(298,20): warning CS8603: Possible null reference return. [C:\ExplorerPro\ExplorerPro_on4pkfpc_wpftmp.csproj]
     3>C:\ExplorerPro\FileOperations\FileIconProvider.cs(252,28): warning CS8603: Possible null reference return. [C:\ExplorerPro\ExplorerPro_on4pkfpc_wpftmp.csproj]
     3>C:\ExplorerPro\FileOperations\FileIconProvider.cs(269,24): warning CS8603: Possible null reference return. [C:\ExplorerPro\ExplorerPro_on4pkfpc_wpftmp.csproj]
     3>C:\ExplorerPro\Themes\ThemeManager.cs(332,20): warning CS8603: Possible null reference return. [C:\ExplorerPro\ExplorerPro_on4pkfpc_wpftmp.csproj]
     3>C:\ExplorerPro\Commands\UnifiedTabCommands.cs(384,24): warning CS8603: Possible null reference return. [C:\ExplorerPro\ExplorerPro_on4pkfpc_wpftmp.csproj]
     3>C:\ExplorerPro\Commands\UnifiedTabCommands.cs(67,27): warning CS8618: Non-nullable property 'TabSource' must contain a non-null value when exiting constructor. Consider adding the 'required' modifier or declaring the property as nullable. [C:\ExplorerPro\ExplorerPro_on4pkfpc_wpftmp.csproj]
     3>C:\ExplorerPro\Commands\UnifiedTabCommands.cs(69,42): warning CS8618: Non-nullable property 'MainTabControl' must contain a non-null value when exiting constructor. Consider adding the 'required' modifier or declaring the property as nullable. [C:\ExplorerPro\ExplorerPro_on4pkfpc_wpftmp.csproj]
     3>C:\ExplorerPro\Commands\UnifiedTabCommands.cs(70,32): warning CS8618: Non-nullable property 'PaneManager' must contain a non-null value when exiting constructor. Consider adding the 'required' modifier or declaring the property as nullable. [C:\ExplorerPro\ExplorerPro_on4pkfpc_wpftmp.csproj]
     3>C:\ExplorerPro\Commands\UnifiedTabCommands.cs(71,27): warning CS8618: Non-nullable property 'ParentWindow' must contain a non-null value when exiting constructor. Consider adding the 'required' modifier or declaring the property as nullable. [C:\ExplorerPro\ExplorerPro_on4pkfpc_wpftmp.csproj]
     3>C:\ExplorerPro\Commands\UnifiedTabCommands.cs(72,28): warning CS8618: Non-nullable property 'Logger' must contain a non-null value when exiting constructor. Consider adding the 'required' modifier or declaring the property as nullable. [C:\ExplorerPro\ExplorerPro_on4pkfpc_wpftmp.csproj]
     3>C:\ExplorerPro\UI\Controls\TabVisualManager.cs(33,16): warning CS8618: Non-nullable field '_logger' must contain a non-null value when exiting constructor. Consider adding the 'required' modifier or declaring the field as nullable. [C:\ExplorerPro\ExplorerPro_on4pkfpc_wpftmp.csproj]
     3>C:\ExplorerPro\UI\Controls\TabVisualManager.cs(33,16): warning CS8618: Non-nullable field '_activeBrush' must contain a non-null value when exiting constructor. Consider adding the 'required' modifier or declaring the field as nullable. [C:\ExplorerPro\ExplorerPro_on4pkfpc_wpftmp.csproj]
     3>C:\ExplorerPro\UI\Controls\TabVisualManager.cs(33,16): warning CS8618: Non-nullable field '_inactiveBrush' must contain a non-null value when exiting constructor. Consider adding the 'required' modifier or declaring the field as nullable. [C:\ExplorerPro\ExplorerPro_on4pkfpc_wpftmp.csproj]
     3>C:\ExplorerPro\UI\Controls\TabVisualManager.cs(33,16): warning CS8618: Non-nullable field '_hoverBrush' must contain a non-null value when exiting constructor. Consider adding the 'required' modifier or declaring the field as nullable. [C:\ExplorerPro\ExplorerPro_on4pkfpc_wpftmp.csproj]
     3>C:\ExplorerPro\UI\Controls\TabVisualManager.cs(33,16): warning CS8618: Non-nullable field '_pinnedBrush' must contain a non-null value when exiting constructor. Consider adding the 'required' modifier or declaring the field as nullable. [C:\ExplorerPro\ExplorerPro_on4pkfpc_wpftmp.csproj]
     3>C:\ExplorerPro\UI\Controls\TabVisualManager.cs(33,16): warning CS8618: Non-nullable event 'ThemeChanged' must contain a non-null value when exiting constructor. Consider adding the 'required' modifier or declaring the event as nullable. [C:\ExplorerPro\ExplorerPro_on4pkfpc_wpftmp.csproj]
     3>C:\ExplorerPro\UI\Controls\TabVisualManager.cs(33,16): warning CS8618: Non-nullable event 'VisualStateChanged' must contain a non-null value when exiting constructor. Consider adding the 'required' modifier or declaring the event as nullable. [C:\ExplorerPro\ExplorerPro_on4pkfpc_wpftmp.csproj]
     3>C:\ExplorerPro\Core\WindowLifecycleManager.cs(113,82): warning CS8625: Cannot convert null literal to non-nullable reference type. [C:\ExplorerPro\ExplorerPro_on4pkfpc_wpftmp.csproj]
     3>C:\ExplorerPro\Models\UndoCommands.cs(296,16): warning CS8618: Non-nullable field '_copiedPath' must contain a non-null value when exiting constructor. Consider adding the 'required' modifier or declaring the field as nullable. [C:\ExplorerPro\ExplorerPro_on4pkfpc_wpftmp.csproj]
     3>C:\ExplorerPro\Themes\ThemeManager.cs(421,20): warning CS8603: Possible null reference return. [C:\ExplorerPro\ExplorerPro_on4pkfpc_wpftmp.csproj]
     3>C:\ExplorerPro\Core\WindowLifecycleManager.cs(126,22): warning CS8625: Cannot convert null literal to non-nullable reference type. [C:\ExplorerPro\ExplorerPro_on4pkfpc_wpftmp.csproj]
     3>C:\ExplorerPro\Models\BatchFileOperation.cs(102,23): warning CS8618: Non-nullable property 'CurrentOperation' must contain a non-null value when exiting constructor. Consider adding the 'required' modifier or declaring the property as nullable. [C:\ExplorerPro\ExplorerPro_on4pkfpc_wpftmp.csproj]
     3>C:\ExplorerPro\Models\UndoCommands.cs(235,26): warning CS8601: Possible null reference assignment. [C:\ExplorerPro\ExplorerPro_on4pkfpc_wpftmp.csproj]
     3>C:\ExplorerPro\Models\UndoCommands.cs(230,16): warning CS8618: Non-nullable field '_parentDir' must contain a non-null value when exiting constructor. Consider adding the 'required' modifier or declaring the field as nullable. [C:\ExplorerPro\ExplorerPro_on4pkfpc_wpftmp.csproj]
     3>C:\ExplorerPro\ViewModels\MainWindowTabsViewModel.cs(34,16): warning CS8618: Non-nullable field '_logger' must contain a non-null value when exiting constructor. Consider adding the 'required' modifier or declaring the field as nullable. [C:\ExplorerPro\ExplorerPro_on4pkfpc_wpftmp.csproj]
     3>C:\ExplorerPro\ViewModels\MainWindowTabsViewModel.cs(34,16): warning CS8618: Non-nullable field '_threadSafeOperations' must contain a non-null value when exiting constructor. Consider adding the 'required' modifier or declaring the field as nullable. [C:\ExplorerPro\ExplorerPro_on4pkfpc_wpftmp.csproj]
     3>C:\ExplorerPro\ViewModels\MainWindowTabsViewModel.cs(34,16): warning CS8618: Non-nullable property 'NewTabCommand' must contain a non-null value when exiting constructor. Consider adding the 'required' modifier or declaring the property as nullable. [C:\ExplorerPro\ExplorerPro_on4pkfpc_wpftmp.csproj]
     3>C:\ExplorerPro\ViewModels\MainWindowTabsViewModel.cs(34,16): warning CS8618: Non-nullable property 'CloseTabCommand' must contain a non-null value when exiting constructor. Consider adding the 'required' modifier or declaring the property as nullable. [C:\ExplorerPro\ExplorerPro_on4pkfpc_wpftmp.csproj]
     3>C:\ExplorerPro\ViewModels\MainWindowTabsViewModel.cs(34,16): warning CS8618: Non-nullable property 'DuplicateTabCommand' must contain a non-null value when exiting constructor. Consider adding the 'required' modifier or declaring the property as nullable. [C:\ExplorerPro\ExplorerPro_on4pkfpc_wpftmp.csproj]
     3>C:\ExplorerPro\ViewModels\MainWindowTabsViewModel.cs(34,16): warning CS8618: Non-nullable property 'RenameTabCommand' must contain a non-null value when exiting constructor. Consider adding the 'required' modifier or declaring the property as nullable. [C:\ExplorerPro\ExplorerPro_on4pkfpc_wpftmp.csproj]
     3>C:\ExplorerPro\ViewModels\MainWindowTabsViewModel.cs(34,16): warning CS8618: Non-nullable property 'ChangeTabColorCommand' must contain a non-null value when exiting constructor. Consider adding the 'required' modifier or declaring the property as nullable. [C:\ExplorerPro\ExplorerPro_on4pkfpc_wpftmp.csproj]
     3>C:\ExplorerPro\ViewModels\MainWindowTabsViewModel.cs(34,16): warning CS8618: Non-nullable property 'ClearTabColorCommand' must contain a non-null value when exiting constructor. Consider adding the 'required' modifier or declaring the property as nullable. [C:\ExplorerPro\ExplorerPro_on4pkfpc_wpftmp.csproj]
     3>C:\ExplorerPro\ViewModels\MainWindowTabsViewModel.cs(34,16): warning CS8618: Non-nullable property 'TogglePinTabCommand' must contain a non-null value when exiting constructor. Consider adding the 'required' modifier or declaring the property as nullable. [C:\ExplorerPro\ExplorerPro_on4pkfpc_wpftmp.csproj]
     3>C:\ExplorerPro\ViewModels\MainWindowTabsViewModel.cs(34,16): warning CS8618: Non-nullable property 'NextTabCommand' must contain a non-null value when exiting constructor. Consider adding the 'required' modifier or declaring the property as nullable. [C:\ExplorerPro\ExplorerPro_on4pkfpc_wpftmp.csproj]
     3>C:\ExplorerPro\ViewModels\MainWindowTabsViewModel.cs(34,16): warning CS8618: Non-nullable property 'PreviousTabCommand' must contain a non-null value when exiting constructor. Consider adding the 'required' modifier or declaring the property as nullable. [C:\ExplorerPro\ExplorerPro_on4pkfpc_wpftmp.csproj]
     3>C:\ExplorerPro\ViewModels\MainWindowTabsViewModel.cs(34,16): warning CS8618: Non-nullable property 'MoveTabCommand' must contain a non-null value when exiting constructor. Consider adding the 'required' modifier or declaring the property as nullable. [C:\ExplorerPro\ExplorerPro_on4pkfpc_wpftmp.csproj]
     3>C:\ExplorerPro\ViewModels\MainWindowTabsViewModel.cs(34,16): warning CS8618: Non-nullable property 'ActivateTabCommand' must contain a non-null value when exiting constructor. Consider adding the 'required' modifier or declaring the property as nullable. [C:\ExplorerPro\ExplorerPro_on4pkfpc_wpftmp.csproj]
     3>C:\ExplorerPro\Tests\ServiceIntegrationTests.cs(39,38): warning CS8604: Possible null reference argument for parameter 'logger' in 'Task<ServiceIntegrationManager> ServiceIntegrationManager.CreateAsync(IServiceProvider serviceProvider, ILogger<ServiceIntegrationManager> logger = null, CancellationToken cancellationToken = default(CancellationToken))'. [C:\ExplorerPro\ExplorerPro_on4pkfpc_wpftmp.csproj]
     3>C:\ExplorerPro\Tests\ServiceIntegrationTests.cs(64,50): warning CS8625: Cannot convert null literal to non-nullable reference type. [C:\ExplorerPro\ExplorerPro_on4pkfpc_wpftmp.csproj]
     3>C:\ExplorerPro\Models\UndoCommands.cs(159,16): warning CS8618: Non-nullable field '_createdPath' must contain a non-null value when exiting constructor. Consider adding the 'required' modifier or declaring the field as nullable. [C:\ExplorerPro\ExplorerPro_on4pkfpc_wpftmp.csproj]
     3>C:\ExplorerPro\Utilities\PathUtils.cs(184,28): warning CS8603: Possible null reference return. [C:\ExplorerPro\ExplorerPro_on4pkfpc_wpftmp.csproj]
     3>C:\ExplorerPro\Utilities\PathUtils.cs(190,28): warning CS8603: Possible null reference return. [C:\ExplorerPro\ExplorerPro_on4pkfpc_wpftmp.csproj]
     3>C:\ExplorerPro\Utilities\PathUtils.cs(194,36): warning CS8600: Converting null literal or possible null value to non-nullable type. [C:\ExplorerPro\ExplorerPro_on4pkfpc_wpftmp.csproj]
     3>C:\ExplorerPro\Utilities\PathUtils.cs(214,24): warning CS8603: Possible null reference return. [C:\ExplorerPro\ExplorerPro_on4pkfpc_wpftmp.csproj]
     3>C:\ExplorerPro\Services\NavigationService.cs(244,20): warning CS8603: Possible null reference return. [C:\ExplorerPro\ExplorerPro_on4pkfpc_wpftmp.csproj]
     3>C:\ExplorerPro\UI\Controls\ChromeStyleTabControl.cs(213,16): warning CS8618: Non-nullable event 'NewTabRequested' must contain a non-null value when exiting constructor. Consider adding the 'required' modifier or declaring the event as nullable. [C:\ExplorerPro\ExplorerPro_on4pkfpc_wpftmp.csproj]
     3>C:\ExplorerPro\UI\Controls\ChromeStyleTabControl.cs(213,16): warning CS8618: Non-nullable event 'TabCloseRequested' must contain a non-null value when exiting constructor. Consider adding the 'required' modifier or declaring the event as nullable. [C:\ExplorerPro\ExplorerPro_on4pkfpc_wpftmp.csproj]
     3>C:\ExplorerPro\UI\Controls\ChromeStyleTabControl.cs(213,16): warning CS8618: Non-nullable event 'TabDragged' must contain a non-null value when exiting constructor. Consider adding the 'required' modifier or declaring the event as nullable. [C:\ExplorerPro\ExplorerPro_on4pkfpc_wpftmp.csproj]
     3>C:\ExplorerPro\UI\Controls\ChromeStyleTabControl.cs(213,16): warning CS8618: Non-nullable event 'TabDragStarted' must contain a non-null value when exiting constructor. Consider adding the 'required' modifier or declaring the event as nullable. [C:\ExplorerPro\ExplorerPro_on4pkfpc_wpftmp.csproj]
     3>C:\ExplorerPro\UI\Controls\ChromeStyleTabControl.cs(213,16): warning CS8618: Non-nullable event 'TabDragging' must contain a non-null value when exiting constructor. Consider adding the 'required' modifier or declaring the event as nullable. [C:\ExplorerPro\ExplorerPro_on4pkfpc_wpftmp.csproj]
     3>C:\ExplorerPro\UI\Controls\ChromeStyleTabControl.cs(213,16): warning CS8618: Non-nullable event 'TabDragCompleted' must contain a non-null value when exiting constructor. Consider adding the 'required' modifier or declaring the event as nullable. [C:\ExplorerPro\ExplorerPro_on4pkfpc_wpftmp.csproj]
     3>C:\ExplorerPro\UI\Controls\ChromeStyleTabControl.cs(213,16): warning CS8618: Non-nullable event 'TabMetadataChanged' must contain a non-null value when exiting constructor. Consider adding the 'required' modifier or declaring the event as nullable. [C:\ExplorerPro\ExplorerPro_on4pkfpc_wpftmp.csproj]
     3>C:\ExplorerPro\UI\Controls\ChromeStyleTabControl.cs(213,16): warning CS8618: Non-nullable field '_draggedTab' must contain a non-null value when exiting constructor. Consider adding the 'required' modifier or declaring the field as nullable. [C:\ExplorerPro\ExplorerPro_on4pkfpc_wpftmp.csproj]
     3>C:\ExplorerPro\UI\Controls\ChromeStyleTabControl.cs(213,16): warning CS8618: Non-nullable field '_tabOperationsManager' must contain a non-null value when exiting constructor. Consider adding the 'required' modifier or declaring the field as nullable. [C:\ExplorerPro\ExplorerPro_on4pkfpc_wpftmp.csproj]
     3>C:\ExplorerPro\UI\Controls\ChromeStyleTabControl.cs(213,16): warning CS8618: Non-nullable field '_dragDropService' must contain a non-null value when exiting constructor. Consider adding the 'required' modifier or declaring the field as nullable. [C:\ExplorerPro\ExplorerPro_on4pkfpc_wpftmp.csproj]
     3>C:\ExplorerPro\UI\Controls\ChromeStyleTabControl.cs(213,16): warning CS8618: Non-nullable field '_currentDragOperation' must contain a non-null value when exiting constructor. Consider adding the 'required' modifier or declaring the field as nullable. [C:\ExplorerPro\ExplorerPro_on4pkfpc_wpftmp.csproj]
     3>C:\ExplorerPro\UI\Controls\ChromeStyleTabControl.cs(213,16): warning CS8618: Non-nullable field '_insertionIndicator' must contain a non-null value when exiting constructor. Consider adding the 'required' modifier or declaring the field as nullable. [C:\ExplorerPro\ExplorerPro_on4pkfpc_wpftmp.csproj]
     3>C:\ExplorerPro\UI\Controls\ChromeStyleTabControl.cs(213,16): warning CS8618: Non-nullable field '_detachPreviewWindow' must contain a non-null value when exiting constructor. Consider adding the 'required' modifier or declaring the field as nullable. [C:\ExplorerPro\ExplorerPro_on4pkfpc_wpftmp.csproj]
     3>C:\ExplorerPro\UI\Controls\ChromeStyleTabControl.cs(213,16): warning CS8618: Non-nullable field '_dragVisualWindow' must contain a non-null value when exiting constructor. Consider adding the 'required' modifier or declaring the field as nullable. [C:\ExplorerPro\ExplorerPro_on4pkfpc_wpftmp.csproj]
     3>C:\ExplorerPro\UI\Controls\ChromeStyleTabControl.cs(213,16): warning CS8618: Non-nullable field '_insertionLine' must contain a non-null value when exiting constructor. Consider adding the 'required' modifier or declaring the field as nullable. [C:\ExplorerPro\ExplorerPro_on4pkfpc_wpftmp.csproj]
     3>C:\ExplorerPro\UI\Controls\ChromeStyleTabControl.cs(213,16): warning CS8618: Non-nullable field '_currentAnimation' must contain a non-null value when exiting constructor. Consider adding the 'required' modifier or declaring the field as nullable. [C:\ExplorerPro\ExplorerPro_on4pkfpc_wpftmp.csproj]
     3>C:\ExplorerPro\Models\UndoCommands.cs(88,16): warning CS8618: Non-nullable field '_createdPath' must contain a non-null value when exiting constructor. Consider adding the 'required' modifier or declaring the field as nullable. [C:\ExplorerPro\ExplorerPro_on4pkfpc_wpftmp.csproj]
     3>C:\ExplorerPro\UI\Dialogs\TextInputDialog.xaml.cs(22,16): warning CS8618: Non-nullable property 'InputText' must contain a non-null value when exiting constructor. Consider adding the 'required' modifier or declaring the property as nullable. [C:\ExplorerPro\ExplorerPro_on4pkfpc_wpftmp.csproj]
     3>C:\ExplorerPro\UI\Controls\ChromeStyleTabControl.cs(302,27): warning CS8625: Cannot convert null literal to non-nullable reference type. [C:\ExplorerPro\ExplorerPro_on4pkfpc_wpftmp.csproj]
     3>C:\ExplorerPro\Themes\ThemeManager.cs(568,51): warning CS8600: Converting null literal or possible null value to non-nullable type. [C:\ExplorerPro\ExplorerPro_on4pkfpc_wpftmp.csproj]
     3>C:\ExplorerPro\Themes\ThemeManager.cs(569,47): warning CS8600: Converting null literal or possible null value to non-nullable type. [C:\ExplorerPro\ExplorerPro_on4pkfpc_wpftmp.csproj]
     3>C:\ExplorerPro\Models\UndoCommands.cs(33,16): warning CS8618: Non-nullable field '_newPath' must contain a non-null value when exiting constructor. Consider adding the 'required' modifier or declaring the field as nullable. [C:\ExplorerPro\ExplorerPro_on4pkfpc_wpftmp.csproj]
     3>C:\ExplorerPro\Tests\ServiceIntegrationTests.cs(106,65): warning CS8604: Possible null reference argument for parameter 'tabManagerService' in 'ThreadSafeTabOperations.ThreadSafeTabOperations(ITabManagerService tabManagerService, ILogger<ThreadSafeTabOperations> logger = null, Dispatcher dispatcher = null)'. [C:\ExplorerPro\ExplorerPro_on4pkfpc_wpftmp.csproj]
     3>C:\ExplorerPro\Tests\ServiceIntegrationTests.cs(118,25): warning CS8625: Cannot convert null literal to non-nullable reference type. [C:\ExplorerPro\ExplorerPro_on4pkfpc_wpftmp.csproj]
     3>C:\ExplorerPro\Models\TabNavigationHistory.cs(22,16): warning CS8618: Non-nullable field '_current' must contain a non-null value when exiting constructor. Consider adding the 'required' modifier or declaring the field as nullable. [C:\ExplorerPro\ExplorerPro_on4pkfpc_wpftmp.csproj]
     3>C:\ExplorerPro\Models\TabNavigationHistory.cs(22,16): warning CS8618: Non-nullable event 'PropertyChanged' must contain a non-null value when exiting constructor. Consider adding the 'required' modifier or declaring the event as nullable. [C:\ExplorerPro\ExplorerPro_on4pkfpc_wpftmp.csproj]
     3>C:\ExplorerPro\Models\TabNavigationHistory.cs(41,53): warning CS8603: Possible null reference return. [C:\ExplorerPro\ExplorerPro_on4pkfpc_wpftmp.csproj]
     3>C:\ExplorerPro\UI\Converters\ColorToBrushConverter.cs(43,42): warning CS8605: Unboxing a possibly null value. [C:\ExplorerPro\ExplorerPro_on4pkfpc_wpftmp.csproj]
     3>C:\ExplorerPro\UI\FileTree\VirtualizingTreeView.cs(103,21): warning CS8604: Possible null reference argument for parameter 'item' in 'void Collection<T>.Add(T item)'. [C:\ExplorerPro\ExplorerPro_on4pkfpc_wpftmp.csproj]
     3>C:\ExplorerPro\UI\Controls\ChromeStyleTabControl.cs(486,39): warning CS8625: Cannot convert null literal to non-nullable reference type. [C:\ExplorerPro\ExplorerPro_on4pkfpc_wpftmp.csproj]
     3>C:\ExplorerPro\UI\Controls\ChromeStyleTabControl.cs(487,49): warning CS8625: Cannot convert null literal to non-nullable reference type. [C:\ExplorerPro\ExplorerPro_on4pkfpc_wpftmp.csproj]
     3>C:\ExplorerPro\Tests\ServiceIntegrationTests.cs(179,38): warning CS8604: Possible null reference argument for parameter 'logger' in 'Task<ServiceIntegrationManager> ServiceIntegrationManager.CreateAsync(IServiceProvider serviceProvider, ILogger<ServiceIntegrationManager> logger = null, CancellationToken cancellationToken = default(CancellationToken))'. [C:\ExplorerPro\ExplorerPro_on4pkfpc_wpftmp.csproj]
     3>C:\ExplorerPro\UI\Controls\ChromeStyleTabControl.cs(515,27): warning CS8625: Cannot convert null literal to non-nullable reference type. [C:\ExplorerPro\ExplorerPro_on4pkfpc_wpftmp.csproj]
     3>C:\ExplorerPro\Models\ConfigManager.cs(71,20): warning CS8603: Possible null reference return. [C:\ExplorerPro\ExplorerPro_on4pkfpc_wpftmp.csproj]
     3>C:\ExplorerPro\Themes\ThemeManager.cs(31,37): warning CS8618: Non-nullable field '_instance' must contain a non-null value when exiting constructor. Consider adding the 'required' modifier or declaring the field as nullable. [C:\ExplorerPro\ExplorerPro_on4pkfpc_wpftmp.csproj]
     3>C:\ExplorerPro\Core\WindowLifecycleManager.cs(414,20): warning CS8618: Non-nullable property 'CleanupSubscription' must contain a non-null value when exiting constructor. Consider adding the 'required' modifier or declaring the property as nullable. [C:\ExplorerPro\ExplorerPro_on4pkfpc_wpftmp.csproj]
     3>C:\ExplorerPro\Core\WindowLifecycleManager.cs(422,24): warning CS8603: Possible null reference return. [C:\ExplorerPro\ExplorerPro_on4pkfpc_wpftmp.csproj]
     3>C:\ExplorerPro\UI\FileTree\Commands\FileOperationHandler.cs(56,16): warning CS8618: Non-nullable event 'DirectoryRefreshRequested' must contain a non-null value when exiting constructor. Consider adding the 'required' modifier or declaring the event as nullable. [C:\ExplorerPro\ExplorerPro_on4pkfpc_wpftmp.csproj]
     3>C:\ExplorerPro\UI\FileTree\Commands\FileOperationHandler.cs(56,16): warning CS8618: Non-nullable event 'MultipleDirectoriesRefreshRequested' must contain a non-null value when exiting constructor. Consider adding the 'required' modifier or declaring the event as nullable. [C:\ExplorerPro\ExplorerPro_on4pkfpc_wpftmp.csproj]
     3>C:\ExplorerPro\UI\FileTree\Commands\FileOperationHandler.cs(56,16): warning CS8618: Non-nullable event 'OperationError' must contain a non-null value when exiting constructor. Consider adding the 'required' modifier or declaring the event as nullable. [C:\ExplorerPro\ExplorerPro_on4pkfpc_wpftmp.csproj]
     3>C:\ExplorerPro\UI\FileTree\Commands\FileOperationHandler.cs(56,16): warning CS8618: Non-nullable event 'PasteCompleted' must contain a non-null value when exiting constructor. Consider adding the 'required' modifier or declaring the event as nullable. [C:\ExplorerPro\ExplorerPro_on4pkfpc_wpftmp.csproj]
     3>C:\ExplorerPro\Core\WindowInitializationContext.cs(24,16): warning CS8618: Non-nullable property 'LastError' must contain a non-null value when exiting constructor. Consider adding the 'required' modifier or declaring the property as nullable. [C:\ExplorerPro\ExplorerPro_on4pkfpc_wpftmp.csproj]
     3>C:\ExplorerPro\UI\Controls\ChromeStyleTabControl.cs(588,38): warning CS8629: Nullable value type may be null. [C:\ExplorerPro\ExplorerPro_on4pkfpc_wpftmp.csproj]
     3>C:\ExplorerPro\Core\WindowInitializationContext.cs(84,24): warning CS8603: Possible null reference return. [C:\ExplorerPro\ExplorerPro_on4pkfpc_wpftmp.csproj]
     3>C:\ExplorerPro\ViewModels\MainWindowTabsViewModel.cs(567,33): warning CS8625: Cannot convert null literal to non-nullable reference type. [C:\ExplorerPro\ExplorerPro_on4pkfpc_wpftmp.csproj]
     3>C:\ExplorerPro\ViewModels\MainWindowTabsViewModel.cs(568,35): warning CS8625: Cannot convert null literal to non-nullable reference type. [C:\ExplorerPro\ExplorerPro_on4pkfpc_wpftmp.csproj]
     3>C:\ExplorerPro\ViewModels\MainWindowTabsViewModel.cs(569,39): warning CS8625: Cannot convert null literal to non-nullable reference type. [C:\ExplorerPro\ExplorerPro_on4pkfpc_wpftmp.csproj]
     3>C:\ExplorerPro\ViewModels\MainWindowTabsViewModel.cs(570,36): warning CS8625: Cannot convert null literal to non-nullable reference type. [C:\ExplorerPro\ExplorerPro_on4pkfpc_wpftmp.csproj]
     3>C:\ExplorerPro\ViewModels\MainWindowTabsViewModel.cs(571,41): warning CS8625: Cannot convert null literal to non-nullable reference type. [C:\ExplorerPro\ExplorerPro_on4pkfpc_wpftmp.csproj]
     3>C:\ExplorerPro\ViewModels\MainWindowTabsViewModel.cs(572,40): warning CS8625: Cannot convert null literal to non-nullable reference type. [C:\ExplorerPro\ExplorerPro_on4pkfpc_wpftmp.csproj]
     3>C:\ExplorerPro\ViewModels\MainWindowTabsViewModel.cs(573,39): warning CS8625: Cannot convert null literal to non-nullable reference type. [C:\ExplorerPro\ExplorerPro_on4pkfpc_wpftmp.csproj]
     3>C:\ExplorerPro\ViewModels\MainWindowTabsViewModel.cs(574,34): warning CS8625: Cannot convert null literal to non-nullable reference type. [C:\ExplorerPro\ExplorerPro_on4pkfpc_wpftmp.csproj]
     3>C:\ExplorerPro\ViewModels\MainWindowTabsViewModel.cs(575,38): warning CS8625: Cannot convert null literal to non-nullable reference type. [C:\ExplorerPro\ExplorerPro_on4pkfpc_wpftmp.csproj]
     3>C:\ExplorerPro\ViewModels\MainWindowTabsViewModel.cs(576,34): warning CS8625: Cannot convert null literal to non-nullable reference type. [C:\ExplorerPro\ExplorerPro_on4pkfpc_wpftmp.csproj]
     3>C:\ExplorerPro\ViewModels\MainWindowTabsViewModel.cs(577,38): warning CS8625: Cannot convert null literal to non-nullable reference type. [C:\ExplorerPro\ExplorerPro_on4pkfpc_wpftmp.csproj]
     3>C:\ExplorerPro\UI\Controls\TabVisualManager.cs(633,20): warning CS8603: Possible null reference return. [C:\ExplorerPro\ExplorerPro_on4pkfpc_wpftmp.csproj]
     3>C:\ExplorerPro\UI\Controls\TabVisualManager.cs(638,20): warning CS8603: Possible null reference return. [C:\ExplorerPro\ExplorerPro_on4pkfpc_wpftmp.csproj]
     3>C:\ExplorerPro\Core\WeakEventHelper.cs(48,85): warning CS8604: Possible null reference argument for parameter 'sender' in 'void WeakEventHandler<TEventArgs>.Handle(object sender, TEventArgs e)'. [C:\ExplorerPro\ExplorerPro_on4pkfpc_wpftmp.csproj]
     3>C:\ExplorerPro\UI\Dialogs\RenameDialog.xaml.cs(27,69): warning CS8625: Cannot convert null literal to non-nullable reference type. [C:\ExplorerPro\ExplorerPro_on4pkfpc_wpftmp.csproj]
     3>C:\ExplorerPro\UI\Dialogs\RenameDialog.xaml.cs(27,75): warning CS8625: Cannot convert null literal to non-nullable reference type. [C:\ExplorerPro\ExplorerPro_on4pkfpc_wpftmp.csproj]
     3>C:\ExplorerPro\Models\TabNavigationHistory.cs(93,20): warning CS8603: Possible null reference return. [C:\ExplorerPro\ExplorerPro_on4pkfpc_wpftmp.csproj]
     3>C:\ExplorerPro\Core\WeakEventHelper.cs(72,58): warning CS8601: Possible null reference assignment. [C:\ExplorerPro\ExplorerPro_on4pkfpc_wpftmp.csproj]
     3>C:\ExplorerPro\Models\TabNavigationHistory.cs(109,20): warning CS8603: Possible null reference return. [C:\ExplorerPro\ExplorerPro_on4pkfpc_wpftmp.csproj]
     3>C:\ExplorerPro\Models\TabNavigationHistory.cs(126,24): warning CS8625: Cannot convert null literal to non-nullable reference type. [C:\ExplorerPro\ExplorerPro_on4pkfpc_wpftmp.csproj]
     3>C:\ExplorerPro\Core\UIThreadHelper.cs(10,51): warning CS8603: Possible null reference return. [C:\ExplorerPro\ExplorerPro_on4pkfpc_wpftmp.csproj]
     3>C:\ExplorerPro\UI\Dialogs\RenameDialog.xaml.cs(113,30): warning CS8604: Possible null reference argument for parameter 'name' in 'bool RenameDialog.ValidateName(string name)'. [C:\ExplorerPro\ExplorerPro_on4pkfpc_wpftmp.csproj]
     3>C:\ExplorerPro\UI\Controls\ChromeStyleTabControl.cs(741,29): warning CS8629: Nullable value type may be null. [C:\ExplorerPro\ExplorerPro_on4pkfpc_wpftmp.csproj]
     3>C:\ExplorerPro\Core\UIThreadHelper.cs(56,44): warning CS8603: Possible null reference return. [C:\ExplorerPro\ExplorerPro_on4pkfpc_wpftmp.csproj]
     3>C:\ExplorerPro\Models\TabNavigationHistory.cs(160,24): warning CS8601: Possible null reference assignment. [C:\ExplorerPro\ExplorerPro_on4pkfpc_wpftmp.csproj]
     3>C:\ExplorerPro\Utilities\Extensions.cs(54,32): warning CS8600: Converting null literal or possible null value to non-nullable type. [C:\ExplorerPro\ExplorerPro_on4pkfpc_wpftmp.csproj]
     3>C:\ExplorerPro\Utilities\Extensions.cs(66,17): warning CS8602: Dereference of a possibly null reference. [C:\ExplorerPro\ExplorerPro_on4pkfpc_wpftmp.csproj]
     3>C:\ExplorerPro\Tests\Phase6ValidationTests.cs(137,21): warning CS0219: The variable 'backgroundTestCompleted' is assigned but its value is never used [C:\ExplorerPro\ExplorerPro_on4pkfpc_wpftmp.csproj]
     3>C:\ExplorerPro\UI\MainWindow\TabIntegrationBridge.cs(350,20): warning CS8603: Possible null reference return. [C:\ExplorerPro\ExplorerPro_on4pkfpc_wpftmp.csproj]
     3>C:\ExplorerPro\UI\Controls\ChromeStyleTabControl.cs(769,39): warning CS8600: Converting null literal or possible null value to non-nullable type. [C:\ExplorerPro\ExplorerPro_on4pkfpc_wpftmp.csproj]
     3>C:\ExplorerPro\UI\Controls\ChromeStyleTabControl.cs(785,65): warning CS8604: Possible null reference argument for parameter 'targetWindow' in 'bool ITabDragDropService.CompleteDrag(Window targetWindow, Point dropPoint)'. [C:\ExplorerPro\ExplorerPro_on4pkfpc_wpftmp.csproj]
     3>C:\ExplorerPro\UI\Controls\ChromeStyleTabControl.cs(841,29): warning CS8629: Nullable value type may be null. [C:\ExplorerPro\ExplorerPro_on4pkfpc_wpftmp.csproj]
     3>C:\ExplorerPro\UI\Controls\ChromeStyleTabControl.cs(896,35): warning CS8625: Cannot convert null literal to non-nullable reference type. [C:\ExplorerPro\ExplorerPro_on4pkfpc_wpftmp.csproj]
     3>C:\ExplorerPro\UI\Controls\ChromeStyleTabControl.cs(897,45): warning CS8625: Cannot convert null literal to non-nullable reference type. [C:\ExplorerPro\ExplorerPro_on4pkfpc_wpftmp.csproj]
     3>C:\ExplorerPro\Utilities\Extensions.cs(126,40): warning CS8603: Possible null reference return. [C:\ExplorerPro\ExplorerPro_on4pkfpc_wpftmp.csproj]
     3>C:\ExplorerPro\Utilities\Extensions.cs(128,28): warning CS8600: Converting null literal or possible null value to non-nullable type. [C:\ExplorerPro\ExplorerPro_on4pkfpc_wpftmp.csproj]
     3>C:\ExplorerPro\Utilities\Extensions.cs(164,20): warning CS8603: Possible null reference return. [C:\ExplorerPro\ExplorerPro_on4pkfpc_wpftmp.csproj]
     3>C:\ExplorerPro\UI\MainWindow\TabIntegrationBridge.cs(36,16): warning CS8618: Non-nullable field '_logger' must contain a non-null value when exiting constructor. Consider adding the 'required' modifier or declaring the field as nullable. [C:\ExplorerPro\ExplorerPro_on4pkfpc_wpftmp.csproj]
     3>C:\ExplorerPro\UI\MainWindow\TabIntegrationBridge.cs(36,16): warning CS8618: Non-nullable field '_modernTabControl' must contain a non-null value when exiting constructor. Consider adding the 'required' modifier or declaring the field as nullable. [C:\ExplorerPro\ExplorerPro_on4pkfpc_wpftmp.csproj]
     3>C:\ExplorerPro\UI\MainWindow\TabIntegrationBridge.cs(36,16): warning CS8618: Non-nullable field '_legacyTabControl' must contain a non-null value when exiting constructor. Consider adding the 'required' modifier or declaring the field as nullable. [C:\ExplorerPro\ExplorerPro_on4pkfpc_wpftmp.csproj]
     3>C:\ExplorerPro\Utilities\Extensions.cs(181,28): warning CS8603: Possible null reference return. [C:\ExplorerPro\ExplorerPro_on4pkfpc_wpftmp.csproj]
     3>C:\ExplorerPro\UI\Controls\ChromeStyleTabControl.cs(924,29): warning CS8604: Possible null reference argument for parameter 'tab' in 'bool TabOperationsManager.ReorderTab(ChromeStyleTabControl tabControl, TabModel tab, int newIndex)'. [C:\ExplorerPro\ExplorerPro_on4pkfpc_wpftmp.csproj]
     3>C:\ExplorerPro\UI\Controls\TabVirtualizationManager.cs(722,23): warning CS8618: Non-nullable property 'TabId' must contain a non-null value when exiting constructor. Consider adding the 'required' modifier or declaring the property as nullable. [C:\ExplorerPro\ExplorerPro_on4pkfpc_wpftmp.csproj]
     3>C:\ExplorerPro\UI\FileTree\ContextMenuProvider.cs(231,57): warning CS8625: Cannot convert null literal to non-nullable reference type. [C:\ExplorerPro\ExplorerPro_on4pkfpc_wpftmp.csproj]
     3>C:\ExplorerPro\UI\FileTree\ContextMenuProvider.cs(247,56): warning CS8604: Possible null reference argument for parameter 'targetPath' in 'void ContextMenuProvider.ExtractArchive(string archivePath, string targetPath)'. [C:\ExplorerPro\ExplorerPro_on4pkfpc_wpftmp.csproj]
     3>C:\ExplorerPro\UI\MainWindow\TabIntegrationBridge.cs(129,37): warning CS8601: Possible null reference assignment. [C:\ExplorerPro\ExplorerPro_on4pkfpc_wpftmp.csproj]
     3>C:\ExplorerPro\Tests\Phase6ValidationTests.cs(195,74): warning CS1998: This async method lacks 'await' operators and will run synchronously. Consider using the 'await' operator to await non-blocking API calls, or 'await Task.Run(...)' to do CPU-bound work on a background thread. [C:\ExplorerPro\ExplorerPro_on4pkfpc_wpftmp.csproj]
     3>C:\ExplorerPro\Models\MetadataManager.cs(77,39): warning CS8622: Nullability of reference types in type of parameter 'state' of 'void MetadataManager.PerformCleanup(object state)' doesn't match the target delegate 'TimerCallback' (possibly because of nullability attributes). [C:\ExplorerPro\ExplorerPro_on4pkfpc_wpftmp.csproj]
     3>C:\ExplorerPro\Core\TransactionalOperation.cs(200,20): warning CS8603: Possible null reference return. [C:\ExplorerPro\ExplorerPro_on4pkfpc_wpftmp.csproj]
     3>C:\ExplorerPro\Utilities\Extensions.cs(362,20): warning CS8603: Possible null reference return. [C:\ExplorerPro\ExplorerPro_on4pkfpc_wpftmp.csproj]
     3>C:\ExplorerPro\UI\Controls\ChromeStyleTabControl.cs(962,45): warning CS8625: Cannot convert null literal to non-nullable reference type. [C:\ExplorerPro\ExplorerPro_on4pkfpc_wpftmp.csproj]
     3>C:\ExplorerPro\UI\Controls\ChromeStyleTabControl.cs(993,33): warning CS8604: Possible null reference argument for parameter 'tab' in 'bool TabOperationsManager.ReorderTab(ChromeStyleTabControl tabControl, TabModel tab, int newIndex)'. [C:\ExplorerPro\ExplorerPro_on4pkfpc_wpftmp.csproj]
     3>C:\ExplorerPro\UI\Controls\ChromeStyleTabControl.cs(1058,31): warning CS8625: Cannot convert null literal to non-nullable reference type. [C:\ExplorerPro\ExplorerPro_on4pkfpc_wpftmp.csproj]
     3>C:\ExplorerPro\UI\Controls\ChromeStyleTabControl.cs(1059,41): warning CS8625: Cannot convert null literal to non-nullable reference type. [C:\ExplorerPro\ExplorerPro_on4pkfpc_wpftmp.csproj]
     3>C:\ExplorerPro\UI\Controls\TabVirtualizationManager.cs(715,23): warning CS8618: Non-nullable property 'TabId' must contain a non-null value when exiting constructor. Consider adding the 'required' modifier or declaring the property as nullable. [C:\ExplorerPro\ExplorerPro_on4pkfpc_wpftmp.csproj]
     3>C:\ExplorerPro\Models\MetadataManager.cs(937,29): warning CS8618: Non-nullable property 'PinnedItems' must contain a non-null value when exiting constructor. Consider adding the 'required' modifier or declaring the property as nullable. [C:\ExplorerPro\ExplorerPro_on4pkfpc_wpftmp.csproj]
     3>C:\ExplorerPro\Models\MetadataManager.cs(940,29): warning CS8618: Non-nullable property 'RecentItems' must contain a non-null value when exiting constructor. Consider adding the 'required' modifier or declaring the property as nullable. [C:\ExplorerPro\ExplorerPro_on4pkfpc_wpftmp.csproj]
     3>C:\ExplorerPro\Models\MetadataManager.cs(943,49): warning CS8618: Non-nullable property 'Tags' must contain a non-null value when exiting constructor. Consider adding the 'required' modifier or declaring the property as nullable. [C:\ExplorerPro\ExplorerPro_on4pkfpc_wpftmp.csproj]
     3>C:\ExplorerPro\Models\MetadataManager.cs(946,43): warning CS8618: Non-nullable property 'LastAccessed' must contain a non-null value when exiting constructor. Consider adding the 'required' modifier or declaring the property as nullable. [C:\ExplorerPro\ExplorerPro_on4pkfpc_wpftmp.csproj]
     3>C:\ExplorerPro\Models\MetadataManager.cs(949,43): warning CS8618: Non-nullable property 'ItemColors' must contain a non-null value when exiting constructor. Consider adding the 'required' modifier or declaring the property as nullable. [C:\ExplorerPro\ExplorerPro_on4pkfpc_wpftmp.csproj]
     3>C:\ExplorerPro\Models\MetadataManager.cs(952,41): warning CS8618: Non-nullable property 'ItemBold' must contain a non-null value when exiting constructor. Consider adding the 'required' modifier or declaring the property as nullable. [C:\ExplorerPro\ExplorerPro_on4pkfpc_wpftmp.csproj]
     3>C:\ExplorerPro\Models\MetadataManager.cs(955,29): warning CS8618: Non-nullable property 'RecentColors' must contain a non-null value when exiting constructor. Consider adding the 'required' modifier or declaring the property as nullable. [C:\ExplorerPro\ExplorerPro_on4pkfpc_wpftmp.csproj]
     3>C:\ExplorerPro\UI\Controls\TabVirtualizationManager.cs(688,23): warning CS8618: Non-nullable property 'ContentSnapshot' must contain a non-null value when exiting constructor. Consider adding the 'required' modifier or declaring the property as nullable. [C:\ExplorerPro\ExplorerPro_on4pkfpc_wpftmp.csproj]
     3>C:\ExplorerPro\UI\Controls\TabVirtualizationManager.cs(689,23): warning CS8618: Non-nullable property 'ViewState' must contain a non-null value when exiting constructor. Consider adding the 'required' modifier or declaring the property as nullable. [C:\ExplorerPro\ExplorerPro_on4pkfpc_wpftmp.csproj]
     3>C:\ExplorerPro\UI\FileTree\Commands\DragDropCommand.cs(328,32): warning CS8600: Converting null literal or possible null value to non-nullable type. [C:\ExplorerPro\ExplorerPro_on4pkfpc_wpftmp.csproj]
     3>C:\ExplorerPro\UI\FileTree\Commands\DragDropCommand.cs(337,40): warning CS8604: Possible null reference argument for parameter 'path1' in 'string Path.Combine(string path1, string path2)'. [C:\ExplorerPro\ExplorerPro_on4pkfpc_wpftmp.csproj]
     3>C:\ExplorerPro\UI\Controls\ChromeStyleTabControl.cs(1126,59): warning CS8604: Possible null reference argument for parameter 'tab' in 'bool TabOperationsManager.ReorderTab(ChromeStyleTabControl tabControl, TabModel tab, int newIndex)'. [C:\ExplorerPro\ExplorerPro_on4pkfpc_wpftmp.csproj]
     3>C:\ExplorerPro\UI\Controls\ChromeStyleTabControl.cs(1142,38): warning CS8602: Dereference of a possibly null reference. [C:\ExplorerPro\ExplorerPro_on4pkfpc_wpftmp.csproj]
     3>C:\ExplorerPro\UI\MainWindow\MainWindow.xaml.cs(201,44): warning CS8625: Cannot convert null literal to non-nullable reference type. [C:\ExplorerPro\ExplorerPro_on4pkfpc_wpftmp.csproj]
     3>C:\ExplorerPro\UI\MainWindow\MainWindow.xaml.cs(202,37): warning CS8625: Cannot convert null literal to non-nullable reference type. [C:\ExplorerPro\ExplorerPro_on4pkfpc_wpftmp.csproj]
     3>C:\ExplorerPro\UI\FileTree\VirtualizingTreeView.cs(18,54): warning CS8618: Non-nullable field '_virtualItems' must contain a non-null value when exiting constructor. Consider adding the 'required' modifier or declaring the field as nullable. [C:\ExplorerPro\ExplorerPro_on4pkfpc_wpftmp.csproj]
     3>C:\ExplorerPro\UI\Controls\ChromeStyleTabControl.cs(1171,78): warning CS8604: Possible null reference argument for parameter 'tab' in 'bool TabOperationsManager.TransferTab(ChromeStyleTabControl source, ChromeStyleTabControl target, TabModel tab, int targetIndex = -1)'. [C:\ExplorerPro\ExplorerPro_on4pkfpc_wpftmp.csproj]
     3>C:\ExplorerPro\Tests\Phase6ValidationTests.cs(267,78): warning CS1998: This async method lacks 'await' operators and will run synchronously. Consider using the 'await' operator to await non-blocking API calls, or 'await Task.Run(...)' to do CPU-bound work on a background thread. [C:\ExplorerPro\ExplorerPro_on4pkfpc_wpftmp.csproj]
     3>C:\ExplorerPro\UI\Controls\ChromeStyleTabControl.cs(1186,41): warning CS8625: Cannot convert null literal to non-nullable reference type. [C:\ExplorerPro\ExplorerPro_on4pkfpc_wpftmp.csproj]
     3>C:\ExplorerPro\UI\FileTree\Utilities\VisualTreeHelper.cs(106,24): warning CS8603: Possible null reference return. [C:\ExplorerPro\ExplorerPro_on4pkfpc_wpftmp.csproj]
     3>C:\ExplorerPro\UI\Toolbar\Toolbar.xaml.cs(911,28): warning CS8603: Possible null reference return. [C:\ExplorerPro\ExplorerPro_on4pkfpc_wpftmp.csproj]
     3>C:\ExplorerPro\UI\Toolbar\Toolbar.xaml.cs(913,28): warning CS8603: Possible null reference return. [C:\ExplorerPro\ExplorerPro_on4pkfpc_wpftmp.csproj]
     3>C:\ExplorerPro\UI\Toolbar\Toolbar.xaml.cs(915,28): warning CS8603: Possible null reference return. [C:\ExplorerPro\ExplorerPro_on4pkfpc_wpftmp.csproj]
     3>C:\ExplorerPro\UI\Toolbar\Toolbar.xaml.cs(918,20): warning CS8603: Possible null reference return. [C:\ExplorerPro\ExplorerPro_on4pkfpc_wpftmp.csproj]
     3>C:\ExplorerPro\UI\FileTree\Commands\FileOperationHandler.cs(175,51): warning CS8620: Argument of type 'List<string?>' cannot be used for parameter 'directories' of type 'IEnumerable<string>' in 'void FileOperationHandler.RequestRefreshMultipleDirectories(IEnumerable<string> directories)' due to differences in the nullability of reference types. [C:\ExplorerPro\ExplorerPro_on4pkfpc_wpftmp.csproj]
     3>C:\ExplorerPro\UI\FileTree\Utilities\VisualTreeHelper.cs(169,20): warning CS8603: Possible null reference return. [C:\ExplorerPro\ExplorerPro_on4pkfpc_wpftmp.csproj]
     3>C:\ExplorerPro\UI\FileTree\Commands\DragDropCommand.cs(379,34): warning CS8600: Converting null literal or possible null value to non-nullable type. [C:\ExplorerPro\ExplorerPro_on4pkfpc_wpftmp.csproj]
     3>C:\ExplorerPro\UI\FileTree\Commands\DragDropCommand.cs(382,37): warning CS8600: Converting null literal or possible null value to non-nullable type. [C:\ExplorerPro\ExplorerPro_on4pkfpc_wpftmp.csproj]
     3>C:\ExplorerPro\UI\FileTree\Commands\DragDropCommand.cs(383,40): warning CS8602: Dereference of a possibly null reference. [C:\ExplorerPro\ExplorerPro_on4pkfpc_wpftmp.csproj]
     3>C:\ExplorerPro\UI\Toolbar\Toolbar.xaml.cs(950,40): warning CS8603: Possible null reference return. [C:\ExplorerPro\ExplorerPro_on4pkfpc_wpftmp.csproj]
     3>C:\ExplorerPro\UI\Toolbar\Toolbar.xaml.cs(968,20): warning CS8603: Possible null reference return. [C:\ExplorerPro\ExplorerPro_on4pkfpc_wpftmp.csproj]
     3>C:\ExplorerPro\UI\FileTree\Commands\DragDropCommand.cs(411,27): warning CS8618: Non-nullable property 'SourcePath' must contain a non-null value when exiting constructor. Consider adding the 'required' modifier or declaring the property as nullable. [C:\ExplorerPro\ExplorerPro_on4pkfpc_wpftmp.csproj]
     3>C:\ExplorerPro\UI\FileTree\Commands\DragDropCommand.cs(412,27): warning CS8618: Non-nullable property 'TargetDirectory' must contain a non-null value when exiting constructor. Consider adding the 'required' modifier or declaring the property as nullable. [C:\ExplorerPro\ExplorerPro_on4pkfpc_wpftmp.csproj]
     3>C:\ExplorerPro\UI\FileTree\Commands\DragDropCommand.cs(413,27): warning CS8618: Non-nullable property 'TargetPath' must contain a non-null value when exiting constructor. Consider adding the 'required' modifier or declaring the property as nullable. [C:\ExplorerPro\ExplorerPro_on4pkfpc_wpftmp.csproj]
     3>C:\ExplorerPro\Models\MetadataManager.cs(92,36): warning CS8601: Possible null reference assignment. [C:\ExplorerPro\ExplorerPro_on4pkfpc_wpftmp.csproj]
     3>C:\ExplorerPro\Models\MetadataManager.cs(95,29): warning CS8602: Dereference of a possibly null reference. [C:\ExplorerPro\ExplorerPro_on4pkfpc_wpftmp.csproj]
     3>C:\ExplorerPro\UI\Controls\ChromeStyleTabControl.cs(1256,59): warning CS8622: Nullability of reference types in type of parameter 'sender' of 'void ChromeStyleTabControl.OnAnimationCompleted(object sender, EventArgs e)' doesn't match the target delegate 'EventHandler' (possibly because of nullability attributes). [C:\ExplorerPro\ExplorerPro_on4pkfpc_wpftmp.csproj]
     3>C:\ExplorerPro\UI\Controls\ChromeStyleTabControl.cs(1257,59): warning CS8622: Nullability of reference types in type of parameter 'sender' of 'void ChromeStyleTabControl.OnAnimationCompleted(object sender, EventArgs e)' doesn't match the target delegate 'EventHandler' (possibly because of nullability attributes). [C:\ExplorerPro\ExplorerPro_on4pkfpc_wpftmp.csproj]
     3>C:\ExplorerPro\Models\TabModelAdapter.cs(29,45): warning CS8622: Nullability of reference types in type of parameter 'sender' of 'void TabModelAdapter.OnSourceModelPropertyChanged(object sender, PropertyChangedEventArgs e)' doesn't match the target delegate 'PropertyChangedEventHandler' (possibly because of nullability attributes). [C:\ExplorerPro\ExplorerPro_on4pkfpc_wpftmp.csproj]
     3>C:\ExplorerPro\UI\MainWindow\MainWindowTabIntegration.cs(59,34): warning CS8625: Cannot convert null literal to non-nullable reference type. [C:\ExplorerPro\ExplorerPro_on4pkfpc_wpftmp.csproj]
     3>C:\ExplorerPro\UI\MainWindow\MainWindowTabIntegration.cs(46,16): warning CS8618: Non-nullable field '_unifiedTabService' must contain a non-null value when exiting constructor. Consider adding the 'required' modifier or declaring the field as nullable. [C:\ExplorerPro\ExplorerPro_on4pkfpc_wpftmp.csproj]
     3>C:\ExplorerPro\UI\MainWindow\MainWindowTabIntegration.cs(46,16): warning CS8618: Non-nullable field '_logger' must contain a non-null value when exiting constructor. Consider adding the 'required' modifier or declaring the field as nullable. [C:\ExplorerPro\ExplorerPro_on4pkfpc_wpftmp.csproj]
     3>C:\ExplorerPro\UI\FileTree\Utilities\VisualTreeHelper.cs(211,40): warning CS8603: Possible null reference return. [C:\ExplorerPro\ExplorerPro_on4pkfpc_wpftmp.csproj]
     3>C:\ExplorerPro\UI\FileTree\Utilities\VisualTreeHelper.cs(230,20): warning CS8603: Possible null reference return. [C:\ExplorerPro\ExplorerPro_on4pkfpc_wpftmp.csproj]
     3>C:\ExplorerPro\Models\MetadataManager.cs(140,47): warning CS8604: Possible null reference argument for parameter 'path' in 'DirectoryInfo Directory.CreateDirectory(string path)'. [C:\ExplorerPro\ExplorerPro_on4pkfpc_wpftmp.csproj]
     3>C:\ExplorerPro\UI\FileTree\Utilities\VisualTreeHelper.cs(246,20): warning CS8603: Possible null reference return. [C:\ExplorerPro\ExplorerPro_on4pkfpc_wpftmp.csproj]
     3>C:\ExplorerPro\Models\MetadataManager.cs(180,33): warning CS8601: Possible null reference assignment. [C:\ExplorerPro\ExplorerPro_on4pkfpc_wpftmp.csproj]
     3>C:\ExplorerPro\UI\MainWindow\MainWindowTabIntegration.cs(178,56): warning CS8604: Possible null reference argument for parameter 'tabId' in 'TabModel UnifiedTabService.GetModernTabById(string tabId)'. [C:\ExplorerPro\ExplorerPro_on4pkfpc_wpftmp.csproj]
     3>C:\ExplorerPro\UI\MainWindow\MainWindowTabIntegration.cs(187,56): warning CS8604: Possible null reference argument for parameter 'tabId' in 'TabModel UnifiedTabService.GetLegacyTabById(string tabId)'. [C:\ExplorerPro\ExplorerPro_on4pkfpc_wpftmp.csproj]
     3>C:\ExplorerPro\Models\TabModelAdapter.cs(239,42): warning CS8603: Possible null reference return. [C:\ExplorerPro\ExplorerPro_on4pkfpc_wpftmp.csproj]
     3>C:\ExplorerPro\UI\MainWindow\MainWindow.xaml.cs(380,62): warning CS8601: Possible null reference assignment. [C:\ExplorerPro\ExplorerPro_on4pkfpc_wpftmp.csproj]
     3>C:\ExplorerPro\Models\TabModelAdapter.cs(254,20): warning CS8603: Possible null reference return. [C:\ExplorerPro\ExplorerPro_on4pkfpc_wpftmp.csproj]
     3>C:\ExplorerPro\Models\TabModelAdapter.cs(269,49): warning CS8622: Nullability of reference types in type of parameter 'sender' of 'void TabModelAdapter.OnSourceModelPropertyChanged(object sender, PropertyChangedEventArgs e)' doesn't match the target delegate 'PropertyChangedEventHandler' (possibly because of nullability attributes). [C:\ExplorerPro\ExplorerPro_on4pkfpc_wpftmp.csproj]
     3>C:\ExplorerPro\UI\FileTree\Utilities\VisualTreeHelper.cs(395,20): warning CS8603: Possible null reference return. [C:\ExplorerPro\ExplorerPro_on4pkfpc_wpftmp.csproj]
     3>C:\ExplorerPro\Models\TabModel.cs(46,16): warning CS8618: Non-nullable field '_content' must contain a non-null value when exiting constructor. Consider adding the 'required' modifier or declaring the field as nullable. [C:\ExplorerPro\ExplorerPro_on4pkfpc_wpftmp.csproj]
     3>C:\ExplorerPro\Models\TabModel.cs(46,16): warning CS8618: Non-nullable event 'PropertyChanged' must contain a non-null value when exiting constructor. Consider adding the 'required' modifier or declaring the event as nullable. [C:\ExplorerPro\ExplorerPro_on4pkfpc_wpftmp.csproj]
     3>C:\ExplorerPro\UI\FileTree\ContextMenuProvider.cs(516,28): warning CS8603: Possible null reference return. [C:\ExplorerPro\ExplorerPro_on4pkfpc_wpftmp.csproj]
     3>C:\ExplorerPro\UI\FileTree\Utilities\VisualTreeHelper.cs(448,24): warning CS8603: Possible null reference return. [C:\ExplorerPro\ExplorerPro_on4pkfpc_wpftmp.csproj]
     3>C:\ExplorerPro\UI\MainWindow\MainWindow.xaml.cs(686,44): warning CS8603: Possible null reference return. [C:\ExplorerPro\ExplorerPro_on4pkfpc_wpftmp.csproj]
     3>C:\ExplorerPro\UI\MainWindow\MainWindow.xaml.cs(687,45): warning CS8603: Possible null reference return. [C:\ExplorerPro\ExplorerPro_on4pkfpc_wpftmp.csproj]
     3>C:\ExplorerPro\UI\MainWindow\MainWindow.xaml.cs(688,48): warning CS8603: Possible null reference return. [C:\ExplorerPro\ExplorerPro_on4pkfpc_wpftmp.csproj]
     3>C:\ExplorerPro\UI\MainWindow\MainWindow.xaml.cs(689,48): warning CS8603: Possible null reference return. [C:\ExplorerPro\ExplorerPro_on4pkfpc_wpftmp.csproj]
     3>C:\ExplorerPro\UI\Controls\TabVirtualizationManager.cs(673,16): warning CS8618: Non-nullable property 'HibernationData' must contain a non-null value when exiting constructor. Consider adding the 'required' modifier or declaring the property as nullable. [C:\ExplorerPro\ExplorerPro_on4pkfpc_wpftmp.csproj]
     3>C:\ExplorerPro\UI\Controls\TabVirtualizationManager.cs(682,31): warning CS8625: Cannot convert null literal to non-nullable reference type. [C:\ExplorerPro\ExplorerPro_on4pkfpc_wpftmp.csproj]
     3>C:\ExplorerPro\UI\Panels\ToDoPanel\ToDoPanel.xaml.cs(760,16): warning CS8618: Non-nullable field '_text' must contain a non-null value when exiting constructor. Consider adding the 'required' modifier or declaring the field as nullable. [C:\ExplorerPro\ExplorerPro_on4pkfpc_wpftmp.csproj]
     3>C:\ExplorerPro\UI\Panels\ToDoPanel\ToDoPanel.xaml.cs(760,16): warning CS8618: Non-nullable field '_category' must contain a non-null value when exiting constructor. Consider adding the 'required' modifier or declaring the field as nullable. [C:\ExplorerPro\ExplorerPro_on4pkfpc_wpftmp.csproj]
     3>C:\ExplorerPro\UI\Panels\ToDoPanel\ToDoPanel.xaml.cs(760,16): warning CS8618: Non-nullable field '_recurrencePattern' must contain a non-null value when exiting constructor. Consider adding the 'required' modifier or declaring the field as nullable. [C:\ExplorerPro\ExplorerPro_on4pkfpc_wpftmp.csproj]
     3>C:\ExplorerPro\UI\Panels\ToDoPanel\ToDoPanel.xaml.cs(760,16): warning CS8618: Non-nullable field '_notes' must contain a non-null value when exiting constructor. Consider adding the 'required' modifier or declaring the field as nullable. [C:\ExplorerPro\ExplorerPro_on4pkfpc_wpftmp.csproj]
     3>C:\ExplorerPro\UI\Panels\ToDoPanel\ToDoPanel.xaml.cs(760,16): warning CS8618: Non-nullable event 'PropertyChanged' must contain a non-null value when exiting constructor. Consider adding the 'required' modifier or declaring the event as nullable. [C:\ExplorerPro\ExplorerPro_on4pkfpc_wpftmp.csproj]
     3>C:\ExplorerPro\UI\MainWindow\MainWindowTabIntegration.cs(308,58): warning CS8622: Nullability of reference types in type of parameter 'sender' of 'void MainWindowTabIntegration.OnChromeTabNewRequested(object sender, NewTabRequestedEventArgs e)' doesn't match the target delegate 'EventHandler<NewTabRequestedEventArgs>' (possibly because of nullability attributes). [C:\ExplorerPro\ExplorerPro_on4pkfpc_wpftmp.csproj]
     3>C:\ExplorerPro\UI\MainWindow\MainWindowTabIntegration.cs(309,60): warning CS8622: Nullability of reference types in type of parameter 'sender' of 'void MainWindowTabIntegration.OnChromeTabCloseRequested(object sender, TabCloseRequestedEventArgs e)' doesn't match the target delegate 'EventHandler<TabCloseRequestedEventArgs>' (possibly because of nullability attributes). [C:\ExplorerPro\ExplorerPro_on4pkfpc_wpftmp.csproj]
     3>C:\ExplorerPro\UI\FileTree\Utilities\VisualTreeHelper.cs(35,46): warning CS8603: Possible null reference return. [C:\ExplorerPro\ExplorerPro_on4pkfpc_wpftmp.csproj]
     3>C:\ExplorerPro\UI\FileTree\Utilities\VisualTreeHelper.cs(43,54): warning CS8600: Converting null literal or possible null value to non-nullable type. [C:\ExplorerPro\ExplorerPro_on4pkfpc_wpftmp.csproj]
     3>C:\ExplorerPro\UI\FileTree\Utilities\VisualTreeHelper.cs(50,24): warning CS8603: Possible null reference return. [C:\ExplorerPro\ExplorerPro_on4pkfpc_wpftmp.csproj]
     3>C:\ExplorerPro\UI\Panels\ToDoPanel\ToDoPanel.xaml.cs(599,20): warning CS8603: Possible null reference return. [C:\ExplorerPro\ExplorerPro_on4pkfpc_wpftmp.csproj]
     3>C:\ExplorerPro\UI\PaneManagement\PaneManager.xaml.cs(207,43): warning CS8604: Possible null reference argument for parameter 'child' in 'TabItem PaneManager.FindParent<TabItem>(DependencyObject child)'. [C:\ExplorerPro\ExplorerPro_on4pkfpc_wpftmp.csproj]
     3>C:\ExplorerPro\UI\Controls\ChromeStyleTabControl.cs(1431,55): warning CS8622: Nullability of reference types in type of parameter 'sender' of 'void ChromeStyleTabControl.OnAnimationCompleted(object sender, EventArgs e)' doesn't match the target delegate 'EventHandler' (possibly because of nullability attributes). [C:\ExplorerPro\ExplorerPro_on4pkfpc_wpftmp.csproj]
     3>C:\ExplorerPro\UI\Controls\ChromeStyleTabControl.cs(1432,55): warning CS8622: Nullability of reference types in type of parameter 'sender' of 'void ChromeStyleTabControl.OnAnimationCompleted(object sender, EventArgs e)' doesn't match the target delegate 'EventHandler' (possibly because of nullability attributes). [C:\ExplorerPro\ExplorerPro_on4pkfpc_wpftmp.csproj]
     3>C:\ExplorerPro\UI\PaneManagement\PaneManager.xaml.cs(252,46): warning CS8603: Possible null reference return. [C:\ExplorerPro\ExplorerPro_on4pkfpc_wpftmp.csproj]
     3>C:\ExplorerPro\UI\PaneManagement\PaneManager.xaml.cs(254,24): warning CS8600: Converting null literal or possible null value to non-nullable type. [C:\ExplorerPro\ExplorerPro_on4pkfpc_wpftmp.csproj]
     3>C:\ExplorerPro\UI\FileTree\ContextMenuProvider.cs(724,37): warning CS8600: Converting null literal or possible null value to non-nullable type. [C:\ExplorerPro\ExplorerPro_on4pkfpc_wpftmp.csproj]
     3>C:\ExplorerPro\UI\Panels\ToDoPanel\ToDoPanel.xaml.cs(65,16): warning CS8618: Non-nullable event 'PropertyChanged' must contain a non-null value when exiting constructor. Consider adding the 'required' modifier or declaring the event as nullable. [C:\ExplorerPro\ExplorerPro_on4pkfpc_wpftmp.csproj]
     3>C:\ExplorerPro\UI\Panels\ToDoPanel\ToDoPanel.xaml.cs(65,16): warning CS8618: Non-nullable field '_logger' must contain a non-null value when exiting constructor. Consider adding the 'required' modifier or declaring the field as nullable. [C:\ExplorerPro\ExplorerPro_on4pkfpc_wpftmp.csproj]
     3>C:\ExplorerPro\UI\Panels\ToDoPanel\ToDoPanel.xaml.cs(65,16): warning CS8618: Non-nullable field '_tasks' must contain a non-null value when exiting constructor. Consider adding the 'required' modifier or declaring the field as nullable. [C:\ExplorerPro\ExplorerPro_on4pkfpc_wpftmp.csproj]
     3>C:\ExplorerPro\UI\PaneManagement\PaneManager.xaml.cs(288,43): warning CS8622: Nullability of reference types in type of parameter 'sender' of 'void PaneManager.OnFileTreePropertyChanged(object sender, PropertyChangedEventArgs e)' doesn't match the target delegate 'PropertyChangedEventHandler' (possibly because of nullability attributes). [C:\ExplorerPro\ExplorerPro_on4pkfpc_wpftmp.csproj]
     3>C:\ExplorerPro\UI\FileTree\ContextMenuProvider.cs(755,29): warning CS8600: Converting null literal or possible null value to non-nullable type. [C:\ExplorerPro\ExplorerPro_on4pkfpc_wpftmp.csproj]
     3>C:\ExplorerPro\UI\FileTree\ContextMenuProvider.cs(756,51): warning CS8604: Possible null reference argument for parameter 'targetPath' in 'Task<bool> FileOperationHandler.PasteItemsAsync(string targetPath)'. [C:\ExplorerPro\ExplorerPro_on4pkfpc_wpftmp.csproj]
     3>C:\ExplorerPro\Models\MetadataManager.cs(469,28): warning CS8625: Cannot convert null literal to non-nullable reference type. [C:\ExplorerPro\ExplorerPro_on4pkfpc_wpftmp.csproj]
     3>C:\ExplorerPro\UI\MainWindow\MainWindow.xaml.cs(878,17): warning CS8618: Non-nullable field '_metadataManager' must contain a non-null value when exiting constructor. Consider adding the 'required' modifier or declaring the field as nullable. [C:\ExplorerPro\ExplorerPro_on4pkfpc_wpftmp.csproj]
     3>C:\ExplorerPro\UI\MainWindow\MainWindow.xaml.cs(878,17): warning CS8618: Non-nullable field '_mainTabsControl' must contain a non-null value when exiting constructor. Consider adding the 'required' modifier or declaring the field as nullable. [C:\ExplorerPro\ExplorerPro_on4pkfpc_wpftmp.csproj]
     3>C:\ExplorerPro\UI\MainWindow\MainWindow.xaml.cs(878,17): warning CS8618: Non-nullable field '_windowManager' must contain a non-null value when exiting constructor. Consider adding the 'required' modifier or declaring the field as nullable. [C:\ExplorerPro\ExplorerPro_on4pkfpc_wpftmp.csproj]
     3>C:\ExplorerPro\UI\MainWindow\MainWindow.xaml.cs(878,17): warning CS8618: Non-nullable field '_tabOperationsManager' must contain a non-null value when exiting constructor. Consider adding the 'required' modifier or declaring the field as nullable. [C:\ExplorerPro\ExplorerPro_on4pkfpc_wpftmp.csproj]
     3>C:\ExplorerPro\UI\MainWindow\MainWindow.xaml.cs(878,17): warning CS8618: Non-nullable field '_dragDropService' must contain a non-null value when exiting constructor. Consider adding the 'required' modifier or declaring the field as nullable. [C:\ExplorerPro\ExplorerPro_on4pkfpc_wpftmp.csproj]
     3>C:\ExplorerPro\UI\MainWindow\MainWindow.xaml.cs(878,17): warning CS8618: Non-nullable field '_tabIntegrationBridge' must contain a non-null value when exiting constructor. Consider adding the 'required' modifier or declaring the field as nullable. [C:\ExplorerPro\ExplorerPro_on4pkfpc_wpftmp.csproj]
     3>C:\ExplorerPro\Models\MetadataManager.cs(626,70): warning CS8600: Converting null literal or possible null value to non-nullable type. [C:\ExplorerPro\ExplorerPro_on4pkfpc_wpftmp.csproj]
     3>C:\ExplorerPro\Models\MetadataManager.cs(626,24): warning CS8603: Possible null reference return. [C:\ExplorerPro\ExplorerPro_on4pkfpc_wpftmp.csproj]
     3>C:\ExplorerPro\UI\Controls\ChromeStyleTabControl.cs(1650,58): warning CS8622: Nullability of reference types in type of parameter 'sender' of 'void ChromeStyleTabControl.OnDragEndAnimationCompleted(object sender, EventArgs e)' doesn't match the target delegate 'EventHandler' (possibly because of nullability attributes). [C:\ExplorerPro\ExplorerPro_on4pkfpc_wpftmp.csproj]
     3>C:\ExplorerPro\UI\Controls\ChromeStyleTabControl.cs(1651,58): warning CS8622: Nullability of reference types in type of parameter 'sender' of 'void ChromeStyleTabControl.OnDragEndAnimationCompleted(object sender, EventArgs e)' doesn't match the target delegate 'EventHandler' (possibly because of nullability attributes). [C:\ExplorerPro\ExplorerPro_on4pkfpc_wpftmp.csproj]
     3>C:\ExplorerPro\UI\Controls\ChromeStyleTabControl.cs(1672,62): warning CS8622: Nullability of reference types in type of parameter 'sender' of 'void ChromeStyleTabControl.OnDragVisualFadeOutCompleted(object sender, EventArgs e)' doesn't match the target delegate 'EventHandler' (possibly because of nullability attributes). [C:\ExplorerPro\ExplorerPro_on4pkfpc_wpftmp.csproj]
     3>C:\ExplorerPro\UI\Controls\ChromeStyleTabControl.cs(1673,62): warning CS8622: Nullability of reference types in type of parameter 'sender' of 'void ChromeStyleTabControl.OnDragVisualFadeOutCompleted(object sender, EventArgs e)' doesn't match the target delegate 'EventHandler' (possibly because of nullability attributes). [C:\ExplorerPro\ExplorerPro_on4pkfpc_wpftmp.csproj]
     3>C:\ExplorerPro\UI\Controls\ChromeStyleTabControl.cs(1697,41): warning CS8625: Cannot convert null literal to non-nullable reference type. [C:\ExplorerPro\ExplorerPro_on4pkfpc_wpftmp.csproj]
     3>C:\ExplorerPro\UI\FileTree\ContextMenuProvider.cs(762,29): warning CS8600: Converting null literal or possible null value to non-nullable type. [C:\ExplorerPro\ExplorerPro_on4pkfpc_wpftmp.csproj]
     3>C:\ExplorerPro\UI\FileTree\ContextMenuProvider.cs(763,51): warning CS8604: Possible null reference argument for parameter 'targetPath' in 'Task<bool> FileOperationHandler.PasteItemsAsync(string targetPath)'. [C:\ExplorerPro\ExplorerPro_on4pkfpc_wpftmp.csproj]
     3>C:\ExplorerPro\Models\TabModel.cs(435,28): warning CS8625: Cannot convert null literal to non-nullable reference type. [C:\ExplorerPro\ExplorerPro_on4pkfpc_wpftmp.csproj]
     3>C:\ExplorerPro\UI\FileTree\Commands\FileOperationHandler.cs(302,33): warning CS8600: Converting null literal or possible null value to non-nullable type. [C:\ExplorerPro\ExplorerPro_on4pkfpc_wpftmp.csproj]
     3>C:\ExplorerPro\UI\Panels\ToDoPanel\ToDoPanel.xaml.cs(210,36): warning CS8600: Converting null literal or possible null value to non-nullable type. [C:\ExplorerPro\ExplorerPro_on4pkfpc_wpftmp.csproj]
     3>C:\ExplorerPro\UI\Panels\ToDoPanel\ToDoPanel.xaml.cs(301,20): warning CS8603: Possible null reference return. [C:\ExplorerPro\ExplorerPro_on4pkfpc_wpftmp.csproj]
     3>C:\ExplorerPro\Core\Threading\ThreadSafeTabOperations.cs(40,16): warning CS8618: Non-nullable field '_logger' must contain a non-null value when exiting constructor. Consider adding the 'required' modifier or declaring the field as nullable. [C:\ExplorerPro\ExplorerPro_on4pkfpc_wpftmp.csproj]
     3>C:\ExplorerPro\Models\MetadataManager.cs(971,16): warning CS8618: Non-nullable property 'Path' must contain a non-null value when exiting constructor. Consider adding the 'required' modifier or declaring the property as nullable. [C:\ExplorerPro\ExplorerPro_on4pkfpc_wpftmp.csproj]
     3>C:\ExplorerPro\Models\MetadataManager.cs(971,16): warning CS8618: Non-nullable property 'Color' must contain a non-null value when exiting constructor. Consider adding the 'required' modifier or declaring the property as nullable. [C:\ExplorerPro\ExplorerPro_on4pkfpc_wpftmp.csproj]
     3>C:\ExplorerPro\Models\MetadataManager.cs(818,64): warning CS8600: Converting null literal or possible null value to non-nullable type. [C:\ExplorerPro\ExplorerPro_on4pkfpc_wpftmp.csproj]
     3>C:\ExplorerPro\UI\Controls\TabVirtualizationManager.cs(79,43): warning CS8622: Nullability of reference types in type of parameter 'state' of 'void TabVirtualizationManager.ProcessHibernationQueue(object state)' doesn't match the target delegate 'TimerCallback' (possibly because of nullability attributes). [C:\ExplorerPro\ExplorerPro_on4pkfpc_wpftmp.csproj]
     3>C:\ExplorerPro\UI\Controls\TabVirtualizationManager.cs(86,35): warning CS8622: Nullability of reference types in type of parameter 'sender' of 'void TabVirtualizationManager.OnCleanupTimer(object sender, EventArgs e)' doesn't match the target delegate 'EventHandler' (possibly because of nullability attributes). [C:\ExplorerPro\ExplorerPro_on4pkfpc_wpftmp.csproj]
     3>C:\ExplorerPro\UI\Controls\TabVirtualizationManager.cs(92,56): warning CS8622: Nullability of reference types in type of parameter 'sender' of 'void TabVirtualizationManager.OnHighMemoryPressure(object sender, MemoryPressureEventArgs e)' doesn't match the target delegate 'EventHandler<MemoryPressureEventArgs>' (possibly because of nullability attributes). [C:\ExplorerPro\ExplorerPro_on4pkfpc_wpftmp.csproj]
     3>C:\ExplorerPro\UI\Controls\TabVirtualizationManager.cs(93,63): warning CS8622: Nullability of reference types in type of parameter 'sender' of 'void TabVirtualizationManager.OnFrequentGarbageCollection(object sender, GarbageCollectionEventArgs e)' doesn't match the target delegate 'EventHandler<GarbageCollectionEventArgs>' (possibly because of nullability attributes). [C:\ExplorerPro\ExplorerPro_on4pkfpc_wpftmp.csproj]
     3>C:\ExplorerPro\UI\Controls\TabVirtualizationManager.cs(56,16): warning CS8618: Non-nullable field '_logger' must contain a non-null value when exiting constructor. Consider adding the 'required' modifier or declaring the field as nullable. [C:\ExplorerPro\ExplorerPro_on4pkfpc_wpftmp.csproj]
     3>C:\ExplorerPro\UI\Controls\TabVirtualizationManager.cs(56,16): warning CS8618: Non-nullable field '_resourceMonitor' must contain a non-null value when exiting constructor. Consider adding the 'required' modifier or declaring the field as nullable. [C:\ExplorerPro\ExplorerPro_on4pkfpc_wpftmp.csproj]
     3>C:\ExplorerPro\UI\Controls\TabVirtualizationManager.cs(56,16): warning CS8618: Non-nullable event 'TabHibernated' must contain a non-null value when exiting constructor. Consider adding the 'required' modifier or declaring the event as nullable. [C:\ExplorerPro\ExplorerPro_on4pkfpc_wpftmp.csproj]
     3>C:\ExplorerPro\UI\Controls\TabVirtualizationManager.cs(56,16): warning CS8618: Non-nullable event 'TabReactivated' must contain a non-null value when exiting constructor. Consider adding the 'required' modifier or declaring the event as nullable. [C:\ExplorerPro\ExplorerPro_on4pkfpc_wpftmp.csproj]
     3>C:\ExplorerPro\UI\Controls\TabVirtualizationManager.cs(56,16): warning CS8618: Non-nullable event 'StatsUpdated' must contain a non-null value when exiting constructor. Consider adding the 'required' modifier or declaring the event as nullable. [C:\ExplorerPro\ExplorerPro_on4pkfpc_wpftmp.csproj]
     3>C:\ExplorerPro\UI\MainWindow\MainWindow.xaml.cs(933,42): warning CS8600: Converting null literal or possible null value to non-nullable type. [C:\ExplorerPro\ExplorerPro_on4pkfpc_wpftmp.csproj]
     3>C:\ExplorerPro\UI\FileTree\ContextMenuProvider.cs(865,56): warning CS8625: Cannot convert null literal to non-nullable reference type. [C:\ExplorerPro\ExplorerPro_on4pkfpc_wpftmp.csproj]
     3>C:\ExplorerPro\UI\FileTree\ContextMenuProvider.cs(873,54): warning CS8625: Cannot convert null literal to non-nullable reference type. [C:\ExplorerPro\ExplorerPro_on4pkfpc_wpftmp.csproj]
     3>C:\ExplorerPro\UI\FileTree\ContextMenuProvider.cs(874,55): warning CS8625: Cannot convert null literal to non-nullable reference type. [C:\ExplorerPro\ExplorerPro_on4pkfpc_wpftmp.csproj]
     3>C:\ExplorerPro\UI\FileTree\ContextMenuProvider.cs(879,62): warning CS8625: Cannot convert null literal to non-nullable reference type. [C:\ExplorerPro\ExplorerPro_on4pkfpc_wpftmp.csproj]
     3>C:\ExplorerPro\UI\MainWindow\MainWindowContainer.xaml.cs(432,25): warning CS8602: Dereference of a possibly null reference. [C:\ExplorerPro\ExplorerPro_on4pkfpc_wpftmp.csproj]
     3>C:\ExplorerPro\UI\FileTree\Commands\FileOperationHandler.cs(564,36): warning CS8600: Converting null literal or possible null value to non-nullable type. [C:\ExplorerPro\ExplorerPro_on4pkfpc_wpftmp.csproj]
     3>C:\ExplorerPro\UI\FileTree\Commands\FileOperationHandler.cs(636,49): warning CS8625: Cannot convert null literal to non-nullable reference type. [C:\ExplorerPro\ExplorerPro_on4pkfpc_wpftmp.csproj]
     3>C:\ExplorerPro\UI\FileTree\Commands\FileOperationHandler.cs(637,59): warning CS8625: Cannot convert null literal to non-nullable reference type. [C:\ExplorerPro\ExplorerPro_on4pkfpc_wpftmp.csproj]
     3>C:\ExplorerPro\UI\FileTree\Commands\FileOperationHandler.cs(638,38): warning CS8625: Cannot convert null literal to non-nullable reference type. [C:\ExplorerPro\ExplorerPro_on4pkfpc_wpftmp.csproj]
     3>C:\ExplorerPro\UI\FileTree\Commands\FileOperationHandler.cs(639,38): warning CS8625: Cannot convert null literal to non-nullable reference type. [C:\ExplorerPro\ExplorerPro_on4pkfpc_wpftmp.csproj]
     3>C:\ExplorerPro\UI\FileTree\TreeViewItemExtensions.cs(58,42): warning CS8600: Converting null literal or possible null value to non-nullable type. [C:\ExplorerPro\ExplorerPro_on4pkfpc_wpftmp.csproj]
     3>C:\ExplorerPro\UI\Controls\TabVirtualizationManager.cs(344,46): warning CS8625: Cannot convert null literal to non-nullable reference type. [C:\ExplorerPro\ExplorerPro_on4pkfpc_wpftmp.csproj]
     3>C:\ExplorerPro\UI\FileTree\TreeViewItemExtensions.cs(104,20): warning CS8603: Possible null reference return. [C:\ExplorerPro\ExplorerPro_on4pkfpc_wpftmp.csproj]
     3>C:\ExplorerPro\UI\FileTree\ContextMenuProvider.cs(1008,62): warning CS8625: Cannot convert null literal to non-nullable reference type. [C:\ExplorerPro\ExplorerPro_on4pkfpc_wpftmp.csproj]
     3>C:\ExplorerPro\UI\FileTree\ContextMenuProvider.cs(1026,41): warning CS8600: Converting null literal or possible null value to non-nullable type. [C:\ExplorerPro\ExplorerPro_on4pkfpc_wpftmp.csproj]
     3>C:\ExplorerPro\UI\FileTree\ContextMenuProvider.cs(1035,66): warning CS8625: Cannot convert null literal to non-nullable reference type. [C:\ExplorerPro\ExplorerPro_on4pkfpc_wpftmp.csproj]
     3>C:\ExplorerPro\UI\FileTree\ContextMenuProvider.cs(1038,50): warning CS8625: Cannot convert null literal to non-nullable reference type. [C:\ExplorerPro\ExplorerPro_on4pkfpc_wpftmp.csproj]
     3>C:\ExplorerPro\UI\FileTree\ContextMenuProvider.cs(1041,67): warning CS8625: Cannot convert null literal to non-nullable reference type. [C:\ExplorerPro\ExplorerPro_on4pkfpc_wpftmp.csproj]
     3>C:\ExplorerPro\UI\Controls\ChromeStyleTabControl.cs(1916,24): warning CS8603: Possible null reference return. [C:\ExplorerPro\ExplorerPro_on4pkfpc_wpftmp.csproj]
     3>C:\ExplorerPro\UI\FileTree\ContextMenuProvider.cs(1148,72): warning CS8625: Cannot convert null literal to non-nullable reference type. [C:\ExplorerPro\ExplorerPro_on4pkfpc_wpftmp.csproj]
     3>C:\ExplorerPro\Core\Threading\ThreadSafeTabOperations.cs(269,24): warning CS8603: Possible null reference return. [C:\ExplorerPro\ExplorerPro_on4pkfpc_wpftmp.csproj]
     3>C:\ExplorerPro\UI\MainWindow\MainWindow.xaml.cs(1391,39): warning CS1998: This async method lacks 'await' operators and will run synchronously. Consider using the 'await' operator to await non-blocking API calls, or 'await Task.Run(...)' to do CPU-bound work on a background thread. [C:\ExplorerPro\ExplorerPro_on4pkfpc_wpftmp.csproj]
     3>C:\ExplorerPro\UI\FileTree\ContextMenuProvider.cs(1183,44): warning CS8604: Possible null reference argument for parameter 'directoryPath' in 'void IFileTree.RefreshDirectory(string directoryPath)'. [C:\ExplorerPro\ExplorerPro_on4pkfpc_wpftmp.csproj]
     3>C:\ExplorerPro\Tests\Phase3ValidationTests.cs(225,39): warning CS8618: Non-nullable event 'TestEvent' must contain a non-null value when exiting constructor. Consider adding the 'required' modifier or declaring the event as nullable. [C:\ExplorerPro\ExplorerPro_on4pkfpc_wpftmp.csproj]
     3>C:\ExplorerPro\UI\Controls\ChromeStyleTabControl.cs(2191,37): warning CS8625: Cannot convert null literal to non-nullable reference type. [C:\ExplorerPro\ExplorerPro_on4pkfpc_wpftmp.csproj]
     3>C:\ExplorerPro\UI\Controls\ChromeStyleTabControl.cs(2208,27): warning CS8625: Cannot convert null literal to non-nullable reference type. [C:\ExplorerPro\ExplorerPro_on4pkfpc_wpftmp.csproj]
     3>C:\ExplorerPro\UI\Controls\ChromeStyleTabControl.cs(2210,37): warning CS8625: Cannot convert null literal to non-nullable reference type. [C:\ExplorerPro\ExplorerPro_on4pkfpc_wpftmp.csproj]
     3>C:\ExplorerPro\UI\FileTree\Services\SelectionService.cs(161,50): warning CS8603: Possible null reference return. [C:\ExplorerPro\ExplorerPro_on4pkfpc_wpftmp.csproj]
     3>C:\ExplorerPro\UI\FileTree\Services\SelectionService.cs(166,44): warning CS8603: Possible null reference return. [C:\ExplorerPro\ExplorerPro_on4pkfpc_wpftmp.csproj]
     3>C:\ExplorerPro\UI\Controls\ChromeStyleTabControl.cs(2223,24): warning CS8603: Possible null reference return. [C:\ExplorerPro\ExplorerPro_on4pkfpc_wpftmp.csproj]
     3>C:\ExplorerPro\UI\Controls\ChromeStyleTabControl.cs(2225,20): warning CS8603: Possible null reference return. [C:\ExplorerPro\ExplorerPro_on4pkfpc_wpftmp.csproj]
     3>C:\ExplorerPro\UI\FileTree\ContextMenuProvider.cs(1192,41): warning CS8604: Possible null reference argument for parameter 'targetPath' in 'void ContextMenuProvider.ExtractArchive(string archivePath, string targetPath)'. [C:\ExplorerPro\ExplorerPro_on4pkfpc_wpftmp.csproj]
     3>C:\ExplorerPro\UI\FileTree\Services\SelectionService.cs(186,41): warning CS8622: Nullability of reference types in type of parameter 'sender' of 'void SelectionService.OnDebounceTimerTick(object sender, EventArgs e)' doesn't match the target delegate 'EventHandler' (possibly because of nullability attributes). [C:\ExplorerPro\ExplorerPro_on4pkfpc_wpftmp.csproj]
     3>C:\ExplorerPro\UI\FileTree\Services\SelectionService.cs(172,16): warning CS8618: Non-nullable field '_lastSelectedItem' must contain a non-null value when exiting constructor. Consider adding the 'required' modifier or declaring the field as nullable. [C:\ExplorerPro\ExplorerPro_on4pkfpc_wpftmp.csproj]
     3>C:\ExplorerPro\UI\FileTree\Services\SelectionService.cs(172,16): warning CS8618: Non-nullable field '_anchorItem' must contain a non-null value when exiting constructor. Consider adding the 'required' modifier or declaring the field as nullable. [C:\ExplorerPro\ExplorerPro_on4pkfpc_wpftmp.csproj]
     3>C:\ExplorerPro\UI\FileTree\Services\SelectionService.cs(172,16): warning CS8618: Non-nullable field '_lastPattern' must contain a non-null value when exiting constructor. Consider adding the 'required' modifier or declaring the field as nullable. [C:\ExplorerPro\ExplorerPro_on4pkfpc_wpftmp.csproj]
     3>C:\ExplorerPro\UI\FileTree\ContextMenuProvider.cs(1222,36): warning CS8600: Converting null literal or possible null value to non-nullable type. [C:\ExplorerPro\ExplorerPro_on4pkfpc_wpftmp.csproj]
     3>C:\ExplorerPro\UI\FileTree\ContextMenuProvider.cs(1241,36): warning CS8600: Converting null literal or possible null value to non-nullable type. [C:\ExplorerPro\ExplorerPro_on4pkfpc_wpftmp.csproj]
     3>C:\ExplorerPro\UI\FileTree\ContextMenuProvider.cs(1260,36): warning CS8600: Converting null literal or possible null value to non-nullable type. [C:\ExplorerPro\ExplorerPro_on4pkfpc_wpftmp.csproj]
     3>C:\ExplorerPro\UI\FileTree\ContextMenuProvider.cs(1268,30): warning CS0168: The variable 'ex' is declared but never used [C:\ExplorerPro\ExplorerPro_on4pkfpc_wpftmp.csproj]
     3>C:\ExplorerPro\UI\Controls\ChromeStyleTabControl.cs(2278,28): warning CS8603: Possible null reference return. [C:\ExplorerPro\ExplorerPro_on4pkfpc_wpftmp.csproj]
     3>C:\ExplorerPro\UI\Controls\ChromeStyleTabControl.cs(2285,28): warning CS8603: Possible null reference return. [C:\ExplorerPro\ExplorerPro_on4pkfpc_wpftmp.csproj]
     3>C:\ExplorerPro\UI\Controls\ChromeStyleTabControl.cs(2318,24): warning CS8603: Possible null reference return. [C:\ExplorerPro\ExplorerPro_on4pkfpc_wpftmp.csproj]
     3>C:\ExplorerPro\UI\Controls\ChromeStyleTabControl.cs(2323,24): warning CS8603: Possible null reference return. [C:\ExplorerPro\ExplorerPro_on4pkfpc_wpftmp.csproj]
     3>C:\ExplorerPro\UI\FileTree\Services\SelectionService.cs(428,65): warning CS8603: Possible null reference return. [C:\ExplorerPro\ExplorerPro_on4pkfpc_wpftmp.csproj]
     3>C:\ExplorerPro\UI\FileTree\Services\SelectionService.cs(430,54): warning CS8600: Converting null literal or possible null value to non-nullable type. [C:\ExplorerPro\ExplorerPro_on4pkfpc_wpftmp.csproj]
     3>C:\ExplorerPro\UI\FileTree\Services\SelectionService.cs(435,20): warning CS8603: Possible null reference return. [C:\ExplorerPro\ExplorerPro_on4pkfpc_wpftmp.csproj]
     3>C:\ExplorerPro\UI\FileTree\ContextMenuProvider.cs(1283,36): warning CS8600: Converting null literal or possible null value to non-nullable type. [C:\ExplorerPro\ExplorerPro_on4pkfpc_wpftmp.csproj]
     3>C:\ExplorerPro\UI\Controls\TabVirtualizationManager.cs(403,28): warning CS1998: This async method lacks 'await' operators and will run synchronously. Consider using the 'await' operator to await non-blocking API calls, or 'await Task.Run(...)' to do CPU-bound work on a background thread. [C:\ExplorerPro\ExplorerPro_on4pkfpc_wpftmp.csproj]
     3>C:\ExplorerPro\UI\FileTree\ContextMenuProvider.cs(1317,40): warning CS8600: Converting null literal or possible null value to non-nullable type. [C:\ExplorerPro\ExplorerPro_on4pkfpc_wpftmp.csproj]
     3>C:\ExplorerPro\UI\FileTree\ContextMenuProvider.cs(1341,40): warning CS8600: Converting null literal or possible null value to non-nullable type. [C:\ExplorerPro\ExplorerPro_on4pkfpc_wpftmp.csproj]
     3>C:\ExplorerPro\Tests\Phase2ValidationTests.cs(203,34): warning CS1998: This async method lacks 'await' operators and will run synchronously. Consider using the 'await' operator to await non-blocking API calls, or 'await Task.Run(...)' to do CPU-bound work on a background thread. [C:\ExplorerPro\ExplorerPro_on4pkfpc_wpftmp.csproj]
     3>C:\ExplorerPro\Tests\Phase2ValidationTests.cs(236,25): warning CS8605: Unboxing a possibly null value. [C:\ExplorerPro\ExplorerPro_on4pkfpc_wpftmp.csproj]
     3>C:\ExplorerPro\UI\PaneManagement\PaneHistoryManager.cs(102,61): warning CS8600: Converting null literal or possible null value to non-nullable type. [C:\ExplorerPro\ExplorerPro_on4pkfpc_wpftmp.csproj]
     3>C:\ExplorerPro\UI\PaneManagement\PaneHistoryManager.cs(127,61): warning CS8600: Converting null literal or possible null value to non-nullable type. [C:\ExplorerPro\ExplorerPro_on4pkfpc_wpftmp.csproj]
     3>C:\ExplorerPro\UI\PaneManagement\PaneHistoryManager.cs(135,65): warning CS8600: Converting null literal or possible null value to non-nullable type. [C:\ExplorerPro\ExplorerPro_on4pkfpc_wpftmp.csproj]
     3>C:\ExplorerPro\Tests\Phase2ValidationTests.cs(262,25): warning CS8605: Unboxing a possibly null value. [C:\ExplorerPro\ExplorerPro_on4pkfpc_wpftmp.csproj]
     3>C:\ExplorerPro\UI\PaneManagement\PaneHistoryManager.cs(154,61): warning CS8600: Converting null literal or possible null value to non-nullable type. [C:\ExplorerPro\ExplorerPro_on4pkfpc_wpftmp.csproj]
     3>C:\ExplorerPro\UI\PaneManagement\PaneHistoryManager.cs(169,35): warning CS8603: Possible null reference return. [C:\ExplorerPro\ExplorerPro_on4pkfpc_wpftmp.csproj]
     3>C:\ExplorerPro\UI\PaneManagement\PaneHistoryManager.cs(173,61): warning CS8600: Converting null literal or possible null value to non-nullable type. [C:\ExplorerPro\ExplorerPro_on4pkfpc_wpftmp.csproj]
     3>C:\ExplorerPro\UI\PaneManagement\PaneHistoryManager.cs(178,24): warning CS8603: Possible null reference return. [C:\ExplorerPro\ExplorerPro_on4pkfpc_wpftmp.csproj]
     3>C:\ExplorerPro\UI\PaneManagement\PaneHistoryManager.cs(189,35): warning CS8603: Possible null reference return. [C:\ExplorerPro\ExplorerPro_on4pkfpc_wpftmp.csproj]
     3>C:\ExplorerPro\UI\PaneManagement\PaneHistoryManager.cs(193,61): warning CS8600: Converting null literal or possible null value to non-nullable type. [C:\ExplorerPro\ExplorerPro_on4pkfpc_wpftmp.csproj]
     3>C:\ExplorerPro\UI\PaneManagement\PaneHistoryManager.cs(198,24): warning CS8603: Possible null reference return. [C:\ExplorerPro\ExplorerPro_on4pkfpc_wpftmp.csproj]
     3>C:\ExplorerPro\UI\MainWindow\MainWindowContainer.xaml.cs(1390,36): warning CS8600: Converting null literal or possible null value to non-nullable type. [C:\ExplorerPro\ExplorerPro_on4pkfpc_wpftmp.csproj]
     3>C:\ExplorerPro\UI\MainWindow\MainWindowContainer.xaml.cs(1391,42): warning CS8600: Converting null literal or possible null value to non-nullable type. [C:\ExplorerPro\ExplorerPro_on4pkfpc_wpftmp.csproj]
     3>C:\ExplorerPro\UI\MainWindow\MainWindowContainer.xaml.cs(1392,41): warning CS8600: Converting null literal or possible null value to non-nullable type. [C:\ExplorerPro\ExplorerPro_on4pkfpc_wpftmp.csproj]
     3>C:\ExplorerPro\UI\MainWindow\MainWindowContainer.xaml.cs(1396,35): warning CS8600: Converting null literal or possible null value to non-nullable type. [C:\ExplorerPro\ExplorerPro_on4pkfpc_wpftmp.csproj]
     3>C:\ExplorerPro\UI\MainWindow\MainWindowContainer.xaml.cs(1402,35): warning CS8600: Converting null literal or possible null value to non-nullable type. [C:\ExplorerPro\ExplorerPro_on4pkfpc_wpftmp.csproj]
     3>C:\ExplorerPro\UI\MainWindow\MainWindowContainer.xaml.cs(1405,32): warning CS8600: Converting null literal or possible null value to non-nullable type. [C:\ExplorerPro\ExplorerPro_on4pkfpc_wpftmp.csproj]
     3>C:\ExplorerPro\UI\MainWindow\MainWindowContainer.xaml.cs(1428,73): warning CS8604: Possible null reference argument for parameter 'splitter' in 'void MainWindowContainer.SetSinglePanelLayout(Grid sidebarGrid, PanelInfo visiblePanel, GridSplitter splitter)'. [C:\ExplorerPro\ExplorerPro_on4pkfpc_wpftmp.csproj]
     3>C:\ExplorerPro\UI\MainWindow\MainWindowContainer.xaml.cs(1434,69): warning CS8604: Possible null reference argument for parameter 'splitter' in 'void MainWindowContainer.SetMultiPanelLayout(Grid sidebarGrid, List<PanelInfo> visiblePanels, GridSplitter splitter)'. [C:\ExplorerPro\ExplorerPro_on4pkfpc_wpftmp.csproj]
     3>C:\ExplorerPro\UI\PaneManagement\PaneHistoryManager.cs(209,35): warning CS8603: Possible null reference return. [C:\ExplorerPro\ExplorerPro_on4pkfpc_wpftmp.csproj]
     3>C:\ExplorerPro\UI\PaneManagement\PaneHistoryManager.cs(213,62): warning CS8600: Converting null literal or possible null value to non-nullable type. [C:\ExplorerPro\ExplorerPro_on4pkfpc_wpftmp.csproj]
     3>C:\ExplorerPro\UI\PaneManagement\PaneHistoryManager.cs(215,28): warning CS8603: Possible null reference return. [C:\ExplorerPro\ExplorerPro_on4pkfpc_wpftmp.csproj]
     3>C:\ExplorerPro\UI\PaneManagement\PaneHistoryManager.cs(221,28): warning CS8603: Possible null reference return. [C:\ExplorerPro\ExplorerPro_on4pkfpc_wpftmp.csproj]
     3>C:\ExplorerPro\UI\PaneManagement\PaneHistoryManager.cs(225,40): warning CS8600: Converting null literal or possible null value to non-nullable type. [C:\ExplorerPro\ExplorerPro_on4pkfpc_wpftmp.csproj]
     3>C:\ExplorerPro\UI\PaneManagement\PaneHistoryManager.cs(233,24): warning CS8603: Possible null reference return. [C:\ExplorerPro\ExplorerPro_on4pkfpc_wpftmp.csproj]
     3>C:\ExplorerPro\Tests\Phase2ValidationTests.cs(359,51): warning CS8625: Cannot convert null literal to non-nullable reference type. [C:\ExplorerPro\ExplorerPro_on4pkfpc_wpftmp.csproj]
     3>C:\ExplorerPro\Tests\Phase2ValidationTests.cs(360,46): warning CS8625: Cannot convert null literal to non-nullable reference type. [C:\ExplorerPro\ExplorerPro_on4pkfpc_wpftmp.csproj]
     3>C:\ExplorerPro\UI\Controls\TabVirtualizationManager.cs(513,31): warning CS8625: Cannot convert null literal to non-nullable reference type. [C:\ExplorerPro\ExplorerPro_on4pkfpc_wpftmp.csproj]
     3>C:\ExplorerPro\Core\Threading\ThreadSafeExtensions.cs(60,37): warning CS8603: Possible null reference return. [C:\ExplorerPro\ExplorerPro_on4pkfpc_wpftmp.csproj]
     3>C:\ExplorerPro\UI\PaneManagement\PaneHistoryManager.cs(443,20): warning CS8618: Non-nullable field '_currentEntry' must contain a non-null value when exiting constructor. Consider adding the 'required' modifier or declaring the field as nullable. [C:\ExplorerPro\ExplorerPro_on4pkfpc_wpftmp.csproj]
     3>C:\ExplorerPro\UI\Dialogs\FilePropertiesDialog.xaml.cs(40,28): warning CS8625: Cannot convert null literal to non-nullable reference type. [C:\ExplorerPro\ExplorerPro_on4pkfpc_wpftmp.csproj]
     3>C:\ExplorerPro\UI\Dialogs\FilePropertiesDialog.xaml.cs(45,29): warning CS8625: Cannot convert null literal to non-nullable reference type. [C:\ExplorerPro\ExplorerPro_on4pkfpc_wpftmp.csproj]
     3>C:\ExplorerPro\UI\Dialogs\FilePropertiesDialog.xaml.cs(27,16): warning CS8618: Non-nullable field '_fileInfo' must contain a non-null value when exiting constructor. Consider adding the 'required' modifier or declaring the field as nullable. [C:\ExplorerPro\ExplorerPro_on4pkfpc_wpftmp.csproj]
     3>C:\ExplorerPro\UI\Dialogs\FilePropertiesDialog.xaml.cs(27,16): warning CS8618: Non-nullable field '_dirInfo' must contain a non-null value when exiting constructor. Consider adding the 'required' modifier or declaring the field as nullable. [C:\ExplorerPro\ExplorerPro_on4pkfpc_wpftmp.csproj]
     3>C:\ExplorerPro\UI\Panels\BookmarksPanel\BookmarksPanel.xaml.cs(23,32): warning CS8601: Possible null reference assignment. [C:\ExplorerPro\ExplorerPro_on4pkfpc_wpftmp.csproj]
     3>C:\ExplorerPro\UI\Panels\BookmarksPanel\BookmarksPanel.xaml.cs(18,16): warning CS8618: Non-nullable field '_metadataManager' must contain a non-null value when exiting constructor. Consider adding the 'required' modifier or declaring the field as nullable. [C:\ExplorerPro\ExplorerPro_on4pkfpc_wpftmp.csproj]
     3>C:\ExplorerPro\UI\Panels\ProcoreLinksPanel\ProcoreLinksPanel.xaml.cs(1183,31): warning CS8601: Possible null reference assignment. [C:\ExplorerPro\ExplorerPro_on4pkfpc_wpftmp.csproj]
     3>C:\ExplorerPro\UI\Panels\ProcoreLinksPanel\ProcoreLinksPanel.xaml.cs(1133,16): warning CS8618: Non-nullable property 'SelectedTag' must contain a non-null value when exiting constructor. Consider adding the 'required' modifier or declaring the property as nullable. [C:\ExplorerPro\ExplorerPro_on4pkfpc_wpftmp.csproj]
     3>C:\ExplorerPro\UI\PaneManagement\PaneHistoryManager.cs(540,39): warning CS8603: Possible null reference return. [C:\ExplorerPro\ExplorerPro_on4pkfpc_wpftmp.csproj]
     3>C:\ExplorerPro\UI\PaneManagement\PaneHistoryManager.cs(544,50): warning CS8603: Possible null reference return. [C:\ExplorerPro\ExplorerPro_on4pkfpc_wpftmp.csproj]
     3>C:\ExplorerPro\UI\PaneManagement\PaneHistoryManager.cs(554,28): warning CS8603: Possible null reference return. [C:\ExplorerPro\ExplorerPro_on4pkfpc_wpftmp.csproj]
     3>C:\ExplorerPro\UI\Controls\ChromeTabSizingHelper.cs(237,20): warning CS8603: Possible null reference return. [C:\ExplorerPro\ExplorerPro_on4pkfpc_wpftmp.csproj]
     3>C:\ExplorerPro\UI\PaneManagement\PaneHistoryManager.cs(564,39): warning CS8603: Possible null reference return. [C:\ExplorerPro\ExplorerPro_on4pkfpc_wpftmp.csproj]
     3>C:\ExplorerPro\UI\PaneManagement\PaneHistoryManager.cs(568,57): warning CS8603: Possible null reference return. [C:\ExplorerPro\ExplorerPro_on4pkfpc_wpftmp.csproj]
     3>C:\ExplorerPro\UI\PaneManagement\PaneHistoryManager.cs(578,28): warning CS8603: Possible null reference return. [C:\ExplorerPro\ExplorerPro_on4pkfpc_wpftmp.csproj]
     3>C:\ExplorerPro\UI\Dialogs\FilePropertiesDialog.xaml.cs(139,61): warning CS8605: Unboxing a possibly null value. [C:\ExplorerPro\ExplorerPro_on4pkfpc_wpftmp.csproj]
     3>C:\ExplorerPro\UI\PaneManagement\PaneHistoryManager.cs(588,39): warning CS8603: Possible null reference return. [C:\ExplorerPro\ExplorerPro_on4pkfpc_wpftmp.csproj]
     3>C:\ExplorerPro\UI\PaneManagement\PaneHistoryManager.cs(592,28): warning CS8603: Possible null reference return. [C:\ExplorerPro\ExplorerPro_on4pkfpc_wpftmp.csproj]
     3>C:\ExplorerPro\UI\MainWindow\MainWindow.xaml.cs(1976,40): warning CS8600: Converting null literal or possible null value to non-nullable type. [C:\ExplorerPro\ExplorerPro_on4pkfpc_wpftmp.csproj]
     3>C:\ExplorerPro\UI\MainWindow\MainWindow.xaml.cs(1976,59): warning CS8600: Converting null literal or possible null value to non-nullable type. [C:\ExplorerPro\ExplorerPro_on4pkfpc_wpftmp.csproj]
     3>C:\ExplorerPro\UI\MainWindow\MainWindow.xaml.cs(1982,41): warning CS8600: Converting null literal or possible null value to non-nullable type. [C:\ExplorerPro\ExplorerPro_on4pkfpc_wpftmp.csproj]
     3>C:\ExplorerPro\UI\MainWindow\MainWindow.xaml.cs(1983,38): warning CS8600: Converting null literal or possible null value to non-nullable type. [C:\ExplorerPro\ExplorerPro_on4pkfpc_wpftmp.csproj]
     3>C:\ExplorerPro\UI\PaneManagement\DraggablePaneBar.cs(33,16): warning CS8618: Non-nullable field 'draggedTabItem' must contain a non-null value when exiting constructor. Consider adding the 'required' modifier or declaring the field as nullable. [C:\ExplorerPro\ExplorerPro_on4pkfpc_wpftmp.csproj]
     3>C:\ExplorerPro\UI\PaneManagement\DraggablePaneBar.cs(33,16): warning CS8618: Non-nullable event 'PaneDetached' must contain a non-null value when exiting constructor. Consider adding the 'required' modifier or declaring the event as nullable. [C:\ExplorerPro\ExplorerPro_on4pkfpc_wpftmp.csproj]
     3>C:\ExplorerPro\UI\Controls\ChromeStyleTabControl.cs(2334,28): warning CS8603: Possible null reference return. [C:\ExplorerPro\ExplorerPro_on4pkfpc_wpftmp.csproj]
     3>C:\ExplorerPro\UI\Controls\ChromeStyleTabControl.cs(2348,28): warning CS8603: Possible null reference return. [C:\ExplorerPro\ExplorerPro_on4pkfpc_wpftmp.csproj]
     3>C:\ExplorerPro\UI\Controls\ChromeStyleTabControl.cs(2352,24): warning CS8603: Possible null reference return. [C:\ExplorerPro\ExplorerPro_on4pkfpc_wpftmp.csproj]
     3>C:\ExplorerPro\UI\Controls\ChromeStyleTabControl.cs(2357,24): warning CS8603: Possible null reference return. [C:\ExplorerPro\ExplorerPro_on4pkfpc_wpftmp.csproj]
     3>C:\ExplorerPro\UI\PaneManagement\DraggablePaneBar.cs(88,30): warning CS8625: Cannot convert null literal to non-nullable reference type. [C:\ExplorerPro\ExplorerPro_on4pkfpc_wpftmp.csproj]
     3>C:\ExplorerPro\UI\Controls\ChromeStyleTabControl.cs(2377,41): warning CS8601: Possible null reference assignment. [C:\ExplorerPro\ExplorerPro_on4pkfpc_wpftmp.csproj]
     3>C:\ExplorerPro\UI\Controls\ChromeStyleTabControl.cs(2382,36): warning CS8601: Possible null reference assignment. [C:\ExplorerPro\ExplorerPro_on4pkfpc_wpftmp.csproj]
     3>C:\ExplorerPro\UI\PaneManagement\DraggablePaneBar.cs(127,34): warning CS8625: Cannot convert null literal to non-nullable reference type. [C:\ExplorerPro\ExplorerPro_on4pkfpc_wpftmp.csproj]
     3>C:\ExplorerPro\Core\TabManagement\WindowLocator.cs(38,24): warning CS8603: Possible null reference return. [C:\ExplorerPro\ExplorerPro_on4pkfpc_wpftmp.csproj]
     3>C:\ExplorerPro\Core\TabManagement\WindowLocator.cs(55,20): warning CS8603: Possible null reference return. [C:\ExplorerPro\ExplorerPro_on4pkfpc_wpftmp.csproj]
     3>C:\ExplorerPro\Core\TabManagement\VirtualizationTypes.cs(175,33): warning CS8618: Non-nullable property 'Stats' must contain a non-null value when exiting constructor. Consider adding the 'required' modifier or declaring the property as nullable. [C:\ExplorerPro\ExplorerPro_on4pkfpc_wpftmp.csproj]
     3>C:\ExplorerPro\UI\PaneManagement\DraggablePaneBar.cs(155,20): warning CS8603: Possible null reference return. [C:\ExplorerPro\ExplorerPro_on4pkfpc_wpftmp.csproj]
     3>C:\ExplorerPro\Core\TabManagement\VirtualizationTypes.cs(156,23): warning CS8618: Non-nullable property 'TabId' must contain a non-null value when exiting constructor. Consider adding the 'required' modifier or declaring the property as nullable. [C:\ExplorerPro\ExplorerPro_on4pkfpc_wpftmp.csproj]
     3>C:\ExplorerPro\Core\TabManagement\VirtualizationTypes.cs(147,23): warning CS8618: Non-nullable property 'TabId' must contain a non-null value when exiting constructor. Consider adding the 'required' modifier or declaring the property as nullable. [C:\ExplorerPro\ExplorerPro_on4pkfpc_wpftmp.csproj]
     3>C:\ExplorerPro\Core\TabManagement\VirtualizationTypes.cs(148,25): warning CS8618: Non-nullable property 'Tab' must contain a non-null value when exiting constructor. Consider adding the 'required' modifier or declaring the property as nullable. [C:\ExplorerPro\ExplorerPro_on4pkfpc_wpftmp.csproj]
     3>C:\ExplorerPro\UI\Controls\TabVirtualizationManager.cs(630,56): warning CS8622: Nullability of reference types in type of parameter 'sender' of 'void TabVirtualizationManager.OnHighMemoryPressure(object sender, MemoryPressureEventArgs e)' doesn't match the target delegate 'EventHandler<MemoryPressureEventArgs>' (possibly because of nullability attributes). [C:\ExplorerPro\ExplorerPro_on4pkfpc_wpftmp.csproj]
     3>C:\ExplorerPro\UI\Controls\TabVirtualizationManager.cs(631,63): warning CS8622: Nullability of reference types in type of parameter 'sender' of 'void TabVirtualizationManager.OnFrequentGarbageCollection(object sender, GarbageCollectionEventArgs e)' doesn't match the target delegate 'EventHandler<GarbageCollectionEventArgs>' (possibly because of nullability attributes). [C:\ExplorerPro\ExplorerPro_on4pkfpc_wpftmp.csproj]
     3>C:\ExplorerPro\Core\TabManagement\VirtualizationTypes.cs(138,23): warning CS8618: Non-nullable property 'TabId' must contain a non-null value when exiting constructor. Consider adding the 'required' modifier or declaring the property as nullable. [C:\ExplorerPro\ExplorerPro_on4pkfpc_wpftmp.csproj]
     3>C:\ExplorerPro\UI\PaneManagement\DraggablePaneBar.cs(175,24): warning CS8603: Possible null reference return. [C:\ExplorerPro\ExplorerPro_on4pkfpc_wpftmp.csproj]
     3>C:\ExplorerPro\UI\PaneManagement\DraggablePaneBar.cs(178,20): warning CS8603: Possible null reference return. [C:\ExplorerPro\ExplorerPro_on4pkfpc_wpftmp.csproj]
     3>C:\ExplorerPro\Core\TabManagement\VirtualizationTypes.cs(123,23): warning CS8618: Non-nullable property 'TabId' must contain a non-null value when exiting constructor. Consider adding the 'required' modifier or declaring the property as nullable. [C:\ExplorerPro\ExplorerPro_on4pkfpc_wpftmp.csproj]
     3>C:\ExplorerPro\Core\TabManagement\VirtualizationTypes.cs(124,23): warning CS8618: Non-nullable property 'OriginalTitle' must contain a non-null value when exiting constructor. Consider adding the 'required' modifier or declaring the property as nullable. [C:\ExplorerPro\ExplorerPro_on4pkfpc_wpftmp.csproj]
     3>C:\ExplorerPro\Core\TabManagement\VirtualizationTypes.cs(125,23): warning CS8618: Non-nullable property 'OriginalPath' must contain a non-null value when exiting constructor. Consider adding the 'required' modifier or declaring the property as nullable. [C:\ExplorerPro\ExplorerPro_on4pkfpc_wpftmp.csproj]
     3>C:\ExplorerPro\Core\TabManagement\VirtualizationTypes.cs(128,23): warning CS8618: Non-nullable property 'Metadata' must contain a non-null value when exiting constructor. Consider adding the 'required' modifier or declaring the property as nullable. [C:\ExplorerPro\ExplorerPro_on4pkfpc_wpftmp.csproj]
     3>C:\ExplorerPro\Core\TabManagement\VirtualizationTypes.cs(131,33): warning CS8618: Non-nullable property 'MemoryProfile' must contain a non-null value when exiting constructor. Consider adding the 'required' modifier or declaring the property as nullable. [C:\ExplorerPro\ExplorerPro_on4pkfpc_wpftmp.csproj]
     3>C:\ExplorerPro\Core\TabManagement\VirtualizationTypes.cs(133,23): warning CS8618: Non-nullable property 'ExtendedState' must contain a non-null value when exiting constructor. Consider adding the 'required' modifier or declaring the property as nullable. [C:\ExplorerPro\ExplorerPro_on4pkfpc_wpftmp.csproj]
     3>C:\ExplorerPro\Core\TabManagement\VirtualizationTypes.cs(83,23): warning CS8618: Non-nullable property 'TabId' must contain a non-null value when exiting constructor. Consider adding the 'required' modifier or declaring the property as nullable. [C:\ExplorerPro\ExplorerPro_on4pkfpc_wpftmp.csproj]
     3>C:\ExplorerPro\Core\TabManagement\VirtualizationTypes.cs(74,23): warning CS8618: Non-nullable property 'TabId' must contain a non-null value when exiting constructor. Consider adding the 'required' modifier or declaring the property as nullable. [C:\ExplorerPro\ExplorerPro_on4pkfpc_wpftmp.csproj]
     3>C:\ExplorerPro\UI\Controls\ChromeStyleTabControl.cs(2469,20): warning CS8603: Possible null reference return. [C:\ExplorerPro\ExplorerPro_on4pkfpc_wpftmp.csproj]
     3>C:\ExplorerPro\UI\Controls\ChromeStyleTabControl.cs(2490,20): warning CS8603: Possible null reference return. [C:\ExplorerPro\ExplorerPro_on4pkfpc_wpftmp.csproj]
     3>C:\ExplorerPro\UI\FileTree\Services\SelectionService.cs(924,53): warning CS8622: Nullability of reference types in type of parameter 'sender' of 'void SelectionService.OnDebounceTimerTick(object sender, EventArgs e)' doesn't match the target delegate 'EventHandler' (possibly because of nullability attributes). [C:\ExplorerPro\ExplorerPro_on4pkfpc_wpftmp.csproj]
     3>C:\ExplorerPro\UI\FileTree\Services\SelectionService.cs(939,41): warning CS8625: Cannot convert null literal to non-nullable reference type. [C:\ExplorerPro\ExplorerPro_on4pkfpc_wpftmp.csproj]
     3>C:\ExplorerPro\UI\FileTree\Services\SelectionService.cs(940,35): warning CS8625: Cannot convert null literal to non-nullable reference type. [C:\ExplorerPro\ExplorerPro_on4pkfpc_wpftmp.csproj]
     3>C:\ExplorerPro\UI\FileTree\Services\SelectionService.cs(941,36): warning CS8625: Cannot convert null literal to non-nullable reference type. [C:\ExplorerPro\ExplorerPro_on4pkfpc_wpftmp.csproj]
     3>C:\ExplorerPro\Core\TabManagement\UnifiedTabService.cs(53,45): warning CS8622: Nullability of reference types in type of parameter 'sender' of 'void UnifiedTabService.OnModernTabCreated(object sender, TabEventArgs e)' doesn't match the target delegate 'EventHandler<TabEventArgs>' (possibly because of nullability attributes). [C:\ExplorerPro\ExplorerPro_on4pkfpc_wpftmp.csproj]
     3>C:\ExplorerPro\Core\TabManagement\UnifiedTabService.cs(54,44): warning CS8622: Nullability of reference types in type of parameter 'sender' of 'void UnifiedTabService.OnModernTabClosed(object sender, TabEventArgs e)' doesn't match the target delegate 'EventHandler<TabEventArgs>' (possibly because of nullability attributes). [C:\ExplorerPro\ExplorerPro_on4pkfpc_wpftmp.csproj]
     3>C:\ExplorerPro\Core\TabManagement\UnifiedTabService.cs(55,51): warning CS8622: Nullability of reference types in type of parameter 'sender' of 'void UnifiedTabService.OnModernActiveTabChanged(object sender, TabChangedEventArgs e)' doesn't match the target delegate 'EventHandler<TabChangedEventArgs>' (possibly because of nullability attributes). [C:\ExplorerPro\ExplorerPro_on4pkfpc_wpftmp.csproj]
     3>C:\ExplorerPro\Core\TabManagement\UnifiedTabService.cs(56,46): warning CS8622: Nullability of reference types in type of parameter 'sender' of 'void UnifiedTabService.OnModernTabModified(object sender, TabModifiedEventArgs e)' doesn't match the target delegate 'EventHandler<TabModifiedEventArgs>' (possibly because of nullability attributes). [C:\ExplorerPro\ExplorerPro_on4pkfpc_wpftmp.csproj]
     3>C:\ExplorerPro\Core\TabManagement\UnifiedTabService.cs(57,48): warning CS8622: Nullability of reference types in type of parameter 'sender' of 'void UnifiedTabService.OnModernTabsReordered(object sender, TabReorderedEventArgs e)' doesn't match the target delegate 'EventHandler<TabReorderedEventArgs>' (possibly because of nullability attributes). [C:\ExplorerPro\ExplorerPro_on4pkfpc_wpftmp.csproj]
     3>C:\ExplorerPro\Core\TabManagement\UnifiedTabService.cs(62,61): warning CS8622: Nullability of reference types in type of parameter 'sender' of 'void UnifiedTabService.OnModernTabsCollectionChanged(object sender, NotifyCollectionChangedEventArgs e)' doesn't match the target delegate 'NotifyCollectionChangedEventHandler' (possibly because of nullability attributes). [C:\ExplorerPro\ExplorerPro_on4pkfpc_wpftmp.csproj]
     3>C:\ExplorerPro\Core\TabManagement\UnifiedTabService.cs(45,16): warning CS8618: Non-nullable field '_logger' must contain a non-null value when exiting constructor. Consider adding the 'required' modifier or declaring the field as nullable. [C:\ExplorerPro\ExplorerPro_on4pkfpc_wpftmp.csproj]
     3>C:\ExplorerPro\Core\TabManagement\UnifiedTabService.cs(45,16): warning CS8618: Non-nullable event 'PropertyChanged' must contain a non-null value when exiting constructor. Consider adding the 'required' modifier or declaring the event as nullable. [C:\ExplorerPro\ExplorerPro_on4pkfpc_wpftmp.csproj]
     3>C:\ExplorerPro\Core\TabManagement\UnifiedTabService.cs(102,24): warning CS8603: Possible null reference return. [C:\ExplorerPro\ExplorerPro_on4pkfpc_wpftmp.csproj]
     3>C:\ExplorerPro\UI\Controls\TabSizingManager.cs(27,16): warning CS8618: Non-nullable field '_logger' must contain a non-null value when exiting constructor. Consider adding the 'required' modifier or declaring the field as nullable. [C:\ExplorerPro\ExplorerPro_on4pkfpc_wpftmp.csproj]
     3>C:\ExplorerPro\UI\Controls\TabSizingManager.cs(27,16): warning CS8618: Non-nullable event 'SizingChanged' must contain a non-null value when exiting constructor. Consider adding the 'required' modifier or declaring the event as nullable. [C:\ExplorerPro\ExplorerPro_on4pkfpc_wpftmp.csproj]
     3>C:\ExplorerPro\UI\Controls\TabSizingManager.cs(27,16): warning CS8618: Non-nullable event 'OverflowStateChanged' must contain a non-null value when exiting constructor. Consider adding the 'required' modifier or declaring the event as nullable. [C:\ExplorerPro\ExplorerPro_on4pkfpc_wpftmp.csproj]
     3>C:\ExplorerPro\UI\MainWindow\MainWindow.xaml.cs(2320,20): warning CS8603: Possible null reference return. [C:\ExplorerPro\ExplorerPro_on4pkfpc_wpftmp.csproj]
     3>C:\ExplorerPro\UI\Controls\ChromeStyleTabControl.cs(2592,37): warning CS8625: Cannot convert null literal to non-nullable reference type. [C:\ExplorerPro\ExplorerPro_on4pkfpc_wpftmp.csproj]
     3>C:\ExplorerPro\Core\TabManagement\UnifiedTabService.cs(158,20): warning CS8603: Possible null reference return. [C:\ExplorerPro\ExplorerPro_on4pkfpc_wpftmp.csproj]
     3>C:\ExplorerPro\Core\TabManagement\UnifiedTabService.cs(173,20): warning CS8603: Possible null reference return. [C:\ExplorerPro\ExplorerPro_on4pkfpc_wpftmp.csproj]
     3>C:\ExplorerPro\UI\MainWindow\MainWindow.xaml.cs(2395,57): warning CS8602: Dereference of a possibly null reference. [C:\ExplorerPro\ExplorerPro_on4pkfpc_wpftmp.csproj]
     3>C:\ExplorerPro\UI\MainWindow\MainWindow.xaml.cs(7001,27): warning CS8618: Non-nullable property 'Window' must contain a non-null value when exiting constructor. Consider adding the 'required' modifier or declaring the property as nullable. [C:\ExplorerPro\ExplorerPro_on4pkfpc_wpftmp.csproj]
     3>C:\ExplorerPro\Core\TabManagement\UnifiedTabService.cs(352,49): warning CS8602: Dereference of a possibly null reference. [C:\ExplorerPro\ExplorerPro_on4pkfpc_wpftmp.csproj]
     3>C:\ExplorerPro\Core\TabManagement\UnifiedTabService.cs(359,49): warning CS8602: Dereference of a possibly null reference. [C:\ExplorerPro\ExplorerPro_on4pkfpc_wpftmp.csproj]
     3>C:\ExplorerPro\UI\FileTree\CustomFileSystemModel.cs(31,27): warning CS8601: Possible null reference assignment. [C:\ExplorerPro\ExplorerPro_on4pkfpc_wpftmp.csproj]
     3>C:\ExplorerPro\UI\FileTree\CustomFileSystemModel.cs(26,16): warning CS8618: Non-nullable field 'logger' must contain a non-null value when exiting constructor. Consider adding the 'required' modifier or declaring the field as nullable. [C:\ExplorerPro\ExplorerPro_on4pkfpc_wpftmp.csproj]
     3>C:\ExplorerPro\UI\Panels\ProcoreLinksPanel\ProcoreLinksPanel.xaml.cs(1048,16): warning CS8618: Non-nullable property 'ResponseText' must contain a non-null value when exiting constructor. Consider adding the 'required' modifier or declaring the property as nullable. [C:\ExplorerPro\ExplorerPro_on4pkfpc_wpftmp.csproj]
     3>C:\ExplorerPro\UI\MainWindow\MainWindowContainer.xaml.cs(2515,28): warning CS8603: Possible null reference return. [C:\ExplorerPro\ExplorerPro_on4pkfpc_wpftmp.csproj]
     3>C:\ExplorerPro\UI\MainWindow\MainWindowContainer.xaml.cs(2523,20): warning CS8603: Possible null reference return. [C:\ExplorerPro\ExplorerPro_on4pkfpc_wpftmp.csproj]
     3>C:\ExplorerPro\UI\FileTree\Dialogs\SelectByPatternDialog.xaml.cs(93,16): warning CS8618: Non-nullable field '_selectCommand' must contain a non-null value when exiting constructor. Consider adding the 'required' modifier or declaring the field as nullable. [C:\ExplorerPro\ExplorerPro_on4pkfpc_wpftmp.csproj]
     3>C:\ExplorerPro\UI\FileTree\Dialogs\SelectByPatternDialog.xaml.cs(93,16): warning CS8618: Non-nullable event 'PropertyChanged' must contain a non-null value when exiting constructor. Consider adding the 'required' modifier or declaring the event as nullable. [C:\ExplorerPro\ExplorerPro_on4pkfpc_wpftmp.csproj]
     3>C:\ExplorerPro\Core\TabManagement\UnifiedTabService.cs(411,53): warning CS8622: Nullability of reference types in type of parameter 'sender' of 'void UnifiedTabService.OnModernTabCreated(object sender, TabEventArgs e)' doesn't match the target delegate 'EventHandler<TabEventArgs>' (possibly because of nullability attributes). [C:\ExplorerPro\ExplorerPro_on4pkfpc_wpftmp.csproj]
     3>C:\ExplorerPro\Core\TabManagement\UnifiedTabService.cs(412,52): warning CS8622: Nullability of reference types in type of parameter 'sender' of 'void UnifiedTabService.OnModernTabClosed(object sender, TabEventArgs e)' doesn't match the target delegate 'EventHandler<TabEventArgs>' (possibly because of nullability attributes). [C:\ExplorerPro\ExplorerPro_on4pkfpc_wpftmp.csproj]
     3>C:\ExplorerPro\Core\TabManagement\UnifiedTabService.cs(413,59): warning CS8622: Nullability of reference types in type of parameter 'sender' of 'void UnifiedTabService.OnModernActiveTabChanged(object sender, TabChangedEventArgs e)' doesn't match the target delegate 'EventHandler<TabChangedEventArgs>' (possibly because of nullability attributes). [C:\ExplorerPro\ExplorerPro_on4pkfpc_wpftmp.csproj]
     3>C:\ExplorerPro\Core\TabManagement\UnifiedTabService.cs(414,54): warning CS8622: Nullability of reference types in type of parameter 'sender' of 'void UnifiedTabService.OnModernTabModified(object sender, TabModifiedEventArgs e)' doesn't match the target delegate 'EventHandler<TabModifiedEventArgs>' (possibly because of nullability attributes). [C:\ExplorerPro\ExplorerPro_on4pkfpc_wpftmp.csproj]
     3>C:\ExplorerPro\Core\TabManagement\UnifiedTabService.cs(415,56): warning CS8622: Nullability of reference types in type of parameter 'sender' of 'void UnifiedTabService.OnModernTabsReordered(object sender, TabReorderedEventArgs e)' doesn't match the target delegate 'EventHandler<TabReorderedEventArgs>' (possibly because of nullability attributes). [C:\ExplorerPro\ExplorerPro_on4pkfpc_wpftmp.csproj]
     3>C:\ExplorerPro\Core\TabManagement\UnifiedTabService.cs(419,69): warning CS8622: Nullability of reference types in type of parameter 'sender' of 'void UnifiedTabService.OnModernTabsCollectionChanged(object sender, NotifyCollectionChangedEventArgs e)' doesn't match the target delegate 'NotifyCollectionChangedEventHandler' (possibly because of nullability attributes). [C:\ExplorerPro\ExplorerPro_on4pkfpc_wpftmp.csproj]
     3>C:\ExplorerPro\UI\Panels\ProcoreLinksPanel\ProcoreLinksPanel.xaml.cs(47,27): warning CS8618: Non-nullable property 'Url' must contain a non-null value when exiting constructor. Consider adding the 'required' modifier or declaring the property as nullable. [C:\ExplorerPro\ExplorerPro_on4pkfpc_wpftmp.csproj]
     3>C:\ExplorerPro\UI\Controls\ChromeStyleTabControl.cs(2893,41): warning CS8625: Cannot convert null literal to non-nullable reference type. [C:\ExplorerPro\ExplorerPro_on4pkfpc_wpftmp.csproj]
     3>C:\ExplorerPro\UI\Panels\ProcoreLinksPanel\ProcoreLinksPanel.xaml.cs(151,52): warning CS8601: Possible null reference assignment. [C:\ExplorerPro\ExplorerPro_on4pkfpc_wpftmp.csproj]
     3>C:\ExplorerPro\Models\RecurringTaskManager.cs(453,52): warning CS8600: Converting null literal or possible null value to non-nullable type. [C:\ExplorerPro\ExplorerPro_on4pkfpc_wpftmp.csproj]
     3>C:\ExplorerPro\UI\Panels\ProcoreLinksPanel\ProcoreLinksPanel.xaml.cs(227,47): warning CS8604: Possible null reference argument for parameter 'path' in 'DirectoryInfo Directory.CreateDirectory(string path)'. [C:\ExplorerPro\ExplorerPro_on4pkfpc_wpftmp.csproj]
     3>C:\ExplorerPro\UI\Controls\ChromeStyleTabControl.cs(2906,24): warning CS8603: Possible null reference return. [C:\ExplorerPro\ExplorerPro_on4pkfpc_wpftmp.csproj]
     3>C:\ExplorerPro\UI\Controls\ChromeStyleTabControl.cs(2917,24): warning CS8603: Possible null reference return. [C:\ExplorerPro\ExplorerPro_on4pkfpc_wpftmp.csproj]
     3>C:\ExplorerPro\UI\Dialogs\ColorPickerDialog.xaml.cs(35,75): warning CS8625: Cannot convert null literal to non-nullable reference type. [C:\ExplorerPro\ExplorerPro_on4pkfpc_wpftmp.csproj]
     3>C:\ExplorerPro\UI\Dialogs\ColorPickerDialog.xaml.cs(35,81): warning CS8625: Cannot convert null literal to non-nullable reference type. [C:\ExplorerPro\ExplorerPro_on4pkfpc_wpftmp.csproj]
     3>C:\ExplorerPro\UI\Panels\ProcoreLinksPanel\ProcoreLinksPanel.xaml.cs(257,40): warning CS8604: Possible null reference argument for parameter 'item' in 'bool HashSet<string>.Add(string item)'. [C:\ExplorerPro\ExplorerPro_on4pkfpc_wpftmp.csproj]
     3>C:\ExplorerPro\UI\Controls\TabSizingManager.cs(330,34): warning CS8600: Converting null literal or possible null value to non-nullable type. [C:\ExplorerPro\ExplorerPro_on4pkfpc_wpftmp.csproj]
     3>C:\ExplorerPro\UI\Controls\TabSizingManager.cs(333,29): warning CS8600: Converting null literal or possible null value to non-nullable type. [C:\ExplorerPro\ExplorerPro_on4pkfpc_wpftmp.csproj]
     3>C:\ExplorerPro\UI\Dialogs\ColorPickerDialog.xaml.cs(45,16): warning CS8618: Non-nullable field '_selectedColorButton' must contain a non-null value when exiting constructor. Consider adding the 'required' modifier or declaring the field as nullable. [C:\ExplorerPro\ExplorerPro_on4pkfpc_wpftmp.csproj]
     3>C:\ExplorerPro\UI\Panels\ProcoreLinksPanel\ProcoreLinksPanel.xaml.cs(276,45): warning CS8604: Possible null reference argument for parameter 'item' in 'bool HashSet<string>.Contains(string item)'. [C:\ExplorerPro\ExplorerPro_on4pkfpc_wpftmp.csproj]
     3>C:\ExplorerPro\UI\Controls\ChromeStyleTabControl.cs(2967,35): warning CS8601: Possible null reference assignment. [C:\ExplorerPro\ExplorerPro_on4pkfpc_wpftmp.csproj]
     3>C:\ExplorerPro\UI\Controls\ChromeStyleTabControl.cs(2989,20): warning CS8603: Possible null reference return. [C:\ExplorerPro\ExplorerPro_on4pkfpc_wpftmp.csproj]
     3>C:\ExplorerPro\UI\FileTree\DragDrop\SpringLoadedFolderHelper.cs(56,39): warning CS8622: Nullability of reference types in type of parameter 'sender' of 'void SpringLoadedFolderHelper.OnExpandTimerTick(object sender, EventArgs e)' doesn't match the target delegate 'EventHandler' (possibly because of nullability attributes). [C:\ExplorerPro\ExplorerPro_on4pkfpc_wpftmp.csproj]
     3>C:\ExplorerPro\UI\FileTree\DragDrop\SpringLoadedFolderHelper.cs(57,41): warning CS8622: Nullability of reference types in type of parameter 'sender' of 'void SpringLoadedFolderHelper.OnCollapseTimerTick(object sender, EventArgs e)' doesn't match the target delegate 'EventHandler' (possibly because of nullability attributes). [C:\ExplorerPro\ExplorerPro_on4pkfpc_wpftmp.csproj]
     3>C:\ExplorerPro\UI\FileTree\DragDrop\SpringLoadedFolderHelper.cs(51,16): warning CS8618: Non-nullable field '_pendingExpandItem' must contain a non-null value when exiting constructor. Consider adding the 'required' modifier or declaring the field as nullable. [C:\ExplorerPro\ExplorerPro_on4pkfpc_wpftmp.csproj]
     3>C:\ExplorerPro\UI\FileTree\DragDrop\SpringLoadedFolderHelper.cs(51,16): warning CS8618: Non-nullable field '_pendingCollapseItem' must contain a non-null value when exiting constructor. Consider adding the 'required' modifier or declaring the field as nullable. [C:\ExplorerPro\ExplorerPro_on4pkfpc_wpftmp.csproj]
     3>C:\ExplorerPro\UI\FileTree\DragDrop\SpringLoadedFolderHelper.cs(51,16): warning CS8618: Non-nullable event 'FolderExpanding' must contain a non-null value when exiting constructor. Consider adding the 'required' modifier or declaring the event as nullable. [C:\ExplorerPro\ExplorerPro_on4pkfpc_wpftmp.csproj]
     3>C:\ExplorerPro\UI\FileTree\DragDrop\SpringLoadedFolderHelper.cs(51,16): warning CS8618: Non-nullable event 'FolderCollapsing' must contain a non-null value when exiting constructor. Consider adding the 'required' modifier or declaring the event as nullable. [C:\ExplorerPro\ExplorerPro_on4pkfpc_wpftmp.csproj]
     3>C:\ExplorerPro\UI\FileTree\DragDrop\SpringLoadedFolderHelper.cs(92,40): warning CS8625: Cannot convert null literal to non-nullable reference type. [C:\ExplorerPro\ExplorerPro_on4pkfpc_wpftmp.csproj]
     3>C:\ExplorerPro\UI\FileTree\DragDrop\SpringLoadedFolderHelper.cs(114,38): warning CS8625: Cannot convert null literal to non-nullable reference type. [C:\ExplorerPro\ExplorerPro_on4pkfpc_wpftmp.csproj]
     3>C:\ExplorerPro\UI\FileTree\DragDrop\SpringLoadedFolderHelper.cs(135,34): warning CS8625: Cannot convert null literal to non-nullable reference type. [C:\ExplorerPro\ExplorerPro_on4pkfpc_wpftmp.csproj]
     3>C:\ExplorerPro\UI\FileTree\DragDrop\SpringLoadedFolderHelper.cs(136,36): warning CS8625: Cannot convert null literal to non-nullable reference type. [C:\ExplorerPro\ExplorerPro_on4pkfpc_wpftmp.csproj]
     3>C:\ExplorerPro\UI\FileTree\DragDrop\SpringLoadedFolderHelper.cs(183,34): warning CS8625: Cannot convert null literal to non-nullable reference type. [C:\ExplorerPro\ExplorerPro_on4pkfpc_wpftmp.csproj]
     3>C:\ExplorerPro\UI\FileTree\DragDrop\SpringLoadedFolderHelper.cs(198,36): warning CS8625: Cannot convert null literal to non-nullable reference type. [C:\ExplorerPro\ExplorerPro_on4pkfpc_wpftmp.csproj]
     3>C:\ExplorerPro\UI\Controls\ChromeStyleTabControl.cs(3028,56): warning CS8622: Nullability of reference types in type of parameter 'sender' of 'void ChromeStyleTabControl.OnTabItemsCollectionChanged(object sender, NotifyCollectionChangedEventArgs e)' doesn't match the target delegate 'NotifyCollectionChangedEventHandler' (possibly because of nullability attributes). [C:\ExplorerPro\ExplorerPro_on4pkfpc_wpftmp.csproj]
     3>C:\ExplorerPro\UI\Controls\ChromeStyleTabControl.cs(3038,81): warning CS8622: Nullability of reference types in type of parameter 'sender' of 'void ChromeStyleTabControl.OnTabItemsCollectionChanged(object sender, NotifyCollectionChangedEventArgs e)' doesn't match the target delegate 'NotifyCollectionChangedEventHandler' (possibly because of nullability attributes). [C:\ExplorerPro\ExplorerPro_on4pkfpc_wpftmp.csproj]
     3>C:\ExplorerPro\UI\Controls\ChromeStyleTabControl.cs(3043,60): warning CS8622: Nullability of reference types in type of parameter 'sender' of 'void ChromeStyleTabControl.OnTabItemsCollectionChanged(object sender, NotifyCollectionChangedEventArgs e)' doesn't match the target delegate 'NotifyCollectionChangedEventHandler' (possibly because of nullability attributes). [C:\ExplorerPro\ExplorerPro_on4pkfpc_wpftmp.csproj]
     3>C:\ExplorerPro\UI\FileTree\DragDrop\SpringLoadedFolderHelper.cs(231,40): warning CS8625: Cannot convert null literal to non-nullable reference type. [C:\ExplorerPro\ExplorerPro_on4pkfpc_wpftmp.csproj]
     3>C:\ExplorerPro\UI\FileTree\DragDrop\SpringLoadedFolderHelper.cs(245,42): warning CS8625: Cannot convert null literal to non-nullable reference type. [C:\ExplorerPro\ExplorerPro_on4pkfpc_wpftmp.csproj]
     3>C:\ExplorerPro\UI\FileTree\DragDrop\SpringLoadedFolderHelper.cs(252,42): warning CS8625: Cannot convert null literal to non-nullable reference type. [C:\ExplorerPro\ExplorerPro_on4pkfpc_wpftmp.csproj]
     3>C:\ExplorerPro\UI\FileTree\DragDrop\SpringLoadedFolderHelper.cs(253,44): warning CS8625: Cannot convert null literal to non-nullable reference type. [C:\ExplorerPro\ExplorerPro_on4pkfpc_wpftmp.csproj]
     3>C:\ExplorerPro\UI\FileTree\DragDrop\SpringLoadedFolderHelper.cs(256,39): warning CS8625: Cannot convert null literal to non-nullable reference type. [C:\ExplorerPro\ExplorerPro_on4pkfpc_wpftmp.csproj]
     3>C:\ExplorerPro\UI\FileTree\DragDrop\SpringLoadedFolderHelper.cs(257,40): warning CS8625: Cannot convert null literal to non-nullable reference type. [C:\ExplorerPro\ExplorerPro_on4pkfpc_wpftmp.csproj]
     3>C:\ExplorerPro\UI\FileTree\DragDrop\SpringLoadedFolderHelper.cs(258,47): warning CS8625: Cannot convert null literal to non-nullable reference type. [C:\ExplorerPro\ExplorerPro_on4pkfpc_wpftmp.csproj]
     3>C:\ExplorerPro\UI\FileTree\DragDrop\SpringLoadedFolderHelper.cs(259,49): warning CS8625: Cannot convert null literal to non-nullable reference type. [C:\ExplorerPro\ExplorerPro_on4pkfpc_wpftmp.csproj]
     3>C:\ExplorerPro\UI\FileTree\DragDrop\AutoScrollHelper.cs(47,39): warning CS8622: Nullability of reference types in type of parameter 'sender' of 'void AutoScrollHelper.OnScrollTimerTick(object sender, EventArgs e)' doesn't match the target delegate 'EventHandler' (possibly because of nullability attributes). [C:\ExplorerPro\ExplorerPro_on4pkfpc_wpftmp.csproj]
     3>C:\ExplorerPro\UI\MainWindow\MainWindow.xaml.cs(2572,35): warning CS8625: Cannot convert null literal to non-nullable reference type. [C:\ExplorerPro\ExplorerPro_on4pkfpc_wpftmp.csproj]
     3>C:\ExplorerPro\UI\Panels\ProcoreLinksPanel\ProcoreLinksPanel.xaml.cs(377,38): warning CS8600: Converting null literal or possible null value to non-nullable type. [C:\ExplorerPro\ExplorerPro_on4pkfpc_wpftmp.csproj]
     3>C:\ExplorerPro\UI\Panels\ProcoreLinksPanel\ProcoreLinksPanel.xaml.cs(378,43): warning CS8600: Converting null literal or possible null value to non-nullable type. [C:\ExplorerPro\ExplorerPro_on4pkfpc_wpftmp.csproj]
     3>C:\ExplorerPro\UI\Panels\ProcoreLinksPanel\ProcoreLinksPanel.xaml.cs(381,21): warning CS8602: Dereference of a possibly null reference. [C:\ExplorerPro\ExplorerPro_on4pkfpc_wpftmp.csproj]
     3>C:\ExplorerPro\UI\Panels\ProcoreLinksPanel\ProcoreLinksPanel.xaml.cs(397,39): warning CS8600: Converting null literal or possible null value to non-nullable type. [C:\ExplorerPro\ExplorerPro_on4pkfpc_wpftmp.csproj]
     3>C:\ExplorerPro\UI\Panels\ProcoreLinksPanel\ProcoreLinksPanel.xaml.cs(398,41): warning CS8600: Converting null literal or possible null value to non-nullable type. [C:\ExplorerPro\ExplorerPro_on4pkfpc_wpftmp.csproj]
     3>C:\ExplorerPro\UI\Panels\ProcoreLinksPanel\ProcoreLinksPanel.xaml.cs(400,38): warning CS8602: Dereference of a possibly null reference. [C:\ExplorerPro\ExplorerPro_on4pkfpc_wpftmp.csproj]
     3>C:\ExplorerPro\Core\TabManagement\TabServicesFactory.cs(30,23): warning CS8601: Possible null reference assignment. [C:\ExplorerPro\ExplorerPro_on4pkfpc_wpftmp.csproj]
     3>C:\ExplorerPro\Core\TabManagement\TabServicesFactory.cs(27,16): warning CS8618: Non-nullable field '_logger' must contain a non-null value when exiting constructor. Consider adding the 'required' modifier or declaring the field as nullable. [C:\ExplorerPro\ExplorerPro_on4pkfpc_wpftmp.csproj]
     3>C:\ExplorerPro\UI\Panels\ProcoreLinksPanel\ProcoreLinksPanel.xaml.cs(459,41): warning CS8600: Converting null literal or possible null value to non-nullable type. [C:\ExplorerPro\ExplorerPro_on4pkfpc_wpftmp.csproj]
     3>C:\ExplorerPro\Core\TabManagement\TabServicesFactory.cs(47,53): warning CS8604: Possible null reference argument for parameter 'logger' in 'TabManagerService.TabManagerService(ILogger<TabManagerService> logger = null)'. [C:\ExplorerPro\ExplorerPro_on4pkfpc_wpftmp.csproj]
     3>C:\ExplorerPro\Core\TabManagement\TabServicesFactory.cs(68,73): warning CS8604: Possible null reference argument for parameter 'logger' in 'MainWindowTabsViewModel.MainWindowTabsViewModel(ITabManagerService tabManager, ILogger<MainWindowTabsViewModel> logger = null)'. [C:\ExplorerPro\ExplorerPro_on4pkfpc_wpftmp.csproj]
     3>C:\ExplorerPro\Core\TabManagement\TabServicesFactory.cs(179,33): warning CS8625: Cannot convert null literal to non-nullable reference type. [C:\ExplorerPro\ExplorerPro_on4pkfpc_wpftmp.csproj]
     3>C:\ExplorerPro\UI\FileTree\DragDrop\AutoScrollHelper.cs(261,40): warning CS8625: Cannot convert null literal to non-nullable reference type. [C:\ExplorerPro\ExplorerPro_on4pkfpc_wpftmp.csproj]
     3>C:\ExplorerPro\UI\FileTree\DragDrop\AutoScrollHelper.cs(265,47): warning CS8625: Cannot convert null literal to non-nullable reference type. [C:\ExplorerPro\ExplorerPro_on4pkfpc_wpftmp.csproj]
     3>C:\ExplorerPro\UI\MainWindow\MainWindow.xaml.cs(2774,55): warning CS8604: Possible null reference argument for parameter 'contextMenu' in 'TabModel MainWindow.GetContextMenuTabModel(ContextMenu contextMenu)'. [C:\ExplorerPro\ExplorerPro_on4pkfpc_wpftmp.csproj]
     3>C:\ExplorerPro\Core\TabManagement\TabServicesFactory.cs(130,43): warning CS8618: Non-nullable field '_instance' must contain a non-null value when exiting constructor. Consider adding the 'required' modifier or declaring the field as nullable. [C:\ExplorerPro\ExplorerPro_on4pkfpc_wpftmp.csproj]
     3>C:\ExplorerPro\UI\Panels\ProcoreLinksPanel\ProcoreLinksPanel.xaml.cs(602,41): warning CS8600: Converting null literal or possible null value to non-nullable type. [C:\ExplorerPro\ExplorerPro_on4pkfpc_wpftmp.csproj]
     3>C:\ExplorerPro\UI\Panels\ProcoreLinksPanel\ProcoreLinksPanel.xaml.cs(612,31): warning CS8600: Converting null literal or possible null value to non-nullable type. [C:\ExplorerPro\ExplorerPro_on4pkfpc_wpftmp.csproj]
     3>C:\ExplorerPro\UI\Panels\ProcoreLinksPanel\ProcoreLinksPanel.xaml.cs(619,34): warning CS8602: Dereference of a possibly null reference. [C:\ExplorerPro\ExplorerPro_on4pkfpc_wpftmp.csproj]
     3>C:\ExplorerPro\UI\Panels\ProcoreLinksPanel\ProcoreLinksPanel.xaml.cs(619,34): warning CS8600: Converting null literal or possible null value to non-nullable type. [C:\ExplorerPro\ExplorerPro_on4pkfpc_wpftmp.csproj]
     3>C:\ExplorerPro\UI\Panels\ProcoreLinksPanel\ProcoreLinksPanel.xaml.cs(635,39): warning CS8604: Possible null reference argument for parameter 'key' in 'bool Dictionary<string, ProjectData>.ContainsKey(string key)'. [C:\ExplorerPro\ExplorerPro_on4pkfpc_wpftmp.csproj]
     3>C:\ExplorerPro\UI\Controls\DateEditControl.xaml.cs(57,16): warning CS8618: Non-nullable event 'DateChanged' must contain a non-null value when exiting constructor. Consider adding the 'required' modifier or declaring the event as nullable. [C:\ExplorerPro\ExplorerPro_on4pkfpc_wpftmp.csproj]
     3>C:\ExplorerPro\UI\FileTree\DragDrop\DragAdorner.cs(189,29): warning CS8600: Converting null literal or possible null value to non-nullable type. [C:\ExplorerPro\ExplorerPro_on4pkfpc_wpftmp.csproj]
     3>C:\ExplorerPro\UI\MainWindow\MainWindowContainer.xaml.cs(1234,27): warning CS8618: Non-nullable property 'Name' must contain a non-null value when exiting constructor. Consider adding the 'required' modifier or declaring the property as nullable. [C:\ExplorerPro\ExplorerPro_on4pkfpc_wpftmp.csproj]
     3>C:\ExplorerPro\UI\MainWindow\MainWindowContainer.xaml.cs(1235,27): warning CS8618: Non-nullable property 'Container' must contain a non-null value when exiting constructor. Consider adding the 'required' modifier or declaring the property as nullable. [C:\ExplorerPro\ExplorerPro_on4pkfpc_wpftmp.csproj]
     3>C:\ExplorerPro\UI\MainWindow\MainWindowContainer.xaml.cs(1236,27): warning CS8618: Non-nullable property 'Header' must contain a non-null value when exiting constructor. Consider adding the 'required' modifier or declaring the property as nullable. [C:\ExplorerPro\ExplorerPro_on4pkfpc_wpftmp.csproj]
     3>C:\ExplorerPro\UI\Panels\ProcoreLinksPanel\ProcoreLinksPanel.xaml.cs(666,34): warning CS8600: Converting null literal or possible null value to non-nullable type. [C:\ExplorerPro\ExplorerPro_on4pkfpc_wpftmp.csproj]
     3>C:\ExplorerPro\UI\Panels\ProcoreLinksPanel\ProcoreLinksPanel.xaml.cs(667,40): warning CS8604: Possible null reference argument for parameter 'key' in 'bool Dictionary<string, ProjectData>.ContainsKey(string key)'. [C:\ExplorerPro\ExplorerPro_on4pkfpc_wpftmp.csproj]
     3>C:\ExplorerPro\UI\Panels\ProcoreLinksPanel\ProcoreLinksPanel.xaml.cs(712,41): warning CS8600: Converting null literal or possible null value to non-nullable type. [C:\ExplorerPro\ExplorerPro_on4pkfpc_wpftmp.csproj]
     3>C:\ExplorerPro\UI\Panels\ProcoreLinksPanel\ProcoreLinksPanel.xaml.cs(721,44): warning CS8600: Converting null literal or possible null value to non-nullable type. [C:\ExplorerPro\ExplorerPro_on4pkfpc_wpftmp.csproj]
     3>C:\ExplorerPro\UI\Panels\ProcoreLinksPanel\ProcoreLinksPanel.xaml.cs(722,38): warning CS8602: Dereference of a possibly null reference. [C:\ExplorerPro\ExplorerPro_on4pkfpc_wpftmp.csproj]
     3>C:\ExplorerPro\UI\Panels\ProcoreLinksPanel\ProcoreLinksPanel.xaml.cs(722,38): warning CS8600: Converting null literal or possible null value to non-nullable type. [C:\ExplorerPro\ExplorerPro_on4pkfpc_wpftmp.csproj]
     3>C:\ExplorerPro\UI\Panels\ProcoreLinksPanel\ProcoreLinksPanel.xaml.cs(723,36): warning CS8600: Converting null literal or possible null value to non-nullable type. [C:\ExplorerPro\ExplorerPro_on4pkfpc_wpftmp.csproj]
     3>C:\ExplorerPro\UI\Panels\ProcoreLinksPanel\ProcoreLinksPanel.xaml.cs(725,43): warning CS8604: Possible null reference argument for parameter 'key' in 'bool Dictionary<string, ProjectData>.ContainsKey(string key)'. [C:\ExplorerPro\ExplorerPro_on4pkfpc_wpftmp.csproj]
     3>C:\ExplorerPro\UI\Panels\ProcoreLinksPanel\ProcoreLinksPanel.xaml.cs(725,94): warning CS8604: Possible null reference argument for parameter 'key' in 'bool Dictionary<string, object>.ContainsKey(string key)'. [C:\ExplorerPro\ExplorerPro_on4pkfpc_wpftmp.csproj]
     3>C:\ExplorerPro\UI\Panels\ProcoreLinksPanel\ProcoreLinksPanel.xaml.cs(734,38): warning CS8600: Converting null literal or possible null value to non-nullable type. [C:\ExplorerPro\ExplorerPro_on4pkfpc_wpftmp.csproj]
     3>C:\ExplorerPro\UI\Panels\ProcoreLinksPanel\ProcoreLinksPanel.xaml.cs(735,43): warning CS8604: Possible null reference argument for parameter 'key' in 'bool Dictionary<string, ProjectData>.ContainsKey(string key)'. [C:\ExplorerPro\ExplorerPro_on4pkfpc_wpftmp.csproj]
     3>C:\ExplorerPro\UI\Panels\ProcoreLinksPanel\ProcoreLinksPanel.xaml.cs(752,30): warning CS8600: Converting null literal or possible null value to non-nullable type. [C:\ExplorerPro\ExplorerPro_on4pkfpc_wpftmp.csproj]
     3>C:\ExplorerPro\UI\Panels\ProcoreLinksPanel\ProcoreLinksPanel.xaml.cs(754,79): warning CS8604: Possible null reference argument for parameter 'defaultValue' in 'InputDialog.InputDialog(string title, string prompt, string defaultValue = "")'. [C:\ExplorerPro\ExplorerPro_on4pkfpc_wpftmp.csproj]
     3>C:\ExplorerPro\Core\TabManagement\TabSearchManager.cs(157,58): warning CS1998: This async method lacks 'await' operators and will run synchronously. Consider using the 'await' operator to await non-blocking API calls, or 'await Task.Run(...)' to do CPU-bound work on a background thread. [C:\ExplorerPro\ExplorerPro_on4pkfpc_wpftmp.csproj]
     3>C:\ExplorerPro\UI\Controls\ChromeStyleTabControl.cs(3594,46): warning CS8603: Possible null reference return. [C:\ExplorerPro\ExplorerPro_on4pkfpc_wpftmp.csproj]
     3>C:\ExplorerPro\UI\Controls\ChromeStyleTabControl.cs(3596,24): warning CS8600: Converting null literal or possible null value to non-nullable type. [C:\ExplorerPro\ExplorerPro_on4pkfpc_wpftmp.csproj]
     3>C:\ExplorerPro\UI\Panels\ProcoreLinksPanel\ProcoreLinksPanel.xaml.cs(778,34): warning CS8600: Converting null literal or possible null value to non-nullable type. [C:\ExplorerPro\ExplorerPro_on4pkfpc_wpftmp.csproj]
     3>C:\ExplorerPro\UI\Panels\ProcoreLinksPanel\ProcoreLinksPanel.xaml.cs(779,30): warning CS8600: Converting null literal or possible null value to non-nullable type. [C:\ExplorerPro\ExplorerPro_on4pkfpc_wpftmp.csproj]
     3>C:\ExplorerPro\UI\Panels\ProcoreLinksPanel\ProcoreLinksPanel.xaml.cs(780,33): warning CS8600: Converting null literal or possible null value to non-nullable type. [C:\ExplorerPro\ExplorerPro_on4pkfpc_wpftmp.csproj]
     3>C:\ExplorerPro\UI\Panels\ProcoreLinksPanel\ProcoreLinksPanel.xaml.cs(785,76): warning CS8604: Possible null reference argument for parameter 'defaultValue' in 'InputDialog.InputDialog(string title, string prompt, string defaultValue = "")'. [C:\ExplorerPro\ExplorerPro_on4pkfpc_wpftmp.csproj]
     3>C:\ExplorerPro\UI\Panels\ProcoreLinksPanel\ProcoreLinksPanel.xaml.cs(790,43): warning CS8604: Possible null reference argument for parameter 'key' in 'bool Dictionary<string, ProjectData>.ContainsKey(string key)'. [C:\ExplorerPro\ExplorerPro_on4pkfpc_wpftmp.csproj]
     3>C:\ExplorerPro\UI\FileTree\FileTreeDemo.xaml.cs(18,57): warning CS8622: Nullability of reference types in type of parameter 'sender' of 'void FileTreeDemo.ImprovedFileTreeListView_LocationChanged(object sender, string path)' doesn't match the target delegate 'EventHandler<string>' (possibly because of nullability attributes). [C:\ExplorerPro\ExplorerPro_on4pkfpc_wpftmp.csproj]
     3>C:\ExplorerPro\UI\FileTree\FileTreeDemo.xaml.cs(19,68): warning CS8622: Nullability of reference types in type of parameter 'sender' of 'void FileTreeDemo.ImprovedFileTreeListView_ContextMenuActionTriggered(object sender, Tuple<string, string> e)' doesn't match the target delegate 'EventHandler<Tuple<string, string>>' (possibly because of nullability attributes). [C:\ExplorerPro\ExplorerPro_on4pkfpc_wpftmp.csproj]
     3>C:\ExplorerPro\UI\FileTree\FileTreeDemo.xaml.cs(48,33): warning CS8600: Converting null literal or possible null value to non-nullable type. [C:\ExplorerPro\ExplorerPro_on4pkfpc_wpftmp.csproj]
     3>C:\ExplorerPro\UI\FileTree\DragDrop\DragAdorner.cs(353,20): warning CS8603: Possible null reference return. [C:\ExplorerPro\ExplorerPro_on4pkfpc_wpftmp.csproj]
     3>C:\ExplorerPro\UI\Panels\ProcoreLinksPanel\ProcoreLinksPanel.xaml.cs(826,34): warning CS8600: Converting null literal or possible null value to non-nullable type. [C:\ExplorerPro\ExplorerPro_on4pkfpc_wpftmp.csproj]
     3>C:\ExplorerPro\UI\Panels\ProcoreLinksPanel\ProcoreLinksPanel.xaml.cs(827,31): warning CS8600: Converting null literal or possible null value to non-nullable type. [C:\ExplorerPro\ExplorerPro_on4pkfpc_wpftmp.csproj]
     3>C:\ExplorerPro\UI\Panels\ProcoreLinksPanel\ProcoreLinksPanel.xaml.cs(828,33): warning CS8600: Converting null literal or possible null value to non-nullable type. [C:\ExplorerPro\ExplorerPro_on4pkfpc_wpftmp.csproj]
     3>C:\ExplorerPro\UI\FileTree\FileTreeItem.cs(298,51): warning CS8622: Nullability of reference types in type of parameter 'sender' of 'void FileTreeItem.Children_CollectionChanged(object sender, NotifyCollectionChangedEventArgs e)' doesn't match the target delegate 'NotifyCollectionChangedEventHandler' (possibly because of nullability attributes). [C:\ExplorerPro\ExplorerPro_on4pkfpc_wpftmp.csproj]
     3>C:\ExplorerPro\Core\TabManagement\TabPreviewManager.cs(102,41): warning CS1998: This async method lacks 'await' operators and will run synchronously. Consider using the 'await' operator to await non-blocking API calls, or 'await Task.Run(...)' to do CPU-bound work on a background thread. [C:\ExplorerPro\ExplorerPro_on4pkfpc_wpftmp.csproj]
     3>C:\ExplorerPro\UI\FileTree\FileTreeItem.cs(350,20): warning CS8603: Possible null reference return. [C:\ExplorerPro\ExplorerPro_on4pkfpc_wpftmp.csproj]
     3>C:\ExplorerPro\UI\FileTree\FileTreeItem.cs(351,33): warning CS8601: Possible null reference assignment. [C:\ExplorerPro\ExplorerPro_on4pkfpc_wpftmp.csproj]
     3>C:\ExplorerPro\UI\FileTree\Services\OutlookDataExtractor.cs(161,88): warning CS8604: Possible null reference argument for parameter 'progress' in 'ExtractionResult OutlookDataExtractor.ExtractWithFileDescriptor(IDataObject dataObject, string targetPath, bool useUnicode, IProgress<string> progress = null, CancellationToken cancellationToken = default(CancellationToken))'. [C:\ExplorerPro\ExplorerPro_on4pkfpc_wpftmp.csproj]
     3>C:\ExplorerPro\UI\FileTree\Services\OutlookDataExtractor.cs(168,89): warning CS8604: Possible null reference argument for parameter 'progress' in 'ExtractionResult OutlookDataExtractor.ExtractWithFileDescriptor(IDataObject dataObject, string targetPath, bool useUnicode, IProgress<string> progress = null, CancellationToken cancellationToken = default(CancellationToken))'. [C:\ExplorerPro\ExplorerPro_on4pkfpc_wpftmp.csproj]
     3>C:\ExplorerPro\UI\Panels\ProcoreLinksPanel\ProcoreLinksPanel.xaml.cs(861,34): warning CS8600: Converting null literal or possible null value to non-nullable type. [C:\ExplorerPro\ExplorerPro_on4pkfpc_wpftmp.csproj]
     3>C:\ExplorerPro\UI\Panels\ProcoreLinksPanel\ProcoreLinksPanel.xaml.cs(862,31): warning CS8600: Converting null literal or possible null value to non-nullable type. [C:\ExplorerPro\ExplorerPro_on4pkfpc_wpftmp.csproj]
     3>C:\ExplorerPro\UI\Panels\ProcoreLinksPanel\ProcoreLinksPanel.xaml.cs(863,33): warning CS8600: Converting null literal or possible null value to non-nullable type. [C:\ExplorerPro\ExplorerPro_on4pkfpc_wpftmp.csproj]
     3>C:\ExplorerPro\UI\MainWindow\MainWindow.xaml.cs(3017,21): warning CS8602: Dereference of a possibly null reference. [C:\ExplorerPro\ExplorerPro_on4pkfpc_wpftmp.csproj]
     3>C:\ExplorerPro\UI\FileTree\FileTreeItem.cs(392,39): warning CS8622: Nullability of reference types in type of parameter 'sender' of 'void FileTreeItem.Children_CollectionChanged(object sender, NotifyCollectionChangedEventArgs e)' doesn't match the target delegate 'NotifyCollectionChangedEventHandler' (possibly because of nullability attributes). [C:\ExplorerPro\ExplorerPro_on4pkfpc_wpftmp.csproj]
     3>C:\ExplorerPro\UI\FileTree\FileTreeItem.cs(387,16): warning CS8618: Non-nullable field '_name' must contain a non-null value when exiting constructor. Consider adding the 'required' modifier or declaring the field as nullable. [C:\ExplorerPro\ExplorerPro_on4pkfpc_wpftmp.csproj]
     3>C:\ExplorerPro\UI\FileTree\FileTreeItem.cs(387,16): warning CS8618: Non-nullable field '_path' must contain a non-null value when exiting constructor. Consider adding the 'required' modifier or declaring the field as nullable. [C:\ExplorerPro\ExplorerPro_on4pkfpc_wpftmp.csproj]
     3>C:\ExplorerPro\UI\FileTree\FileTreeItem.cs(387,16): warning CS8618: Non-nullable field '_type' must contain a non-null value when exiting constructor. Consider adding the 'required' modifier or declaring the field as nullable. [C:\ExplorerPro\ExplorerPro_on4pkfpc_wpftmp.csproj]
     3>C:\ExplorerPro\UI\FileTree\FileTreeItem.cs(387,16): warning CS8618: Non-nullable field '_size' must contain a non-null value when exiting constructor. Consider adding the 'required' modifier or declaring the field as nullable. [C:\ExplorerPro\ExplorerPro_on4pkfpc_wpftmp.csproj]
     3>C:\ExplorerPro\UI\FileTree\FileTreeItem.cs(387,16): warning CS8618: Non-nullable field '_lastModifiedStr' must contain a non-null value when exiting constructor. Consider adding the 'required' modifier or declaring the field as nullable. [C:\ExplorerPro\ExplorerPro_on4pkfpc_wpftmp.csproj]
     3>C:\ExplorerPro\UI\FileTree\FileTreeItem.cs(387,16): warning CS8618: Non-nullable field '_foreground' must contain a non-null value when exiting constructor. Consider adding the 'required' modifier or declaring the field as nullable. [C:\ExplorerPro\ExplorerPro_on4pkfpc_wpftmp.csproj]
     3>C:\ExplorerPro\UI\FileTree\FileTreeItem.cs(387,16): warning CS8618: Non-nullable field '_parentRef' must contain a non-null value when exiting constructor. Consider adding the 'required' modifier or declaring the field as nullable. [C:\ExplorerPro\ExplorerPro_on4pkfpc_wpftmp.csproj]
     3>C:\ExplorerPro\UI\FileTree\FileTreeItem.cs(387,16): warning CS8618: Non-nullable field '_loadChildrenHandler' must contain a non-null value when exiting constructor. Consider adding the 'required' modifier or declaring the field as nullable. [C:\ExplorerPro\ExplorerPro_on4pkfpc_wpftmp.csproj]
     3>C:\ExplorerPro\UI\FileTree\FileTreeItem.cs(387,16): warning CS8618: Non-nullable property 'Icon' must contain a non-null value when exiting constructor. Consider adding the 'required' modifier or declaring the property as nullable. [C:\ExplorerPro\ExplorerPro_on4pkfpc_wpftmp.csproj]
     3>C:\ExplorerPro\UI\FileTree\FileTreeItem.cs(387,16): warning CS8618: Non-nullable event 'PropertyChanged' must contain a non-null value when exiting constructor. Consider adding the 'required' modifier or declaring the event as nullable. [C:\ExplorerPro\ExplorerPro_on4pkfpc_wpftmp.csproj]
     3>C:\ExplorerPro\Core\TabManagement\TabPerformanceIntegration.cs(76,48): warning CS8622: Nullability of reference types in type of parameter 'state' of 'void TabPerformanceIntegration.PerformanceCheckCallback(object state)' doesn't match the target delegate 'TimerCallback' (possibly because of nullability attributes). [C:\ExplorerPro\ExplorerPro_on4pkfpc_wpftmp.csproj]
     3>C:\ExplorerPro\Core\TabManagement\TabPerformanceIntegration.cs(63,16): warning CS8618: Non-nullable field '_logger' must contain a non-null value when exiting constructor. Consider adding the 'required' modifier or declaring the field as nullable. [C:\ExplorerPro\ExplorerPro_on4pkfpc_wpftmp.csproj]
     3>C:\ExplorerPro\UI\FileTree\Services\OutlookDataExtractor.cs(238,84): warning CS8625: Cannot convert null literal to non-nullable reference type. [C:\ExplorerPro\ExplorerPro_on4pkfpc_wpftmp.csproj]
     3>C:\ExplorerPro\UI\FileTree\Services\OutlookDataExtractor.cs(244,85): warning CS8625: Cannot convert null literal to non-nullable reference type. [C:\ExplorerPro\ExplorerPro_on4pkfpc_wpftmp.csproj]
     3>C:\ExplorerPro\UI\Panels\ProcoreLinksPanel\ProcoreLinksPanel.xaml.cs(895,34): warning CS8600: Converting null literal or possible null value to non-nullable type. [C:\ExplorerPro\ExplorerPro_on4pkfpc_wpftmp.csproj]
     3>C:\ExplorerPro\UI\Panels\ProcoreLinksPanel\ProcoreLinksPanel.xaml.cs(896,39): warning CS8600: Converting null literal or possible null value to non-nullable type. [C:\ExplorerPro\ExplorerPro_on4pkfpc_wpftmp.csproj]
     3>C:\ExplorerPro\UI\FileTree\Example_OptimizedTreeViewIntegration.cs(16,26): warning CS8618: Non-nullable field '_treeView' must contain a non-null value when exiting constructor. Consider adding the 'required' modifier or declaring the field as nullable. [C:\ExplorerPro\ExplorerPro_on4pkfpc_wpftmp.csproj]
     3>C:\ExplorerPro\UI\FileTree\Example_OptimizedTreeViewIntegration.cs(17,53): warning CS8618: Non-nullable field '_performanceManager' must contain a non-null value when exiting constructor. Consider adding the 'required' modifier or declaring the field as nullable. [C:\ExplorerPro\ExplorerPro_on4pkfpc_wpftmp.csproj]
     3>C:\ExplorerPro\UI\FileTree\FileTreeItem.cs(487,32): warning CS8625: Cannot convert null literal to non-nullable reference type. [C:\ExplorerPro\ExplorerPro_on4pkfpc_wpftmp.csproj]
     3>C:\ExplorerPro\Core\TabManagement\TabPerformanceIntegration.cs(115,54): warning CS8622: Nullability of reference types in type of parameter 'sender' of 'void TabPerformanceIntegration.OnTabCreated(object sender, TabEventArgs e)' doesn't match the target delegate 'EventHandler<TabEventArgs>' (possibly because of nullability attributes). [C:\ExplorerPro\ExplorerPro_on4pkfpc_wpftmp.csproj]
     3>C:\ExplorerPro\Core\TabManagement\TabPerformanceIntegration.cs(116,53): warning CS8622: Nullability of reference types in type of parameter 'sender' of 'void TabPerformanceIntegration.OnTabClosed(object sender, TabEventArgs e)' doesn't match the target delegate 'EventHandler<TabEventArgs>' (possibly because of nullability attributes). [C:\ExplorerPro\ExplorerPro_on4pkfpc_wpftmp.csproj]
     3>C:\ExplorerPro\Core\TabManagement\TabPerformanceIntegration.cs(117,60): warning CS8622: Nullability of reference types in type of parameter 'sender' of 'void TabPerformanceIntegration.OnActiveTabChanged(object sender, TabChangedEventArgs e)' doesn't match the target delegate 'EventHandler<TabChangedEventArgs>' (possibly because of nullability attributes). [C:\ExplorerPro\ExplorerPro_on4pkfpc_wpftmp.csproj]
     3>C:\ExplorerPro\Core\TabManagement\TabPerformanceIntegration.cs(132,25): warning CS8604: Possible null reference argument for parameter 'logger' in 'TabVirtualizationManager.TabVirtualizationManager(ILogger<TabVirtualizationManager> logger = null, ResourceMonitor resourceMonitor = null, VirtualizationSettings settings = null)'. [C:\ExplorerPro\ExplorerPro_on4pkfpc_wpftmp.csproj]
     3>C:\ExplorerPro\Core\TabManagement\TabPerformanceIntegration.cs(148,25): warning CS8604: Possible null reference argument for parameter 'logger' in 'TabHibernationManager.TabHibernationManager(ILogger<TabHibernationManager> logger = null, ResourceMonitor resourceMonitor = null, HibernationSettings settings = null)'. [C:\ExplorerPro\ExplorerPro_on4pkfpc_wpftmp.csproj]
     3>C:\ExplorerPro\Core\TabManagement\TabPerformanceIntegration.cs(164,25): warning CS8604: Possible null reference argument for parameter 'logger' in 'PerformanceOptimizer.PerformanceOptimizer(ILogger<PerformanceOptimizer> logger = null, ResourceMonitor resourceMonitor = null, TabVirtualizationManager virtualizationManager = null, TabHibernationManager hibernationManager = null, PerformanceSettings settings = null)'. [C:\ExplorerPro\ExplorerPro_on4pkfpc_wpftmp.csproj]
     3>C:\ExplorerPro\Core\TabManagement\TabPerformanceIntegration.cs(166,25): warning CS8625: Cannot convert null literal to non-nullable reference type. [C:\ExplorerPro\ExplorerPro_on4pkfpc_wpftmp.csproj]
     3>C:\ExplorerPro\Core\TabManagement\TabPerformanceIntegration.cs(167,25): warning CS8604: Possible null reference argument for parameter 'hibernationManager' in 'PerformanceOptimizer.PerformanceOptimizer(ILogger<PerformanceOptimizer> logger = null, ResourceMonitor resourceMonitor = null, TabVirtualizationManager virtualizationManager = null, TabHibernationManager hibernationManager = null, PerformanceSettings settings = null)'. [C:\ExplorerPro\ExplorerPro_on4pkfpc_wpftmp.csproj]
     3>C:\ExplorerPro\UI\FileTree\Services\OutlookDataExtractor.cs(291,49): warning CS8600: Converting null literal or possible null value to non-nullable type. [C:\ExplorerPro\ExplorerPro_on4pkfpc_wpftmp.csproj]
     3>C:\ExplorerPro\UI\Panels\ProcoreLinksPanel\ProcoreLinksPanel.xaml.cs(929,34): warning CS8600: Converting null literal or possible null value to non-nullable type. [C:\ExplorerPro\ExplorerPro_on4pkfpc_wpftmp.csproj]
     3>C:\ExplorerPro\UI\Panels\ProcoreLinksPanel\ProcoreLinksPanel.xaml.cs(930,39): warning CS8600: Converting null literal or possible null value to non-nullable type. [C:\ExplorerPro\ExplorerPro_on4pkfpc_wpftmp.csproj]
     3>C:\ExplorerPro\UI\Controls\ChromeStyleTabControl.cs(3799,47): warning CS8625: Cannot convert null literal to non-nullable reference type. [C:\ExplorerPro\ExplorerPro_on4pkfpc_wpftmp.csproj]
     3>C:\ExplorerPro\UI\Controls\ChromeStyleTabControl.cs(3804,48): warning CS8625: Cannot convert null literal to non-nullable reference type. [C:\ExplorerPro\ExplorerPro_on4pkfpc_wpftmp.csproj]
     3>C:\ExplorerPro\UI\Controls\ChromeStyleTabControl.cs(3805,45): warning CS8625: Cannot convert null literal to non-nullable reference type. [C:\ExplorerPro\ExplorerPro_on4pkfpc_wpftmp.csproj]
     3>C:\ExplorerPro\UI\Controls\ChromeStyleTabControl.cs(3812,46): warning CS8625: Cannot convert null literal to non-nullable reference type. [C:\ExplorerPro\ExplorerPro_on4pkfpc_wpftmp.csproj]
     3>C:\ExplorerPro\UI\Controls\ChromeStyleTabControl.cs(3823,49): warning CS8625: Cannot convert null literal to non-nullable reference type. [C:\ExplorerPro\ExplorerPro_on4pkfpc_wpftmp.csproj]
     3>C:\ExplorerPro\UI\Controls\ChromeStyleTabControl.cs(3830,44): warning CS8625: Cannot convert null literal to non-nullable reference type. [C:\ExplorerPro\ExplorerPro_on4pkfpc_wpftmp.csproj]
     3>C:\ExplorerPro\UI\Controls\ChromeStyleTabControl.cs(3837,49): warning CS8625: Cannot convert null literal to non-nullable reference type. [C:\ExplorerPro\ExplorerPro_on4pkfpc_wpftmp.csproj]
     3>C:\ExplorerPro\UI\Controls\ChromeStyleTabControl.cs(3862,59): warning CS8622: Nullability of reference types in type of parameter 'sender' of 'void ChromeStyleTabControl.OnTabItemsCollectionChanged(object sender, NotifyCollectionChangedEventArgs e)' doesn't match the target delegate 'NotifyCollectionChangedEventHandler' (possibly because of nullability attributes). [C:\ExplorerPro\ExplorerPro_on4pkfpc_wpftmp.csproj]
     3>C:\ExplorerPro\UI\Controls\ChromeStyleTabControl.cs(3872,39): warning CS8625: Cannot convert null literal to non-nullable reference type. [C:\ExplorerPro\ExplorerPro_on4pkfpc_wpftmp.csproj]
     3>C:\ExplorerPro\UI\MainWindow\MainWindow.xaml.cs(3149,76): error CS0117: 'UnifiedTabCommands' does not contain a definition for 'TogglePinTabAsync' [C:\ExplorerPro\ExplorerPro_on4pkfpc_wpftmp.csproj]
     3>C:\ExplorerPro\Core\MainWindowInitializer.cs(289,51): warning CS8625: Cannot convert null literal to non-nullable reference type. [C:\ExplorerPro\ExplorerPro_on4pkfpc_wpftmp.csproj]
     3>C:\ExplorerPro\Core\MainWindowInitializer.cs(289,76): warning CS8625: Cannot convert null literal to non-nullable reference type. [C:\ExplorerPro\ExplorerPro_on4pkfpc_wpftmp.csproj]
     3>C:\ExplorerPro\Core\TabManagement\TabPerformanceIntegration.cs(217,24): warning CS8603: Possible null reference return. [C:\ExplorerPro\ExplorerPro_on4pkfpc_wpftmp.csproj]
     3>C:\ExplorerPro\UI\Panels\ProcoreLinksPanel\ProcoreLinksPanel.xaml.cs(78,28): warning CS8603: Possible null reference return. [C:\ExplorerPro\ExplorerPro_on4pkfpc_wpftmp.csproj]
     3>C:\ExplorerPro\UI\Panels\ProcoreLinksPanel\ProcoreLinksPanel.xaml.cs(88,31): warning CS8601: Possible null reference assignment. [C:\ExplorerPro\ExplorerPro_on4pkfpc_wpftmp.csproj]
     3>C:\ExplorerPro\UI\Panels\ProcoreLinksPanel\ProcoreLinksPanel.xaml.cs(93,37): warning CS8619: Nullability of reference types in value of type 'List<string?>' doesn't match target type 'List<string>'. [C:\ExplorerPro\ExplorerPro_on4pkfpc_wpftmp.csproj]
     3>C:\ExplorerPro\UI\Panels\ProcoreLinksPanel\ProcoreLinksPanel.xaml.cs(114,24): warning CS8603: Possible null reference return. [C:\ExplorerPro\ExplorerPro_on4pkfpc_wpftmp.csproj]
     3>C:\ExplorerPro\UI\FileTree\FileTreeItem.cs(580,36): warning CS8625: Cannot convert null literal to non-nullable reference type. [C:\ExplorerPro\ExplorerPro_on4pkfpc_wpftmp.csproj]
     3>C:\ExplorerPro\Core\Monitoring\ResourceMonitor.cs(25,39): warning CS8622: Nullability of reference types in type of parameter 'state' of 'void ResourceMonitor.MonitorCallback(object state)' doesn't match the target delegate 'TimerCallback' (possibly because of nullability attributes). [C:\ExplorerPro\ExplorerPro_on4pkfpc_wpftmp.csproj]
     3>C:\ExplorerPro\Core\Monitoring\ResourceMonitor.cs(21,16): warning CS8618: Non-nullable event 'ResourceUsageUpdated' must contain a non-null value when exiting constructor. Consider adding the 'required' modifier or declaring the event as nullable. [C:\ExplorerPro\ExplorerPro_on4pkfpc_wpftmp.csproj]
     3>C:\ExplorerPro\Core\Monitoring\ResourceMonitor.cs(21,16): warning CS8618: Non-nullable event 'HighMemoryPressure' must contain a non-null value when exiting constructor. Consider adding the 'required' modifier or declaring the event as nullable. [C:\ExplorerPro\ExplorerPro_on4pkfpc_wpftmp.csproj]
     3>C:\ExplorerPro\Core\Monitoring\ResourceMonitor.cs(21,16): warning CS8618: Non-nullable event 'FrequentGarbageCollection' must contain a non-null value when exiting constructor. Consider adding the 'required' modifier or declaring the event as nullable. [C:\ExplorerPro\ExplorerPro_on4pkfpc_wpftmp.csproj]
     3>C:\ExplorerPro\UI\FileTree\FileTreeItem.cs(627,39): warning CS8625: Cannot convert null literal to non-nullable reference type. [C:\ExplorerPro\ExplorerPro_on4pkfpc_wpftmp.csproj]
     3>C:\ExplorerPro\UI\FileTree\FileTreeItem.cs(633,51): warning CS8625: Cannot convert null literal to non-nullable reference type. [C:\ExplorerPro\ExplorerPro_on4pkfpc_wpftmp.csproj]
     3>C:\ExplorerPro\UI\FileTree\FileTreeItem.cs(640,34): warning CS8625: Cannot convert null literal to non-nullable reference type. [C:\ExplorerPro\ExplorerPro_on4pkfpc_wpftmp.csproj]
     3>C:\ExplorerPro\UI\FileTree\FileTreeItem.cs(643,35): warning CS8625: Cannot convert null literal to non-nullable reference type. [C:\ExplorerPro\ExplorerPro_on4pkfpc_wpftmp.csproj]
     3>C:\ExplorerPro\UI\FileTree\FileTreeItem.cs(644,28): warning CS8625: Cannot convert null literal to non-nullable reference type. [C:\ExplorerPro\ExplorerPro_on4pkfpc_wpftmp.csproj]
     3>C:\ExplorerPro\UI\FileTree\FileTreeItem.cs(647,44): warning CS8625: Cannot convert null literal to non-nullable reference type. [C:\ExplorerPro\ExplorerPro_on4pkfpc_wpftmp.csproj]
     3>C:\ExplorerPro\Core\Monitoring\ResourceMonitor.cs(43,29): warning CS8625: Cannot convert null literal to non-nullable reference type. [C:\ExplorerPro\ExplorerPro_on4pkfpc_wpftmp.csproj]
     3>C:\ExplorerPro\Core\OperationContext.cs(117,43): warning CS8601: Possible null reference assignment. [C:\ExplorerPro\ExplorerPro_on4pkfpc_wpftmp.csproj]
     3>C:\ExplorerPro\Core\OperationContext.cs(118,46): warning CS8601: Possible null reference assignment. [C:\ExplorerPro\ExplorerPro_on4pkfpc_wpftmp.csproj]
     3>C:\ExplorerPro\UI\Panels\ProcoreLinksPanel\ProcoreLinksPanel.xaml.cs(1034,20): warning CS8603: Possible null reference return. [C:\ExplorerPro\ExplorerPro_on4pkfpc_wpftmp.csproj]
     3>C:\ExplorerPro\UI\Controls\Interfaces\ITabAnimationManager.cs(174,32): warning CS8618: Non-nullable property 'EasingFunction' must contain a non-null value when exiting constructor. Consider adding the 'required' modifier or declaring the property as nullable. [C:\ExplorerPro\ExplorerPro_on4pkfpc_wpftmp.csproj]
     3>C:\ExplorerPro\UI\Controls\ChromeStyleTabControl.cs(4013,66): warning CS8601: Possible null reference assignment. [C:\ExplorerPro\ExplorerPro_on4pkfpc_wpftmp.csproj]
     3>C:\ExplorerPro\Core\Services\WindowLifecycleService.cs(90,16): warning CS8618: Non-nullable event 'LayoutSaved' must contain a non-null value when exiting constructor. Consider adding the 'required' modifier or declaring the event as nullable. [C:\ExplorerPro\ExplorerPro_on4pkfpc_wpftmp.csproj]
     3>C:\ExplorerPro\Core\Services\WindowLifecycleService.cs(90,16): warning CS8618: Non-nullable event 'LayoutRestored' must contain a non-null value when exiting constructor. Consider adding the 'required' modifier or declaring the event as nullable. [C:\ExplorerPro\ExplorerPro_on4pkfpc_wpftmp.csproj]
     3>C:\ExplorerPro\UI\Controls\ChromeStyleTabControl.cs(4061,66): warning CS8601: Possible null reference assignment. [C:\ExplorerPro\ExplorerPro_on4pkfpc_wpftmp.csproj]
     3>C:\ExplorerPro\Core\TabManagement\TabPerformanceIntegration.cs(454,54): warning CS8622: Nullability of reference types in type of parameter 'sender' of 'void TabPerformanceIntegration.OnTabHibernatedByManager(object sender, TabHibernationEventArgs e)' doesn't match the target delegate 'EventHandler<TabHibernationEventArgs>' (possibly because of nullability attributes). [C:\ExplorerPro\ExplorerPro_on4pkfpc_wpftmp.csproj]
     3>C:\ExplorerPro\Core\TabManagement\TabPerformanceIntegration.cs(455,55): warning CS8622: Nullability of reference types in type of parameter 'sender' of 'void TabPerformanceIntegration.OnTabReactivatedByManager(object sender, TabReactivationEventArgs e)' doesn't match the target delegate 'EventHandler<TabReactivationEventArgs>' (possibly because of nullability attributes). [C:\ExplorerPro\ExplorerPro_on4pkfpc_wpftmp.csproj]
     3>C:\ExplorerPro\Core\TabManagement\TabPerformanceIntegration.cs(456,53): warning CS8622: Nullability of reference types in type of parameter 'sender' of 'void TabPerformanceIntegration.OnHibernationStatsUpdated(object sender, HibernationStatsEventArgs e)' doesn't match the target delegate 'EventHandler<HibernationStatsEventArgs>' (possibly because of nullability attributes). [C:\ExplorerPro\ExplorerPro_on4pkfpc_wpftmp.csproj]
     3>C:\ExplorerPro\Core\TabManagement\TabPerformanceIntegration.cs(462,64): warning CS8622: Nullability of reference types in type of parameter 'sender' of 'void TabPerformanceIntegration.OnOptimizationCompleted(object sender, OptimizationCompletedEventArgs e)' doesn't match the target delegate 'EventHandler<OptimizationCompletedEventArgs>' (possibly because of nullability attributes). [C:\ExplorerPro\ExplorerPro_on4pkfpc_wpftmp.csproj]
     3>C:\ExplorerPro\Core\TabManagement\TabPerformanceIntegration.cs(463,60): warning CS8622: Nullability of reference types in type of parameter 'sender' of 'void TabPerformanceIntegration.OnPerformanceThresholdExceeded(object sender, PerformanceThresholdEventArgs e)' doesn't match the target delegate 'EventHandler<PerformanceThresholdEventArgs>' (possibly because of nullability attributes). [C:\ExplorerPro\ExplorerPro_on4pkfpc_wpftmp.csproj]
     3>C:\ExplorerPro\Core\SettingsService.cs(35,16): warning CS8618: Non-nullable event 'SettingChanged' must contain a non-null value when exiting constructor. Consider adding the 'required' modifier or declaring the event as nullable. [C:\ExplorerPro\ExplorerPro_on4pkfpc_wpftmp.csproj]
     3>C:\ExplorerPro\Core\SettingsService.cs(35,16): warning CS8618: Non-nullable event 'ValidationFailed' must contain a non-null value when exiting constructor. Consider adding the 'required' modifier or declaring the event as nullable. [C:\ExplorerPro\ExplorerPro_on4pkfpc_wpftmp.csproj]
     3>C:\ExplorerPro\UI\Controls\ChromeStyleTabControl.cs(4134,66): warning CS8601: Possible null reference assignment. [C:\ExplorerPro\ExplorerPro_on4pkfpc_wpftmp.csproj]
     3>C:\ExplorerPro\UI\Controls\ChromeStyleTabControl.cs(4177,66): warning CS8601: Possible null reference assignment. [C:\ExplorerPro\ExplorerPro_on4pkfpc_wpftmp.csproj]
     3>C:\ExplorerPro\UI\Controls\PreviewHandlers\PdfPreviewControl.xaml.cs(50,16): warning CS8618: Non-nullable field '_pdfDocument' must contain a non-null value when exiting constructor. Consider adding the 'required' modifier or declaring the field as nullable. [C:\ExplorerPro\ExplorerPro_on4pkfpc_wpftmp.csproj]
     3>C:\ExplorerPro\UI\Controls\PreviewHandlers\PdfPreviewControl.xaml.cs(50,16): warning CS8618: Non-nullable field '_parentWindow' must contain a non-null value when exiting constructor. Consider adding the 'required' modifier or declaring the field as nullable. [C:\ExplorerPro\ExplorerPro_on4pkfpc_wpftmp.csproj]
     3>C:\ExplorerPro\Core\SettingsService.cs(95,35): warning CS8600: Converting null literal or possible null value to non-nullable type. [C:\ExplorerPro\ExplorerPro_on4pkfpc_wpftmp.csproj]
     3>C:\ExplorerPro\Core\SettingsService.cs(111,57): warning CS8604: Possible null reference argument for parameter 'value' in 'void SettingsManager.UpdateSetting(string key, object value)'. [C:\ExplorerPro\ExplorerPro_on4pkfpc_wpftmp.csproj]
     3>C:\ExplorerPro\Core\SettingsService.cs(132,90): warning CS8604: Possible null reference argument for parameter 'previousValue' in 'SettingChangedEventArgs.SettingChangedEventArgs(string key, object value, object previousValue = null)'. [C:\ExplorerPro\ExplorerPro_on4pkfpc_wpftmp.csproj]
     3>C:\ExplorerPro\UI\FileTree\Helpers\FileTreeOperationHelper.cs(208,28): warning CS1998: This async method lacks 'await' operators and will run synchronously. Consider using the 'await' operator to await non-blocking API calls, or 'await Task.Run(...)' to do CPU-bound work on a background thread. [C:\ExplorerPro\ExplorerPro_on4pkfpc_wpftmp.csproj]
     3>C:\ExplorerPro\UI\FileTree\Services\OutlookDataExtractor.cs(530,34): warning CS8600: Converting null literal or possible null value to non-nullable type. [C:\ExplorerPro\ExplorerPro_on4pkfpc_wpftmp.csproj]
     3>C:\ExplorerPro\UI\FileTree\Services\OutlookDataExtractor.cs(563,36): warning CS8600: Converting null literal or possible null value to non-nullable type. [C:\ExplorerPro\ExplorerPro_on4pkfpc_wpftmp.csproj]
     3>C:\ExplorerPro\UI\Controls\PreviewHandlers\ImagePreviewControl.xaml.cs(48,16): warning CS8618: Non-nullable field '_originalImage' must contain a non-null value when exiting constructor. Consider adding the 'required' modifier or declaring the field as nullable. [C:\ExplorerPro\ExplorerPro_on4pkfpc_wpftmp.csproj]
     3>C:\ExplorerPro\UI\Controls\PreviewHandlers\ImagePreviewControl.xaml.cs(48,16): warning CS8618: Non-nullable field '_parentWindow' must contain a non-null value when exiting constructor. Consider adding the 'required' modifier or declaring the field as nullable. [C:\ExplorerPro\ExplorerPro_on4pkfpc_wpftmp.csproj]
     3>C:\ExplorerPro\Core\TabManagement\TabPerformanceIntegration.cs(633,50): warning CS8622: Nullability of reference types in type of parameter 'sender' of 'void TabPerformanceIntegration.OnTabCreated(object sender, TabEventArgs e)' doesn't match the target delegate 'EventHandler<TabEventArgs>' (possibly because of nullability attributes). [C:\ExplorerPro\ExplorerPro_on4pkfpc_wpftmp.csproj]
     3>C:\ExplorerPro\Core\TabManagement\TabPerformanceIntegration.cs(634,49): warning CS8622: Nullability of reference types in type of parameter 'sender' of 'void TabPerformanceIntegration.OnTabClosed(object sender, TabEventArgs e)' doesn't match the target delegate 'EventHandler<TabEventArgs>' (possibly because of nullability attributes). [C:\ExplorerPro\ExplorerPro_on4pkfpc_wpftmp.csproj]
     3>C:\ExplorerPro\Core\TabManagement\TabPerformanceIntegration.cs(635,56): warning CS8622: Nullability of reference types in type of parameter 'sender' of 'void TabPerformanceIntegration.OnActiveTabChanged(object sender, TabChangedEventArgs e)' doesn't match the target delegate 'EventHandler<TabChangedEventArgs>' (possibly because of nullability attributes). [C:\ExplorerPro\ExplorerPro_on4pkfpc_wpftmp.csproj]
     3>C:\ExplorerPro\Core\TabManagement\TabPerformanceIntegration.cs(648,54): warning CS8622: Nullability of reference types in type of parameter 'sender' of 'void TabPerformanceIntegration.OnTabHibernatedByManager(object sender, TabHibernationEventArgs e)' doesn't match the target delegate 'EventHandler<TabHibernationEventArgs>' (possibly because of nullability attributes). [C:\ExplorerPro\ExplorerPro_on4pkfpc_wpftmp.csproj]
     3>C:\ExplorerPro\Core\TabManagement\TabPerformanceIntegration.cs(649,55): warning CS8622: Nullability of reference types in type of parameter 'sender' of 'void TabPerformanceIntegration.OnTabReactivatedByManager(object sender, TabReactivationEventArgs e)' doesn't match the target delegate 'EventHandler<TabReactivationEventArgs>' (possibly because of nullability attributes). [C:\ExplorerPro\ExplorerPro_on4pkfpc_wpftmp.csproj]
     3>C:\ExplorerPro\Core\TabManagement\TabPerformanceIntegration.cs(650,53): warning CS8622: Nullability of reference types in type of parameter 'sender' of 'void TabPerformanceIntegration.OnHibernationStatsUpdated(object sender, HibernationStatsEventArgs e)' doesn't match the target delegate 'EventHandler<HibernationStatsEventArgs>' (possibly because of nullability attributes). [C:\ExplorerPro\ExplorerPro_on4pkfpc_wpftmp.csproj]
     3>C:\ExplorerPro\Core\TabManagement\TabPerformanceIntegration.cs(655,64): warning CS8622: Nullability of reference types in type of parameter 'sender' of 'void TabPerformanceIntegration.OnOptimizationCompleted(object sender, OptimizationCompletedEventArgs e)' doesn't match the target delegate 'EventHandler<OptimizationCompletedEventArgs>' (possibly because of nullability attributes). [C:\ExplorerPro\ExplorerPro_on4pkfpc_wpftmp.csproj]
     3>C:\ExplorerPro\Core\TabManagement\TabPerformanceIntegration.cs(656,60): warning CS8622: Nullability of reference types in type of parameter 'sender' of 'void TabPerformanceIntegration.OnPerformanceThresholdExceeded(object sender, PerformanceThresholdEventArgs e)' doesn't match the target delegate 'EventHandler<PerformanceThresholdEventArgs>' (possibly because of nullability attributes). [C:\ExplorerPro\ExplorerPro_on4pkfpc_wpftmp.csproj]
     3>C:\ExplorerPro\UI\FileTree\Helpers\FileTreeOperationHelper.cs(258,28): warning CS8603: Possible null reference return. [C:\ExplorerPro\ExplorerPro_on4pkfpc_wpftmp.csproj]
     3>C:\ExplorerPro\UI\FileTree\Helpers\FileTreeOperationHelper.cs(264,20): warning CS8603: Possible null reference return. [C:\ExplorerPro\ExplorerPro_on4pkfpc_wpftmp.csproj]
     3>C:\ExplorerPro\UI\Controls\PreviewHandlers\PdfPreviewControl.xaml.cs(77,36): warning CS8625: Cannot convert null literal to non-nullable reference type. [C:\ExplorerPro\ExplorerPro_on4pkfpc_wpftmp.csproj]
     3>C:\ExplorerPro\Core\SettingsService.cs(160,40): warning CS8600: Converting null literal or possible null value to non-nullable type. [C:\ExplorerPro\ExplorerPro_on4pkfpc_wpftmp.csproj]
     3>C:\ExplorerPro\Core\SettingsService.cs(179,86): warning CS8604: Possible null reference argument for parameter 'previousValue' in 'SettingChangedEventArgs.SettingChangedEventArgs(string key, object value, object previousValue = null)'. [C:\ExplorerPro\ExplorerPro_on4pkfpc_wpftmp.csproj]
     3>C:\ExplorerPro\UI\FileTree\Services\OutlookDataExtractor.cs(638,34): warning CS8600: Converting null literal or possible null value to non-nullable type. [C:\ExplorerPro\ExplorerPro_on4pkfpc_wpftmp.csproj]
     3>C:\ExplorerPro\UI\FileTree\Services\OutlookDataExtractor.cs(682,24): warning CS8603: Possible null reference return. [C:\ExplorerPro\ExplorerPro_on4pkfpc_wpftmp.csproj]
     3>C:\ExplorerPro\UI\FileTree\Services\OutlookDataExtractor.cs(687,24): warning CS8603: Possible null reference return. [C:\ExplorerPro\ExplorerPro_on4pkfpc_wpftmp.csproj]
     3>C:\ExplorerPro\UI\FileTree\Managers\OptimizedTreeViewIndexer.cs(93,39): warning CS8622: Nullability of reference types in type of parameter 'state' of 'void OptimizedTreeViewIndexer.PerformCleanup(object state)' doesn't match the target delegate 'TimerCallback' (possibly because of nullability attributes). [C:\ExplorerPro\ExplorerPro_on4pkfpc_wpftmp.csproj]
     3>C:\ExplorerPro\UI\FileTree\Managers\OptimizedTreeViewIndexer.cs(96,48): warning CS8622: Nullability of reference types in type of parameter 'state' of 'void OptimizedTreeViewIndexer.UpdateVisibility(object state)' doesn't match the target delegate 'TimerCallback' (possibly because of nullability attributes). [C:\ExplorerPro\ExplorerPro_on4pkfpc_wpftmp.csproj]
     3>C:\ExplorerPro\UI\FileTree\Managers\OptimizedTreeViewIndexer.cs(87,16): warning CS8618: Non-nullable event 'ContainerCreated' must contain a non-null value when exiting constructor. Consider adding the 'required' modifier or declaring the event as nullable. [C:\ExplorerPro\ExplorerPro_on4pkfpc_wpftmp.csproj]
     3>C:\ExplorerPro\UI\FileTree\Managers\OptimizedTreeViewIndexer.cs(87,16): warning CS8618: Non-nullable event 'ContainerDestroyed' must contain a non-null value when exiting constructor. Consider adding the 'required' modifier or declaring the event as nullable. [C:\ExplorerPro\ExplorerPro_on4pkfpc_wpftmp.csproj]
     3>C:\ExplorerPro\UI\FileTree\Managers\OptimizedTreeViewIndexer.cs(87,16): warning CS8618: Non-nullable event 'VisibilityChanged' must contain a non-null value when exiting constructor. Consider adding the 'required' modifier or declaring the event as nullable. [C:\ExplorerPro\ExplorerPro_on4pkfpc_wpftmp.csproj]
     3>C:\ExplorerPro\UI\FileTree\Models\FileTreeItem.cs(124,16): warning CS8618: Non-nullable field '_name' must contain a non-null value when exiting constructor. Consider adding the 'required' modifier or declaring the field as nullable. [C:\ExplorerPro\ExplorerPro_on4pkfpc_wpftmp.csproj]
     3>C:\ExplorerPro\UI\FileTree\Models\FileTreeItem.cs(124,16): warning CS8618: Non-nullable field '_path' must contain a non-null value when exiting constructor. Consider adding the 'required' modifier or declaring the field as nullable. [C:\ExplorerPro\ExplorerPro_on4pkfpc_wpftmp.csproj]
     3>C:\ExplorerPro\UI\FileTree\Models\FileTreeItem.cs(124,16): warning CS8618: Non-nullable field '_icon' must contain a non-null value when exiting constructor. Consider adding the 'required' modifier or declaring the field as nullable. [C:\ExplorerPro\ExplorerPro_on4pkfpc_wpftmp.csproj]
     3>C:\ExplorerPro\UI\FileTree\Models\FileTreeItem.cs(124,16): warning CS8618: Non-nullable field '_parent' must contain a non-null value when exiting constructor. Consider adding the 'required' modifier or declaring the field as nullable. [C:\ExplorerPro\ExplorerPro_on4pkfpc_wpftmp.csproj]
     3>C:\ExplorerPro\UI\FileTree\Models\FileTreeItem.cs(124,16): warning CS8618: Non-nullable event 'PropertyChanged' must contain a non-null value when exiting constructor. Consider adding the 'required' modifier or declaring the event as nullable. [C:\ExplorerPro\ExplorerPro_on4pkfpc_wpftmp.csproj]
     3>C:\ExplorerPro\UI\FileTree\Managers\OptimizedTreeViewIndexer.cs(135,44): warning CS8622: Nullability of reference types in type of parameter 'sender' of 'void OptimizedTreeViewIndexer.OnGeneratorStatusChanged(object sender, EventArgs e)' doesn't match the target delegate 'EventHandler' (possibly because of nullability attributes). [C:\ExplorerPro\ExplorerPro_on4pkfpc_wpftmp.csproj]
     3>C:\ExplorerPro\Core\SettingsService.cs(216,47): warning CS8625: Cannot convert null literal to non-nullable reference type. [C:\ExplorerPro\ExplorerPro_on4pkfpc_wpftmp.csproj]
     3>C:\ExplorerPro\UI\FileTree\Managers\OptimizedTreeViewIndexer.cs(152,44): warning CS8622: Nullability of reference types in type of parameter 'sender' of 'void OptimizedTreeViewIndexer.OnGeneratorStatusChanged(object sender, EventArgs e)' doesn't match the target delegate 'EventHandler' (possibly because of nullability attributes). [C:\ExplorerPro\ExplorerPro_on4pkfpc_wpftmp.csproj]
     3>C:\ExplorerPro\UI\Controls\PreviewHandlers\ImagePreviewControl.xaml.cs(142,61): warning CS8600: Converting null literal or possible null value to non-nullable type. [C:\ExplorerPro\ExplorerPro_on4pkfpc_wpftmp.csproj]
     3>C:\ExplorerPro\UI\FileTree\Models\FileTreeItem.cs(152,32): warning CS8625: Cannot convert null literal to non-nullable reference type. [C:\ExplorerPro\ExplorerPro_on4pkfpc_wpftmp.csproj]
     3>C:\ExplorerPro\UI\FileTree\Models\FileTreeItem.cs(160,32): warning CS8625: Cannot convert null literal to non-nullable reference type. [C:\ExplorerPro\ExplorerPro_on4pkfpc_wpftmp.csproj]
     3>C:\ExplorerPro\UI\FileTree\Managers\OptimizedTreeViewIndexer.cs(180,55): warning CS8603: Possible null reference return. [C:\ExplorerPro\ExplorerPro_on4pkfpc_wpftmp.csproj]
     3>C:\ExplorerPro\UI\FileTree\Managers\OptimizedTreeViewIndexer.cs(191,20): warning CS8603: Possible null reference return. [C:\ExplorerPro\ExplorerPro_on4pkfpc_wpftmp.csproj]
     3>C:\ExplorerPro\UI\Controls\PreviewHandlers\PdfPreviewControl.xaml.cs(123,58): warning CS8600: Converting null literal or possible null value to non-nullable type. [C:\ExplorerPro\ExplorerPro_on4pkfpc_wpftmp.csproj]
     3>C:\ExplorerPro\Core\Services\DragDropService.cs(301,24): warning CS8603: Possible null reference return. [C:\ExplorerPro\ExplorerPro_on4pkfpc_wpftmp.csproj]
     3>C:\ExplorerPro\UI\FileTree\Services\OutlookDataExtractor.cs(712,39): warning CS8600: Converting null literal or possible null value to non-nullable type. [C:\ExplorerPro\ExplorerPro_on4pkfpc_wpftmp.csproj]
     3>C:\ExplorerPro\UI\MainWindow\MainWindow.xaml.cs(3383,24): warning CS8603: Possible null reference return. [C:\ExplorerPro\ExplorerPro_on4pkfpc_wpftmp.csproj]
     3>C:\ExplorerPro\UI\MainWindow\MainWindow.xaml.cs(3390,24): warning CS8603: Possible null reference return. [C:\ExplorerPro\ExplorerPro_on4pkfpc_wpftmp.csproj]
     3>C:\ExplorerPro\UI\MainWindow\MainWindow.xaml.cs(3448,24): warning CS8603: Possible null reference return. [C:\ExplorerPro\ExplorerPro_on4pkfpc_wpftmp.csproj]
     3>C:\ExplorerPro\UI\FileTree\Managers\OptimizedTreeViewIndexer.cs(199,56): warning CS8603: Possible null reference return. [C:\ExplorerPro\ExplorerPro_on4pkfpc_wpftmp.csproj]
     3>C:\ExplorerPro\UI\FileTree\Managers\OptimizedTreeViewIndexer.cs(201,20): warning CS8603: Possible null reference return. [C:\ExplorerPro\ExplorerPro_on4pkfpc_wpftmp.csproj]
     3>C:\ExplorerPro\UI\MainWindow\MainWindow.xaml.cs(3459,38): warning CS8604: Possible null reference argument for parameter 'tabItem' in 'MainWindow MainWindow.DetachTabToNewWindow(TabItem tabItem)'. [C:\ExplorerPro\ExplorerPro_on4pkfpc_wpftmp.csproj]
     3>C:\ExplorerPro\UI\Controls\TabAnimationManager.cs(31,16): warning CS8618: Non-nullable field '_logger' must contain a non-null value when exiting constructor. Consider adding the 'required' modifier or declaring the field as nullable. [C:\ExplorerPro\ExplorerPro_on4pkfpc_wpftmp.csproj]
     3>C:\ExplorerPro\Core\Services\WindowLifecycleService.cs(178,40): warning CS8600: Converting null literal or possible null value to non-nullable type. [C:\ExplorerPro\ExplorerPro_on4pkfpc_wpftmp.csproj]
     3>C:\ExplorerPro\Core\Services\WindowLifecycleService.cs(178,59): warning CS8600: Converting null literal or possible null value to non-nullable type. [C:\ExplorerPro\ExplorerPro_on4pkfpc_wpftmp.csproj]
     3>C:\ExplorerPro\Core\Services\WindowLifecycleService.cs(184,41): warning CS8600: Converting null literal or possible null value to non-nullable type. [C:\ExplorerPro\ExplorerPro_on4pkfpc_wpftmp.csproj]
     3>C:\ExplorerPro\Core\Services\WindowLifecycleService.cs(185,38): warning CS8600: Converting null literal or possible null value to non-nullable type. [C:\ExplorerPro\ExplorerPro_on4pkfpc_wpftmp.csproj]
     3>C:\ExplorerPro\UI\Controls\ModernTabControl.cs(148,16): warning CS8618: Non-nullable field '_logger' must contain a non-null value when exiting constructor. Consider adding the 'required' modifier or declaring the field as nullable. [C:\ExplorerPro\ExplorerPro_on4pkfpc_wpftmp.csproj]
     3>C:\ExplorerPro\UI\Controls\ModernTabControl.cs(148,16): warning CS8618: Non-nullable field '_dragDropManager' must contain a non-null value when exiting constructor. Consider adding the 'required' modifier or declaring the field as nullable. [C:\ExplorerPro\ExplorerPro_on4pkfpc_wpftmp.csproj]
     3>C:\ExplorerPro\UI\Controls\ModernTabControl.cs(148,16): warning CS8618: Non-nullable field '_animationManager' must contain a non-null value when exiting constructor. Consider adding the 'required' modifier or declaring the field as nullable. [C:\ExplorerPro\ExplorerPro_on4pkfpc_wpftmp.csproj]
     3>C:\ExplorerPro\UI\Controls\ModernTabControl.cs(148,16): warning CS8618: Non-nullable field '_sizingManager' must contain a non-null value when exiting constructor. Consider adding the 'required' modifier or declaring the field as nullable. [C:\ExplorerPro\ExplorerPro_on4pkfpc_wpftmp.csproj]
     3>C:\ExplorerPro\UI\Controls\ModernTabControl.cs(148,16): warning CS8618: Non-nullable field '_visualManager' must contain a non-null value when exiting constructor. Consider adding the 'required' modifier or declaring the field as nullable. [C:\ExplorerPro\ExplorerPro_on4pkfpc_wpftmp.csproj]
     3>C:\ExplorerPro\UI\Controls\ModernTabControl.cs(148,16): warning CS8618: Non-nullable field '_tabManagerService' must contain a non-null value when exiting constructor. Consider adding the 'required' modifier or declaring the field as nullable. [C:\ExplorerPro\ExplorerPro_on4pkfpc_wpftmp.csproj]
     3>C:\ExplorerPro\UI\Controls\ModernTabControl.cs(148,16): warning CS8618: Non-nullable field '_viewModel' must contain a non-null value when exiting constructor. Consider adding the 'required' modifier or declaring the field as nullable. [C:\ExplorerPro\ExplorerPro_on4pkfpc_wpftmp.csproj]
     3>C:\ExplorerPro\UI\Controls\ModernTabControl.cs(181,44): warning CS8604: Possible null reference argument for parameter 'logger' in 'TabDragDropManager.TabDragDropManager(ILogger<TabDragDropManager> logger = null)'. [C:\ExplorerPro\ExplorerPro_on4pkfpc_wpftmp.csproj]
     3>C:\ExplorerPro\UI\Controls\ModernTabControl.cs(184,45): warning CS8604: Possible null reference argument for parameter 'logger' in 'TabAnimationManager.TabAnimationManager(ILogger<TabAnimationManager> logger = null)'. [C:\ExplorerPro\ExplorerPro_on4pkfpc_wpftmp.csproj]
     3>C:\ExplorerPro\UI\Controls\ModernTabControl.cs(187,42): warning CS8604: Possible null reference argument for parameter 'logger' in 'TabSizingManager.TabSizingManager(ILogger<TabSizingManager> logger = null)'. [C:\ExplorerPro\ExplorerPro_on4pkfpc_wpftmp.csproj]
     3>C:\ExplorerPro\UI\Controls\ModernTabControl.cs(190,42): warning CS8604: Possible null reference argument for parameter 'logger' in 'TabVisualManager.TabVisualManager(ILogger<TabVisualManager> logger = null)'. [C:\ExplorerPro\ExplorerPro_on4pkfpc_wpftmp.csproj]
     3>C:\ExplorerPro\UI\FileTree\Services\OutlookDataExtractor.cs(71,20): warning CS8618: Non-nullable property 'ErrorMessage' must contain a non-null value when exiting constructor. Consider adding the 'required' modifier or declaring the property as nullable. [C:\ExplorerPro\ExplorerPro_on4pkfpc_wpftmp.csproj]
     3>C:\ExplorerPro\UI\FileTree\Services\OutlookDataExtractor.cs(71,20): warning CS8618: Non-nullable property 'Stage' must contain a non-null value when exiting constructor. Consider adding the 'required' modifier or declaring the property as nullable. [C:\ExplorerPro\ExplorerPro_on4pkfpc_wpftmp.csproj]
     3>C:\ExplorerPro\UI\Controls\ModernTabControl.cs(294,77): warning CS8604: Possible null reference argument for parameter 'previousTab' in 'Task ITabAnimationManager.AnimateTabActivationAsync(TabItem tabItem, TabItem previousTab = null)'. [C:\ExplorerPro\ExplorerPro_on4pkfpc_wpftmp.csproj]
     3>C:\ExplorerPro\UI\Controls\PreviewHandlers\PdfPreviewControl.xaml.cs(444,42): warning CS8625: Cannot convert null literal to non-nullable reference type. [C:\ExplorerPro\ExplorerPro_on4pkfpc_wpftmp.csproj]
     3>C:\ExplorerPro\UI\Controls\PreviewHandlers\PdfPreviewControl.xaml.cs(444,48): warning CS8625: Cannot convert null literal to non-nullable reference type. [C:\ExplorerPro\ExplorerPro_on4pkfpc_wpftmp.csproj]
     3>C:\ExplorerPro\UI\Controls\PreviewHandlers\PdfPreviewControl.xaml.cs(450,42): warning CS8625: Cannot convert null literal to non-nullable reference type. [C:\ExplorerPro\ExplorerPro_on4pkfpc_wpftmp.csproj]
     3>C:\ExplorerPro\UI\Controls\PreviewHandlers\PdfPreviewControl.xaml.cs(450,48): warning CS8625: Cannot convert null literal to non-nullable reference type. [C:\ExplorerPro\ExplorerPro_on4pkfpc_wpftmp.csproj]
     3>C:\ExplorerPro\UI\Controls\PreviewHandlers\PdfPreviewControl.xaml.cs(458,44): warning CS8625: Cannot convert null literal to non-nullable reference type. [C:\ExplorerPro\ExplorerPro_on4pkfpc_wpftmp.csproj]
     3>C:\ExplorerPro\UI\Controls\PreviewHandlers\PdfPreviewControl.xaml.cs(458,50): warning CS8625: Cannot convert null literal to non-nullable reference type. [C:\ExplorerPro\ExplorerPro_on4pkfpc_wpftmp.csproj]
     3>C:\ExplorerPro\UI\Controls\PreviewHandlers\PdfPreviewControl.xaml.cs(467,45): warning CS8625: Cannot convert null literal to non-nullable reference type. [C:\ExplorerPro\ExplorerPro_on4pkfpc_wpftmp.csproj]
     3>C:\ExplorerPro\UI\Controls\PreviewHandlers\PdfPreviewControl.xaml.cs(467,51): warning CS8625: Cannot convert null literal to non-nullable reference type. [C:\ExplorerPro\ExplorerPro_on4pkfpc_wpftmp.csproj]
     3>C:\ExplorerPro\UI\Controls\PreviewHandlers\PdfPreviewControl.xaml.cs(476,47): warning CS8625: Cannot convert null literal to non-nullable reference type. [C:\ExplorerPro\ExplorerPro_on4pkfpc_wpftmp.csproj]
     3>C:\ExplorerPro\UI\Controls\PreviewHandlers\PdfPreviewControl.xaml.cs(476,53): warning CS8625: Cannot convert null literal to non-nullable reference type. [C:\ExplorerPro\ExplorerPro_on4pkfpc_wpftmp.csproj]
     3>C:\ExplorerPro\UI\Controls\PreviewHandlers\PdfPreviewControl.xaml.cs(484,48): warning CS8625: Cannot convert null literal to non-nullable reference type. [C:\ExplorerPro\ExplorerPro_on4pkfpc_wpftmp.csproj]
     3>C:\ExplorerPro\UI\Controls\PreviewHandlers\PdfPreviewControl.xaml.cs(484,54): warning CS8625: Cannot convert null literal to non-nullable reference type. [C:\ExplorerPro\ExplorerPro_on4pkfpc_wpftmp.csproj]
     3>C:\ExplorerPro\UI\FileTree\Services\FileTreeThemeService.cs(60,25): warning CS8601: Possible null reference assignment. [C:\ExplorerPro\ExplorerPro_on4pkfpc_wpftmp.csproj]
     3>C:\ExplorerPro\UI\FileTree\Services\FileTreeThemeService.cs(72,42): warning CS8622: Nullability of reference types in type of parameter 'sender' of 'void FileTreeThemeService.OnDeferredUpdateTimerTick(object sender, EventArgs e)' doesn't match the target delegate 'EventHandler' (possibly because of nullability attributes). [C:\ExplorerPro\ExplorerPro_on4pkfpc_wpftmp.csproj]
     3>C:\ExplorerPro\UI\FileTree\Services\FileTreeThemeService.cs(78,36): warning CS8622: Nullability of reference types in type of parameter 'sender' of 'void FileTreeThemeService.OnThemeChanged(object sender, AppTheme newTheme)' doesn't match the target delegate 'EventHandler<AppTheme>' (possibly because of nullability attributes). [C:\ExplorerPro\ExplorerPro_on4pkfpc_wpftmp.csproj]
     3>C:\ExplorerPro\UI\FileTree\Services\FileTreeThemeService.cs(79,38): warning CS8622: Nullability of reference types in type of parameter 'sender' of 'void FileTreeThemeService.OnThemeRefreshed(object sender, AppTheme currentTheme)' doesn't match the target delegate 'EventHandler<AppTheme>' (possibly because of nullability attributes). [C:\ExplorerPro\ExplorerPro_on4pkfpc_wpftmp.csproj]
     3>C:\ExplorerPro\UI\FileTree\Services\FileTreeThemeService.cs(57,16): warning CS8618: Non-nullable field '_mainGrid' must contain a non-null value when exiting constructor. Consider adding the 'required' modifier or declaring the field as nullable. [C:\ExplorerPro\ExplorerPro_on4pkfpc_wpftmp.csproj]
     3>C:\ExplorerPro\UI\FileTree\Services\FileTreeThemeService.cs(57,16): warning CS8618: Non-nullable field '_treeScrollViewer' must contain a non-null value when exiting constructor. Consider adding the 'required' modifier or declaring the field as nullable. [C:\ExplorerPro\ExplorerPro_on4pkfpc_wpftmp.csproj]
     3>C:\ExplorerPro\UI\Controls\PreviewHandlers\PdfPreviewControl.xaml.cs(500,40): warning CS8625: Cannot convert null literal to non-nullable reference type. [C:\ExplorerPro\ExplorerPro_on4pkfpc_wpftmp.csproj]
     3>C:\ExplorerPro\UI\Controls\PreviewHandlers\PdfPreviewControl.xaml.cs(500,46): warning CS8625: Cannot convert null literal to non-nullable reference type. [C:\ExplorerPro\ExplorerPro_on4pkfpc_wpftmp.csproj]
     3>C:\ExplorerPro\UI\Controls\PreviewHandlers\PdfPreviewControl.xaml.cs(502,41): warning CS8625: Cannot convert null literal to non-nullable reference type. [C:\ExplorerPro\ExplorerPro_on4pkfpc_wpftmp.csproj]
     3>C:\ExplorerPro\UI\Controls\PreviewHandlers\PdfPreviewControl.xaml.cs(502,47): warning CS8625: Cannot convert null literal to non-nullable reference type. [C:\ExplorerPro\ExplorerPro_on4pkfpc_wpftmp.csproj]
     3>C:\ExplorerPro\UI\Controls\PreviewHandlers\PdfPreviewControl.xaml.cs(510,42): warning CS8625: Cannot convert null literal to non-nullable reference type. [C:\ExplorerPro\ExplorerPro_on4pkfpc_wpftmp.csproj]
     3>C:\ExplorerPro\UI\Controls\PreviewHandlers\PdfPreviewControl.xaml.cs(510,48): warning CS8625: Cannot convert null literal to non-nullable reference type. [C:\ExplorerPro\ExplorerPro_on4pkfpc_wpftmp.csproj]
     3>C:\ExplorerPro\UI\Controls\PreviewHandlers\PdfPreviewControl.xaml.cs(512,42): warning CS8625: Cannot convert null literal to non-nullable reference type. [C:\ExplorerPro\ExplorerPro_on4pkfpc_wpftmp.csproj]
     3>C:\ExplorerPro\UI\Controls\PreviewHandlers\PdfPreviewControl.xaml.cs(512,48): warning CS8625: Cannot convert null literal to non-nullable reference type. [C:\ExplorerPro\ExplorerPro_on4pkfpc_wpftmp.csproj]
     3>C:\ExplorerPro\UI\Controls\ModernTabControl.cs(319,44): warning CS8602: Dereference of a possibly null reference. [C:\ExplorerPro\ExplorerPro_on4pkfpc_wpftmp.csproj]
     3>C:\ExplorerPro\Core\Services\WindowLifecycleService.cs(77,23): warning CS8618: Non-nullable property 'WindowId' must contain a non-null value when exiting constructor. Consider adding the 'required' modifier or declaring the property as nullable. [C:\ExplorerPro\ExplorerPro_on4pkfpc_wpftmp.csproj]
     3>C:\ExplorerPro\Core\Services\WindowLifecycleService.cs(79,23): warning CS8618: Non-nullable property 'Message' must contain a non-null value when exiting constructor. Consider adding the 'required' modifier or declaring the property as nullable. [C:\ExplorerPro\ExplorerPro_on4pkfpc_wpftmp.csproj]
     3>C:\ExplorerPro\Core\Services\WindowLifecycleService.cs(80,26): warning CS8618: Non-nullable property 'Exception' must contain a non-null value when exiting constructor. Consider adding the 'required' modifier or declaring the property as nullable. [C:\ExplorerPro\ExplorerPro_on4pkfpc_wpftmp.csproj]
     3>C:\ExplorerPro\UI\Controls\PreviewHandlers\PdfPreviewControl.xaml.cs(582,32): warning CS8625: Cannot convert null literal to non-nullable reference type. [C:\ExplorerPro\ExplorerPro_on4pkfpc_wpftmp.csproj]
     3>C:\ExplorerPro\Core\Services\ThemeService.cs(88,16): warning CS8618: Non-nullable event 'ThemeChanged' must contain a non-null value when exiting constructor. Consider adding the 'required' modifier or declaring the event as nullable. [C:\ExplorerPro\ExplorerPro_on4pkfpc_wpftmp.csproj]
     3>C:\ExplorerPro\UI\Controls\ModernTabControl.cs(419,52): warning CS8604: Possible null reference argument for parameter 'oldService' in 'void ModernTabControl.OnTabManagerServiceChanged(ITabManagerService oldService, ITabManagerService newService)'. [C:\ExplorerPro\ExplorerPro_on4pkfpc_wpftmp.csproj]
     3>C:\ExplorerPro\UI\Controls\ModernTabControl.cs(419,86): warning CS8604: Possible null reference argument for parameter 'newService' in 'void ModernTabControl.OnTabManagerServiceChanged(ITabManagerService oldService, ITabManagerService newService)'. [C:\ExplorerPro\ExplorerPro_on4pkfpc_wpftmp.csproj]
     3>C:\ExplorerPro\Core\Services\DragDropService.cs(318,28): warning CS1998: This async method lacks 'await' operators and will run synchronously. Consider using the 'await' operator to await non-blocking API calls, or 'await Task.Run(...)' to do CPU-bound work on a background thread. [C:\ExplorerPro\ExplorerPro_on4pkfpc_wpftmp.csproj]
     3>C:\ExplorerPro\UI\Controls\ModernTabControl.cs(427,44): warning CS8604: Possible null reference argument for parameter 'oldViewModel' in 'void ModernTabControl.OnViewModelChanged(MainWindowTabsViewModel oldViewModel, MainWindowTabsViewModel newViewModel)'. [C:\ExplorerPro\ExplorerPro_on4pkfpc_wpftmp.csproj]
     3>C:\ExplorerPro\UI\Controls\ModernTabControl.cs(427,83): warning CS8604: Possible null reference argument for parameter 'newViewModel' in 'void ModernTabControl.OnViewModelChanged(MainWindowTabsViewModel oldViewModel, MainWindowTabsViewModel newViewModel)'. [C:\ExplorerPro\ExplorerPro_on4pkfpc_wpftmp.csproj]
     3>C:\ExplorerPro\Core\Services\ThemeService.cs(135,57): warning CS8602: Dereference of a possibly null reference. [C:\ExplorerPro\ExplorerPro_on4pkfpc_wpftmp.csproj]
     3>C:\ExplorerPro\UI\Controls\ModernTabControl.cs(452,42): warning CS8622: Nullability of reference types in type of parameter 'sender' of 'void ModernTabControl.OnTabCreated(object sender, TabEventArgs e)' doesn't match the target delegate 'EventHandler<TabEventArgs>' (possibly because of nullability attributes). [C:\ExplorerPro\ExplorerPro_on4pkfpc_wpftmp.csproj]
     3>C:\ExplorerPro\UI\Controls\ModernTabControl.cs(453,41): warning CS8622: Nullability of reference types in type of parameter 'sender' of 'void ModernTabControl.OnTabClosed(object sender, TabEventArgs e)' doesn't match the target delegate 'EventHandler<TabEventArgs>' (possibly because of nullability attributes). [C:\ExplorerPro\ExplorerPro_on4pkfpc_wpftmp.csproj]
     3>C:\ExplorerPro\UI\Controls\ModernTabControl.cs(454,48): warning CS8622: Nullability of reference types in type of parameter 'sender' of 'void ModernTabControl.OnActiveTabChanged(object sender, TabChangedEventArgs e)' doesn't match the target delegate 'EventHandler<TabChangedEventArgs>' (possibly because of nullability attributes). [C:\ExplorerPro\ExplorerPro_on4pkfpc_wpftmp.csproj]
     3>C:\ExplorerPro\UI\Controls\ModernTabControl.cs(462,42): warning CS8622: Nullability of reference types in type of parameter 'sender' of 'void ModernTabControl.OnTabCreated(object sender, TabEventArgs e)' doesn't match the target delegate 'EventHandler<TabEventArgs>' (possibly because of nullability attributes). [C:\ExplorerPro\ExplorerPro_on4pkfpc_wpftmp.csproj]
     3>C:\ExplorerPro\UI\Controls\ModernTabControl.cs(463,41): warning CS8622: Nullability of reference types in type of parameter 'sender' of 'void ModernTabControl.OnTabClosed(object sender, TabEventArgs e)' doesn't match the target delegate 'EventHandler<TabEventArgs>' (possibly because of nullability attributes). [C:\ExplorerPro\ExplorerPro_on4pkfpc_wpftmp.csproj]
     3>C:\ExplorerPro\UI\Controls\ModernTabControl.cs(464,48): warning CS8622: Nullability of reference types in type of parameter 'sender' of 'void ModernTabControl.OnActiveTabChanged(object sender, TabChangedEventArgs e)' doesn't match the target delegate 'EventHandler<TabChangedEventArgs>' (possibly because of nullability attributes). [C:\ExplorerPro\ExplorerPro_on4pkfpc_wpftmp.csproj]
     3>C:\ExplorerPro\Core\Services\ThemeService.cs(177,24): warning CS8603: Possible null reference return. [C:\ExplorerPro\ExplorerPro_on4pkfpc_wpftmp.csproj]
     3>C:\ExplorerPro\UI\FileTree\Managers\OptimizedTreeViewIndexer.cs(351,38): warning CS8604: Possible null reference argument for parameter 'generator' in 'void OptimizedTreeViewIndexer.HandleItemsAdded(ItemContainerGenerator generator, ItemsChangedEventArgs e)'. [C:\ExplorerPro\ExplorerPro_on4pkfpc_wpftmp.csproj]
     3>C:\ExplorerPro\UI\FileTree\Managers\OptimizedTreeViewIndexer.cs(355,40): warning CS8604: Possible null reference argument for parameter 'generator' in 'void OptimizedTreeViewIndexer.HandleItemsRemoved(ItemContainerGenerator generator, ItemsChangedEventArgs e)'. [C:\ExplorerPro\ExplorerPro_on4pkfpc_wpftmp.csproj]
     3>C:\ExplorerPro\UI\FileTree\Managers\OptimizedTreeViewIndexer.cs(359,38): warning CS8604: Possible null reference argument for parameter 'generator' in 'void OptimizedTreeViewIndexer.HandleItemsReset(ItemContainerGenerator generator)'. [C:\ExplorerPro\ExplorerPro_on4pkfpc_wpftmp.csproj]
     3>C:\ExplorerPro\UI\FileTree\Managers\OptimizedTreeViewIndexer.cs(363,41): warning CS8604: Possible null reference argument for parameter 'generator' in 'void OptimizedTreeViewIndexer.HandleItemsReplaced(ItemContainerGenerator generator, ItemsChangedEventArgs e)'. [C:\ExplorerPro\ExplorerPro_on4pkfpc_wpftmp.csproj]
     3>C:\ExplorerPro\UI\Controls\ModernTabControl.cs(507,51): warning CS8604: Possible null reference argument for parameter 'model' in 'TabItem ModernTabControl.FindTabItemFromModel(TabModel model)'. [C:\ExplorerPro\ExplorerPro_on4pkfpc_wpftmp.csproj]
     3>C:\ExplorerPro\UI\FileTree\Services\FileTreeCacheService.cs(53,16): warning CS8618: Non-nullable event 'ItemEvicted' must contain a non-null value when exiting constructor. Consider adding the 'required' modifier or declaring the event as nullable. [C:\ExplorerPro\ExplorerPro_on4pkfpc_wpftmp.csproj]
     3>C:\ExplorerPro\Core\ShutdownManager.cs(142,34): warning CS1998: This async method lacks 'await' operators and will run synchronously. Consider using the 'await' operator to await non-blocking API calls, or 'await Task.Run(...)' to do CPU-bound work on a background thread. [C:\ExplorerPro\ExplorerPro_on4pkfpc_wpftmp.csproj]
     3>C:\ExplorerPro\UI\Controls\ModernTabControl.cs(522,54): warning CS8622: Nullability of reference types in type of parameter 'sender' of 'void ModernTabControl.OnDragDropReorderRequested(object sender, TabReorderRequestedEventArgs e)' doesn't match the target delegate 'EventHandler<TabReorderRequestedEventArgs>' (possibly because of nullability attributes). [C:\ExplorerPro\ExplorerPro_on4pkfpc_wpftmp.csproj]
     3>C:\ExplorerPro\UI\Controls\ModernTabControl.cs(523,53): warning CS8622: Nullability of reference types in type of parameter 'sender' of 'void ModernTabControl.OnDragDropDetachRequested(object sender, TabDetachRequestedEventArgs e)' doesn't match the target delegate 'EventHandler<TabDetachRequestedEventArgs>' (possibly because of nullability attributes). [C:\ExplorerPro\ExplorerPro_on4pkfpc_wpftmp.csproj]
     3>C:\ExplorerPro\UI\Controls\ModernTabControl.cs(528,49): warning CS8622: Nullability of reference types in type of parameter 'sender' of 'void ModernTabControl.OnSizingChanged(object sender, TabSizingChangedEventArgs e)' doesn't match the target delegate 'EventHandler<TabSizingChangedEventArgs>' (possibly because of nullability attributes). [C:\ExplorerPro\ExplorerPro_on4pkfpc_wpftmp.csproj]
     3>C:\ExplorerPro\UI\Controls\ModernTabControl.cs(533,54): warning CS8622: Nullability of reference types in type of parameter 'sender' of 'void ModernTabControl.OnVisualStateChanged(object sender, TabVisualStateChangedEventArgs e)' doesn't match the target delegate 'EventHandler<TabVisualStateChangedEventArgs>' (possibly because of nullability attributes). [C:\ExplorerPro\ExplorerPro_on4pkfpc_wpftmp.csproj]
     3>C:\ExplorerPro\UI\FileTree\Services\FileTreeCacheService.cs(79,49): warning CS8600: Converting null literal or possible null value to non-nullable type. [C:\ExplorerPro\ExplorerPro_on4pkfpc_wpftmp.csproj]
     3>C:\ExplorerPro\Core\Services\ThemeService.cs(276,32): warning CS8625: Cannot convert null literal to non-nullable reference type. [C:\ExplorerPro\ExplorerPro_on4pkfpc_wpftmp.csproj]
     3>C:\ExplorerPro\UI\FileTree\Services\FileTreeCacheService.cs(112,49): warning CS8600: Converting null literal or possible null value to non-nullable type. [C:\ExplorerPro\ExplorerPro_on4pkfpc_wpftmp.csproj]
     3>C:\ExplorerPro\UI\FileTree\Services\FileTreeCacheService.cs(185,45): warning CS8600: Converting null literal or possible null value to non-nullable type. [C:\ExplorerPro\ExplorerPro_on4pkfpc_wpftmp.csproj]
     3>C:\ExplorerPro\UI\FileTree\Services\FileTreeDragDropService.cs(124,45): warning CS8622: Nullability of reference types in type of parameter 'sender' of 'void FileTreeDragDropService.OnSpringLoadedFolderExpanding(object sender, FileTreeItem item)' doesn't match the target delegate 'EventHandler<FileTreeItem>' (possibly because of nullability attributes). [C:\ExplorerPro\ExplorerPro_on4pkfpc_wpftmp.csproj]
     3>C:\ExplorerPro\UI\FileTree\Services\FileTreeDragDropService.cs(125,46): warning CS8622: Nullability of reference types in type of parameter 'sender' of 'void FileTreeDragDropService.OnSpringLoadedFolderCollapsing(object sender, FileTreeItem item)' doesn't match the target delegate 'EventHandler<FileTreeItem>' (possibly because of nullability attributes). [C:\ExplorerPro\ExplorerPro_on4pkfpc_wpftmp.csproj]
     3>C:\ExplorerPro\UI\FileTree\Services\FileTreeDragDropService.cs(126,40): warning CS8622: Nullability of reference types in type of parameter 'sender' of 'void FileTreeDragDropService.OnSelectionChanged(object sender, FileTreeSelectionChangedEventArgs e)' doesn't match the target delegate 'EventHandler<FileTreeSelectionChangedEventArgs>' (possibly because of nullability attributes). [C:\ExplorerPro\ExplorerPro_on4pkfpc_wpftmp.csproj]
     3>C:\ExplorerPro\UI\FileTree\Services\FileTreeDragDropService.cs(114,16): warning CS8618: Non-nullable field '_control' must contain a non-null value when exiting constructor. Consider adding the 'required' modifier or declaring the field as nullable. [C:\ExplorerPro\ExplorerPro_on4pkfpc_wpftmp.csproj]
     3>C:\ExplorerPro\UI\FileTree\Services\FileTreeDragDropService.cs(114,16): warning CS8618: Non-nullable field '_potentialDragItem' must contain a non-null value when exiting constructor. Consider adding the 'required' modifier or declaring the field as nullable. [C:\ExplorerPro\ExplorerPro_on4pkfpc_wpftmp.csproj]
     3>C:\ExplorerPro\UI\FileTree\Services\FileTreeDragDropService.cs(114,16): warning CS8618: Non-nullable field '_dragAdorner' must contain a non-null value when exiting constructor. Consider adding the 'required' modifier or declaring the field as nullable. [C:\ExplorerPro\ExplorerPro_on4pkfpc_wpftmp.csproj]
     3>C:\ExplorerPro\UI\FileTree\Services\FileTreeDragDropService.cs(114,16): warning CS8618: Non-nullable field '_adornerLayer' must contain a non-null value when exiting constructor. Consider adding the 'required' modifier or declaring the field as nullable. [C:\ExplorerPro\ExplorerPro_on4pkfpc_wpftmp.csproj]
     3>C:\ExplorerPro\UI\FileTree\Services\FileTreeDragDropService.cs(114,16): warning CS8618: Non-nullable field '_autoScrollHelper' must contain a non-null value when exiting constructor. Consider adding the 'required' modifier or declaring the field as nullable. [C:\ExplorerPro\ExplorerPro_on4pkfpc_wpftmp.csproj]
     3>C:\ExplorerPro\UI\FileTree\Services\FileTreeDragDropService.cs(114,16): warning CS8618: Non-nullable field '_currentDropTarget' must contain a non-null value when exiting constructor. Consider adding the 'required' modifier or declaring the field as nullable. [C:\ExplorerPro\ExplorerPro_on4pkfpc_wpftmp.csproj]
     3>C:\ExplorerPro\UI\FileTree\Services\FileTreeDragDropService.cs(114,16): warning CS8618: Non-nullable field '_getItemFromPoint' must contain a non-null value when exiting constructor. Consider adding the 'required' modifier or declaring the field as nullable. [C:\ExplorerPro\ExplorerPro_on4pkfpc_wpftmp.csproj]
     3>C:\ExplorerPro\Core\Services\ServiceHealthMonitor.cs(365,23): warning CS8618: Non-nullable property 'ServiceName' must contain a non-null value when exiting constructor. Consider adding the 'required' modifier or declaring the property as nullable. [C:\ExplorerPro\ExplorerPro_on4pkfpc_wpftmp.csproj]
     3>C:\ExplorerPro\Core\Services\ServiceHealthMonitor.cs(366,30): warning CS8618: Non-nullable property 'ServiceInstance' must contain a non-null value when exiting constructor. Consider adding the 'required' modifier or declaring the property as nullable. [C:\ExplorerPro\ExplorerPro_on4pkfpc_wpftmp.csproj]
     3>C:\ExplorerPro\Core\Services\ServiceHealthMonitor.cs(369,23): warning CS8618: Non-nullable property 'LastError' must contain a non-null value when exiting constructor. Consider adding the 'required' modifier or declaring the property as nullable. [C:\ExplorerPro\ExplorerPro_on4pkfpc_wpftmp.csproj]
     3>C:\ExplorerPro\Core\Services\ServiceHealthMonitor.cs(37,43): warning CS8622: Nullability of reference types in type of parameter 'state' of 'void ServiceHealthMonitor.PerformHealthChecks(object state)' doesn't match the target delegate 'TimerCallback' (possibly because of nullability attributes). [C:\ExplorerPro\ExplorerPro_on4pkfpc_wpftmp.csproj]
     3>C:\ExplorerPro\Core\Services\ServiceHealthMonitor.cs(29,16): warning CS8618: Non-nullable field '_logger' must contain a non-null value when exiting constructor. Consider adding the 'required' modifier or declaring the field as nullable. [C:\ExplorerPro\ExplorerPro_on4pkfpc_wpftmp.csproj]
     3>C:\ExplorerPro\UI\FileTree\Services\FileTreeCacheService.cs(273,49): warning CS8600: Converting null literal or possible null value to non-nullable type. [C:\ExplorerPro\ExplorerPro_on4pkfpc_wpftmp.csproj]
     3>C:\ExplorerPro\Core\Services\NavigationService.cs(81,23): warning CS8618: Non-nullable property 'OldPath' must contain a non-null value when exiting constructor. Consider adding the 'required' modifier or declaring the property as nullable. [C:\ExplorerPro\ExplorerPro_on4pkfpc_wpftmp.csproj]
     3>C:\ExplorerPro\Core\Services\NavigationService.cs(82,23): warning CS8618: Non-nullable property 'NewPath' must contain a non-null value when exiting constructor. Consider adding the 'required' modifier or declaring the property as nullable. [C:\ExplorerPro\ExplorerPro_on4pkfpc_wpftmp.csproj]
     3>C:\ExplorerPro\UI\FileTree\Services\FileTreeDragDropService.cs(215,37): warning CS8625: Cannot convert null literal to non-nullable reference type. [C:\ExplorerPro\ExplorerPro_on4pkfpc_wpftmp.csproj]
     3>C:\ExplorerPro\UI\FileTree\Services\FileTreeDragDropService.cs(222,24): warning CS8625: Cannot convert null literal to non-nullable reference type. [C:\ExplorerPro\ExplorerPro_on4pkfpc_wpftmp.csproj]
     3>C:\ExplorerPro\UI\FileTree\Services\FileTreeDragDropService.cs(223,33): warning CS8625: Cannot convert null literal to non-nullable reference type. [C:\ExplorerPro\ExplorerPro_on4pkfpc_wpftmp.csproj]
     3>C:\ExplorerPro\UI\FileTree\Services\FileTreeDragDropService.cs(82,33): warning CS8618: Non-nullable property 'Item' must contain a non-null value when exiting constructor. Consider adding the 'required' modifier or declaring the property as nullable. [C:\ExplorerPro\ExplorerPro_on4pkfpc_wpftmp.csproj]
     3>C:\ExplorerPro\UI\FileTree\Services\FileTreeDragDropService.cs(1396,25): warning CS8618: Non-nullable property 'SourcePaths' must contain a non-null value when exiting constructor. Consider adding the 'required' modifier or declaring the property as nullable. [C:\ExplorerPro\ExplorerPro_on4pkfpc_wpftmp.csproj]
     3>C:\ExplorerPro\UI\FileTree\Services\FileTreeDragDropService.cs(1397,23): warning CS8618: Non-nullable property 'TargetTabId' must contain a non-null value when exiting constructor. Consider adding the 'required' modifier or declaring the property as nullable. [C:\ExplorerPro\ExplorerPro_on4pkfpc_wpftmp.csproj]
     3>C:\ExplorerPro\UI\Controls\TabDragDropManager.cs(37,16): warning CS8618: Non-nullable field '_logger' must contain a non-null value when exiting constructor. Consider adding the 'required' modifier or declaring the field as nullable. [C:\ExplorerPro\ExplorerPro_on4pkfpc_wpftmp.csproj]
     3>C:\ExplorerPro\UI\Controls\TabDragDropManager.cs(37,16): warning CS8618: Non-nullable field '_tabControl' must contain a non-null value when exiting constructor. Consider adding the 'required' modifier or declaring the field as nullable. [C:\ExplorerPro\ExplorerPro_on4pkfpc_wpftmp.csproj]
     3>C:\ExplorerPro\UI\Controls\TabDragDropManager.cs(37,16): warning CS8618: Non-nullable field '_draggedTab' must contain a non-null value when exiting constructor. Consider adding the 'required' modifier or declaring the field as nullable. [C:\ExplorerPro\ExplorerPro_on4pkfpc_wpftmp.csproj]
     3>C:\ExplorerPro\UI\Controls\TabDragDropManager.cs(37,16): warning CS8618: Non-nullable field '_draggedTabItem' must contain a non-null value when exiting constructor. Consider adding the 'required' modifier or declaring the field as nullable. [C:\ExplorerPro\ExplorerPro_on4pkfpc_wpftmp.csproj]
     3>C:\ExplorerPro\UI\Controls\TabDragDropManager.cs(37,16): warning CS8618: Non-nullable field '_dragVisualWindow' must contain a non-null value when exiting constructor. Consider adding the 'required' modifier or declaring the field as nullable. [C:\ExplorerPro\ExplorerPro_on4pkfpc_wpftmp.csproj]
     3>C:\ExplorerPro\UI\Controls\TabDragDropManager.cs(37,16): warning CS8618: Non-nullable field '_insertionIndicator' must contain a non-null value when exiting constructor. Consider adding the 'required' modifier or declaring the field as nullable. [C:\ExplorerPro\ExplorerPro_on4pkfpc_wpftmp.csproj]
     3>C:\ExplorerPro\UI\Controls\TabDragDropManager.cs(37,16): warning CS8618: Non-nullable event 'DragStarted' must contain a non-null value when exiting constructor. Consider adding the 'required' modifier or declaring the event as nullable. [C:\ExplorerPro\ExplorerPro_on4pkfpc_wpftmp.csproj]
     3>C:\ExplorerPro\UI\Controls\TabDragDropManager.cs(37,16): warning CS8618: Non-nullable event 'Dragging' must contain a non-null value when exiting constructor. Consider adding the 'required' modifier or declaring the event as nullable. [C:\ExplorerPro\ExplorerPro_on4pkfpc_wpftmp.csproj]
     3>C:\ExplorerPro\UI\Controls\TabDragDropManager.cs(37,16): warning CS8618: Non-nullable event 'DragCompleted' must contain a non-null value when exiting constructor. Consider adding the 'required' modifier or declaring the event as nullable. [C:\ExplorerPro\ExplorerPro_on4pkfpc_wpftmp.csproj]
     3>C:\ExplorerPro\UI\Controls\TabDragDropManager.cs(37,16): warning CS8618: Non-nullable event 'ReorderRequested' must contain a non-null value when exiting constructor. Consider adding the 'required' modifier or declaring the event as nullable. [C:\ExplorerPro\ExplorerPro_on4pkfpc_wpftmp.csproj]
     3>C:\ExplorerPro\UI\Controls\TabDragDropManager.cs(37,16): warning CS8618: Non-nullable event 'DetachRequested' must contain a non-null value when exiting constructor. Consider adding the 'required' modifier or declaring the event as nullable. [C:\ExplorerPro\ExplorerPro_on4pkfpc_wpftmp.csproj]
     3>C:\ExplorerPro\Core\Services\ServiceHealthMonitor.cs(149,20): warning CS8603: Possible null reference return. [C:\ExplorerPro\ExplorerPro_on4pkfpc_wpftmp.csproj]
     3>C:\ExplorerPro\Core\TabManagement\DetachedWindowInfo.cs(13,23): warning CS8618: Non-nullable property 'Window' must contain a non-null value when exiting constructor. Consider adding the 'required' modifier or declaring the property as nullable. [C:\ExplorerPro\ExplorerPro_on4pkfpc_wpftmp.csproj]
     3>C:\ExplorerPro\Core\TabManagement\DetachedWindowInfo.cs(14,38): warning CS8618: Non-nullable property 'TabControl' must contain a non-null value when exiting constructor. Consider adding the 'required' modifier or declaring the property as nullable. [C:\ExplorerPro\ExplorerPro_on4pkfpc_wpftmp.csproj]
     3>C:\ExplorerPro\Core\TabManagement\DetachedWindowInfo.cs(15,25): warning CS8618: Non-nullable property 'OriginalTab' must contain a non-null value when exiting constructor. Consider adding the 'required' modifier or declaring the property as nullable. [C:\ExplorerPro\ExplorerPro_on4pkfpc_wpftmp.csproj]
     3>C:\ExplorerPro\Core\TabManagement\DetachedWindowInfo.cs(16,23): warning CS8618: Non-nullable property 'SourceWindow' must contain a non-null value when exiting constructor. Consider adding the 'required' modifier or declaring the property as nullable. [C:\ExplorerPro\ExplorerPro_on4pkfpc_wpftmp.csproj]
     3>C:\ExplorerPro\UI\FileTree\Services\FileTreeDragDropService.cs(270,43): warning CS8604: Possible null reference argument for parameter 'files' in 'bool FileTreeDragDropService.HandleFileDropInternal(string[] files, string targetPath, DragDropEffects effects, bool isInternal)'. [C:\ExplorerPro\ExplorerPro_on4pkfpc_wpftmp.csproj]
     3>C:\ExplorerPro\UI\FileTree\Services\FileTreeDragDropService.cs(270,57): warning CS8604: Possible null reference argument for parameter 'targetPath' in 'bool FileTreeDragDropService.HandleFileDropInternal(string[] files, string targetPath, DragDropEffects effects, bool isInternal)'. [C:\ExplorerPro\ExplorerPro_on4pkfpc_wpftmp.csproj]
     3>C:\ExplorerPro\UI\FileTree\Services\FileTreeDragDropService.cs(275,43): warning CS8604: Possible null reference argument for parameter 'files' in 'bool FileTreeDragDropService.HandleFileDropInternal(string[] files, string targetPath, DragDropEffects effects, bool isInternal)'. [C:\ExplorerPro\ExplorerPro_on4pkfpc_wpftmp.csproj]
     3>C:\ExplorerPro\UI\FileTree\Services\FileTreeDragDropService.cs(275,57): warning CS8604: Possible null reference argument for parameter 'targetPath' in 'bool FileTreeDragDropService.HandleFileDropInternal(string[] files, string targetPath, DragDropEffects effects, bool isInternal)'. [C:\ExplorerPro\ExplorerPro_on4pkfpc_wpftmp.csproj]
     3>C:\ExplorerPro\Core\Services\NavigationService.cs(111,16): warning CS8618: Non-nullable event 'NavigationChanged' must contain a non-null value when exiting constructor. Consider adding the 'required' modifier or declaring the event as nullable. [C:\ExplorerPro\ExplorerPro_on4pkfpc_wpftmp.csproj]
     3>C:\ExplorerPro\UI\Controls\ModernTabControl.cs(588,24): warning CS8603: Possible null reference return. [C:\ExplorerPro\ExplorerPro_on4pkfpc_wpftmp.csproj]
     3>C:\ExplorerPro\UI\Controls\ModernTabControl.cs(597,20): warning CS8603: Possible null reference return. [C:\ExplorerPro\ExplorerPro_on4pkfpc_wpftmp.csproj]
     3>C:\ExplorerPro\UI\Controls\ModernTabControl.cs(602,20): warning CS8603: Possible null reference return. [C:\ExplorerPro\ExplorerPro_on4pkfpc_wpftmp.csproj]
     3>C:\ExplorerPro\UI\FileTree\Managers\OptimizedTreeViewIndexer.cs(663,40): warning CS8604: Possible null reference argument for parameter 'item' in 'void List<TreeViewItem>.Add(TreeViewItem item)'. [C:\ExplorerPro\ExplorerPro_on4pkfpc_wpftmp.csproj]
     3>C:\ExplorerPro\UI\FileTree\Services\FileTreeCacheService.cs(432,51): warning CS8600: Converting null literal or possible null value to non-nullable type. [C:\ExplorerPro\ExplorerPro_on4pkfpc_wpftmp.csproj]
     3>C:\ExplorerPro\UI\FileTree\Managers\OptimizedTreeViewIndexer.cs(698,41): warning CS8603: Possible null reference return. [C:\ExplorerPro\ExplorerPro_on4pkfpc_wpftmp.csproj]
     3>C:\ExplorerPro\UI\FileTree\Managers\OptimizedTreeViewIndexer.cs(710,20): warning CS8603: Possible null reference return. [C:\ExplorerPro\ExplorerPro_on4pkfpc_wpftmp.csproj]
     3>C:\ExplorerPro\UI\FileTree\Services\FileTreeCacheService.cs(447,45): warning CS8600: Converting null literal or possible null value to non-nullable type. [C:\ExplorerPro\ExplorerPro_on4pkfpc_wpftmp.csproj]
     3>C:\ExplorerPro\UI\FileTree\Managers\OptimizedTreeViewIndexer.cs(723,20): warning CS8603: Possible null reference return. [C:\ExplorerPro\ExplorerPro_on4pkfpc_wpftmp.csproj]
     3>C:\ExplorerPro\Core\Services\ServiceHealthMonitor.cs(244,44): warning CS8601: Possible null reference assignment. [C:\ExplorerPro\ExplorerPro_on4pkfpc_wpftmp.csproj]
     3>C:\ExplorerPro\UI\Controls\ModernTabControl.cs(648,58): warning CS8622: Nullability of reference types in type of parameter 'sender' of 'void ModernTabControl.OnTabCreated(object sender, TabEventArgs e)' doesn't match the target delegate 'EventHandler<TabEventArgs>' (possibly because of nullability attributes). [C:\ExplorerPro\ExplorerPro_on4pkfpc_wpftmp.csproj]
     3>C:\ExplorerPro\UI\Controls\ModernTabControl.cs(649,57): warning CS8622: Nullability of reference types in type of parameter 'sender' of 'void ModernTabControl.OnTabClosed(object sender, TabEventArgs e)' doesn't match the target delegate 'EventHandler<TabEventArgs>' (possibly because of nullability attributes). [C:\ExplorerPro\ExplorerPro_on4pkfpc_wpftmp.csproj]
     3>C:\ExplorerPro\UI\Controls\ModernTabControl.cs(650,64): warning CS8622: Nullability of reference types in type of parameter 'sender' of 'void ModernTabControl.OnActiveTabChanged(object sender, TabChangedEventArgs e)' doesn't match the target delegate 'EventHandler<TabChangedEventArgs>' (possibly because of nullability attributes). [C:\ExplorerPro\ExplorerPro_on4pkfpc_wpftmp.csproj]
     3>C:\ExplorerPro\UI\FileTree\Services\FileTreeDragDropServiceAdapter.cs(206,44): warning CS8625: Cannot convert null literal to non-nullable reference type. [C:\ExplorerPro\ExplorerPro_on4pkfpc_wpftmp.csproj]
     3>C:\ExplorerPro\UI\FileTree\Services\FileTreeDragDropServiceAdapter.cs(207,42): warning CS8625: Cannot convert null literal to non-nullable reference type. [C:\ExplorerPro\ExplorerPro_on4pkfpc_wpftmp.csproj]
     3>C:\ExplorerPro\UI\FileTree\Services\FileTreeDragDropServiceAdapter.cs(208,45): warning CS8625: Cannot convert null literal to non-nullable reference type. [C:\ExplorerPro\ExplorerPro_on4pkfpc_wpftmp.csproj]
     3>C:\ExplorerPro\UI\FileTree\Services\FileTreeDragDropServiceAdapter.cs(209,48): warning CS8625: Cannot convert null literal to non-nullable reference type. [C:\ExplorerPro\ExplorerPro_on4pkfpc_wpftmp.csproj]
     3>C:\ExplorerPro\UI\FileTree\Managers\OptimizedTreeViewIndexer.cs(759,32): warning CS8625: Cannot convert null literal to non-nullable reference type. [C:\ExplorerPro\ExplorerPro_on4pkfpc_wpftmp.csproj]
     3>C:\ExplorerPro\UI\FileTree\Managers\OptimizedTreeViewIndexer.cs(760,34): warning CS8625: Cannot convert null literal to non-nullable reference type. [C:\ExplorerPro\ExplorerPro_on4pkfpc_wpftmp.csproj]
     3>C:\ExplorerPro\UI\FileTree\Managers\OptimizedTreeViewIndexer.cs(761,33): warning CS8625: Cannot convert null literal to non-nullable reference type. [C:\ExplorerPro\ExplorerPro_on4pkfpc_wpftmp.csproj]
     3>C:\ExplorerPro\Core\Services\ServiceHealthMonitor.cs(272,34): warning CS1998: This async method lacks 'await' operators and will run synchronously. Consider using the 'await' operator to await non-blocking API calls, or 'await Task.Run(...)' to do CPU-bound work on a background thread. [C:\ExplorerPro\ExplorerPro_on4pkfpc_wpftmp.csproj]
     3>C:\ExplorerPro\UI\FileTree\Services\FileTreeCacheService.cs(575,39): warning CS8625: Cannot convert null literal to non-nullable reference type. [C:\ExplorerPro\ExplorerPro_on4pkfpc_wpftmp.csproj]
     3>C:\ExplorerPro\UI\FileTree\Services\FileTreeCacheService.cs(540,27): warning CS8618: Non-nullable property 'Key' must contain a non-null value when exiting constructor. Consider adding the 'required' modifier or declaring the property as nullable. [C:\ExplorerPro\ExplorerPro_on4pkfpc_wpftmp.csproj]
     3>C:\ExplorerPro\UI\FileTree\Services\FileTreeCacheService.cs(541,33): warning CS8618: Non-nullable property 'Item' must contain a non-null value when exiting constructor. Consider adding the 'required' modifier or declaring the property as nullable. [C:\ExplorerPro\ExplorerPro_on4pkfpc_wpftmp.csproj]
     3>C:\ExplorerPro\Core\TabManagement\DetachedWindowManager.cs(44,32): warning CS8603: Possible null reference return. [C:\ExplorerPro\ExplorerPro_on4pkfpc_wpftmp.csproj]
     3>C:\ExplorerPro\Core\TabManagement\DetachedWindowManager.cs(55,32): warning CS8603: Possible null reference return. [C:\ExplorerPro\ExplorerPro_on4pkfpc_wpftmp.csproj]
     3>C:\ExplorerPro\Core\TabManagement\DetachedWindowManager.cs(77,38): warning CS8601: Possible null reference assignment. [C:\ExplorerPro\ExplorerPro_on4pkfpc_wpftmp.csproj]
     3>C:\ExplorerPro\Core\TabManagement\DetachedWindowManager.cs(101,24): warning CS8603: Possible null reference return. [C:\ExplorerPro\ExplorerPro_on4pkfpc_wpftmp.csproj]
     3>C:\ExplorerPro\UI\Controls\TabAnimationManager.cs(617,20): warning CS8603: Possible null reference return. [C:\ExplorerPro\ExplorerPro_on4pkfpc_wpftmp.csproj]
     3>C:\ExplorerPro\Core\TabManagement\TabOperationsManager.cs(239,24): warning CS8603: Possible null reference return. [C:\ExplorerPro\ExplorerPro_on4pkfpc_wpftmp.csproj]
     3>C:\ExplorerPro\UI\Controls\TabAnimationManager.cs(635,45): warning CS8600: Converting null literal or possible null value to non-nullable type. [C:\ExplorerPro\ExplorerPro_on4pkfpc_wpftmp.csproj]
     3>C:\ExplorerPro\UI\Controls\TabDragDropManager.cs(336,20): warning CS8603: Possible null reference return. [C:\ExplorerPro\ExplorerPro_on4pkfpc_wpftmp.csproj]
     3>C:\ExplorerPro\UI\Controls\TabDragDropManager.cs(346,20): warning CS8603: Possible null reference return. [C:\ExplorerPro\ExplorerPro_on4pkfpc_wpftmp.csproj]
     3>C:\ExplorerPro\UI\Controls\TabDragDropManager.cs(351,20): warning CS8603: Possible null reference return. [C:\ExplorerPro\ExplorerPro_on4pkfpc_wpftmp.csproj]
     3>C:\ExplorerPro\Core\TabManagement\DetachedWindowManager.cs(208,38): warning CS8622: Nullability of reference types in type of parameter 'sender' of 'void DetachedWindowManager.OnWindowClosed(object sender, EventArgs e)' doesn't match the target delegate 'EventHandler' (possibly because of nullability attributes). [C:\ExplorerPro\ExplorerPro_on4pkfpc_wpftmp.csproj]
     3>C:\ExplorerPro\Core\TabManagement\DetachedWindowManager.cs(223,34): warning CS8622: Nullability of reference types in type of parameter 'sender' of 'void DetachedWindowManager.OnWindowClosed(object sender, EventArgs e)' doesn't match the target delegate 'EventHandler' (possibly because of nullability attributes). [C:\ExplorerPro\ExplorerPro_on4pkfpc_wpftmp.csproj]
     3>C:\ExplorerPro\Core\TabManagement\DetachedWindowManager.cs(245,24): warning CS8603: Possible null reference return. [C:\ExplorerPro\ExplorerPro_on4pkfpc_wpftmp.csproj]
     3>C:\ExplorerPro\Core\TabManagement\DetachedWindowManager.cs(284,20): warning CS8603: Possible null reference return. [C:\ExplorerPro\ExplorerPro_on4pkfpc_wpftmp.csproj]
     3>C:\ExplorerPro\UI\Controls\TabDragDropManager.cs(419,20): warning CS8603: Possible null reference return. [C:\ExplorerPro\ExplorerPro_on4pkfpc_wpftmp.csproj]
     3>C:\ExplorerPro\UI\Controls\TabDragDropManager.cs(426,20): warning CS8603: Possible null reference return. [C:\ExplorerPro\ExplorerPro_on4pkfpc_wpftmp.csproj]
     3>C:\ExplorerPro\UI\Controls\TabDragDropManager.cs(453,37): warning CS8625: Cannot convert null literal to non-nullable reference type. [C:\ExplorerPro\ExplorerPro_on4pkfpc_wpftmp.csproj]
     3>C:\ExplorerPro\UI\FileTree\Managers\FileTreeEventManager.cs(177,16): warning CS8618: Non-nullable property 'SelectedPaths' must contain a non-null value when exiting constructor. Consider adding the 'required' modifier or declaring the property as nullable. [C:\ExplorerPro\ExplorerPro_on4pkfpc_wpftmp.csproj]
     3>C:\ExplorerPro\Core\TabManagement\DragOperation.cs(13,25): warning CS8618: Non-nullable property 'Tab' must contain a non-null value when exiting constructor. Consider adding the 'required' modifier or declaring the property as nullable. [C:\ExplorerPro\ExplorerPro_on4pkfpc_wpftmp.csproj]
     3>C:\ExplorerPro\Core\TabManagement\DragOperation.cs(14,23): warning CS8618: Non-nullable property 'SourceWindow' must contain a non-null value when exiting constructor. Consider adding the 'required' modifier or declaring the property as nullable. [C:\ExplorerPro\ExplorerPro_on4pkfpc_wpftmp.csproj]
     3>C:\ExplorerPro\Core\TabManagement\DragOperation.cs(15,38): warning CS8618: Non-nullable property 'SourceTabControl' must contain a non-null value when exiting constructor. Consider adding the 'required' modifier or declaring the property as nullable. [C:\ExplorerPro\ExplorerPro_on4pkfpc_wpftmp.csproj]
     3>C:\ExplorerPro\Core\TabManagement\DragOperation.cs(16,24): warning CS8618: Non-nullable property 'DraggedTabItem' must contain a non-null value when exiting constructor. Consider adding the 'required' modifier or declaring the property as nullable. [C:\ExplorerPro\ExplorerPro_on4pkfpc_wpftmp.csproj]
     3>C:\ExplorerPro\UI\Controls\TabDragDropManager.cs(514,41): warning CS8604: Possible null reference argument for parameter 'tabItem' in 'TabModel TabDragDropManager.GetTabModelFromItem(TabItem tabItem)'. [C:\ExplorerPro\ExplorerPro_on4pkfpc_wpftmp.csproj]
     3>C:\ExplorerPro\UI\FileTree\Services\FileTreeDragDropService.cs(376,46): warning CS8625: Cannot convert null literal to non-nullable reference type. [C:\ExplorerPro\ExplorerPro_on4pkfpc_wpftmp.csproj]
     3>C:\ExplorerPro\UI\Controls\TabDragDropManager.cs(523,27): warning CS8625: Cannot convert null literal to non-nullable reference type. [C:\ExplorerPro\ExplorerPro_on4pkfpc_wpftmp.csproj]
     3>C:\ExplorerPro\UI\Controls\TabDragDropManager.cs(524,31): warning CS8625: Cannot convert null literal to non-nullable reference type. [C:\ExplorerPro\ExplorerPro_on4pkfpc_wpftmp.csproj]
     3>C:\ExplorerPro\Core\TabManagement\TabOperationsManager.cs(458,24): warning CS8603: Possible null reference return. [C:\ExplorerPro\ExplorerPro_on4pkfpc_wpftmp.csproj]
     3>C:\ExplorerPro\Core\TabManagement\TabOperationsManager.cs(465,24): warning CS8603: Possible null reference return. [C:\ExplorerPro\ExplorerPro_on4pkfpc_wpftmp.csproj]
     3>C:\ExplorerPro\UI\FileTree\Services\FileTreeDragDropService.cs(405,34): warning CS8625: Cannot convert null literal to non-nullable reference type. [C:\ExplorerPro\ExplorerPro_on4pkfpc_wpftmp.csproj]
     3>C:\ExplorerPro\UI\FileTree\Services\FileTreeService.cs(174,24): warning CS8603: Possible null reference return. [C:\ExplorerPro\ExplorerPro_on4pkfpc_wpftmp.csproj]
     3>C:\ExplorerPro\UI\FileTree\Managers\FileTreeEventManager.cs(81,78): warning CS8604: Possible null reference argument for parameter 'current' in 'TreeViewItem VisualTreeHelperEx.FindAncestor<TreeViewItem>(DependencyObject current)'. [C:\ExplorerPro\ExplorerPro_on4pkfpc_wpftmp.csproj]
     3>C:\ExplorerPro\UI\FileTree\Services\FileTreeService.cs(225,24): warning CS8603: Possible null reference return. [C:\ExplorerPro\ExplorerPro_on4pkfpc_wpftmp.csproj]
     3>C:\ExplorerPro\UI\FileTree\Services\FileTreeThemeService.cs(613,104): warning CS8604: Possible null reference argument for parameter 'parent' in 'IEnumerable<Line> VisualTreeHelperEx.FindVisualChildren<Line>(DependencyObject parent)'. [C:\ExplorerPro\ExplorerPro_on4pkfpc_wpftmp.csproj]
     3>C:\ExplorerPro\UI\FileTree\Services\FileTreeThemeService.cs(630,104): warning CS8604: Possible null reference argument for parameter 'parent' in 'IEnumerable<Line> VisualTreeHelperEx.FindVisualChildren<Line>(DependencyObject parent)'. [C:\ExplorerPro\ExplorerPro_on4pkfpc_wpftmp.csproj]
     3>C:\ExplorerPro\Core\TabManagement\ITabManagerService.cs(285,23): warning CS8618: Non-nullable property 'Content' must contain a non-null value when exiting constructor. Consider adding the 'required' modifier or declaring the property as nullable. [C:\ExplorerPro\ExplorerPro_on4pkfpc_wpftmp.csproj]
     3>C:\ExplorerPro\UI\FileTree\Managers\FileTreeUIEventManager.cs(53,16): warning CS8618: Non-nullable field '_selectionAdorner' must contain a non-null value when exiting constructor. Consider adding the 'required' modifier or declaring the field as nullable. [C:\ExplorerPro\ExplorerPro_on4pkfpc_wpftmp.csproj]
     3>C:\ExplorerPro\UI\FileTree\Managers\FileTreeUIEventManager.cs(53,16): warning CS8618: Non-nullable field '_adornerLayer' must contain a non-null value when exiting constructor. Consider adding the 'required' modifier or declaring the field as nullable. [C:\ExplorerPro\ExplorerPro_on4pkfpc_wpftmp.csproj]
     3>C:\ExplorerPro\UI\FileTree\Managers\FileTreeUIEventManager.cs(83,67): warning CS8622: Nullability of reference types in type of parameter 'sender' of 'void FileTreeUIEventManager.OnItemContainerGeneratorStatusChanged(object sender, EventArgs e)' doesn't match the target delegate 'EventHandler' (possibly because of nullability attributes). [C:\ExplorerPro\ExplorerPro_on4pkfpc_wpftmp.csproj]
     3>C:\ExplorerPro\UI\FileTree\Managers\FileTreePerformanceManager.cs(94,35): warning CS8622: Nullability of reference types in type of parameter 'sender' of 'void FileTreePerformanceManager.OnCleanupTimer(object sender, EventArgs e)' doesn't match the target delegate 'EventHandler' (possibly because of nullability attributes). [C:\ExplorerPro\ExplorerPro_on4pkfpc_wpftmp.csproj]
     3>C:\ExplorerPro\UI\FileTree\Managers\FileTreePerformanceManager.cs(70,16): warning CS8618: Non-nullable field '_scrollViewer' must contain a non-null value when exiting constructor. Consider adding the 'required' modifier or declaring the field as nullable. [C:\ExplorerPro\ExplorerPro_on4pkfpc_wpftmp.csproj]
     3>C:\ExplorerPro\Core\TabManagement\TabManagerService.cs(31,16): warning CS8618: Non-nullable field '_logger' must contain a non-null value when exiting constructor. Consider adding the 'required' modifier or declaring the field as nullable. [C:\ExplorerPro\ExplorerPro_on4pkfpc_wpftmp.csproj]
     3>C:\ExplorerPro\Core\TabManagement\TabManagerService.cs(31,16): warning CS8618: Non-nullable field '_activeTab' must contain a non-null value when exiting constructor. Consider adding the 'required' modifier or declaring the field as nullable. [C:\ExplorerPro\ExplorerPro_on4pkfpc_wpftmp.csproj]
     3>C:\ExplorerPro\Core\TabManagement\TabManagerService.cs(31,16): warning CS8618: Non-nullable event 'TabCreated' must contain a non-null value when exiting constructor. Consider adding the 'required' modifier or declaring the event as nullable. [C:\ExplorerPro\ExplorerPro_on4pkfpc_wpftmp.csproj]
     3>C:\ExplorerPro\Core\TabManagement\TabManagerService.cs(31,16): warning CS8618: Non-nullable event 'TabClosed' must contain a non-null value when exiting constructor. Consider adding the 'required' modifier or declaring the event as nullable. [C:\ExplorerPro\ExplorerPro_on4pkfpc_wpftmp.csproj]
     3>C:\ExplorerPro\Core\TabManagement\TabManagerService.cs(31,16): warning CS8618: Non-nullable event 'ActiveTabChanged' must contain a non-null value when exiting constructor. Consider adding the 'required' modifier or declaring the event as nullable. [C:\ExplorerPro\ExplorerPro_on4pkfpc_wpftmp.csproj]
     3>C:\ExplorerPro\Core\TabManagement\TabManagerService.cs(31,16): warning CS8618: Non-nullable event 'TabModified' must contain a non-null value when exiting constructor. Consider adding the 'required' modifier or declaring the event as nullable. [C:\ExplorerPro\ExplorerPro_on4pkfpc_wpftmp.csproj]
     3>C:\ExplorerPro\Core\TabManagement\TabManagerService.cs(31,16): warning CS8618: Non-nullable event 'TabsReordered' must contain a non-null value when exiting constructor. Consider adding the 'required' modifier or declaring the event as nullable. [C:\ExplorerPro\ExplorerPro_on4pkfpc_wpftmp.csproj]
     3>C:\ExplorerPro\UI\FileTree\Managers\FileTreePerformanceManager.cs(112,67): warning CS8622: Nullability of reference types in type of parameter 'sender' of 'void FileTreePerformanceManager.OnContainerGeneratorStatusChanged(object sender, EventArgs e)' doesn't match the target delegate 'EventHandler' (possibly because of nullability attributes). [C:\ExplorerPro\ExplorerPro_on4pkfpc_wpftmp.csproj]
     3>C:\ExplorerPro\UI\FileTree\Managers\FileTreeUIEventManager.cs(99,67): warning CS8622: Nullability of reference types in type of parameter 'sender' of 'void FileTreeUIEventManager.OnItemContainerGeneratorStatusChanged(object sender, EventArgs e)' doesn't match the target delegate 'EventHandler' (possibly because of nullability attributes). [C:\ExplorerPro\ExplorerPro_on4pkfpc_wpftmp.csproj]
     3>C:\ExplorerPro\UI\FileTree\Services\FileTreeThemeService.cs(707,28): warning CS8603: Possible null reference return. [C:\ExplorerPro\ExplorerPro_on4pkfpc_wpftmp.csproj]
     3>C:\ExplorerPro\UI\FileTree\Services\FileTreeThemeService.cs(709,28): warning CS8603: Possible null reference return. [C:\ExplorerPro\ExplorerPro_on4pkfpc_wpftmp.csproj]
     3>C:\ExplorerPro\UI\FileTree\Services\FileTreeThemeService.cs(711,28): warning CS8603: Possible null reference return. [C:\ExplorerPro\ExplorerPro_on4pkfpc_wpftmp.csproj]
     3>C:\ExplorerPro\UI\FileTree\Services\FileTreeThemeService.cs(713,28): warning CS8603: Possible null reference return. [C:\ExplorerPro\ExplorerPro_on4pkfpc_wpftmp.csproj]
     3>C:\ExplorerPro\UI\FileTree\Services\FileTreeThemeService.cs(716,20): warning CS8603: Possible null reference return. [C:\ExplorerPro\ExplorerPro_on4pkfpc_wpftmp.csproj]
     3>C:\ExplorerPro\UI\FileTree\Managers\OptimizedFileTreePerformanceManager.cs(71,43): warning CS8622: Nullability of reference types in type of parameter 'sender' of 'void OptimizedFileTreePerformanceManager.OnIndexerVisibilityChanged(object sender, VisibilityChangedEventArgs e)' doesn't match the target delegate 'EventHandler<OptimizedTreeViewIndexer.VisibilityChangedEventArgs>' (possibly because of nullability attributes). [C:\ExplorerPro\ExplorerPro_on4pkfpc_wpftmp.csproj]
     3>C:\ExplorerPro\UI\FileTree\Managers\OptimizedFileTreePerformanceManager.cs(75,43): warning CS8622: Nullability of reference types in type of parameter 'state' of 'void OptimizedFileTreePerformanceManager.CheckMemoryUsage(object state)' doesn't match the target delegate 'TimerCallback' (possibly because of nullability attributes). [C:\ExplorerPro\ExplorerPro_on4pkfpc_wpftmp.csproj]
     3>C:\ExplorerPro\UI\FileTree\Services\FileTreeDragDropService.cs(673,34): warning CS8625: Cannot convert null literal to non-nullable reference type. [C:\ExplorerPro\ExplorerPro_on4pkfpc_wpftmp.csproj]
     3>C:\ExplorerPro\Core\TabManagement\TabManagerService.cs(62,34): warning CS8601: Possible null reference assignment. [C:\ExplorerPro\ExplorerPro_on4pkfpc_wpftmp.csproj]
     3>C:\ExplorerPro\Core\TabManagement\TabManagerService.cs(70,76): warning CS8604: Possible null reference argument for parameter 'oldTab' in 'TabChangedEventArgs.TabChangedEventArgs(TabModel oldTab, TabModel newTab, int oldIndex, int newIndex)'. [C:\ExplorerPro\ExplorerPro_on4pkfpc_wpftmp.csproj]
     3>C:\ExplorerPro\Core\TabManagement\TabManagerService.cs(70,84): warning CS8604: Possible null reference argument for parameter 'newTab' in 'TabChangedEventArgs.TabChangedEventArgs(TabModel oldTab, TabModel newTab, int oldIndex, int newIndex)'. [C:\ExplorerPro\ExplorerPro_on4pkfpc_wpftmp.csproj]
     3>C:\ExplorerPro\UI\FileTree\Managers\OptimizedFileTreePerformanceManager.cs(103,55): warning CS8603: Possible null reference return. [C:\ExplorerPro\ExplorerPro_on4pkfpc_wpftmp.csproj]
     3>C:\ExplorerPro\UI\FileTree\Managers\OptimizedFileTreePerformanceManager.cs(113,20): warning CS8603: Possible null reference return. [C:\ExplorerPro\ExplorerPro_on4pkfpc_wpftmp.csproj]
     3>C:\ExplorerPro\UI\FileTree\Managers\OptimizedFileTreePerformanceManager.cs(134,39): warning CS8604: Possible null reference argument for parameter 'item' in 'void OptimizedFileTreePerformanceManager.CacheHitTestResult(Point point, FileTreeItem item)'. [C:\ExplorerPro\ExplorerPro_on4pkfpc_wpftmp.csproj]
     3>C:\ExplorerPro\UI\FileTree\Managers\FileTreePerformanceManager.cs(170,42): warning CS8603: Possible null reference return. [C:\ExplorerPro\ExplorerPro_on4pkfpc_wpftmp.csproj]
     3>C:\ExplorerPro\UI\FileTree\Managers\FileTreePerformanceManager.cs(177,66): warning CS8600: Converting null literal or possible null value to non-nullable type. [C:\ExplorerPro\ExplorerPro_on4pkfpc_wpftmp.csproj]
     3>C:\ExplorerPro\UI\FileTree\Managers\FileTreePerformanceManager.cs(208,20): warning CS8603: Possible null reference return. [C:\ExplorerPro\ExplorerPro_on4pkfpc_wpftmp.csproj]
     3>C:\ExplorerPro\UI\FileTree\Managers\FileTreeLoadChildrenManager.cs(262,37): warning CS8600: Converting null literal or possible null value to non-nullable type. [C:\ExplorerPro\ExplorerPro_on4pkfpc_wpftmp.csproj]
     3>C:\ExplorerPro\UI\FileTree\Managers\FileTreeLoadChildrenManager.cs(263,45): warning CS8600: Converting null literal or possible null value to non-nullable type. [C:\ExplorerPro\ExplorerPro_on4pkfpc_wpftmp.csproj]
     3>C:\ExplorerPro\Core\TabManagement\ModernTabManagerService.cs(46,16): warning CS8618: Non-nullable field '_logger' must contain a non-null value when exiting constructor. Consider adding the 'required' modifier or declaring the field as nullable. [C:\ExplorerPro\ExplorerPro_on4pkfpc_wpftmp.csproj]
     3>C:\ExplorerPro\Core\TabManagement\ModernTabManagerService.cs(46,16): warning CS8618: Non-nullable field '_activeTab' must contain a non-null value when exiting constructor. Consider adding the 'required' modifier or declaring the field as nullable. [C:\ExplorerPro\ExplorerPro_on4pkfpc_wpftmp.csproj]
     3>C:\ExplorerPro\Core\TabManagement\ModernTabManagerService.cs(46,16): warning CS8618: Non-nullable event 'TabCreated' must contain a non-null value when exiting constructor. Consider adding the 'required' modifier or declaring the event as nullable. [C:\ExplorerPro\ExplorerPro_on4pkfpc_wpftmp.csproj]
     3>C:\ExplorerPro\Core\TabManagement\ModernTabManagerService.cs(46,16): warning CS8618: Non-nullable event 'TabClosed' must contain a non-null value when exiting constructor. Consider adding the 'required' modifier or declaring the event as nullable. [C:\ExplorerPro\ExplorerPro_on4pkfpc_wpftmp.csproj]
     3>C:\ExplorerPro\Core\TabManagement\ModernTabManagerService.cs(46,16): warning CS8618: Non-nullable event 'ActiveTabChanged' must contain a non-null value when exiting constructor. Consider adding the 'required' modifier or declaring the event as nullable. [C:\ExplorerPro\ExplorerPro_on4pkfpc_wpftmp.csproj]
     3>C:\ExplorerPro\Core\TabManagement\ModernTabManagerService.cs(46,16): warning CS8618: Non-nullable event 'TabModified' must contain a non-null value when exiting constructor. Consider adding the 'required' modifier or declaring the event as nullable. [C:\ExplorerPro\ExplorerPro_on4pkfpc_wpftmp.csproj]
     3>C:\ExplorerPro\Core\TabManagement\ModernTabManagerService.cs(46,16): warning CS8618: Non-nullable event 'TabsReordered' must contain a non-null value when exiting constructor. Consider adding the 'required' modifier or declaring the event as nullable. [C:\ExplorerPro\ExplorerPro_on4pkfpc_wpftmp.csproj]
     3>C:\ExplorerPro\UI\FileTree\Services\FileTreeDragDropService.cs(707,51): warning CS8603: Possible null reference return. [C:\ExplorerPro\ExplorerPro_on4pkfpc_wpftmp.csproj]
     3>C:\ExplorerPro\UI\FileTree\Managers\FileTreePerformanceManager.cs(229,39): warning CS8604: Possible null reference argument for parameter 'item' in 'void FileTreePerformanceManager.CacheHitTestResult(Point point, FileTreeItem item)'. [C:\ExplorerPro\ExplorerPro_on4pkfpc_wpftmp.csproj]
     3>C:\ExplorerPro\UI\FileTree\Services\FileTreeThemeService.cs(783,54): warning CS8622: Nullability of reference types in type of parameter 'sender' of 'void FileTreeThemeService.OnDeferredUpdateTimerTick(object sender, EventArgs e)' doesn't match the target delegate 'EventHandler' (possibly because of nullability attributes). [C:\ExplorerPro\ExplorerPro_on4pkfpc_wpftmp.csproj]
     3>C:\ExplorerPro\UI\FileTree\Services\FileTreeThemeService.cs(790,45): warning CS8625: Cannot convert null literal to non-nullable reference type. [C:\ExplorerPro\ExplorerPro_on4pkfpc_wpftmp.csproj]
     3>C:\ExplorerPro\UI\FileTree\Services\FileTreeThemeService.cs(797,48): warning CS8625: Cannot convert null literal to non-nullable reference type. [C:\ExplorerPro\ExplorerPro_on4pkfpc_wpftmp.csproj]
     3>C:\ExplorerPro\UI\FileTree\Services\FileTreeThemeService.cs(803,50): warning CS8625: Cannot convert null literal to non-nullable reference type. [C:\ExplorerPro\ExplorerPro_on4pkfpc_wpftmp.csproj]
     3>C:\ExplorerPro\Core\TabManagement\ModernTabManagerService.cs(89,38): warning CS8601: Possible null reference assignment. [C:\ExplorerPro\ExplorerPro_on4pkfpc_wpftmp.csproj]
     3>C:\ExplorerPro\Core\TabManagement\ModernTabManagerService.cs(98,80): warning CS8604: Possible null reference argument for parameter 'oldTab' in 'TabChangedEventArgs.TabChangedEventArgs(TabModel oldTab, TabModel newTab, int oldIndex, int newIndex)'. [C:\ExplorerPro\ExplorerPro_on4pkfpc_wpftmp.csproj]
     3>C:\ExplorerPro\Core\TabManagement\ModernTabManagerService.cs(98,88): warning CS8604: Possible null reference argument for parameter 'newTab' in 'TabChangedEventArgs.TabChangedEventArgs(TabModel oldTab, TabModel newTab, int oldIndex, int newIndex)'. [C:\ExplorerPro\ExplorerPro_on4pkfpc_wpftmp.csproj]
     3>C:\ExplorerPro\UI\FileTree\Managers\OptimizedFileTreePerformanceManager.cs(208,32): warning CS8601: Possible null reference assignment. [C:\ExplorerPro\ExplorerPro_on4pkfpc_wpftmp.csproj]
     3>C:\ExplorerPro\UI\FileTree\Managers\FileTreeLoadChildrenManager.cs(440,20): warning CS8603: Possible null reference return. [C:\ExplorerPro\ExplorerPro_on4pkfpc_wpftmp.csproj]
     3>C:\ExplorerPro\Core\TabManagement\ModernTabManagerService.cs(132,27): warning CS8601: Possible null reference assignment. [C:\ExplorerPro\ExplorerPro_on4pkfpc_wpftmp.csproj]
     3>C:\ExplorerPro\Core\TabManagement\PerformanceOptimizer.cs(58,40): warning CS8622: Nullability of reference types in type of parameter 'sender' of 'void PerformanceOptimizer.OnOptimizationTimer(object sender, EventArgs e)' doesn't match the target delegate 'EventHandler' (possibly because of nullability attributes). [C:\ExplorerPro\ExplorerPro_on4pkfpc_wpftmp.csproj]
     3>C:\ExplorerPro\Core\TabManagement\PerformanceOptimizer.cs(39,20): warning CS8618: Non-nullable field '_logger' must contain a non-null value when exiting constructor. Consider adding the 'required' modifier or declaring the field as nullable. [C:\ExplorerPro\ExplorerPro_on4pkfpc_wpftmp.csproj]
     3>C:\ExplorerPro\Core\TabManagement\PerformanceOptimizer.cs(39,20): warning CS8618: Non-nullable event 'OptimizationCompleted' must contain a non-null value when exiting constructor. Consider adding the 'required' modifier or declaring the event as nullable. [C:\ExplorerPro\ExplorerPro_on4pkfpc_wpftmp.csproj]
     3>C:\ExplorerPro\Core\TabManagement\PerformanceOptimizer.cs(39,20): warning CS8618: Non-nullable event 'ThresholdExceeded' must contain a non-null value when exiting constructor. Consider adding the 'required' modifier or declaring the event as nullable. [C:\ExplorerPro\ExplorerPro_on4pkfpc_wpftmp.csproj]
     3>C:\ExplorerPro\UI\FileTree\Managers\FileTreeLoadChildrenManager.cs(448,40): warning CS8603: Possible null reference return. [C:\ExplorerPro\ExplorerPro_on4pkfpc_wpftmp.csproj]
     3>C:\ExplorerPro\UI\FileTree\Managers\FileTreeLoadChildrenManager.cs(462,20): warning CS8603: Possible null reference return. [C:\ExplorerPro\ExplorerPro_on4pkfpc_wpftmp.csproj]
     3>C:\ExplorerPro\Core\TabManagement\TabManagerService.cs(135,40): warning CS8622: Nullability of reference types in type of parameter 'sender' of 'void TabManagerService.Tab_PropertyChanged(object sender, PropertyChangedEventArgs e)' doesn't match the target delegate 'PropertyChangedEventHandler' (possibly because of nullability attributes). [C:\ExplorerPro\ExplorerPro_on4pkfpc_wpftmp.csproj]
     3>C:\ExplorerPro\UI\FileTree\Managers\FileTreeUIEventManager.cs(185,78): warning CS8604: Possible null reference argument for parameter 'current' in 'TreeViewItem VisualTreeHelperEx.FindAncestor<TreeViewItem>(DependencyObject current)'. [C:\ExplorerPro\ExplorerPro_on4pkfpc_wpftmp.csproj]
     3>C:\ExplorerPro\UI\FileTree\Services\FileTreeDragDropService.cs(838,48): warning CS8604: Possible null reference argument for parameter 'dataObject' in 'Task<bool> FileTreeDragDropService.HandleOutlookDropAsync(DataObject dataObject, string targetPath)'. [C:\ExplorerPro\ExplorerPro_on4pkfpc_wpftmp.csproj]
     3>C:\ExplorerPro\UI\FileTree\Services\FileTreeDragDropService.cs(843,34): warning CS8625: Cannot convert null literal to non-nullable reference type. [C:\ExplorerPro\ExplorerPro_on4pkfpc_wpftmp.csproj]
     3>C:\ExplorerPro\UI\FileTree\Managers\FileTreeLoadChildrenManager.cs(470,41): warning CS8603: Possible null reference return. [C:\ExplorerPro\ExplorerPro_on4pkfpc_wpftmp.csproj]
     3>C:\ExplorerPro\UI\FileTree\Managers\FileTreeLoadChildrenManager.cs(472,41): warning CS8600: Converting null literal or possible null value to non-nullable type. [C:\ExplorerPro\ExplorerPro_on4pkfpc_wpftmp.csproj]
     3>C:\ExplorerPro\UI\FileTree\Managers\FileTreeLoadChildrenManager.cs(488,20): warning CS8603: Possible null reference return. [C:\ExplorerPro\ExplorerPro_on4pkfpc_wpftmp.csproj]
     3>C:\ExplorerPro\UI\FileTree\Managers\OptimizedFileTreePerformanceManager.cs(330,20): warning CS8603: Possible null reference return. [C:\ExplorerPro\ExplorerPro_on4pkfpc_wpftmp.csproj]
     3>C:\ExplorerPro\UI\FileTree\Managers\FileTreeLoadChildrenManager.cs(529,48): warning CS8625: Cannot convert null literal to non-nullable reference type. [C:\ExplorerPro\ExplorerPro_on4pkfpc_wpftmp.csproj]
     3>C:\ExplorerPro\UI\FileTree\Managers\FileTreeUIEventManager.cs(240,74): warning CS8604: Possible null reference argument for parameter 'current' in 'CheckBox VisualTreeHelperEx.FindAncestor<CheckBox>(DependencyObject current)'. [C:\ExplorerPro\ExplorerPro_on4pkfpc_wpftmp.csproj]
     3>C:\ExplorerPro\Core\TabManagement\PerformanceTypes.cs(74,23): warning CS8618: Non-nullable property 'ErrorMessage' must contain a non-null value when exiting constructor. Consider adding the 'required' modifier or declaring the property as nullable. [C:\ExplorerPro\ExplorerPro_on4pkfpc_wpftmp.csproj]
     3>C:\ExplorerPro\Core\TabManagement\PerformanceTypes.cs(100,48): warning CS8618: Non-nullable property 'Recommendations' must contain a non-null value when exiting constructor. Consider adding the 'required' modifier or declaring the property as nullable. [C:\ExplorerPro\ExplorerPro_on4pkfpc_wpftmp.csproj]
     3>C:\ExplorerPro\Core\TabManagement\TabManagerService.cs(169,33): warning CS8625: Cannot convert null literal to non-nullable reference type. [C:\ExplorerPro\ExplorerPro_on4pkfpc_wpftmp.csproj]
     3>C:\ExplorerPro\Core\TabManagement\TabManagerService.cs(176,40): warning CS8622: Nullability of reference types in type of parameter 'sender' of 'void TabManagerService.Tab_PropertyChanged(object sender, PropertyChangedEventArgs e)' doesn't match the target delegate 'PropertyChangedEventHandler' (possibly because of nullability attributes). [C:\ExplorerPro\ExplorerPro_on4pkfpc_wpftmp.csproj]
     3>C:\ExplorerPro\Core\TabManagement\PerformanceTypes.cs(108,23): warning CS8618: Non-nullable property 'Description' must contain a non-null value when exiting constructor. Consider adding the 'required' modifier or declaring the property as nullable. [C:\ExplorerPro\ExplorerPro_on4pkfpc_wpftmp.csproj]
     3>C:\ExplorerPro\Core\TabManagement\PerformanceTypes.cs(109,25): warning CS8618: Non-nullable property 'SuggestedActions' must contain a non-null value when exiting constructor. Consider adding the 'required' modifier or declaring the property as nullable. [C:\ExplorerPro\ExplorerPro_on4pkfpc_wpftmp.csproj]
     3>C:\ExplorerPro\Core\TabManagement\PerformanceTypes.cs(136,35): warning CS8618: Non-nullable property 'Result' must contain a non-null value when exiting constructor. Consider adding the 'required' modifier or declaring the property as nullable. [C:\ExplorerPro\ExplorerPro_on4pkfpc_wpftmp.csproj]
     3>C:\ExplorerPro\Core\TabManagement\PerformanceTypes.cs(145,23): warning CS8618: Non-nullable property 'Recommendation' must contain a non-null value when exiting constructor. Consider adding the 'required' modifier or declaring the property as nullable. [C:\ExplorerPro\ExplorerPro_on4pkfpc_wpftmp.csproj]
     3>C:\ExplorerPro\UI\FileTree\Managers\OptimizedFileTreePerformanceManager.cs(387,29): warning CS8602: Dereference of a possibly null reference. [C:\ExplorerPro\ExplorerPro_on4pkfpc_wpftmp.csproj]
     3>C:\ExplorerPro\Core\TabManagement\TabManagerService.cs(198,61): warning CS8603: Possible null reference return. [C:\ExplorerPro\ExplorerPro_on4pkfpc_wpftmp.csproj]
     3>C:\ExplorerPro\UI\FileTree\Managers\OptimizedFileTreePerformanceManager.cs(452,33): warning CS8618: Non-nullable property 'Container' must contain a non-null value when exiting constructor. Consider adding the 'required' modifier or declaring the property as nullable. [C:\ExplorerPro\ExplorerPro_on4pkfpc_wpftmp.csproj]
     3>C:\ExplorerPro\UI\FileTree\Managers\OptimizedFileTreePerformanceManager.cs(444,58): warning CS8618: Non-nullable property 'IndexerStats' must contain a non-null value when exiting constructor. Consider adding the 'required' modifier or declaring the property as nullable. [C:\ExplorerPro\ExplorerPro_on4pkfpc_wpftmp.csproj]
     3>C:\ExplorerPro\UI\FileTree\Managers\OptimizedFileTreePerformanceManager.cs(431,33): warning CS8618: Non-nullable property 'Item' must contain a non-null value when exiting constructor. Consider adding the 'required' modifier or declaring the property as nullable. [C:\ExplorerPro\ExplorerPro_on4pkfpc_wpftmp.csproj]
     3>C:\ExplorerPro\Core\TabManagement\ServiceIntegrationManager.cs(43,16): warning CS8618: Non-nullable field '_logger' must contain a non-null value when exiting constructor. Consider adding the 'required' modifier or declaring the field as nullable. [C:\ExplorerPro\ExplorerPro_on4pkfpc_wpftmp.csproj]
     3>C:\ExplorerPro\Core\TabManagement\ServiceIntegrationManager.cs(43,16): warning CS8618: Non-nullable field '_tabManagerService' must contain a non-null value when exiting constructor. Consider adding the 'required' modifier or declaring the field as nullable. [C:\ExplorerPro\ExplorerPro_on4pkfpc_wpftmp.csproj]
     3>C:\ExplorerPro\Core\TabManagement\ServiceIntegrationManager.cs(43,16): warning CS8618: Non-nullable field '_threadSafeOperations' must contain a non-null value when exiting constructor. Consider adding the 'required' modifier or declaring the field as nullable. [C:\ExplorerPro\ExplorerPro_on4pkfpc_wpftmp.csproj]
     3>C:\ExplorerPro\Core\TabManagement\ServiceIntegrationManager.cs(43,16): warning CS8618: Non-nullable field '_tabsViewModel' must contain a non-null value when exiting constructor. Consider adding the 'required' modifier or declaring the field as nullable. [C:\ExplorerPro\ExplorerPro_on4pkfpc_wpftmp.csproj]
     3>C:\ExplorerPro\Core\TabManagement\ServiceIntegrationManager.cs(43,16): warning CS8618: Non-nullable field '_tabControl' must contain a non-null value when exiting constructor. Consider adding the 'required' modifier or declaring the field as nullable. [C:\ExplorerPro\ExplorerPro_on4pkfpc_wpftmp.csproj]
     3>C:\ExplorerPro\Core\TabManagement\ServiceIntegrationManager.cs(43,16): warning CS8618: Non-nullable field '_eventManager' must contain a non-null value when exiting constructor. Consider adding the 'required' modifier or declaring the field as nullable. [C:\ExplorerPro\ExplorerPro_on4pkfpc_wpftmp.csproj]
     3>C:\ExplorerPro\Core\TabManagement\ServiceIntegrationManager.cs(43,16): warning CS8618: Non-nullable field '_healthMonitor' must contain a non-null value when exiting constructor. Consider adding the 'required' modifier or declaring the field as nullable. [C:\ExplorerPro\ExplorerPro_on4pkfpc_wpftmp.csproj]
     3>C:\ExplorerPro\Core\TabManagement\TabCreationRequest.cs(126,23): warning CS8618: Non-nullable property 'Name' must contain a non-null value when exiting constructor. Consider adding the 'required' modifier or declaring the property as nullable. [C:\ExplorerPro\ExplorerPro_on4pkfpc_wpftmp.csproj]
     3>C:\ExplorerPro\Core\TabManagement\TabCreationRequest.cs(127,23): warning CS8618: Non-nullable property 'DefaultTitle' must contain a non-null value when exiting constructor. Consider adding the 'required' modifier or declaring the property as nullable. [C:\ExplorerPro\ExplorerPro_on4pkfpc_wpftmp.csproj]
     3>C:\ExplorerPro\Core\TabManagement\TabCreationRequest.cs(130,21): warning CS8618: Non-nullable property 'ContentType' must contain a non-null value when exiting constructor. Consider adding the 'required' modifier or declaring the property as nullable. [C:\ExplorerPro\ExplorerPro_on4pkfpc_wpftmp.csproj]
     3>C:\ExplorerPro\Core\TabManagement\TabCreationRequest.cs(131,23): warning CS8618: Non-nullable property 'ContentParameters' must contain a non-null value when exiting constructor. Consider adding the 'required' modifier or declaring the property as nullable. [C:\ExplorerPro\ExplorerPro_on4pkfpc_wpftmp.csproj]
     3>C:\ExplorerPro\UI\FileTree\Managers\FileTreeUIEventManager.cs(425,37): warning CS8625: Cannot convert null literal to non-nullable reference type. [C:\ExplorerPro\ExplorerPro_on4pkfpc_wpftmp.csproj]
     3>C:\ExplorerPro\UI\FileTree\Managers\FileTreeUIEventManager.cs(426,33): warning CS8625: Cannot convert null literal to non-nullable reference type. [C:\ExplorerPro\ExplorerPro_on4pkfpc_wpftmp.csproj]
     3>C:\ExplorerPro\Core\TabManagement\TabCreationRequest.cs(18,23): warning CS8618: Non-nullable property 'Title' must contain a non-null value when exiting constructor. Consider adding the 'required' modifier or declaring the property as nullable. [C:\ExplorerPro\ExplorerPro_on4pkfpc_wpftmp.csproj]
     3>C:\ExplorerPro\Core\TabManagement\TabCreationRequest.cs(23,23): warning CS8618: Non-nullable property 'Path' must contain a non-null value when exiting constructor. Consider adding the 'required' modifier or declaring the property as nullable. [C:\ExplorerPro\ExplorerPro_on4pkfpc_wpftmp.csproj]
     3>C:\ExplorerPro\Core\TabManagement\TabCreationRequest.cs(48,23): warning CS8618: Non-nullable property 'Content' must contain a non-null value when exiting constructor. Consider adding the 'required' modifier or declaring the property as nullable. [C:\ExplorerPro\ExplorerPro_on4pkfpc_wpftmp.csproj]
     3>C:\ExplorerPro\Core\TabManagement\TabCreationRequest.cs(53,28): warning CS8618: Non-nullable property 'Template' must contain a non-null value when exiting constructor. Consider adding the 'required' modifier or declaring the property as nullable. [C:\ExplorerPro\ExplorerPro_on4pkfpc_wpftmp.csproj]
     3>C:\ExplorerPro\Core\TabManagement\SimpleDetachedWindowManager.cs(31,28): warning CS8603: Possible null reference return. [C:\ExplorerPro\ExplorerPro_on4pkfpc_wpftmp.csproj]
     3>C:\ExplorerPro\Core\TabManagement\SimpleDetachedWindowManager.cs(37,28): warning CS8603: Possible null reference return. [C:\ExplorerPro\ExplorerPro_on4pkfpc_wpftmp.csproj]
     3>C:\ExplorerPro\Core\TabManagement\SimpleDetachedWindowManager.cs(45,28): warning CS8603: Possible null reference return. [C:\ExplorerPro\ExplorerPro_on4pkfpc_wpftmp.csproj]
     3>C:\ExplorerPro\Core\TabManagement\SimpleDetachedWindowManager.cs(52,28): warning CS8603: Possible null reference return. [C:\ExplorerPro\ExplorerPro_on4pkfpc_wpftmp.csproj]
     3>C:\ExplorerPro\Core\TabManagement\SimpleDetachedWindowManager.cs(60,28): warning CS8603: Possible null reference return. [C:\ExplorerPro\ExplorerPro_on4pkfpc_wpftmp.csproj]
     3>C:\ExplorerPro\Core\TabManagement\SimpleDetachedWindowManager.cs(68,28): warning CS8603: Possible null reference return. [C:\ExplorerPro\ExplorerPro_on4pkfpc_wpftmp.csproj]
     3>C:\ExplorerPro\Core\TabManagement\SimpleDetachedWindowManager.cs(77,28): warning CS8603: Possible null reference return. [C:\ExplorerPro\ExplorerPro_on4pkfpc_wpftmp.csproj]
     3>C:\ExplorerPro\Core\TabManagement\SimpleDetachedWindowManager.cs(100,24): warning CS8603: Possible null reference return. [C:\ExplorerPro\ExplorerPro_on4pkfpc_wpftmp.csproj]
     3>C:\ExplorerPro\UI\FileTree\Services\FileTreeService.cs(557,24): warning CS8603: Possible null reference return. [C:\ExplorerPro\ExplorerPro_on4pkfpc_wpftmp.csproj]
     3>C:\ExplorerPro\UI\FileTree\Services\FileTreeService.cs(572,20): warning CS8603: Possible null reference return. [C:\ExplorerPro\ExplorerPro_on4pkfpc_wpftmp.csproj]
     3>C:\ExplorerPro\Core\TabManagement\TabDragDropService.cs(34,16): warning CS8618: Non-nullable field '_currentDrag' must contain a non-null value when exiting constructor. Consider adding the 'required' modifier or declaring the field as nullable. [C:\ExplorerPro\ExplorerPro_on4pkfpc_wpftmp.csproj]
     3>C:\ExplorerPro\Core\TabManagement\TabDragDropService.cs(34,16): warning CS8618: Non-nullable field '_floatingWindow' must contain a non-null value when exiting constructor. Consider adding the 'required' modifier or declaring the field as nullable. [C:\ExplorerPro\ExplorerPro_on4pkfpc_wpftmp.csproj]
     3>C:\ExplorerPro\Core\TabManagement\TabDragDropService.cs(34,16): warning CS8618: Non-nullable field '_dropIndicatorCanvas' must contain a non-null value when exiting constructor. Consider adding the 'required' modifier or declaring the field as nullable. [C:\ExplorerPro\ExplorerPro_on4pkfpc_wpftmp.csproj]
     3>C:\ExplorerPro\Core\TabManagement\TabDragDropService.cs(34,16): warning CS8618: Non-nullable field '_dropIndicator' must contain a non-null value when exiting constructor. Consider adding the 'required' modifier or declaring the field as nullable. [C:\ExplorerPro\ExplorerPro_on4pkfpc_wpftmp.csproj]
     3>C:\ExplorerPro\UI\FileTree\Services\FileTreeService.cs(578,24): warning CS8603: Possible null reference return. [C:\ExplorerPro\ExplorerPro_on4pkfpc_wpftmp.csproj]
     3>C:\ExplorerPro\UI\FileTree\Services\FileTreeService.cs(596,20): warning CS8603: Possible null reference return. [C:\ExplorerPro\ExplorerPro_on4pkfpc_wpftmp.csproj]
     3>C:\ExplorerPro\UI\FileTree\Managers\FileTreePerformanceManager.cs(417,17): warning CS0219: The variable 'liveCacheUpdated' is assigned but its value is never used [C:\ExplorerPro\ExplorerPro_on4pkfpc_wpftmp.csproj]
     3>C:\ExplorerPro\Core\TabManagement\TabHibernationManager.cs(56,43): warning CS8622: Nullability of reference types in type of parameter 'state' of 'void TabHibernationManager.ProcessHibernationQueue(object state)' doesn't match the target delegate 'TimerCallback' (possibly because of nullability attributes). [C:\ExplorerPro\ExplorerPro_on4pkfpc_wpftmp.csproj]
     3>C:\ExplorerPro\Core\TabManagement\TabHibernationManager.cs(59,39): warning CS8622: Nullability of reference types in type of parameter 'state' of 'void TabHibernationManager.CleanupExpiredData(object state)' doesn't match the target delegate 'TimerCallback' (possibly because of nullability attributes). [C:\ExplorerPro\ExplorerPro_on4pkfpc_wpftmp.csproj]
     3>C:\ExplorerPro\Core\TabManagement\TabHibernationManager.cs(65,56): warning CS8622: Nullability of reference types in type of parameter 'sender' of 'void TabHibernationManager.OnHighMemoryPressure(object sender, MemoryPressureEventArgs e)' doesn't match the target delegate 'EventHandler<MemoryPressureEventArgs>' (possibly because of nullability attributes). [C:\ExplorerPro\ExplorerPro_on4pkfpc_wpftmp.csproj]
     3>C:\ExplorerPro\Core\TabManagement\TabHibernationManager.cs(41,16): warning CS8618: Non-nullable field '_logger' must contain a non-null value when exiting constructor. Consider adding the 'required' modifier or declaring the field as nullable. [C:\ExplorerPro\ExplorerPro_on4pkfpc_wpftmp.csproj]
     3>C:\ExplorerPro\Core\TabManagement\TabHibernationManager.cs(41,16): warning CS8618: Non-nullable field '_resourceMonitor' must contain a non-null value when exiting constructor. Consider adding the 'required' modifier or declaring the field as nullable. [C:\ExplorerPro\ExplorerPro_on4pkfpc_wpftmp.csproj]
     3>C:\ExplorerPro\Core\TabManagement\TabHibernationManager.cs(41,16): warning CS8618: Non-nullable event 'TabHibernated' must contain a non-null value when exiting constructor. Consider adding the 'required' modifier or declaring the event as nullable. [C:\ExplorerPro\ExplorerPro_on4pkfpc_wpftmp.csproj]
     3>C:\ExplorerPro\Core\TabManagement\TabHibernationManager.cs(41,16): warning CS8618: Non-nullable event 'TabReactivated' must contain a non-null value when exiting constructor. Consider adding the 'required' modifier or declaring the event as nullable. [C:\ExplorerPro\ExplorerPro_on4pkfpc_wpftmp.csproj]
     3>C:\ExplorerPro\Core\TabManagement\TabHibernationManager.cs(41,16): warning CS8618: Non-nullable event 'StatsUpdated' must contain a non-null value when exiting constructor. Consider adding the 'required' modifier or declaring the event as nullable. [C:\ExplorerPro\ExplorerPro_on4pkfpc_wpftmp.csproj]
     3>C:\ExplorerPro\Core\TabManagement\ModernTabManagerService.cs(174,40): warning CS8622: Nullability of reference types in type of parameter 'sender' of 'void ModernTabManagerService.OnTabPropertyChanged(object sender, PropertyChangedEventArgs e)' doesn't match the target delegate 'PropertyChangedEventHandler' (possibly because of nullability attributes). [C:\ExplorerPro\ExplorerPro_on4pkfpc_wpftmp.csproj]
     3>C:\ExplorerPro\UI\FileTree\Services\FileTreeDragDropService.cs(867,56): warning CS8620: Argument of type 'string?[]' cannot be used for parameter 'sourceDirectories' of type 'string[]' in 'FilesMoved.FilesMoved(string[] sourceFiles, string[] sourceDirectories, string targetPath)' due to differences in the nullability of reference types. [C:\ExplorerPro\ExplorerPro_on4pkfpc_wpftmp.csproj]
     3>C:\ExplorerPro\Core\TabManagement\TabManager.cs(47,32): warning CS1998: This async method lacks 'await' operators and will run synchronously. Consider using the 'await' operator to await non-blocking API calls, or 'await Task.Run(...)' to do CPU-bound work on a background thread. [C:\ExplorerPro\ExplorerPro_on4pkfpc_wpftmp.csproj]
     3>C:\ExplorerPro\Core\TabManagement\TabHibernationManager.cs(115,27): warning CS1998: This async method lacks 'await' operators and will run synchronously. Consider using the 'await' operator to await non-blocking API calls, or 'await Task.Run(...)' to do CPU-bound work on a background thread. [C:\ExplorerPro\ExplorerPro_on4pkfpc_wpftmp.csproj]
     3>C:\ExplorerPro\Core\TabManagement\SimpleDetachedWindowManager.cs(225,37): warning CS8603: Possible null reference return. [C:\ExplorerPro\ExplorerPro_on4pkfpc_wpftmp.csproj]
     3>C:\ExplorerPro\Core\TabManagement\SimpleDetachedWindowManager.cs(241,20): warning CS8603: Possible null reference return. [C:\ExplorerPro\ExplorerPro_on4pkfpc_wpftmp.csproj]
     3>C:\ExplorerPro\Core\TabManagement\SimpleDetachedWindowManager.cs(260,20): warning CS8603: Possible null reference return. [C:\ExplorerPro\ExplorerPro_on4pkfpc_wpftmp.csproj]
     3>C:\ExplorerPro\Core\TabManagement\ModernTabManagerService.cs(246,33): warning CS8625: Cannot convert null literal to non-nullable reference type. [C:\ExplorerPro\ExplorerPro_on4pkfpc_wpftmp.csproj]
     3>C:\ExplorerPro\Core\TabManagement\ModernTabManagerService.cs(253,40): warning CS8622: Nullability of reference types in type of parameter 'sender' of 'void ModernTabManagerService.OnTabPropertyChanged(object sender, PropertyChangedEventArgs e)' doesn't match the target delegate 'PropertyChangedEventHandler' (possibly because of nullability attributes). [C:\ExplorerPro\ExplorerPro_on4pkfpc_wpftmp.csproj]
     3>C:\ExplorerPro\UI\FileTree\Services\FileTreeDragDropService.cs(985,20): warning CS8603: Possible null reference return. [C:\ExplorerPro\ExplorerPro_on4pkfpc_wpftmp.csproj]
     3>C:\ExplorerPro\Core\TabManagement\SimpleDetachedWindowManager.cs(268,64): warning CS8603: Possible null reference return. [C:\ExplorerPro\ExplorerPro_on4pkfpc_wpftmp.csproj]
     3>C:\ExplorerPro\Core\TabManagement\SimpleDetachedWindowManager.cs(270,20): warning CS8603: Possible null reference return. [C:\ExplorerPro\ExplorerPro_on4pkfpc_wpftmp.csproj]
     3>C:\ExplorerPro\Core\TabManagement\SimpleDetachedWindowManager.cs(299,24): warning CS8603: Possible null reference return. [C:\ExplorerPro\ExplorerPro_on4pkfpc_wpftmp.csproj]
     3>C:\ExplorerPro\Core\TabManagement\ModernTabManagerService.cs(289,61): warning CS8603: Possible null reference return. [C:\ExplorerPro\ExplorerPro_on4pkfpc_wpftmp.csproj]
     3>C:\ExplorerPro\Core\TabManagement\ModernTabManagerService.cs(311,24): warning CS8603: Possible null reference return. [C:\ExplorerPro\ExplorerPro_on4pkfpc_wpftmp.csproj]
     3>C:\ExplorerPro\UI\FileTree\Services\FileTreeDragDropService.cs(1033,34): warning CS8625: Cannot convert null literal to non-nullable reference type. [C:\ExplorerPro\ExplorerPro_on4pkfpc_wpftmp.csproj]
     3>C:\ExplorerPro\UI\FileTree\Services\FileTreeDragDropService.cs(1039,32): warning CS8625: Cannot convert null literal to non-nullable reference type. [C:\ExplorerPro\ExplorerPro_on4pkfpc_wpftmp.csproj]
     3>C:\ExplorerPro\UI\FileTree\Services\FileTreeDragDropService.cs(1044,30): warning CS8625: Cannot convert null literal to non-nullable reference type. [C:\ExplorerPro\ExplorerPro_on4pkfpc_wpftmp.csproj]
     3>C:\ExplorerPro\Core\TabManagement\SimpleDetachedWindowManager.cs(380,35): warning CS8602: Dereference of a possibly null reference. [C:\ExplorerPro\ExplorerPro_on4pkfpc_wpftmp.csproj]
     3>C:\ExplorerPro\Core\TabManagement\SimpleDetachedWindowManager.cs(466,24): warning CS8603: Possible null reference return. [C:\ExplorerPro\ExplorerPro_on4pkfpc_wpftmp.csproj]
     3>C:\ExplorerPro\UI\MainWindow\MainWindow.xaml.cs(5396,28): warning CS1998: This async method lacks 'await' operators and will run synchronously. Consider using the 'await' operator to await non-blocking API calls, or 'await Task.Run(...)' to do CPU-bound work on a background thread. [C:\ExplorerPro\ExplorerPro_on4pkfpc_wpftmp.csproj]
     3>C:\ExplorerPro\Core\TabManagement\TabManagerService.cs(411,20): warning CS8603: Possible null reference return. [C:\ExplorerPro\ExplorerPro_on4pkfpc_wpftmp.csproj]
     3>C:\ExplorerPro\Core\TabManagement\TabManagerService.cs(438,73): warning CS8604: Possible null reference argument for parameter 'propertyName' in 'TabModifiedEventArgs.TabModifiedEventArgs(TabModel tab, string propertyName, object oldValue, object newValue)'. [C:\ExplorerPro\ExplorerPro_on4pkfpc_wpftmp.csproj]
     3>C:\ExplorerPro\Core\TabManagement\TabManagerService.cs(438,89): warning CS8625: Cannot convert null literal to non-nullable reference type. [C:\ExplorerPro\ExplorerPro_on4pkfpc_wpftmp.csproj]
     3>C:\ExplorerPro\Core\TabManagement\TabManagerService.cs(438,95): warning CS8625: Cannot convert null literal to non-nullable reference type. [C:\ExplorerPro\ExplorerPro_on4pkfpc_wpftmp.csproj]
     3>C:\ExplorerPro\UI\MainWindow\MainWindow.xaml.cs(5456,25): warning CS8622: Nullability of reference types in type of parameter 'sender' of 'void MainWindow.OnNewTabRequested(object sender, NewTabRequestedEventArgs e)' doesn't match the target delegate 'EventHandler<NewTabRequestedEventArgs>' (possibly because of nullability attributes). [C:\ExplorerPro\ExplorerPro_on4pkfpc_wpftmp.csproj]
     3>C:\ExplorerPro\UI\MainWindow\MainWindow.xaml.cs(5462,25): warning CS8622: Nullability of reference types in type of parameter 'sender' of 'void MainWindow.OnTabCloseRequested(object sender, TabCloseRequestedEventArgs e)' doesn't match the target delegate 'EventHandler<TabCloseRequestedEventArgs>' (possibly because of nullability attributes). [C:\ExplorerPro\ExplorerPro_on4pkfpc_wpftmp.csproj]
     3>C:\ExplorerPro\UI\MainWindow\MainWindow.xaml.cs(5468,25): warning CS8622: Nullability of reference types in type of parameter 'sender' of 'void MainWindow.OnTabDragged(object sender, TabDragEventArgs e)' doesn't match the target delegate 'EventHandler<TabDragEventArgs>' (possibly because of nullability attributes). [C:\ExplorerPro\ExplorerPro_on4pkfpc_wpftmp.csproj]
     3>C:\ExplorerPro\UI\MainWindow\MainWindow.xaml.cs(5474,25): warning CS8622: Nullability of reference types in type of parameter 'sender' of 'void MainWindow.OnTabMetadataChanged(object sender, TabMetadataChangedEventArgs e)' doesn't match the target delegate 'EventHandler<TabMetadataChangedEventArgs>' (possibly because of nullability attributes). [C:\ExplorerPro\ExplorerPro_on4pkfpc_wpftmp.csproj]
     3>C:\ExplorerPro\Core\TabManagement\TabManagerService.cs(459,20): warning CS8603: Possible null reference return. [C:\ExplorerPro\ExplorerPro_on4pkfpc_wpftmp.csproj]
     3>C:\ExplorerPro\Core\TabManagement\TabDragDropService.cs(540,24): warning CS8603: Possible null reference return. [C:\ExplorerPro\ExplorerPro_on4pkfpc_wpftmp.csproj]
     3>C:\ExplorerPro\Core\TabManagement\TabDragDropService.cs(545,24): warning CS8603: Possible null reference return. [C:\ExplorerPro\ExplorerPro_on4pkfpc_wpftmp.csproj]
     3>C:\ExplorerPro\Core\TabManagement\ModernTabManagerService.cs(445,20): warning CS8603: Possible null reference return. [C:\ExplorerPro\ExplorerPro_on4pkfpc_wpftmp.csproj]
     3>C:\ExplorerPro\UI\FileTree\Services\FileTreeDragDropService.cs(1339,45): warning CS8625: Cannot convert null literal to non-nullable reference type. [C:\ExplorerPro\ExplorerPro_on4pkfpc_wpftmp.csproj]
     3>C:\ExplorerPro\UI\FileTree\Services\FileTreeDragDropService.cs(1354,47): warning CS8625: Cannot convert null literal to non-nullable reference type. [C:\ExplorerPro\ExplorerPro_on4pkfpc_wpftmp.csproj]
     3>C:\ExplorerPro\UI\FileTree\Services\FileTreeDragDropService.cs(1364,53): warning CS8625: Cannot convert null literal to non-nullable reference type. [C:\ExplorerPro\ExplorerPro_on4pkfpc_wpftmp.csproj]
     3>C:\ExplorerPro\UI\FileTree\Services\FileTreeDragDropService.cs(1365,54): warning CS8625: Cannot convert null literal to non-nullable reference type. [C:\ExplorerPro\ExplorerPro_on4pkfpc_wpftmp.csproj]
     3>C:\ExplorerPro\UI\FileTree\Services\FileTreeDragDropService.cs(1366,48): warning CS8625: Cannot convert null literal to non-nullable reference type. [C:\ExplorerPro\ExplorerPro_on4pkfpc_wpftmp.csproj]
     3>C:\ExplorerPro\UI\FileTree\Services\FileTreeDragDropService.cs(1367,41): warning CS8625: Cannot convert null literal to non-nullable reference type. [C:\ExplorerPro\ExplorerPro_on4pkfpc_wpftmp.csproj]
     3>C:\ExplorerPro\UI\FileTree\Services\FileTreeDragDropService.cs(1370,36): warning CS8625: Cannot convert null literal to non-nullable reference type. [C:\ExplorerPro\ExplorerPro_on4pkfpc_wpftmp.csproj]
     3>C:\ExplorerPro\UI\FileTree\Services\FileTreeDragDropService.cs(1371,37): warning CS8625: Cannot convert null literal to non-nullable reference type. [C:\ExplorerPro\ExplorerPro_on4pkfpc_wpftmp.csproj]
     3>C:\ExplorerPro\UI\FileTree\Services\FileTreeDragDropService.cs(1372,42): warning CS8625: Cannot convert null literal to non-nullable reference type. [C:\ExplorerPro\ExplorerPro_on4pkfpc_wpftmp.csproj]
     3>C:\ExplorerPro\UI\FileTree\Services\FileTreeDragDropService.cs(1373,42): warning CS8625: Cannot convert null literal to non-nullable reference type. [C:\ExplorerPro\ExplorerPro_on4pkfpc_wpftmp.csproj]
     3>C:\ExplorerPro\Core\TabManagement\PerformanceOptimizer.cs(167,48): warning CS1998: This async method lacks 'await' operators and will run synchronously. Consider using the 'await' operator to await non-blocking API calls, or 'await Task.Run(...)' to do CPU-bound work on a background thread. [C:\ExplorerPro\ExplorerPro_on4pkfpc_wpftmp.csproj]
     3>C:\ExplorerPro\Core\TabManagement\TabManagerService.cs(512,48): warning CS8622: Nullability of reference types in type of parameter 'sender' of 'void TabManagerService.Tab_PropertyChanged(object sender, PropertyChangedEventArgs e)' doesn't match the target delegate 'PropertyChangedEventHandler' (possibly because of nullability attributes). [C:\ExplorerPro\ExplorerPro_on4pkfpc_wpftmp.csproj]
     3>C:\ExplorerPro\Core\TabManagement\TabManagerService.cs(522,30): warning CS8625: Cannot convert null literal to non-nullable reference type. [C:\ExplorerPro\ExplorerPro_on4pkfpc_wpftmp.csproj]
     3>C:\ExplorerPro\Core\TabManagement\TabManagerService.cs(523,29): warning CS8625: Cannot convert null literal to non-nullable reference type. [C:\ExplorerPro\ExplorerPro_on4pkfpc_wpftmp.csproj]
     3>C:\ExplorerPro\Core\TabManagement\TabManagerService.cs(524,36): warning CS8625: Cannot convert null literal to non-nullable reference type. [C:\ExplorerPro\ExplorerPro_on4pkfpc_wpftmp.csproj]
     3>C:\ExplorerPro\Core\TabManagement\TabManagerService.cs(525,31): warning CS8625: Cannot convert null literal to non-nullable reference type. [C:\ExplorerPro\ExplorerPro_on4pkfpc_wpftmp.csproj]
     3>C:\ExplorerPro\Core\TabManagement\TabManagerService.cs(526,33): warning CS8625: Cannot convert null literal to non-nullable reference type. [C:\ExplorerPro\ExplorerPro_on4pkfpc_wpftmp.csproj]
     3>C:\ExplorerPro\UI\FileTree\Managers\FileTreePerformanceManager.cs(560,54): warning CS8600: Converting null literal or possible null value to non-nullable type. [C:\ExplorerPro\ExplorerPro_on4pkfpc_wpftmp.csproj]
     3>C:\ExplorerPro\UI\FileTree\Managers\FileTreePerformanceManager.cs(578,20): warning CS8603: Possible null reference return. [C:\ExplorerPro\ExplorerPro_on4pkfpc_wpftmp.csproj]
     3>C:\ExplorerPro\Core\TabManagement\TabDragDropService.cs(653,35): warning CS8625: Cannot convert null literal to non-nullable reference type. [C:\ExplorerPro\ExplorerPro_on4pkfpc_wpftmp.csproj]
     3>C:\ExplorerPro\Core\TabManagement\ModernTabManagerService.cs(513,60): warning CS8625: Cannot convert null literal to non-nullable reference type. [C:\ExplorerPro\ExplorerPro_on4pkfpc_wpftmp.csproj]
     3>C:\ExplorerPro\Core\TabManagement\TabManagerService.cs(576,30): warning CS8625: Cannot convert null literal to non-nullable reference type. [C:\ExplorerPro\ExplorerPro_on4pkfpc_wpftmp.csproj]
     3>C:\ExplorerPro\Core\TabManagement\TabDragDropService.cs(770,28): warning CS8625: Cannot convert null literal to non-nullable reference type. [C:\ExplorerPro\ExplorerPro_on4pkfpc_wpftmp.csproj]
     3>C:\ExplorerPro\Core\TabManagement\TabDragDropService.cs(779,20): warning CS8603: Possible null reference return. [C:\ExplorerPro\ExplorerPro_on4pkfpc_wpftmp.csproj]
     3>C:\ExplorerPro\Core\TabManagement\ServiceIntegrationManager.cs(274,110): warning CS8622: Nullability of reference types in type of parameter 'sender' of 'void ServiceIntegrationManager.OnTabCreated(object sender, TabEventArgs e)' doesn't match the target delegate 'EventHandler<TabEventArgs>' (possibly because of nullability attributes). [C:\ExplorerPro\ExplorerPro_on4pkfpc_wpftmp.csproj]
     3>C:\ExplorerPro\Core\TabManagement\ServiceIntegrationManager.cs(275,109): warning CS8622: Nullability of reference types in type of parameter 'sender' of 'void ServiceIntegrationManager.OnTabClosed(object sender, TabEventArgs e)' doesn't match the target delegate 'EventHandler<TabEventArgs>' (possibly because of nullability attributes). [C:\ExplorerPro\ExplorerPro_on4pkfpc_wpftmp.csproj]
     3>C:\ExplorerPro\Core\TabManagement\ServiceIntegrationManager.cs(276,123): warning CS8622: Nullability of reference types in type of parameter 'sender' of 'void ServiceIntegrationManager.OnActiveTabChanged(object sender, TabChangedEventArgs e)' doesn't match the target delegate 'EventHandler<TabChangedEventArgs>' (possibly because of nullability attributes). [C:\ExplorerPro\ExplorerPro_on4pkfpc_wpftmp.csproj]
     3>C:\ExplorerPro\UI\FileTree\Managers\FileTreePerformanceManager.cs(683,43): warning CS8622: Nullability of reference types in type of parameter 'sender' of 'void FileTreePerformanceManager.OnCleanupTimer(object sender, EventArgs e)' doesn't match the target delegate 'EventHandler' (possibly because of nullability attributes). [C:\ExplorerPro\ExplorerPro_on4pkfpc_wpftmp.csproj]
     3>C:\ExplorerPro\UI\FileTree\Managers\FileTreePerformanceManager.cs(698,71): warning CS8622: Nullability of reference types in type of parameter 'sender' of 'void FileTreePerformanceManager.OnContainerGeneratorStatusChanged(object sender, EventArgs e)' doesn't match the target delegate 'EventHandler' (possibly because of nullability attributes). [C:\ExplorerPro\ExplorerPro_on4pkfpc_wpftmp.csproj]
     3>C:\ExplorerPro\Core\TabManagement\TabDragDropService.cs(785,20): warning CS8603: Possible null reference return. [C:\ExplorerPro\ExplorerPro_on4pkfpc_wpftmp.csproj]
     3>C:\ExplorerPro\Core\TabManagement\ModernTabManagerService.cs(612,20): warning CS8603: Possible null reference return. [C:\ExplorerPro\ExplorerPro_on4pkfpc_wpftmp.csproj]
     3>C:\ExplorerPro\Core\TabManagement\ModernTabManagerService.cs(619,73): warning CS8604: Possible null reference argument for parameter 'propertyName' in 'TabModifiedEventArgs.TabModifiedEventArgs(TabModel tab, string propertyName, object oldValue, object newValue)'. [C:\ExplorerPro\ExplorerPro_on4pkfpc_wpftmp.csproj]
     3>C:\ExplorerPro\Core\TabManagement\ModernTabManagerService.cs(619,89): warning CS8625: Cannot convert null literal to non-nullable reference type. [C:\ExplorerPro\ExplorerPro_on4pkfpc_wpftmp.csproj]
     3>C:\ExplorerPro\Core\TabManagement\ModernTabManagerService.cs(619,95): warning CS8625: Cannot convert null literal to non-nullable reference type. [C:\ExplorerPro\ExplorerPro_on4pkfpc_wpftmp.csproj]
     3>C:\ExplorerPro\Core\TabManagement\ServiceIntegrationManager.cs(284,34): warning CS1998: This async method lacks 'await' operators and will run synchronously. Consider using the 'await' operator to await non-blocking API calls, or 'await Task.Run(...)' to do CPU-bound work on a background thread. [C:\ExplorerPro\ExplorerPro_on4pkfpc_wpftmp.csproj]
     3>C:\ExplorerPro\Core\TabManagement\PerformanceOptimizer.cs(387,56): warning CS8622: Nullability of reference types in type of parameter 'sender' of 'void PerformanceOptimizer.OnHighMemoryPressure(object sender, MemoryPressureEventArgs e)' doesn't match the target delegate 'EventHandler<MemoryPressureEventArgs>' (possibly because of nullability attributes). [C:\ExplorerPro\ExplorerPro_on4pkfpc_wpftmp.csproj]
     3>C:\ExplorerPro\Core\TabManagement\PerformanceOptimizer.cs(388,58): warning CS8622: Nullability of reference types in type of parameter 'sender' of 'void PerformanceOptimizer.OnResourceUsageUpdated(object sender, ResourceUsageEventArgs e)' doesn't match the target delegate 'EventHandler<ResourceUsageEventArgs>' (possibly because of nullability attributes). [C:\ExplorerPro\ExplorerPro_on4pkfpc_wpftmp.csproj]
     3>C:\ExplorerPro\UI\FileTree\Managers\FileTreePerformanceManager.cs(723,33): warning CS8618: Non-nullable property 'Item' must contain a non-null value when exiting constructor. Consider adding the 'required' modifier or declaring the property as nullable. [C:\ExplorerPro\ExplorerPro_on4pkfpc_wpftmp.csproj]
     3>C:\ExplorerPro\UI\FileTree\Managers\FileTreePerformanceManager.cs(736,38): warning CS8618: Non-nullable property 'CleanupStats' must contain a non-null value when exiting constructor. Consider adding the 'required' modifier or declaring the property as nullable. [C:\ExplorerPro\ExplorerPro_on4pkfpc_wpftmp.csproj]
     3>C:\ExplorerPro\Core\TabManagement\ModernTabManagerService.cs(664,48): warning CS8622: Nullability of reference types in type of parameter 'sender' of 'void ModernTabManagerService.OnTabPropertyChanged(object sender, PropertyChangedEventArgs e)' doesn't match the target delegate 'PropertyChangedEventHandler' (possibly because of nullability attributes). [C:\ExplorerPro\ExplorerPro_on4pkfpc_wpftmp.csproj]
     3>C:\ExplorerPro\Core\TabManagement\ServiceIntegrationManager.cs(371,55): warning CS8604: Possible null reference argument for parameter 'logger' in 'Task<ServiceIntegrationManager> ServiceIntegrationManager.CreateAsync(IServiceProvider serviceProvider, ILogger<ServiceIntegrationManager> logger = null, CancellationToken cancellationToken = default(CancellationToken))'. [C:\ExplorerPro\ExplorerPro_on4pkfpc_wpftmp.csproj]
     3>C:\ExplorerPro\Core\TabManagement\PerformanceOptimizer.cs(478,56): warning CS8622: Nullability of reference types in type of parameter 'sender' of 'void PerformanceOptimizer.OnHighMemoryPressure(object sender, MemoryPressureEventArgs e)' doesn't match the target delegate 'EventHandler<MemoryPressureEventArgs>' (possibly because of nullability attributes). [C:\ExplorerPro\ExplorerPro_on4pkfpc_wpftmp.csproj]
     3>C:\ExplorerPro\Core\TabManagement\PerformanceOptimizer.cs(479,58): warning CS8622: Nullability of reference types in type of parameter 'sender' of 'void PerformanceOptimizer.OnResourceUsageUpdated(object sender, ResourceUsageEventArgs e)' doesn't match the target delegate 'EventHandler<ResourceUsageEventArgs>' (possibly because of nullability attributes). [C:\ExplorerPro\ExplorerPro_on4pkfpc_wpftmp.csproj]
     3>C:\ExplorerPro\Core\TabManagement\TabHibernationManager.cs(530,31): warning CS8625: Cannot convert null literal to non-nullable reference type. [C:\ExplorerPro\ExplorerPro_on4pkfpc_wpftmp.csproj]
     3>C:\ExplorerPro\Core\TabManagement\TabHibernationManager.cs(607,41): warning CS8625: Cannot convert null literal to non-nullable reference type. [C:\ExplorerPro\ExplorerPro_on4pkfpc_wpftmp.csproj]
     3>C:\ExplorerPro\Core\TabManagement\TabHibernationManager.cs(646,56): warning CS8622: Nullability of reference types in type of parameter 'sender' of 'void TabHibernationManager.OnHighMemoryPressure(object sender, MemoryPressureEventArgs e)' doesn't match the target delegate 'EventHandler<MemoryPressureEventArgs>' (possibly because of nullability attributes). [C:\ExplorerPro\ExplorerPro_on4pkfpc_wpftmp.csproj]
     3>C:\ExplorerPro\UI\MainWindow\MainWindow.xaml.cs(6156,38): warning CS8625: Cannot convert null literal to non-nullable reference type. [C:\ExplorerPro\ExplorerPro_on4pkfpc_wpftmp.csproj]
     3>C:\ExplorerPro\UI\MainWindow\MainWindow.xaml.cs(6162,45): warning CS8625: Cannot convert null literal to non-nullable reference type. [C:\ExplorerPro\ExplorerPro_on4pkfpc_wpftmp.csproj]
     3>C:\ExplorerPro\UI\MainWindow\MainWindow.xaml.cs(6168,40): warning CS8625: Cannot convert null literal to non-nullable reference type. [C:\ExplorerPro\ExplorerPro_on4pkfpc_wpftmp.csproj]
     3>C:\ExplorerPro\UI\MainWindow\MainWindow.xaml.cs(6174,40): warning CS8625: Cannot convert null literal to non-nullable reference type. [C:\ExplorerPro\ExplorerPro_on4pkfpc_wpftmp.csproj]
     3>C:\ExplorerPro\UI\MainWindow\MainWindow.xaml.cs(6181,34): warning CS8625: Cannot convert null literal to non-nullable reference type. [C:\ExplorerPro\ExplorerPro_on4pkfpc_wpftmp.csproj]
     3>C:\ExplorerPro\UI\MainWindow\MainWindow.xaml.cs(6212,30): warning CS8601: Possible null reference assignment. [C:\ExplorerPro\ExplorerPro_on4pkfpc_wpftmp.csproj]
     3>C:\ExplorerPro\UI\MainWindow\MainWindow.xaml.cs(6288,41): warning CS8603: Possible null reference return. [C:\ExplorerPro\ExplorerPro_on4pkfpc_wpftmp.csproj]
     3>C:\ExplorerPro\UI\MainWindow\MainWindow.xaml.cs(6329,24): warning CS8603: Possible null reference return. [C:\ExplorerPro\ExplorerPro_on4pkfpc_wpftmp.csproj]
     3>C:\ExplorerPro\UI\MainWindow\MainWindow.xaml.cs(6654,20): warning CS8603: Possible null reference return. [C:\ExplorerPro\ExplorerPro_on4pkfpc_wpftmp.csproj]
     3>C:\ExplorerPro\UI\MainWindow\MainWindow.xaml.cs(6665,24): warning CS8603: Possible null reference return. [C:\ExplorerPro\ExplorerPro_on4pkfpc_wpftmp.csproj]
     3>C:\ExplorerPro\UI\MainWindow\MainWindow.xaml.cs(6670,24): warning CS8603: Possible null reference return. [C:\ExplorerPro\ExplorerPro_on4pkfpc_wpftmp.csproj]
     3>C:\ExplorerPro\UI\MainWindow\MainWindow.xaml.cs(6692,28): warning CS8603: Possible null reference return. [C:\ExplorerPro\ExplorerPro_on4pkfpc_wpftmp.csproj]
     3>C:\ExplorerPro\UI\MainWindow\MainWindow.xaml.cs(6700,20): warning CS8603: Possible null reference return. [C:\ExplorerPro\ExplorerPro_on4pkfpc_wpftmp.csproj]
     3>C:\ExplorerPro\UI\MainWindow\MainWindow.xaml.cs(6893,34): warning CS8601: Possible null reference assignment. [C:\ExplorerPro\ExplorerPro_on4pkfpc_wpftmp.csproj]
     3>C:\ExplorerPro\UI\MainWindow\MainWindow.xaml.cs(6894,41): warning CS8601: Possible null reference assignment. [C:\ExplorerPro\ExplorerPro_on4pkfpc_wpftmp.csproj]
     3>C:\ExplorerPro\UI\MainWindow\MainWindow.xaml.cs(6895,36): warning CS8601: Possible null reference assignment. [C:\ExplorerPro\ExplorerPro_on4pkfpc_wpftmp.csproj]
     3>C:\ExplorerPro\UI\MainWindow\MainWindow.xaml.cs(6903,61): warning CS8601: Possible null reference assignment. [C:\ExplorerPro\ExplorerPro_on4pkfpc_wpftmp.csproj]
     3>C:\ExplorerPro\UI\MainWindow\MainWindow.xaml.cs(6904,56): warning CS8601: Possible null reference assignment. [C:\ExplorerPro\ExplorerPro_on4pkfpc_wpftmp.csproj]
     3>C:\ExplorerPro\UI\MainWindow\MainWindow.xaml.cs(6907,124): warning CS8622: Nullability of reference types in type of parameter 'sender' of 'void MainWindow.OnTabDragStarted(object sender, TabDragEventArgs e)' doesn't match the target delegate 'EventHandler<TabDragEventArgs>' (possibly because of nullability attributes). [C:\ExplorerPro\ExplorerPro_on4pkfpc_wpftmp.csproj]
     3>C:\ExplorerPro\UI\MainWindow\MainWindow.xaml.cs(6908,121): warning CS8622: Nullability of reference types in type of parameter 'sender' of 'void MainWindow.OnTabDragging(object sender, TabDragEventArgs e)' doesn't match the target delegate 'EventHandler<TabDragEventArgs>' (possibly because of nullability attributes). [C:\ExplorerPro\ExplorerPro_on4pkfpc_wpftmp.csproj]
     3>C:\ExplorerPro\UI\MainWindow\MainWindow.xaml.cs(6909,126): warning CS8622: Nullability of reference types in type of parameter 'sender' of 'void MainWindow.OnTabDragCompleted(object sender, TabDragEventArgs e)' doesn't match the target delegate 'EventHandler<TabDragEventArgs>' (possibly because of nullability attributes). [C:\ExplorerPro\ExplorerPro_on4pkfpc_wpftmp.csproj]
     3>C:\ExplorerPro\UI\MainWindow\MainWindow.xaml.cs(6966,29): warning CS8604: Possible null reference argument for parameter 'logger' in 'TabIntegrationBridge.TabIntegrationBridge(MainWindow mainWindow, ITabManagerService tabManagerService = null, MainWindowTabsViewModel tabsViewModel = null, ILogger<TabIntegrationBridge> logger = null)'. [C:\ExplorerPro\ExplorerPro_on4pkfpc_wpftmp.csproj]
     3>C:\ExplorerPro\UI\PaneManagement\PaneManager.xaml.cs(60,22): warning CS0169: The field 'PaneManager._isDragging' is never used [C:\ExplorerPro\ExplorerPro_on4pkfpc_wpftmp.csproj]
     3>C:\ExplorerPro\UI\PaneManagement\PaneManager.xaml.cs(59,23): warning CS0169: The field 'PaneManager._dragStartPoint' is never used [C:\ExplorerPro\ExplorerPro_on4pkfpc_wpftmp.csproj]
     3>C:\ExplorerPro\UI\Controls\TabVisualManager.cs(57,61): warning CS0067: The event 'TabVisualManager.ThemeChanged' is never used [C:\ExplorerPro\ExplorerPro_on4pkfpc_wpftmp.csproj]
     3>C:\ExplorerPro\UI\FileTree\Services\FileTreeDragDropService.cs(99,36): warning CS0067: The event 'FileTreeDragDropService.HideDropIndicator' is never used [C:\ExplorerPro\ExplorerPro_on4pkfpc_wpftmp.csproj]
     3>C:\ExplorerPro\UI\FileTree\Services\FileTreeDragDropService.cs(98,66): warning CS0067: The event 'FileTreeDragDropService.ShowDropIndicator' is never used [C:\ExplorerPro\ExplorerPro_on4pkfpc_wpftmp.csproj]
     3>C:\ExplorerPro\UI\Controls\TabVirtualizationManager.cs(47,21): warning CS0169: The field 'TabVirtualizationManager._totalReactivated' is never used [C:\ExplorerPro\ExplorerPro_on4pkfpc_wpftmp.csproj]
     3>C:\ExplorerPro\Core\TabManagement\TabPerformanceIntegration.cs(52,69): warning CS0067: The event 'TabPerformanceIntegration.OptimizationCompleted' is never used [C:\ExplorerPro\ExplorerPro_on4pkfpc_wpftmp.csproj]
     3>C:\ExplorerPro\UI\PaneManagement\PaneManager.xaml.cs(58,26): warning CS0169: The field 'PaneManager._draggedItem' is never used [C:\ExplorerPro\ExplorerPro_on4pkfpc_wpftmp.csproj]
     3>C:\ExplorerPro\ViewModels\MainWindowViewModel.cs(25,67): warning CS0649: Field 'MainWindowViewModel._tabManager' is never assigned to, and will always have its default value null [C:\ExplorerPro\ExplorerPro_on4pkfpc_wpftmp.csproj]
     3>C:\ExplorerPro\UI\PaneManagement\PaneManager.xaml.cs(40,44): warning CS0067: The event 'PaneManager.ActiveManagerChanged' is never used [C:\ExplorerPro\ExplorerPro_on4pkfpc_wpftmp.csproj]
     3>C:\ExplorerPro\UI\FileTree\Services\FileTreeDragDropService.cs(97,62): warning CS0067: The event 'FileTreeDragDropService.DragBetweenTabs' is never used [C:\ExplorerPro\ExplorerPro_on4pkfpc_wpftmp.csproj]
     3>C:\ExplorerPro\Core\TabManagement\TabDragDropService.cs(26,24): warning CS0169: The field 'TabDragDropService._dropIndicatorCanvas' is never used [C:\ExplorerPro\ExplorerPro_on4pkfpc_wpftmp.csproj]
     3>C:\ExplorerPro\UI\MainWindow\TabIntegrationBridge.cs(29,34): warning CS0649: Field 'TabIntegrationBridge._modernTabControl' is never assigned to, and will always have its default value null [C:\ExplorerPro\ExplorerPro_on4pkfpc_wpftmp.csproj]
     3>C:\ExplorerPro\UI\FileTree\FileTreeItem.cs(43,30): warning CS0414: The field 'FileTreeItem._loadChildrenHandler' is assigned but its value is never used [C:\ExplorerPro\ExplorerPro_on4pkfpc_wpftmp.csproj]
     3>C:\ExplorerPro\UI\FileTree\Managers\FileTreeUIEventManager.cs(36,22): warning CS0414: The field 'FileTreeUIEventManager._isHandlingDoubleClick' is assigned but its value is never used [C:\ExplorerPro\ExplorerPro_on4pkfpc_wpftmp.csproj]
     3>C:\ExplorerPro\UI\PaneManagement\PaneManager.xaml.cs(55,22): warning CS0414: The field 'PaneManager._splitViewActive' is assigned but its value is never used [C:\ExplorerPro\ExplorerPro_on4pkfpc_wpftmp.csproj]
     3>C:\ExplorerPro\UI\FileTree\Services\FileTreeDragDropService.cs(48,22): warning CS0414: The field 'FileTreeDragDropService._isMouseDown' is assigned but its value is never used [C:\ExplorerPro\ExplorerPro_on4pkfpc_wpftmp.csproj]
     3>C:\ExplorerPro\Themes\ThemeManager.cs(88,22): warning CS0414: The field 'ThemeManager._resourcesCached' is assigned but its value is never used [C:\ExplorerPro\ExplorerPro_on4pkfpc_wpftmp.csproj]
     3>C:\ExplorerPro\UI\FileTree\Services\OutlookDataExtractor.cs(581,25): warning CA2022: Avoid inexact read with 'System.IO.Stream.Read(byte[], int, int)' (https://learn.microsoft.com/dotnet/fundamentals/code-analysis/quality-rules/ca2022) [C:\ExplorerPro\ExplorerPro_on4pkfpc_wpftmp.csproj]
         CompilerServer: server - server processed compilation - ExplorerPro_on4pkfpc_wpftmp (net9.0-windows)
     3>Done Building Project "C:\ExplorerPro\ExplorerPro_on4pkfpc_wpftmp.csproj" (_CompileTemporaryAssembly target(s)) -- FAILED.
     2>Done Building Project "C:\ExplorerPro\ExplorerPro.csproj" (default targets) -- FAILED.
     1>Done Building Project "C:\ExplorerPro\ExplorerPro.sln" (default targets) -- FAILED.

Build FAILED.

       "C:\ExplorerPro\ExplorerPro.sln" (default target) (1:2) ->
       "C:\ExplorerPro\ExplorerPro.csproj" (default target) (2:6) ->
       "C:\ExplorerPro\ExplorerPro_on4pkfpc_wpftmp.csproj" (_CompileTemporaryAssembly target) (3) ->
       (CoreCompile target) -> 
         C:\ExplorerPro\Core\TabManagement\ModernTabManagerService.cs(14,7): warning CS0105: The using directive for 'System.ComponentModel.DataAnnotations' appeared previously in this namespace [C:\ExplorerPro\ExplorerPro_on4pkfpc_wpftmp.csproj]
         C:\ExplorerPro\Examples\Phase2_2_FullMVVMDemo.cs(29,55): warning CS8625: Cannot convert null literal to non-nullable reference type. [C:\ExplorerPro\ExplorerPro_on4pkfpc_wpftmp.csproj]
         C:\ExplorerPro\Core\TabManagement\ServiceIntegrationManager.cs(472,21): warning CS8767: Nullability of reference types in type of parameter 'exception' of 'void ChildLogger<T>.Log<TState>(LogLevel logLevel, EventId eventId, TState state, Exception exception, Func<TState, Exception, string> formatter)' doesn't match implicitly implemented member 'void ILogger.Log<TState>(LogLevel logLevel, EventId eventId, TState state, Exception? exception, Func<TState, Exception?, string> formatter)' (possibly because of nullability attributes). [C:\ExplorerPro\ExplorerPro_on4pkfpc_wpftmp.csproj]
         C:\ExplorerPro\Core\TabManagement\ServiceIntegrationManager.cs(470,28): warning CS8633: Nullability in constraints for type parameter 'TState' of method 'ChildLogger<T>.BeginScope<TState>(TState)' doesn't match the constraints for type parameter 'TState' of interface method 'ILogger.BeginScope<TState>(TState)'. Consider using an explicit interface implementation instead. [C:\ExplorerPro\ExplorerPro_on4pkfpc_wpftmp.csproj]
         C:\ExplorerPro\Commands\CommandPool.cs(71,131): warning CS8625: Cannot convert null literal to non-nullable reference type. [C:\ExplorerPro\ExplorerPro_on4pkfpc_wpftmp.csproj]
         C:\ExplorerPro\Commands\CommandPool.cs(181,127): warning CS8625: Cannot convert null literal to non-nullable reference type. [C:\ExplorerPro\ExplorerPro_on4pkfpc_wpftmp.csproj]
         C:\ExplorerPro\Commands\KeyboardShortcuts.cs(153,34): warning CS8765: Nullability of type of parameter 'obj' doesn't match overridden member (possibly because of nullability attributes). [C:\ExplorerPro\ExplorerPro_on4pkfpc_wpftmp.csproj]
         C:\ExplorerPro\Core\AsyncHelper.cs(43,45): warning CS8625: Cannot convert null literal to non-nullable reference type. [C:\ExplorerPro\ExplorerPro_on4pkfpc_wpftmp.csproj]
         C:\ExplorerPro\Models\BatchFileOperation.cs(30,58): warning CS8625: Cannot convert null literal to non-nullable reference type. [C:\ExplorerPro\ExplorerPro_on4pkfpc_wpftmp.csproj]
         C:\ExplorerPro\Commands\TabEventManager.cs(30,66): warning CS8625: Cannot convert null literal to non-nullable reference type. [C:\ExplorerPro\ExplorerPro_on4pkfpc_wpftmp.csproj]
         C:\ExplorerPro\Core\AsyncHelper.cs(72,45): warning CS8625: Cannot convert null literal to non-nullable reference type. [C:\ExplorerPro\ExplorerPro_on4pkfpc_wpftmp.csproj]
         C:\ExplorerPro\Core\AsyncHelper.cs(293,45): warning CS8625: Cannot convert null literal to non-nullable reference type. [C:\ExplorerPro\ExplorerPro_on4pkfpc_wpftmp.csproj]
         C:\ExplorerPro\Core\AsyncHelper.cs(324,45): warning CS8625: Cannot convert null literal to non-nullable reference type. [C:\ExplorerPro\ExplorerPro_on4pkfpc_wpftmp.csproj]
         C:\ExplorerPro\Commands\ModernTabCommandSystem.cs(25,30): warning CS8625: Cannot convert null literal to non-nullable reference type. [C:\ExplorerPro\ExplorerPro_on4pkfpc_wpftmp.csproj]
         C:\ExplorerPro\Commands\ModernTabCommandSystem.cs(38,30): warning CS8625: Cannot convert null literal to non-nullable reference type. [C:\ExplorerPro\ExplorerPro_on4pkfpc_wpftmp.csproj]
         C:\ExplorerPro\Core\Events\WeakEventManager.cs(19,68): warning CS8625: Cannot convert null literal to non-nullable reference type. [C:\ExplorerPro\ExplorerPro_on4pkfpc_wpftmp.csproj]
         C:\ExplorerPro\Commands\ModernTabCommandSystem.cs(51,30): warning CS8625: Cannot convert null literal to non-nullable reference type. [C:\ExplorerPro\ExplorerPro_on4pkfpc_wpftmp.csproj]
         C:\ExplorerPro\Commands\ModernTabCommandSystem.cs(64,30): warning CS8625: Cannot convert null literal to non-nullable reference type. [C:\ExplorerPro\ExplorerPro_on4pkfpc_wpftmp.csproj]
         C:\ExplorerPro\Commands\ModernTabCommandSystem.cs(77,30): warning CS8625: Cannot convert null literal to non-nullable reference type. [C:\ExplorerPro\ExplorerPro_on4pkfpc_wpftmp.csproj]
         C:\ExplorerPro\Commands\ModernTabCommandSystem.cs(90,30): warning CS8625: Cannot convert null literal to non-nullable reference type. [C:\ExplorerPro\ExplorerPro_on4pkfpc_wpftmp.csproj]
         C:\ExplorerPro\Commands\ModernTabCommandSystem.cs(103,30): warning CS8625: Cannot convert null literal to non-nullable reference type. [C:\ExplorerPro\ExplorerPro_on4pkfpc_wpftmp.csproj]
         C:\ExplorerPro\Commands\ModernTabCommandSystem.cs(116,30): warning CS8625: Cannot convert null literal to non-nullable reference type. [C:\ExplorerPro\ExplorerPro_on4pkfpc_wpftmp.csproj]
         C:\ExplorerPro\Commands\ModernTabCommandSystem.cs(129,30): warning CS8625: Cannot convert null literal to non-nullable reference type. [C:\ExplorerPro\ExplorerPro_on4pkfpc_wpftmp.csproj]
         C:\ExplorerPro\Commands\ModernTabCommandSystem.cs(142,30): warning CS8625: Cannot convert null literal to non-nullable reference type. [C:\ExplorerPro\ExplorerPro_on4pkfpc_wpftmp.csproj]
         C:\ExplorerPro\Commands\ModernTabCommandSystem.cs(359,30): warning CS8625: Cannot convert null literal to non-nullable reference type. [C:\ExplorerPro\ExplorerPro_on4pkfpc_wpftmp.csproj]
         C:\ExplorerPro\Services\NavigationService.cs(20,50): warning CS8612: Nullability of reference types in type of 'event PropertyChangedEventHandler NavigationService.PropertyChanged' doesn't match implicitly implemented member 'event PropertyChangedEventHandler? INotifyPropertyChanged.PropertyChanged'. [C:\ExplorerPro\ExplorerPro_on4pkfpc_wpftmp.csproj]
         C:\ExplorerPro\Services\NavigationService.cs(114,74): warning CS8625: Cannot convert null literal to non-nullable reference type. [C:\ExplorerPro\ExplorerPro_on4pkfpc_wpftmp.csproj]
         C:\ExplorerPro\Services\NavigationService.cs(247,91): warning CS8625: Cannot convert null literal to non-nullable reference type. [C:\ExplorerPro\ExplorerPro_on4pkfpc_wpftmp.csproj]
         C:\ExplorerPro\Commands\UnifiedTabCommands.cs(89,99): warning CS8625: Cannot convert null literal to non-nullable reference type. [C:\ExplorerPro\ExplorerPro_on4pkfpc_wpftmp.csproj]
         C:\ExplorerPro\Core\Collections\BoundedCollection.cs(336,58): warning CS8612: Nullability of reference types in type of 'event NotifyCollectionChangedEventHandler BoundedCollection<T>.CollectionChanged' doesn't match implicitly implemented member 'event NotifyCollectionChangedEventHandler? INotifyCollectionChanged.CollectionChanged'. [C:\ExplorerPro\ExplorerPro_on4pkfpc_wpftmp.csproj]
         C:\ExplorerPro\Core\Collections\BoundedCollection.cs(337,50): warning CS8612: Nullability of reference types in type of 'event PropertyChangedEventHandler BoundedCollection<T>.PropertyChanged' doesn't match implicitly implemented member 'event PropertyChangedEventHandler? INotifyPropertyChanged.PropertyChanged'. [C:\ExplorerPro\ExplorerPro_on4pkfpc_wpftmp.csproj]
         C:\ExplorerPro\Commands\UnifiedTabCommands.cs(395,111): warning CS8625: Cannot convert null literal to non-nullable reference type. [C:\ExplorerPro\ExplorerPro_on4pkfpc_wpftmp.csproj]
         C:\ExplorerPro\Core\ExceptionHandler.cs(156,48): warning CS8625: Cannot convert null literal to non-nullable reference type. [C:\ExplorerPro\ExplorerPro_on4pkfpc_wpftmp.csproj]
         C:\ExplorerPro\Core\ExceptionHandler.cs(184,48): warning CS8625: Cannot convert null literal to non-nullable reference type. [C:\ExplorerPro\ExplorerPro_on4pkfpc_wpftmp.csproj]
         C:\ExplorerPro\Core\Collections\BoundedCollection.cs(259,59): warning CS8625: Cannot convert null literal to non-nullable reference type. [C:\ExplorerPro\ExplorerPro_on4pkfpc_wpftmp.csproj]
         C:\ExplorerPro\Commands\UnifiedTabCommands.cs(143,51): warning CS8625: Cannot convert null literal to non-nullable reference type. [C:\ExplorerPro\ExplorerPro_on4pkfpc_wpftmp.csproj]
         C:\ExplorerPro\FileOperations\FileOperations.cs(112,24): warning CS8766: Nullability of reference types in return type of 'string? FileOperations.RenameItem(string itemPath, string newName)' doesn't match implicitly implemented member 'string IFileOperations.RenameItem(string path, string newName)' (possibly because of nullability attributes). [C:\ExplorerPro\ExplorerPro_on4pkfpc_wpftmp.csproj]
         C:\ExplorerPro\FileOperations\FileOperations.cs(29,24): warning CS8766: Nullability of reference types in return type of 'string? FileOperations.CreateNewFile(string parentDirectory, string fileName = "New File.txt")' doesn't match implicitly implemented member 'string IFileOperations.CreateNewFile(string parentDir, string fileName)' (possibly because of nullability attributes). [C:\ExplorerPro\ExplorerPro_on4pkfpc_wpftmp.csproj]
         C:\ExplorerPro\FileOperations\FileOperations.cs(74,24): warning CS8766: Nullability of reference types in return type of 'string? FileOperations.CreateNewFolder(string parentDirectory, string folderName = "New Folder")' doesn't match implicitly implemented member 'string IFileOperations.CreateNewFolder(string parentDir, string folderName)' (possibly because of nullability attributes). [C:\ExplorerPro\ExplorerPro_on4pkfpc_wpftmp.csproj]
         C:\ExplorerPro\FileOperations\FileOperations.cs(207,24): warning CS8766: Nullability of reference types in return type of 'string? FileOperations.CopyItem(string sourcePath, string destinationPath)' doesn't match implicitly implemented member 'string IFileOperations.CopyItem(string sourcePath, string destinationDir)' (possibly because of nullability attributes). [C:\ExplorerPro\ExplorerPro_on4pkfpc_wpftmp.csproj]
         C:\ExplorerPro\Core\Commands\AsyncRelayCommand.cs(63,21): warning CS8767: Nullability of reference types in type of parameter 'parameter' of 'bool AsyncRelayCommand.CanExecute(object parameter)' doesn't match implicitly implemented member 'bool ICommand.CanExecute(object? parameter)' (possibly because of nullability attributes). [C:\ExplorerPro\ExplorerPro_on4pkfpc_wpftmp.csproj]
         C:\ExplorerPro\Core\Commands\AsyncRelayCommand.cs(68,27): warning CS8767: Nullability of reference types in type of parameter 'parameter' of 'void AsyncRelayCommand.Execute(object parameter)' doesn't match implicitly implemented member 'void ICommand.Execute(object? parameter)' (possibly because of nullability attributes). [C:\ExplorerPro\ExplorerPro_on4pkfpc_wpftmp.csproj]
         C:\ExplorerPro\Core\Commands\AsyncRelayCommand.cs(57,35): warning CS8612: Nullability of reference types in type of 'event EventHandler AsyncRelayCommand.CanExecuteChanged' doesn't match implicitly implemented member 'event EventHandler? ICommand.CanExecuteChanged'. [C:\ExplorerPro\ExplorerPro_on4pkfpc_wpftmp.csproj]
         C:\ExplorerPro\Core\Commands\AsyncRelayCommand.cs(22,37): warning CS8625: Cannot convert null literal to non-nullable reference type. [C:\ExplorerPro\ExplorerPro_on4pkfpc_wpftmp.csproj]
         C:\ExplorerPro\Core\Commands\AsyncRelayCommand.cs(23,30): warning CS8625: Cannot convert null literal to non-nullable reference type. [C:\ExplorerPro\ExplorerPro_on4pkfpc_wpftmp.csproj]
         C:\ExplorerPro\FileOperations\FileIconProvider.cs(33,90): warning CS8625: Cannot convert null literal to non-nullable reference type. [C:\ExplorerPro\ExplorerPro_on4pkfpc_wpftmp.csproj]
         C:\ExplorerPro\Core\InitializationState.cs(54,114): warning CS8625: Cannot convert null literal to non-nullable reference type. [C:\ExplorerPro\ExplorerPro_on4pkfpc_wpftmp.csproj]
         C:\ExplorerPro\Core\ISettingsService.cs(21,54): warning CS8601: Possible null reference assignment. [C:\ExplorerPro\ExplorerPro_on4pkfpc_wpftmp.csproj]
         C:\ExplorerPro\Core\Commands\AsyncRelayCommand.cs(154,21): warning CS8767: Nullability of reference types in type of parameter 'parameter' of 'bool AsyncRelayCommand<T>.CanExecute(object parameter)' doesn't match implicitly implemented member 'bool ICommand.CanExecute(object? parameter)' (possibly because of nullability attributes). [C:\ExplorerPro\ExplorerPro_on4pkfpc_wpftmp.csproj]
         C:\ExplorerPro\Core\Commands\AsyncRelayCommand.cs(164,27): warning CS8767: Nullability of reference types in type of parameter 'parameter' of 'void AsyncRelayCommand<T>.Execute(object parameter)' doesn't match implicitly implemented member 'void ICommand.Execute(object? parameter)' (possibly because of nullability attributes). [C:\ExplorerPro\ExplorerPro_on4pkfpc_wpftmp.csproj]
         C:\ExplorerPro\Core\Commands\AsyncRelayCommand.cs(148,35): warning CS8612: Nullability of reference types in type of 'event EventHandler AsyncRelayCommand<T>.CanExecuteChanged' doesn't match implicitly implemented member 'event EventHandler? ICommand.CanExecuteChanged'. [C:\ExplorerPro\ExplorerPro_on4pkfpc_wpftmp.csproj]
         C:\ExplorerPro\Core\ISettingsService.cs(129,89): warning CS8625: Cannot convert null literal to non-nullable reference type. [C:\ExplorerPro\ExplorerPro_on4pkfpc_wpftmp.csproj]
         C:\ExplorerPro\Core\ISettingsService.cs(146,87): warning CS8625: Cannot convert null literal to non-nullable reference type. [C:\ExplorerPro\ExplorerPro_on4pkfpc_wpftmp.csproj]
         C:\ExplorerPro\Core\Commands\AsyncRelayCommand.cs(113,40): warning CS8625: Cannot convert null literal to non-nullable reference type. [C:\ExplorerPro\ExplorerPro_on4pkfpc_wpftmp.csproj]
         C:\ExplorerPro\Core\Commands\AsyncRelayCommand.cs(114,30): warning CS8625: Cannot convert null literal to non-nullable reference type. [C:\ExplorerPro\ExplorerPro_on4pkfpc_wpftmp.csproj]
         C:\ExplorerPro\FileOperations\FileSystemWatcher.cs(62,84): warning CS8625: Cannot convert null literal to non-nullable reference type. [C:\ExplorerPro\ExplorerPro_on4pkfpc_wpftmp.csproj]
         C:\ExplorerPro\Core\MainWindowInitializer.cs(292,105): warning CS8625: Cannot convert null literal to non-nullable reference type. [C:\ExplorerPro\ExplorerPro_on4pkfpc_wpftmp.csproj]
         C:\ExplorerPro\Commands\TabCommands.cs(57,72): warning CS8625: Cannot convert null literal to non-nullable reference type. [C:\ExplorerPro\ExplorerPro_on4pkfpc_wpftmp.csproj]
         C:\ExplorerPro\Commands\TabCommands.cs(70,74): warning CS8625: Cannot convert null literal to non-nullable reference type. [C:\ExplorerPro\ExplorerPro_on4pkfpc_wpftmp.csproj]
         C:\ExplorerPro\Commands\TabCommands.cs(83,72): warning CS8625: Cannot convert null literal to non-nullable reference type. [C:\ExplorerPro\ExplorerPro_on4pkfpc_wpftmp.csproj]
         C:\ExplorerPro\Commands\TabCommands.cs(96,71): warning CS8625: Cannot convert null literal to non-nullable reference type. [C:\ExplorerPro\ExplorerPro_on4pkfpc_wpftmp.csproj]
         C:\ExplorerPro\Commands\TabCommands.cs(37,25): warning CS8767: Nullability of reference types in type of parameter 'parameter' of 'bool RelayCommand.CanExecute(object parameter)' doesn't match implicitly implemented member 'bool ICommand.CanExecute(object? parameter)' (possibly because of nullability attributes). [C:\ExplorerPro\ExplorerPro_on4pkfpc_wpftmp.csproj]
         C:\ExplorerPro\Commands\TabCommands.cs(42,25): warning CS8767: Nullability of reference types in type of parameter 'parameter' of 'void RelayCommand.Execute(object parameter)' doesn't match implicitly implemented member 'void ICommand.Execute(object? parameter)' (possibly because of nullability attributes). [C:\ExplorerPro\ExplorerPro_on4pkfpc_wpftmp.csproj]
         C:\ExplorerPro\Commands\TabCommands.cs(31,39): warning CS8612: Nullability of reference types in type of 'event EventHandler RelayCommand.CanExecuteChanged' doesn't match implicitly implemented member 'event EventHandler? ICommand.CanExecuteChanged'. [C:\ExplorerPro\ExplorerPro_on4pkfpc_wpftmp.csproj]
         C:\ExplorerPro\Commands\TabCommands.cs(25,89): warning CS8625: Cannot convert null literal to non-nullable reference type. [C:\ExplorerPro\ExplorerPro_on4pkfpc_wpftmp.csproj]
         C:\ExplorerPro\Models\NavigationHistoryItem.cs(46,30): warning CS8765: Nullability of type of parameter 'obj' doesn't match overridden member (possibly because of nullability attributes). [C:\ExplorerPro\ExplorerPro_on4pkfpc_wpftmp.csproj]
         C:\ExplorerPro\Models\NavigationHistoryItem.cs(24,66): warning CS8625: Cannot convert null literal to non-nullable reference type. [C:\ExplorerPro\ExplorerPro_on4pkfpc_wpftmp.csproj]
         C:\ExplorerPro\Utilities\Extensions.cs(123,87): warning CS8625: Cannot convert null literal to non-nullable reference type. [C:\ExplorerPro\ExplorerPro_on4pkfpc_wpftmp.csproj]
         C:\ExplorerPro\Core\Services\DragDropService.cs(49,98): warning CS8625: Cannot convert null literal to non-nullable reference type. [C:\ExplorerPro\ExplorerPro_on4pkfpc_wpftmp.csproj]
         C:\ExplorerPro\ViewModels\MainWindowTabsViewModel.cs(34,113): warning CS8625: Cannot convert null literal to non-nullable reference type. [C:\ExplorerPro\ExplorerPro_on4pkfpc_wpftmp.csproj]
         C:\ExplorerPro\ViewModels\MainWindowTabsViewModel.cs(180,80): warning CS8625: Cannot convert null literal to non-nullable reference type. [C:\ExplorerPro\ExplorerPro_on4pkfpc_wpftmp.csproj]
         C:\ExplorerPro\ViewModels\MainWindowTabsViewModel.cs(180,115): warning CS8625: Cannot convert null literal to non-nullable reference type. [C:\ExplorerPro\ExplorerPro_on4pkfpc_wpftmp.csproj]
         C:\ExplorerPro\Core\Services\ServiceHealthMonitor.cs(29,76): warning CS8625: Cannot convert null literal to non-nullable reference type. [C:\ExplorerPro\ExplorerPro_on4pkfpc_wpftmp.csproj]
         C:\ExplorerPro\ViewModels\MainWindowViewModel.cs(439,50): warning CS8612: Nullability of reference types in type of 'event PropertyChangedEventHandler MainWindowViewModel.PropertyChanged' doesn't match implicitly implemented member 'event PropertyChangedEventHandler? INotifyPropertyChanged.PropertyChanged'. [C:\ExplorerPro\ExplorerPro_on4pkfpc_wpftmp.csproj]
         C:\ExplorerPro\ViewModels\MainWindowViewModel.cs(35,74): warning CS8625: Cannot convert null literal to non-nullable reference type. [C:\ExplorerPro\ExplorerPro_on4pkfpc_wpftmp.csproj]
         C:\ExplorerPro\ViewModels\MainWindowViewModel.cs(178,50): warning CS8625: Cannot convert null literal to non-nullable reference type. [C:\ExplorerPro\ExplorerPro_on4pkfpc_wpftmp.csproj]
         C:\ExplorerPro\ViewModels\MainWindowViewModel.cs(178,73): warning CS8625: Cannot convert null literal to non-nullable reference type. [C:\ExplorerPro\ExplorerPro_on4pkfpc_wpftmp.csproj]
         C:\ExplorerPro\ViewModels\MainWindowViewModel.cs(445,91): warning CS8625: Cannot convert null literal to non-nullable reference type. [C:\ExplorerPro\ExplorerPro_on4pkfpc_wpftmp.csproj]
         C:\ExplorerPro\ViewModels\MainWindowViewModel.cs(458,102): warning CS8625: Cannot convert null literal to non-nullable reference type. [C:\ExplorerPro\ExplorerPro_on4pkfpc_wpftmp.csproj]
         C:\ExplorerPro\UI\FileTree\Commands\DragDropCommand.cs(29,174): warning CS8625: Cannot convert null literal to non-nullable reference type. [C:\ExplorerPro\ExplorerPro_on4pkfpc_wpftmp.csproj]
         C:\ExplorerPro\UI\Controls\Interfaces\ITabAnimationManager.cs(50,79): warning CS8625: Cannot convert null literal to non-nullable reference type. [C:\ExplorerPro\ExplorerPro_on4pkfpc_wpftmp.csproj]
         C:\ExplorerPro\Models\SettingsManager.cs(174,61): warning CS8601: Possible null reference assignment. [C:\ExplorerPro\ExplorerPro_on4pkfpc_wpftmp.csproj]
         C:\ExplorerPro\Core\SettingsService.cs(35,82): warning CS8625: Cannot convert null literal to non-nullable reference type. [C:\ExplorerPro\ExplorerPro_on4pkfpc_wpftmp.csproj]
         C:\ExplorerPro\Core\SettingsService.cs(47,61): warning CS8601: Possible null reference assignment. [C:\ExplorerPro\ExplorerPro_on4pkfpc_wpftmp.csproj]
         C:\ExplorerPro\UI\FileTree\Commands\FileOperationHandler.cs(60,52): warning CS8625: Cannot convert null literal to non-nullable reference type. [C:\ExplorerPro\ExplorerPro_on4pkfpc_wpftmp.csproj]
         C:\ExplorerPro\Models\TabModel.cs(449,30): warning CS8765: Nullability of type of parameter 'obj' doesn't match overridden member (possibly because of nullability attributes). [C:\ExplorerPro\ExplorerPro_on4pkfpc_wpftmp.csproj]
         C:\ExplorerPro\Models\TabModel.cs(381,50): warning CS8612: Nullability of reference types in type of 'event PropertyChangedEventHandler TabModel.PropertyChanged' doesn't match implicitly implemented member 'event PropertyChangedEventHandler? INotifyPropertyChanged.PropertyChanged'. [C:\ExplorerPro\ExplorerPro_on4pkfpc_wpftmp.csproj]
         C:\ExplorerPro\Models\TabModel.cs(68,53): warning CS8625: Cannot convert null literal to non-nullable reference type. [C:\ExplorerPro\ExplorerPro_on4pkfpc_wpftmp.csproj]
         C:\ExplorerPro\Models\TabModel.cs(383,91): warning CS8625: Cannot convert null literal to non-nullable reference type. [C:\ExplorerPro\ExplorerPro_on4pkfpc_wpftmp.csproj]
         C:\ExplorerPro\Models\TabModel.cs(388,102): warning CS8625: Cannot convert null literal to non-nullable reference type. [C:\ExplorerPro\ExplorerPro_on4pkfpc_wpftmp.csproj]
         C:\ExplorerPro\Models\TabModelAdapter.cs(208,26): warning CS0109: The member 'TabModelAdapter.TabColor' does not hide an accessible member. The new keyword is not required. [C:\ExplorerPro\ExplorerPro_on4pkfpc_wpftmp.csproj]
         C:\ExplorerPro\Models\TabModelAdapter.cs(260,21): warning CS0108: 'TabModelAdapter.Dispose()' hides inherited member 'TabModel.Dispose()'. Use the new keyword if hiding was intended. [C:\ExplorerPro\ExplorerPro_on4pkfpc_wpftmp.csproj]
         C:\ExplorerPro\Models\TabNavigationHistory.cs(20,50): warning CS8612: Nullability of reference types in type of 'event PropertyChangedEventHandler TabNavigationHistory.PropertyChanged' doesn't match implicitly implemented member 'event PropertyChangedEventHandler? INotifyPropertyChanged.PropertyChanged'. [C:\ExplorerPro\ExplorerPro_on4pkfpc_wpftmp.csproj]
         C:\ExplorerPro\Models\TabNavigationHistory.cs(51,58): warning CS8625: Cannot convert null literal to non-nullable reference type. [C:\ExplorerPro\ExplorerPro_on4pkfpc_wpftmp.csproj]
         C:\ExplorerPro\UI\Controls\ModernTabControl.cs(148,68): warning CS8625: Cannot convert null literal to non-nullable reference type. [C:\ExplorerPro\ExplorerPro_on4pkfpc_wpftmp.csproj]
         C:\ExplorerPro\UI\Controls\ModernTabControl.cs(148,109): warning CS8625: Cannot convert null literal to non-nullable reference type. [C:\ExplorerPro\ExplorerPro_on4pkfpc_wpftmp.csproj]
         C:\ExplorerPro\Models\TabNavigationHistory.cs(196,91): warning CS8625: Cannot convert null literal to non-nullable reference type. [C:\ExplorerPro\ExplorerPro_on4pkfpc_wpftmp.csproj]
         C:\ExplorerPro\Core\TabManagement\ITabManagerService.cs(75,67): warning CS8625: Cannot convert null literal to non-nullable reference type. [C:\ExplorerPro\ExplorerPro_on4pkfpc_wpftmp.csproj]
         C:\ExplorerPro\Core\TabManagement\ITabManagerService.cs(75,102): warning CS8625: Cannot convert null literal to non-nullable reference type. [C:\ExplorerPro\ExplorerPro_on4pkfpc_wpftmp.csproj]
         C:\ExplorerPro\Models\UndoCommands.cs(33,126): warning CS8625: Cannot convert null literal to non-nullable reference type. [C:\ExplorerPro\ExplorerPro_on4pkfpc_wpftmp.csproj]
         C:\ExplorerPro\UI\Controls\ChromeStyleTabControl.cs(2451,77): warning CS8625: Cannot convert null literal to non-nullable reference type. [C:\ExplorerPro\ExplorerPro_on4pkfpc_wpftmp.csproj]
         C:\ExplorerPro\UI\Controls\ChromeStyleTabControl.cs(2902,66): warning CS8625: Cannot convert null literal to non-nullable reference type. [C:\ExplorerPro\ExplorerPro_on4pkfpc_wpftmp.csproj]
         C:\ExplorerPro\UI\Controls\TabAnimationManager.cs(31,74): warning CS8625: Cannot convert null literal to non-nullable reference type. [C:\ExplorerPro\ExplorerPro_on4pkfpc_wpftmp.csproj]
         C:\ExplorerPro\UI\Controls\TabAnimationManager.cs(149,92): warning CS8625: Cannot convert null literal to non-nullable reference type. [C:\ExplorerPro\ExplorerPro_on4pkfpc_wpftmp.csproj]
         C:\ExplorerPro\Models\UndoCommands.cs(88,157): warning CS8625: Cannot convert null literal to non-nullable reference type. [C:\ExplorerPro\ExplorerPro_on4pkfpc_wpftmp.csproj]
         C:\ExplorerPro\Models\UndoCommands.cs(159,163): warning CS8625: Cannot convert null literal to non-nullable reference type. [C:\ExplorerPro\ExplorerPro_on4pkfpc_wpftmp.csproj]
         C:\ExplorerPro\UI\Controls\PreviewHandlers\PdfPreviewControl.xaml.cs(242,34): warning CS8765: Nullability of type of parameter 'obj' doesn't match overridden member (possibly because of nullability attributes). [C:\ExplorerPro\ExplorerPro_on4pkfpc_wpftmp.csproj]
         C:\ExplorerPro\UI\Controls\PreviewHandlers\PdfPreviewControl.xaml.cs(235,25): warning CS8767: Nullability of reference types in type of parameter 'other' of 'bool CacheKey.Equals(CacheKey other)' doesn't match implicitly implemented member 'bool IEquatable<CacheKey>.Equals(CacheKey? other)' (possibly because of nullability attributes). [C:\ExplorerPro\ExplorerPro_on4pkfpc_wpftmp.csproj]
         C:\ExplorerPro\Models\UndoCommands.cs(230,141): warning CS8625: Cannot convert null literal to non-nullable reference type. [C:\ExplorerPro\ExplorerPro_on4pkfpc_wpftmp.csproj]
         C:\ExplorerPro\Models\UndoCommands.cs(296,160): warning CS8625: Cannot convert null literal to non-nullable reference type. [C:\ExplorerPro\ExplorerPro_on4pkfpc_wpftmp.csproj]
         C:\ExplorerPro\UI\Controls\TabDropInsertionIndicator.cs(63,21): warning CS0108: 'TabDropInsertionIndicator.IsVisible' hides inherited member 'UIElement.IsVisible'. Use the new keyword if hiding was intended. [C:\ExplorerPro\ExplorerPro_on4pkfpc_wpftmp.csproj]
         C:\ExplorerPro\Models\UndoCommands.cs(368,160): warning CS8625: Cannot convert null literal to non-nullable reference type. [C:\ExplorerPro\ExplorerPro_on4pkfpc_wpftmp.csproj]
         C:\ExplorerPro\Core\TabManagement\ModernTabManagerService.cs(47,55): warning CS8625: Cannot convert null literal to non-nullable reference type. [C:\ExplorerPro\ExplorerPro_on4pkfpc_wpftmp.csproj]
         C:\ExplorerPro\Core\TabManagement\ModernTabManagerService.cs(48,39): warning CS8625: Cannot convert null literal to non-nullable reference type. [C:\ExplorerPro\ExplorerPro_on4pkfpc_wpftmp.csproj]
         C:\ExplorerPro\Core\TabManagement\ModernTabManagerService.cs(49,51): warning CS8625: Cannot convert null literal to non-nullable reference type. [C:\ExplorerPro\ExplorerPro_on4pkfpc_wpftmp.csproj]
         C:\ExplorerPro\Core\TabManagement\ModernTabManagerService.cs(123,80): warning CS8625: Cannot convert null literal to non-nullable reference type. [C:\ExplorerPro\ExplorerPro_on4pkfpc_wpftmp.csproj]
         C:\ExplorerPro\Core\TabManagement\ModernTabManagerService.cs(123,115): warning CS8625: Cannot convert null literal to non-nullable reference type. [C:\ExplorerPro\ExplorerPro_on4pkfpc_wpftmp.csproj]
         C:\ExplorerPro\UI\Controls\TabSizingManager.cs(27,68): warning CS8625: Cannot convert null literal to non-nullable reference type. [C:\ExplorerPro\ExplorerPro_on4pkfpc_wpftmp.csproj]
         C:\ExplorerPro\Models\WindowSettings.cs(108,61): warning CS8625: Cannot convert null literal to non-nullable reference type. [C:\ExplorerPro\ExplorerPro_on4pkfpc_wpftmp.csproj]
         C:\ExplorerPro\Models\WindowSettings.cs(170,81): warning CS8625: Cannot convert null literal to non-nullable reference type. [C:\ExplorerPro\ExplorerPro_on4pkfpc_wpftmp.csproj]
         C:\ExplorerPro\Models\WindowSettings.cs(222,57): warning CS8625: Cannot convert null literal to non-nullable reference type. [C:\ExplorerPro\ExplorerPro_on4pkfpc_wpftmp.csproj]
         C:\ExplorerPro\UI\Controls\TabVirtualizationManager.cs(57,56): warning CS8625: Cannot convert null literal to non-nullable reference type. [C:\ExplorerPro\ExplorerPro_on4pkfpc_wpftmp.csproj]
         C:\ExplorerPro\UI\Controls\TabVirtualizationManager.cs(58,47): warning CS8625: Cannot convert null literal to non-nullable reference type. [C:\ExplorerPro\ExplorerPro_on4pkfpc_wpftmp.csproj]
         C:\ExplorerPro\UI\Controls\TabVirtualizationManager.cs(59,47): warning CS8625: Cannot convert null literal to non-nullable reference type. [C:\ExplorerPro\ExplorerPro_on4pkfpc_wpftmp.csproj]
         C:\ExplorerPro\Core\TabManagement\PerformanceOptimizer.cs(40,48): warning CS8625: Cannot convert null literal to non-nullable reference type. [C:\ExplorerPro\ExplorerPro_on4pkfpc_wpftmp.csproj]
         C:\ExplorerPro\Core\TabManagement\PerformanceOptimizer.cs(41,43): warning CS8625: Cannot convert null literal to non-nullable reference type. [C:\ExplorerPro\ExplorerPro_on4pkfpc_wpftmp.csproj]
         C:\ExplorerPro\Core\TabManagement\PerformanceOptimizer.cs(42,70): warning CS8625: Cannot convert null literal to non-nullable reference type. [C:\ExplorerPro\ExplorerPro_on4pkfpc_wpftmp.csproj]
         C:\ExplorerPro\Core\TabManagement\PerformanceOptimizer.cs(43,52): warning CS8625: Cannot convert null literal to non-nullable reference type. [C:\ExplorerPro\ExplorerPro_on4pkfpc_wpftmp.csproj]
         C:\ExplorerPro\Core\TabManagement\PerformanceOptimizer.cs(44,40): warning CS8625: Cannot convert null literal to non-nullable reference type. [C:\ExplorerPro\ExplorerPro_on4pkfpc_wpftmp.csproj]
         C:\ExplorerPro\Core\TabManagement\PerformanceOptimizer.cs(90,91): warning CS8625: Cannot convert null literal to non-nullable reference type. [C:\ExplorerPro\ExplorerPro_on4pkfpc_wpftmp.csproj]
         C:\ExplorerPro\UI\Controls\TabDragDropManager.cs(37,72): warning CS8625: Cannot convert null literal to non-nullable reference type. [C:\ExplorerPro\ExplorerPro_on4pkfpc_wpftmp.csproj]
         C:\ExplorerPro\Core\Threading\ThreadSafeTabOperations.cs(42,55): warning CS8625: Cannot convert null literal to non-nullable reference type. [C:\ExplorerPro\ExplorerPro_on4pkfpc_wpftmp.csproj]
         C:\ExplorerPro\Core\Threading\ThreadSafeTabOperations.cs(43,37): warning CS8625: Cannot convert null literal to non-nullable reference type. [C:\ExplorerPro\ExplorerPro_on4pkfpc_wpftmp.csproj]
         C:\ExplorerPro\Core\Threading\ThreadSafeTabOperations.cs(62,84): warning CS8625: Cannot convert null literal to non-nullable reference type. [C:\ExplorerPro\ExplorerPro_on4pkfpc_wpftmp.csproj]
         C:\ExplorerPro\Core\Threading\ThreadSafeTabOperations.cs(62,119): warning CS8625: Cannot convert null literal to non-nullable reference type. [C:\ExplorerPro\ExplorerPro_on4pkfpc_wpftmp.csproj]
         C:\ExplorerPro\UI\Controls\TabVisualManager.cs(33,68): warning CS8625: Cannot convert null literal to non-nullable reference type. [C:\ExplorerPro\ExplorerPro_on4pkfpc_wpftmp.csproj]
         C:\ExplorerPro\UI\MainWindow\MainWindow.xaml.cs(1360,136): warning CS8625: Cannot convert null literal to non-nullable reference type. [C:\ExplorerPro\ExplorerPro_on4pkfpc_wpftmp.csproj]
         C:\ExplorerPro\UI\FileTree\Dialogs\SelectByPatternDialog.xaml.cs(140,50): warning CS8612: Nullability of reference types in type of 'event PropertyChangedEventHandler SelectByPatternDialog.PropertyChanged' doesn't match implicitly implemented member 'event PropertyChangedEventHandler? INotifyPropertyChanged.PropertyChanged'. [C:\ExplorerPro\ExplorerPro_on4pkfpc_wpftmp.csproj]
         C:\ExplorerPro\UI\FileTree\Dialogs\SelectByPatternDialog.xaml.cs(93,73): warning CS8625: Cannot convert null literal to non-nullable reference type. [C:\ExplorerPro\ExplorerPro_on4pkfpc_wpftmp.csproj]
         C:\ExplorerPro\UI\FileTree\Dialogs\SelectByPatternDialog.xaml.cs(142,91): warning CS8625: Cannot convert null literal to non-nullable reference type. [C:\ExplorerPro\ExplorerPro_on4pkfpc_wpftmp.csproj]
         C:\ExplorerPro\Core\TabManagement\ServiceIntegrationManager.cs(45,57): warning CS8625: Cannot convert null literal to non-nullable reference type. [C:\ExplorerPro\ExplorerPro_on4pkfpc_wpftmp.csproj]
         C:\ExplorerPro\UI\FileTree\Dialogs\SelectByPatternDialog.xaml.cs(168,25): warning CS8767: Nullability of reference types in type of parameter 'parameter' of 'bool RelayCommand.CanExecute(object parameter)' doesn't match implicitly implemented member 'bool ICommand.CanExecute(object? parameter)' (possibly because of nullability attributes). [C:\ExplorerPro\ExplorerPro_on4pkfpc_wpftmp.csproj]
         C:\ExplorerPro\UI\FileTree\Dialogs\SelectByPatternDialog.xaml.cs(173,25): warning CS8767: Nullability of reference types in type of parameter 'parameter' of 'void RelayCommand.Execute(object parameter)' doesn't match implicitly implemented member 'void ICommand.Execute(object? parameter)' (possibly because of nullability attributes). [C:\ExplorerPro\ExplorerPro_on4pkfpc_wpftmp.csproj]
         C:\ExplorerPro\UI\FileTree\Dialogs\SelectByPatternDialog.xaml.cs(162,39): warning CS8612: Nullability of reference types in type of 'event EventHandler RelayCommand.CanExecuteChanged' doesn't match implicitly implemented member 'event EventHandler? ICommand.CanExecuteChanged'. [C:\ExplorerPro\ExplorerPro_on4pkfpc_wpftmp.csproj]
         C:\ExplorerPro\Core\TabManagement\ServiceIntegrationManager.cs(340,57): warning CS8625: Cannot convert null literal to non-nullable reference type. [C:\ExplorerPro\ExplorerPro_on4pkfpc_wpftmp.csproj]
         C:\ExplorerPro\Core\TabManagement\ServiceIntegrationManager.cs(352,57): warning CS8625: Cannot convert null literal to non-nullable reference type. [C:\ExplorerPro\ExplorerPro_on4pkfpc_wpftmp.csproj]
         C:\ExplorerPro\UI\FileTree\Dialogs\SelectByPatternDialog.xaml.cs(156,73): warning CS8625: Cannot convert null literal to non-nullable reference type. [C:\ExplorerPro\ExplorerPro_on4pkfpc_wpftmp.csproj]
         C:\ExplorerPro\Core\TabManagement\SimpleDetachedWindowManager.cs(19,90): warning CS8625: Cannot convert null literal to non-nullable reference type. [C:\ExplorerPro\ExplorerPro_on4pkfpc_wpftmp.csproj]
         C:\ExplorerPro\Core\TransactionalOperation.cs(20,109): warning CS8625: Cannot convert null literal to non-nullable reference type. [C:\ExplorerPro\ExplorerPro_on4pkfpc_wpftmp.csproj]
         C:\ExplorerPro\Core\TransactionalOperation.cs(158,35): warning CS8625: Cannot convert null literal to non-nullable reference type. [C:\ExplorerPro\ExplorerPro_on4pkfpc_wpftmp.csproj]
         C:\ExplorerPro\Core\TabManagement\TabCreationRequest.cs(68,96): warning CS8625: Cannot convert null literal to non-nullable reference type. [C:\ExplorerPro\ExplorerPro_on4pkfpc_wpftmp.csproj]
         C:\ExplorerPro\Core\TabManagement\TabCreationRequest.cs(82,83): warning CS8625: Cannot convert null literal to non-nullable reference type. [C:\ExplorerPro\ExplorerPro_on4pkfpc_wpftmp.csproj]
         C:\ExplorerPro\Core\TabManagement\TabCreationRequest.cs(97,87): warning CS8625: Cannot convert null literal to non-nullable reference type. [C:\ExplorerPro\ExplorerPro_on4pkfpc_wpftmp.csproj]
         C:\ExplorerPro\UI\PaneManagement\PaneManager.xaml.cs(218,53): warning CS8625: Cannot convert null literal to non-nullable reference type. [C:\ExplorerPro\ExplorerPro_on4pkfpc_wpftmp.csproj]
         C:\ExplorerPro\UI\FileTree\FileTreeItem.cs(593,50): warning CS8612: Nullability of reference types in type of 'event PropertyChangedEventHandler FileTreeItem.PropertyChanged' doesn't match implicitly implemented member 'event PropertyChangedEventHandler? INotifyPropertyChanged.PropertyChanged'. [C:\ExplorerPro\ExplorerPro_on4pkfpc_wpftmp.csproj]
         C:\ExplorerPro\UI\FileTree\Managers\FileTreeColumnManager.cs(61,47): warning CS8625: Cannot convert null literal to non-nullable reference type. [C:\ExplorerPro\ExplorerPro_on4pkfpc_wpftmp.csproj]
         C:\ExplorerPro\UI\Panels\ToDoPanel\ToDoPanel.xaml.cs(29,50): warning CS8612: Nullability of reference types in type of 'event PropertyChangedEventHandler ToDoPanel.PropertyChanged' doesn't match implicitly implemented member 'event PropertyChangedEventHandler? INotifyPropertyChanged.PropertyChanged'. [C:\ExplorerPro\ExplorerPro_on4pkfpc_wpftmp.csproj]
         C:\ExplorerPro\UI\Panels\ToDoPanel\ToDoPanel.xaml.cs(651,50): warning CS8612: Nullability of reference types in type of 'event PropertyChangedEventHandler TaskItem.PropertyChanged' doesn't match implicitly implemented member 'event PropertyChangedEventHandler? INotifyPropertyChanged.PropertyChanged'. [C:\ExplorerPro\ExplorerPro_on4pkfpc_wpftmp.csproj]
         C:\ExplorerPro\Core\TabManagement\TabHibernationManager.cs(42,53): warning CS8625: Cannot convert null literal to non-nullable reference type. [C:\ExplorerPro\ExplorerPro_on4pkfpc_wpftmp.csproj]
         C:\ExplorerPro\Core\TabManagement\TabHibernationManager.cs(43,47): warning CS8625: Cannot convert null literal to non-nullable reference type. [C:\ExplorerPro\ExplorerPro_on4pkfpc_wpftmp.csproj]
         C:\ExplorerPro\Core\TabManagement\TabHibernationManager.cs(44,44): warning CS8625: Cannot convert null literal to non-nullable reference type. [C:\ExplorerPro\ExplorerPro_on4pkfpc_wpftmp.csproj]
         C:\ExplorerPro\UI\FileTree\Models\FileTreeItem.cs(129,50): warning CS8612: Nullability of reference types in type of 'event PropertyChangedEventHandler FileTreeItem.PropertyChanged' doesn't match implicitly implemented member 'event PropertyChangedEventHandler? INotifyPropertyChanged.PropertyChanged'. [C:\ExplorerPro\ExplorerPro_on4pkfpc_wpftmp.csproj]
         C:\ExplorerPro\UI\FileTree\Models\FileTreeItem.cs(131,91): warning CS8625: Cannot convert null literal to non-nullable reference type. [C:\ExplorerPro\ExplorerPro_on4pkfpc_wpftmp.csproj]
         C:\ExplorerPro\UI\MainWindow\MainWindowTabIntegration.cs(50,56): warning CS8625: Cannot convert null literal to non-nullable reference type. [C:\ExplorerPro\ExplorerPro_on4pkfpc_wpftmp.csproj]
         C:\ExplorerPro\UI\MainWindow\MainWindowTabIntegration.cs(88,70): warning CS8625: Cannot convert null literal to non-nullable reference type. [C:\ExplorerPro\ExplorerPro_on4pkfpc_wpftmp.csproj]
         C:\ExplorerPro\UI\MainWindow\MainWindowTabIntegration.cs(88,90): warning CS8625: Cannot convert null literal to non-nullable reference type. [C:\ExplorerPro\ExplorerPro_on4pkfpc_wpftmp.csproj]
         C:\ExplorerPro\UI\MainWindow\TabIntegrationBridge.cs(38,52): warning CS8625: Cannot convert null literal to non-nullable reference type. [C:\ExplorerPro\ExplorerPro_on4pkfpc_wpftmp.csproj]
         C:\ExplorerPro\UI\MainWindow\TabIntegrationBridge.cs(39,53): warning CS8625: Cannot convert null literal to non-nullable reference type. [C:\ExplorerPro\ExplorerPro_on4pkfpc_wpftmp.csproj]
         C:\ExplorerPro\UI\MainWindow\TabIntegrationBridge.cs(40,52): warning CS8625: Cannot convert null literal to non-nullable reference type. [C:\ExplorerPro\ExplorerPro_on4pkfpc_wpftmp.csproj]
         C:\ExplorerPro\Core\TabManagement\TabManagerService.cs(31,70): warning CS8625: Cannot convert null literal to non-nullable reference type. [C:\ExplorerPro\ExplorerPro_on4pkfpc_wpftmp.csproj]
         C:\ExplorerPro\Core\TabManagement\TabManagerService.cs(94,80): warning CS8625: Cannot convert null literal to non-nullable reference type. [C:\ExplorerPro\ExplorerPro_on4pkfpc_wpftmp.csproj]
         C:\ExplorerPro\Core\TabManagement\TabManagerService.cs(94,115): warning CS8625: Cannot convert null literal to non-nullable reference type. [C:\ExplorerPro\ExplorerPro_on4pkfpc_wpftmp.csproj]
         C:\ExplorerPro\Core\TabManagement\TabOperationsManager.cs(362,130): warning CS8625: Cannot convert null literal to non-nullable reference type. [C:\ExplorerPro\ExplorerPro_on4pkfpc_wpftmp.csproj]
         C:\ExplorerPro\UI\FileTree\Managers\FileTreePerformanceManager.cs(70,98): warning CS8625: Cannot convert null literal to non-nullable reference type. [C:\ExplorerPro\ExplorerPro_on4pkfpc_wpftmp.csproj]
         C:\ExplorerPro\UI\FileTree\Managers\OptimizedFileTreePerformanceManager.cs(62,107): warning CS8625: Cannot convert null literal to non-nullable reference type. [C:\ExplorerPro\ExplorerPro_on4pkfpc_wpftmp.csproj]
         C:\ExplorerPro\UI\FileTree\Services\FileTreeDragDropService.cs(114,66): warning CS8625: Cannot convert null literal to non-nullable reference type. [C:\ExplorerPro\ExplorerPro_on4pkfpc_wpftmp.csproj]
         C:\ExplorerPro\UI\FileTree\Services\FileTreeDragDropService.cs(114,105): warning CS8625: Cannot convert null literal to non-nullable reference type. [C:\ExplorerPro\ExplorerPro_on4pkfpc_wpftmp.csproj]
         C:\ExplorerPro\UI\FileTree\Services\FileTreeDragDropService.cs(114,147): warning CS8625: Cannot convert null literal to non-nullable reference type. [C:\ExplorerPro\ExplorerPro_on4pkfpc_wpftmp.csproj]
         C:\ExplorerPro\UI\FileTree\Services\FileTreeDragDropService.cs(140,99): warning CS8625: Cannot convert null literal to non-nullable reference type. [C:\ExplorerPro\ExplorerPro_on4pkfpc_wpftmp.csproj]
         C:\ExplorerPro\UI\FileTree\Managers\OptimizedTreeViewIndexer.cs(87,88): warning CS8625: Cannot convert null literal to non-nullable reference type. [C:\ExplorerPro\ExplorerPro_on4pkfpc_wpftmp.csproj]
         C:\ExplorerPro\Core\TabManagement\TabPerformanceIntegration.cs(64,57): warning CS8625: Cannot convert null literal to non-nullable reference type. [C:\ExplorerPro\ExplorerPro_on4pkfpc_wpftmp.csproj]
         C:\ExplorerPro\Core\TabManagement\TabPerformanceIntegration.cs(65,47): warning CS8625: Cannot convert null literal to non-nullable reference type. [C:\ExplorerPro\ExplorerPro_on4pkfpc_wpftmp.csproj]
         C:\ExplorerPro\Core\TabManagement\TabPerformanceIntegration.cs(66,55): warning CS8625: Cannot convert null literal to non-nullable reference type. [C:\ExplorerPro\ExplorerPro_on4pkfpc_wpftmp.csproj]
         C:\ExplorerPro\Core\TabManagement\TabServicesFactory.cs(27,70): warning CS8625: Cannot convert null literal to non-nullable reference type. [C:\ExplorerPro\ExplorerPro_on4pkfpc_wpftmp.csproj]
         C:\ExplorerPro\Core\TabManagement\TabServicesFactory.cs(27,113): warning CS8625: Cannot convert null literal to non-nullable reference type. [C:\ExplorerPro\ExplorerPro_on4pkfpc_wpftmp.csproj]
         C:\ExplorerPro\Core\TabManagement\TabServicesFactory.cs(62,92): warning CS8625: Cannot convert null literal to non-nullable reference type. [C:\ExplorerPro\ExplorerPro_on4pkfpc_wpftmp.csproj]
         C:\ExplorerPro\Core\TabManagement\TabServicesFactory.cs(157,110): warning CS8625: Cannot convert null literal to non-nullable reference type. [C:\ExplorerPro\ExplorerPro_on4pkfpc_wpftmp.csproj]
         C:\ExplorerPro\Core\TabManagement\UnifiedTabService.cs(386,50): warning CS8612: Nullability of reference types in type of 'event PropertyChangedEventHandler UnifiedTabService.PropertyChanged' doesn't match implicitly implemented member 'event PropertyChangedEventHandler? INotifyPropertyChanged.PropertyChanged'. [C:\ExplorerPro\ExplorerPro_on4pkfpc_wpftmp.csproj]
         C:\ExplorerPro\Core\TabManagement\UnifiedTabService.cs(45,107): warning CS8625: Cannot convert null literal to non-nullable reference type. [C:\ExplorerPro\ExplorerPro_on4pkfpc_wpftmp.csproj]
         C:\ExplorerPro\Core\TabManagement\UnifiedTabService.cs(123,106): warning CS8625: Cannot convert null literal to non-nullable reference type. [C:\ExplorerPro\ExplorerPro_on4pkfpc_wpftmp.csproj]
         C:\ExplorerPro\Core\TabManagement\UnifiedTabService.cs(123,141): warning CS8625: Cannot convert null literal to non-nullable reference type. [C:\ExplorerPro\ExplorerPro_on4pkfpc_wpftmp.csproj]
         C:\ExplorerPro\Core\TabManagement\UnifiedTabService.cs(388,91): warning CS8625: Cannot convert null literal to non-nullable reference type. [C:\ExplorerPro\ExplorerPro_on4pkfpc_wpftmp.csproj]
         C:\ExplorerPro\UI\FileTree\Services\OutlookDataExtractor.cs(285,42): warning CS8625: Cannot convert null literal to non-nullable reference type. [C:\ExplorerPro\ExplorerPro_on4pkfpc_wpftmp.csproj]
         C:\ExplorerPro\UI\FileTree\Services\OutlookDataExtractor.cs(337,42): warning CS8625: Cannot convert null literal to non-nullable reference type. [C:\ExplorerPro\ExplorerPro_on4pkfpc_wpftmp.csproj]
         C:\ExplorerPro\UI\FileTree\Services\SelectionService.cs(896,83): warning CS8625: Cannot convert null literal to non-nullable reference type. [C:\ExplorerPro\ExplorerPro_on4pkfpc_wpftmp.csproj]
         C:\ExplorerPro\Program.cs(12,27): warning CS8892: Method 'Program.Main(string[])' will not be used as an entry point because a synchronous entry point 'App.Main()' was found. [C:\ExplorerPro\ExplorerPro_on4pkfpc_wpftmp.csproj]
         C:\ExplorerPro\SimpleTestRunner.cs(8,30): warning CS8892: Method 'SimpleTestRunner.Main(string[])' will not be used as an entry point because a synchronous entry point 'App.Main()' was found. [C:\ExplorerPro\ExplorerPro_on4pkfpc_wpftmp.csproj]
         C:\ExplorerPro\UI\Controls\ModernTabControl.cs(676,16): warning CS8603: Possible null reference return. [C:\ExplorerPro\ExplorerPro_on4pkfpc_wpftmp.csproj]
         C:\ExplorerPro\Core\TabManagement\ServiceIntegrationManager.cs(470,64): warning CS8714: The type 'TState' cannot be used as type parameter 'TState' in the generic type or method 'ILogger.BeginScope<TState>(TState)'. Nullability of type argument 'TState' doesn't match 'notnull' constraint. [C:\ExplorerPro\ExplorerPro_on4pkfpc_wpftmp.csproj]
         C:\ExplorerPro\Core\TabManagement\ServiceIntegrationManager.cs(470,64): warning CS8603: Possible null reference return. [C:\ExplorerPro\ExplorerPro_on4pkfpc_wpftmp.csproj]
         C:\ExplorerPro\Core\TabManagement\ServiceIntegrationManager.cs(473,71): warning CS8620: Argument of type 'Func<TState, Exception, string>' cannot be used for parameter 'formatter' of type 'Func<TState, Exception?, string>' in 'void ILogger.Log<TState>(LogLevel logLevel, EventId eventId, TState state, Exception? exception, Func<TState, Exception?, string> formatter)' due to differences in the nullability of reference types. [C:\ExplorerPro\ExplorerPro_on4pkfpc_wpftmp.csproj]
         C:\ExplorerPro\Core\Collections\BoundedCollection.cs(31,46): warning CS8622: Nullability of reference types in type of parameter 'sender' of 'void BoundedCollection<T>.OnCollectionChanged(object sender, NotifyCollectionChangedEventArgs e)' doesn't match the target delegate 'NotifyCollectionChangedEventHandler' (possibly because of nullability attributes). [C:\ExplorerPro\ExplorerPro_on4pkfpc_wpftmp.csproj]
         C:\ExplorerPro\Core\Collections\BoundedCollection.cs(32,70): warning CS8622: Nullability of reference types in type of parameter 'sender' of 'void BoundedCollection<T>.OnPropertyChanged(object sender, PropertyChangedEventArgs e)' doesn't match the target delegate 'PropertyChangedEventHandler' (possibly because of nullability attributes). [C:\ExplorerPro\ExplorerPro_on4pkfpc_wpftmp.csproj]
         C:\ExplorerPro\Core\Collections\BoundedCollection.cs(24,16): warning CS8618: Non-nullable event 'CollectionChanged' must contain a non-null value when exiting constructor. Consider adding the 'required' modifier or declaring the event as nullable. [C:\ExplorerPro\ExplorerPro_on4pkfpc_wpftmp.csproj]
         C:\ExplorerPro\Core\Collections\BoundedCollection.cs(24,16): warning CS8618: Non-nullable event 'PropertyChanged' must contain a non-null value when exiting constructor. Consider adding the 'required' modifier or declaring the event as nullable. [C:\ExplorerPro\ExplorerPro_on4pkfpc_wpftmp.csproj]
         C:\ExplorerPro\Core\Commands\AsyncRelayCommand.cs(111,16): warning CS8618: Non-nullable event 'ExecutionStateChanged' must contain a non-null value when exiting constructor. Consider adding the 'required' modifier or declaring the event as nullable. [C:\ExplorerPro\ExplorerPro_on4pkfpc_wpftmp.csproj]
         C:\ExplorerPro\Core\WindowState.cs(81,21): warning CS8625: Cannot convert null literal to non-nullable reference type. [C:\ExplorerPro\ExplorerPro_on4pkfpc_wpftmp.csproj]
         C:\ExplorerPro\Examples\TreeViewCacheUsageExample.cs(30,53): warning CS8622: Nullability of reference types in type of parameter 'sender' of 'void TreeViewCacheUsageExample.OnCleanupCompleted(object sender, CleanupCompletedEventArgs e)' doesn't match the target delegate 'EventHandler<FileTreePerformanceManager.CleanupCompletedEventArgs>' (possibly because of nullability attributes). [C:\ExplorerPro\ExplorerPro_on4pkfpc_wpftmp.csproj]
         C:\ExplorerPro\Examples\TreeViewCacheUsageExample.cs(33,61): warning CS8622: Nullability of reference types in type of parameter 'sender' of 'void TreeViewCacheUsageExample.OnVisibleItemsCacheUpdated(object sender, EventArgs e)' doesn't match the target delegate 'EventHandler' (possibly because of nullability attributes). [C:\ExplorerPro\ExplorerPro_on4pkfpc_wpftmp.csproj]
         C:\ExplorerPro\Commands\KeyboardShortcuts.cs(174,20): warning CS8603: Possible null reference return. [C:\ExplorerPro\ExplorerPro_on4pkfpc_wpftmp.csproj]
         C:\ExplorerPro\Utilities\DragCopyCommand.cs(103,38): warning CS8600: Converting null literal or possible null value to non-nullable type. [C:\ExplorerPro\ExplorerPro_on4pkfpc_wpftmp.csproj]
         C:\ExplorerPro\Examples\Phase2_2_FullMVVMDemo.cs(29,16): warning CS8618: Non-nullable field '_viewModel' must contain a non-null value when exiting constructor. Consider adding the 'required' modifier or declaring the field as nullable. [C:\ExplorerPro\ExplorerPro_on4pkfpc_wpftmp.csproj]
         C:\ExplorerPro\Examples\Phase2_2_FullMVVMDemo.cs(29,16): warning CS8618: Non-nullable field '_tabService' must contain a non-null value when exiting constructor. Consider adding the 'required' modifier or declaring the field as nullable. [C:\ExplorerPro\ExplorerPro_on4pkfpc_wpftmp.csproj]
         C:\ExplorerPro\Core\Disposables\Disposable.cs(19,55): warning CS8601: Possible null reference assignment. [C:\ExplorerPro\ExplorerPro_on4pkfpc_wpftmp.csproj]
         C:\ExplorerPro\FileOperations\FileSystemWatcher.cs(66,42): warning CS8622: Nullability of reference types in type of parameter 'state' of 'void FileSystemWatcherService.ProcessEventsAsync(object state)' doesn't match the target delegate 'TimerCallback' (possibly because of nullability attributes). [C:\ExplorerPro\ExplorerPro_on4pkfpc_wpftmp.csproj]
         C:\ExplorerPro\FileOperations\FileSystemWatcher.cs(62,16): warning CS8618: Non-nullable field '_watcher' must contain a non-null value when exiting constructor. Consider adding the 'required' modifier or declaring the field as nullable. [C:\ExplorerPro\ExplorerPro_on4pkfpc_wpftmp.csproj]
         C:\ExplorerPro\FileOperations\FileSystemWatcher.cs(62,16): warning CS8618: Non-nullable field '_currentPath' must contain a non-null value when exiting constructor. Consider adding the 'required' modifier or declaring the field as nullable. [C:\ExplorerPro\ExplorerPro_on4pkfpc_wpftmp.csproj]
         C:\ExplorerPro\FileOperations\FileSystemWatcher.cs(62,16): warning CS8618: Non-nullable event 'ItemCreated' must contain a non-null value when exiting constructor. Consider adding the 'required' modifier or declaring the event as nullable. [C:\ExplorerPro\ExplorerPro_on4pkfpc_wpftmp.csproj]
         C:\ExplorerPro\FileOperations\FileSystemWatcher.cs(62,16): warning CS8618: Non-nullable event 'ItemDeleted' must contain a non-null value when exiting constructor. Consider adding the 'required' modifier or declaring the event as nullable. [C:\ExplorerPro\ExplorerPro_on4pkfpc_wpftmp.csproj]
         C:\ExplorerPro\FileOperations\FileSystemWatcher.cs(62,16): warning CS8618: Non-nullable event 'ItemChanged' must contain a non-null value when exiting constructor. Consider adding the 'required' modifier or declaring the event as nullable. [C:\ExplorerPro\ExplorerPro_on4pkfpc_wpftmp.csproj]
         C:\ExplorerPro\FileOperations\FileSystemWatcher.cs(62,16): warning CS8618: Non-nullable event 'ItemRenamed' must contain a non-null value when exiting constructor. Consider adding the 'required' modifier or declaring the event as nullable. [C:\ExplorerPro\ExplorerPro_on4pkfpc_wpftmp.csproj]
         C:\ExplorerPro\FileOperations\FileSystemWatcher.cs(62,16): warning CS8618: Non-nullable event 'BatchProcessed' must contain a non-null value when exiting constructor. Consider adding the 'required' modifier or declaring the event as nullable. [C:\ExplorerPro\ExplorerPro_on4pkfpc_wpftmp.csproj]
         C:\ExplorerPro\Core\Collections\BoundedCollection.cs(263,24): warning CS8603: Possible null reference return. [C:\ExplorerPro\ExplorerPro_on4pkfpc_wpftmp.csproj]
         C:\ExplorerPro\Examples\Phase2_2_FullMVVMDemo.cs(62,28): warning CS1998: This async method lacks 'await' operators and will run synchronously. Consider using the 'await' operator to await non-blocking API calls, or 'await Task.Run(...)' to do CPU-bound work on a background thread. [C:\ExplorerPro\ExplorerPro_on4pkfpc_wpftmp.csproj]
         C:\ExplorerPro\Core\Disposables\CompositeDisposable.cs(60,41): warning CS8600: Converting null literal or possible null value to non-nullable type. [C:\ExplorerPro\ExplorerPro_on4pkfpc_wpftmp.csproj]
         C:\ExplorerPro\Core\Disposables\CompositeDisposable.cs(81,41): warning CS8600: Converting null literal or possible null value to non-nullable type. [C:\ExplorerPro\ExplorerPro_on4pkfpc_wpftmp.csproj]
         C:\ExplorerPro\Core\Disposables\CompositeDisposable.cs(87,35): warning CS8600: Converting null literal or possible null value to non-nullable type. [C:\ExplorerPro\ExplorerPro_on4pkfpc_wpftmp.csproj]
         C:\ExplorerPro\Core\Disposables\CompositeDisposable.cs(88,36): warning CS8625: Cannot convert null literal to non-nullable reference type. [C:\ExplorerPro\ExplorerPro_on4pkfpc_wpftmp.csproj]
         C:\ExplorerPro\Examples\TreeViewCacheUsageExample.cs(113,57): warning CS8622: Nullability of reference types in type of parameter 'sender' of 'void TreeViewCacheUsageExample.OnCleanupCompleted(object sender, CleanupCompletedEventArgs e)' doesn't match the target delegate 'EventHandler<FileTreePerformanceManager.CleanupCompletedEventArgs>' (possibly because of nullability attributes). [C:\ExplorerPro\ExplorerPro_on4pkfpc_wpftmp.csproj]
         C:\ExplorerPro\Examples\TreeViewCacheUsageExample.cs(114,65): warning CS8622: Nullability of reference types in type of parameter 'sender' of 'void TreeViewCacheUsageExample.OnVisibleItemsCacheUpdated(object sender, EventArgs e)' doesn't match the target delegate 'EventHandler' (possibly because of nullability attributes). [C:\ExplorerPro\ExplorerPro_on4pkfpc_wpftmp.csproj]
         C:\ExplorerPro\Examples\TreeViewCacheUsageExample.cs(118,39): warning CS8625: Cannot convert null literal to non-nullable reference type. [C:\ExplorerPro\ExplorerPro_on4pkfpc_wpftmp.csproj]
         C:\ExplorerPro\Core\Collections\BoundedCollection.cs(367,50): warning CS8622: Nullability of reference types in type of parameter 'sender' of 'void BoundedCollection<T>.OnCollectionChanged(object sender, NotifyCollectionChangedEventArgs e)' doesn't match the target delegate 'NotifyCollectionChangedEventHandler' (possibly because of nullability attributes). [C:\ExplorerPro\ExplorerPro_on4pkfpc_wpftmp.csproj]
         C:\ExplorerPro\Core\Collections\BoundedCollection.cs(368,74): warning CS8622: Nullability of reference types in type of parameter 'sender' of 'void BoundedCollection<T>.OnPropertyChanged(object sender, PropertyChangedEventArgs e)' doesn't match the target delegate 'PropertyChangedEventHandler' (possibly because of nullability attributes). [C:\ExplorerPro\ExplorerPro_on4pkfpc_wpftmp.csproj]
         C:\ExplorerPro\Core\Events\WeakEventManager.cs(191,30): warning CS8618: Non-nullable property 'SourceReference' must contain a non-null value when exiting constructor. Consider adding the 'required' modifier or declaring the property as nullable. [C:\ExplorerPro\ExplorerPro_on4pkfpc_wpftmp.csproj]
         C:\ExplorerPro\Core\Events\WeakEventManager.cs(192,30): warning CS8618: Non-nullable property 'HandlerReference' must contain a non-null value when exiting constructor. Consider adding the 'required' modifier or declaring the property as nullable. [C:\ExplorerPro\ExplorerPro_on4pkfpc_wpftmp.csproj]
         C:\ExplorerPro\Core\Events\WeakEventManager.cs(193,30): warning CS8618: Non-nullable property 'TargetReference' must contain a non-null value when exiting constructor. Consider adding the 'required' modifier or declaring the property as nullable. [C:\ExplorerPro\ExplorerPro_on4pkfpc_wpftmp.csproj]
         C:\ExplorerPro\Core\Events\WeakEventManager.cs(194,23): warning CS8618: Non-nullable property 'EventName' must contain a non-null value when exiting constructor. Consider adding the 'required' modifier or declaring the property as nullable. [C:\ExplorerPro\ExplorerPro_on4pkfpc_wpftmp.csproj]
         C:\ExplorerPro\Core\Events\WeakEventManager.cs(195,23): warning CS8618: Non-nullable property 'HandlerMethodName' must contain a non-null value when exiting constructor. Consider adding the 'required' modifier or declaring the property as nullable. [C:\ExplorerPro\ExplorerPro_on4pkfpc_wpftmp.csproj]
         C:\ExplorerPro\Core\Events\WeakEventManager.cs(196,25): warning CS8618: Non-nullable property 'ProxyHandler' must contain a non-null value when exiting constructor. Consider adding the 'required' modifier or declaring the property as nullable. [C:\ExplorerPro\ExplorerPro_on4pkfpc_wpftmp.csproj]
         C:\ExplorerPro\FileOperations\FileSystemWatcher.cs(137,28): warning CS8625: Cannot convert null literal to non-nullable reference type. [C:\ExplorerPro\ExplorerPro_on4pkfpc_wpftmp.csproj]
         C:\ExplorerPro\FileOperations\FileSystemWatcher.cs(143,32): warning CS8625: Cannot convert null literal to non-nullable reference type. [C:\ExplorerPro\ExplorerPro_on4pkfpc_wpftmp.csproj]
         C:\ExplorerPro\Examples\TreeViewCacheUsageExample.cs(18,44): warning CS8618: Non-nullable field '_performanceManager' must contain a non-null value when exiting constructor. Consider adding the 'required' modifier or declaring the field as nullable. [C:\ExplorerPro\ExplorerPro_on4pkfpc_wpftmp.csproj]
         C:\ExplorerPro\Examples\TreeViewCacheUsageExample.cs(19,26): warning CS8618: Non-nullable field '_treeView' must contain a non-null value when exiting constructor. Consider adding the 'required' modifier or declaring the field as nullable. [C:\ExplorerPro\ExplorerPro_on4pkfpc_wpftmp.csproj]
         C:\ExplorerPro\Core\Events\WeakEventManager.cs(40,35): warning CS8601: Possible null reference assignment. [C:\ExplorerPro\ExplorerPro_on4pkfpc_wpftmp.csproj]
         C:\ExplorerPro\Examples\Phase3_ServiceExtractionDemo.cs(70,27): warning CS1998: This async method lacks 'await' operators and will run synchronously. Consider using the 'await' operator to await non-blocking API calls, or 'await Task.Run(...)' to do CPU-bound work on a background thread. [C:\ExplorerPro\ExplorerPro_on4pkfpc_wpftmp.csproj]
         C:\ExplorerPro\ViewModels\TabControlViewModel.cs(83,17): warning CS4014: Because this call is not awaited, execution of the current method continues before the call is completed. Consider applying the 'await' operator to the result of the call. [C:\ExplorerPro\ExplorerPro_on4pkfpc_wpftmp.csproj]
         C:\ExplorerPro\App.xaml.cs(276,33): warning CS8600: Converting null literal or possible null value to non-nullable type. [C:\ExplorerPro\ExplorerPro_on4pkfpc_wpftmp.csproj]
         C:\ExplorerPro\App.xaml.cs(281,27): warning CS8600: Converting null literal or possible null value to non-nullable type. [C:\ExplorerPro\ExplorerPro_on4pkfpc_wpftmp.csproj]
         C:\ExplorerPro\App.xaml.cs(299,31): warning CS8600: Converting null literal or possible null value to non-nullable type. [C:\ExplorerPro\ExplorerPro_on4pkfpc_wpftmp.csproj]
         C:\ExplorerPro\App.xaml.cs(303,35): warning CS8600: Converting null literal or possible null value to non-nullable type. [C:\ExplorerPro\ExplorerPro_on4pkfpc_wpftmp.csproj]
         C:\ExplorerPro\Core\AsyncHelper.cs(201,35): warning CS8625: Cannot convert null literal to non-nullable reference type. [C:\ExplorerPro\ExplorerPro_on4pkfpc_wpftmp.csproj]
         C:\ExplorerPro\FileOperations\FileSystemWatcher.cs(195,70): warning CS8600: Converting null literal or possible null value to non-nullable type. [C:\ExplorerPro\ExplorerPro_on4pkfpc_wpftmp.csproj]
         C:\ExplorerPro\Utilities\DragCopyCommand.cs(142,38): warning CS8600: Converting null literal or possible null value to non-nullable type. [C:\ExplorerPro\ExplorerPro_on4pkfpc_wpftmp.csproj]
         C:\ExplorerPro\Core\AsyncHelper.cs(272,35): warning CS8625: Cannot convert null literal to non-nullable reference type. [C:\ExplorerPro\ExplorerPro_on4pkfpc_wpftmp.csproj]
         C:\ExplorerPro\Models\WindowSettings.cs(224,18): warning CS0219: The variable 'corrected' is assigned but its value is never used [C:\ExplorerPro\ExplorerPro_on4pkfpc_wpftmp.csproj]
         C:\ExplorerPro\App.xaml.cs(529,96): warning CS8604: Possible null reference argument for parameter 'logger' in 'SimpleDetachedWindowManager.SimpleDetachedWindowManager(ILogger<SimpleDetachedWindowManager> logger = null)'. [C:\ExplorerPro\ExplorerPro_on4pkfpc_wpftmp.csproj]
         C:\ExplorerPro\App.xaml.cs(533,96): warning CS8604: Possible null reference argument for parameter 'logger' in 'TabOperationsManager.TabOperationsManager(ILogger<TabOperationsManager> logger, IDetachedWindowManager windowManager)'. [C:\ExplorerPro\ExplorerPro_on4pkfpc_wpftmp.csproj]
         C:\ExplorerPro\App.xaml.cs(537,89): warning CS8604: Possible null reference argument for parameter 'logger' in 'TabDragDropService.TabDragDropService(ILogger<TabDragDropService> logger, IDetachedWindowManager windowManager, TabOperationsManager operationsManager)'. [C:\ExplorerPro\ExplorerPro_on4pkfpc_wpftmp.csproj]
         C:\ExplorerPro\Utilities\DragCopyCommand.cs(27,27): warning CS8618: Non-nullable property 'SourcePath' must contain a non-null value when exiting constructor. Consider adding the 'required' modifier or declaring the property as nullable. [C:\ExplorerPro\ExplorerPro_on4pkfpc_wpftmp.csproj]
         C:\ExplorerPro\Utilities\DragCopyCommand.cs(28,27): warning CS8618: Non-nullable property 'DestinationPath' must contain a non-null value when exiting constructor. Consider adding the 'required' modifier or declaring the property as nullable. [C:\ExplorerPro\ExplorerPro_on4pkfpc_wpftmp.csproj]
         C:\ExplorerPro\Core\Events\EventSubscriptionExtensions.cs(78,20): warning CS8618: Non-nullable field '_subscription' must contain a non-null value when exiting constructor. Consider adding the 'required' modifier or declaring the field as nullable. [C:\ExplorerPro\ExplorerPro_on4pkfpc_wpftmp.csproj]
         C:\ExplorerPro\Core\Events\EventSubscriptionExtensions.cs(92,33): warning CS8625: Cannot convert null literal to non-nullable reference type. [C:\ExplorerPro\ExplorerPro_on4pkfpc_wpftmp.csproj]
         C:\ExplorerPro\Examples\Phase2_3_LegacyCleanupDemo.cs(169,67): warning CS8625: Cannot convert null literal to non-nullable reference type. [C:\ExplorerPro\ExplorerPro_on4pkfpc_wpftmp.csproj]
         C:\ExplorerPro\Models\WindowSettings.cs(332,36): warning CS8600: Converting null literal or possible null value to non-nullable type. [C:\ExplorerPro\ExplorerPro_on4pkfpc_wpftmp.csproj]
         C:\ExplorerPro\Models\WindowSettings.cs(355,20): warning CS8603: Possible null reference return. [C:\ExplorerPro\ExplorerPro_on4pkfpc_wpftmp.csproj]
         C:\ExplorerPro\Core\ExceptionHandler.cs(57,33): warning CS8601: Possible null reference assignment. [C:\ExplorerPro\ExplorerPro_on4pkfpc_wpftmp.csproj]
         C:\ExplorerPro\Core\ExceptionHandler.cs(74,37): warning CS8601: Possible null reference assignment. [C:\ExplorerPro\ExplorerPro_on4pkfpc_wpftmp.csproj]
         C:\ExplorerPro\Core\ExceptionHandler.cs(87,29): warning CS8601: Possible null reference assignment. [C:\ExplorerPro\ExplorerPro_on4pkfpc_wpftmp.csproj]
         C:\ExplorerPro\Core\ExceptionHandler.cs(97,53): warning CS8604: Possible null reference argument for parameter 'exception' in 'ExceptionSeverity ExceptionHandler.ClassifyException(Exception exception)'. [C:\ExplorerPro\ExplorerPro_on4pkfpc_wpftmp.csproj]
         C:\ExplorerPro\Core\ExceptionHandler.cs(121,25): warning CS8602: Dereference of a possibly null reference. [C:\ExplorerPro\ExplorerPro_on4pkfpc_wpftmp.csproj]
         C:\ExplorerPro\ViewModels\MainWindowViewModel.cs(35,16): warning CS8618: Non-nullable field '_selectedTabItem' must contain a non-null value when exiting constructor. Consider adding the 'required' modifier or declaring the field as nullable. [C:\ExplorerPro\ExplorerPro_on4pkfpc_wpftmp.csproj]
         C:\ExplorerPro\ViewModels\MainWindowViewModel.cs(35,16): warning CS8618: Non-nullable field '_tabManager' must contain a non-null value when exiting constructor. Consider adding the 'required' modifier or declaring the field as nullable. [C:\ExplorerPro\ExplorerPro_on4pkfpc_wpftmp.csproj]
         C:\ExplorerPro\ViewModels\MainWindowViewModel.cs(35,16): warning CS8618: Non-nullable field '_tabOperationsManager' must contain a non-null value when exiting constructor. Consider adding the 'required' modifier or declaring the field as nullable. [C:\ExplorerPro\ExplorerPro_on4pkfpc_wpftmp.csproj]
         C:\ExplorerPro\ViewModels\MainWindowViewModel.cs(35,16): warning CS8618: Non-nullable property 'AddNewTabCommand' must contain a non-null value when exiting constructor. Consider adding the 'required' modifier or declaring the property as nullable. [C:\ExplorerPro\ExplorerPro_on4pkfpc_wpftmp.csproj]
         C:\ExplorerPro\ViewModels\MainWindowViewModel.cs(35,16): warning CS8618: Non-nullable property 'CloseTabCommand' must contain a non-null value when exiting constructor. Consider adding the 'required' modifier or declaring the property as nullable. [C:\ExplorerPro\ExplorerPro_on4pkfpc_wpftmp.csproj]
         C:\ExplorerPro\ViewModels\MainWindowViewModel.cs(35,16): warning CS8618: Non-nullable property 'CloseCurrentTabCommand' must contain a non-null value when exiting constructor. Consider adding the 'required' modifier or declaring the property as nullable. [C:\ExplorerPro\ExplorerPro_on4pkfpc_wpftmp.csproj]
         C:\ExplorerPro\ViewModels\MainWindowViewModel.cs(35,16): warning CS8618: Non-nullable property 'DuplicateTabCommand' must contain a non-null value when exiting constructor. Consider adding the 'required' modifier or declaring the property as nullable. [C:\ExplorerPro\ExplorerPro_on4pkfpc_wpftmp.csproj]
         C:\ExplorerPro\ViewModels\MainWindowViewModel.cs(35,16): warning CS8618: Non-nullable property 'TogglePinTabCommand' must contain a non-null value when exiting constructor. Consider adding the 'required' modifier or declaring the property as nullable. [C:\ExplorerPro\ExplorerPro_on4pkfpc_wpftmp.csproj]
         C:\ExplorerPro\ViewModels\MainWindowViewModel.cs(35,16): warning CS8618: Non-nullable property 'RenameTabCommand' must contain a non-null value when exiting constructor. Consider adding the 'required' modifier or declaring the property as nullable. [C:\ExplorerPro\ExplorerPro_on4pkfpc_wpftmp.csproj]
         C:\ExplorerPro\ViewModels\MainWindowViewModel.cs(35,16): warning CS8618: Non-nullable property 'ChangeColorCommand' must contain a non-null value when exiting constructor. Consider adding the 'required' modifier or declaring the property as nullable. [C:\ExplorerPro\ExplorerPro_on4pkfpc_wpftmp.csproj]
         C:\ExplorerPro\ViewModels\MainWindowViewModel.cs(35,16): warning CS8618: Non-nullable property 'TogglePinCommand' must contain a non-null value when exiting constructor. Consider adding the 'required' modifier or declaring the property as nullable. [C:\ExplorerPro\ExplorerPro_on4pkfpc_wpftmp.csproj]
         C:\ExplorerPro\ViewModels\MainWindowViewModel.cs(35,16): warning CS8618: Non-nullable event 'PropertyChanged' must contain a non-null value when exiting constructor. Consider adding the 'required' modifier or declaring the event as nullable. [C:\ExplorerPro\ExplorerPro_on4pkfpc_wpftmp.csproj]
         C:\ExplorerPro\Services\TabManagementService.cs(39,24): warning CS8603: Possible null reference return. [C:\ExplorerPro\ExplorerPro_on4pkfpc_wpftmp.csproj]
         C:\ExplorerPro\Services\TabManagementService.cs(60,51): warning CS8625: Cannot convert null literal to non-nullable reference type. [C:\ExplorerPro\ExplorerPro_on4pkfpc_wpftmp.csproj]
         C:\ExplorerPro\Services\TabManagementService.cs(74,24): warning CS8603: Possible null reference return. [C:\ExplorerPro\ExplorerPro_on4pkfpc_wpftmp.csproj]
         C:\ExplorerPro\Commands\UnifiedTabCommands.cs(89,40): warning CS1998: This async method lacks 'await' operators and will run synchronously. Consider using the 'await' operator to await non-blocking API calls, or 'await Task.Run(...)' to do CPU-bound work on a background thread. [C:\ExplorerPro\ExplorerPro_on4pkfpc_wpftmp.csproj]
         C:\ExplorerPro\Core\Commands\AsyncRelayCommand.cs(20,16): warning CS8618: Non-nullable event 'ExecutionStateChanged' must contain a non-null value when exiting constructor. Consider adding the 'required' modifier or declaring the event as nullable. [C:\ExplorerPro\ExplorerPro_on4pkfpc_wpftmp.csproj]
         C:\ExplorerPro\ViewModels\MainWindowViewModel.cs(198,24): warning CS8603: Possible null reference return. [C:\ExplorerPro\ExplorerPro_on4pkfpc_wpftmp.csproj]
         C:\ExplorerPro\Commands\UnifiedTabCommands.cs(437,20): warning CS8603: Possible null reference return. [C:\ExplorerPro\ExplorerPro_on4pkfpc_wpftmp.csproj]
         C:\ExplorerPro\Services\TabManagementService.cs(106,35): warning CS8600: Converting null literal or possible null value to non-nullable type. [C:\ExplorerPro\ExplorerPro_on4pkfpc_wpftmp.csproj]
         C:\ExplorerPro\Services\TabManagementService.cs(110,49): warning CS8600: Converting null literal or possible null value to non-nullable type. [C:\ExplorerPro\ExplorerPro_on4pkfpc_wpftmp.csproj]
         C:\ExplorerPro\Services\NavigationService.cs(23,16): warning CS8618: Non-nullable field '_activeTabId' must contain a non-null value when exiting constructor. Consider adding the 'required' modifier or declaring the field as nullable. [C:\ExplorerPro\ExplorerPro_on4pkfpc_wpftmp.csproj]
         C:\ExplorerPro\Services\NavigationService.cs(23,16): warning CS8618: Non-nullable event 'PropertyChanged' must contain a non-null value when exiting constructor. Consider adding the 'required' modifier or declaring the event as nullable. [C:\ExplorerPro\ExplorerPro_on4pkfpc_wpftmp.csproj]
         C:\ExplorerPro\Services\NavigationService.cs(23,16): warning CS8618: Non-nullable event 'NavigationRequested' must contain a non-null value when exiting constructor. Consider adding the 'required' modifier or declaring the event as nullable. [C:\ExplorerPro\ExplorerPro_on4pkfpc_wpftmp.csproj]
         C:\ExplorerPro\ViewModels\MainWindowViewModel.cs(265,41): warning CS8603: Possible null reference return. [C:\ExplorerPro\ExplorerPro_on4pkfpc_wpftmp.csproj]
         C:\ExplorerPro\ViewModels\MainWindowViewModel.cs(281,24): warning CS8603: Possible null reference return. [C:\ExplorerPro\ExplorerPro_on4pkfpc_wpftmp.csproj]
         C:\ExplorerPro\Services\NavigationService.cs(95,35): warning CS8625: Cannot convert null literal to non-nullable reference type. [C:\ExplorerPro\ExplorerPro_on4pkfpc_wpftmp.csproj]
         C:\ExplorerPro\Services\NavigationService.cs(166,20): warning CS8603: Possible null reference return. [C:\ExplorerPro\ExplorerPro_on4pkfpc_wpftmp.csproj]
         C:\ExplorerPro\Core\WindowState.cs(38,64): warning CS8618: Non-nullable event 'StateChanged' must contain a non-null value when exiting constructor. Consider adding the 'required' modifier or declaring the event as nullable. [C:\ExplorerPro\ExplorerPro_on4pkfpc_wpftmp.csproj]
         C:\ExplorerPro\FileOperations\FileIconProvider.cs(33,16): warning CS8618: Non-nullable field '_iconCache' must contain a non-null value when exiting constructor. Consider adding the 'required' modifier or declaring the field as nullable. [C:\ExplorerPro\ExplorerPro_on4pkfpc_wpftmp.csproj]
         C:\ExplorerPro\Models\BatchFileOperation.cs(78,23): warning CS8618: Non-nullable property 'Description' must contain a non-null value when exiting constructor. Consider adding the 'required' modifier or declaring the property as nullable. [C:\ExplorerPro\ExplorerPro_on4pkfpc_wpftmp.csproj]
         C:\ExplorerPro\Models\BatchFileOperation.cs(79,46): warning CS8618: Non-nullable property 'ExecuteAsync' must contain a non-null value when exiting constructor. Consider adding the 'required' modifier or declaring the property as nullable. [C:\ExplorerPro\ExplorerPro_on4pkfpc_wpftmp.csproj]
         C:\ExplorerPro\Core\ExceptionHandler.cs(353,26): warning CS8618: Non-nullable property 'Exception' must contain a non-null value when exiting constructor. Consider adding the 'required' modifier or declaring the property as nullable. [C:\ExplorerPro\ExplorerPro_on4pkfpc_wpftmp.csproj]
         C:\ExplorerPro\Core\ExceptionHandler.cs(354,26): warning CS8618: Non-nullable property 'HandlerException' must contain a non-null value when exiting constructor. Consider adding the 'required' modifier or declaring the property as nullable. [C:\ExplorerPro\ExplorerPro_on4pkfpc_wpftmp.csproj]
         C:\ExplorerPro\Core\ExceptionHandler.cs(355,33): warning CS8618: Non-nullable property 'Context' must contain a non-null value when exiting constructor. Consider adding the 'required' modifier or declaring the property as nullable. [C:\ExplorerPro\ExplorerPro_on4pkfpc_wpftmp.csproj]
         C:\ExplorerPro\Core\ExceptionHandler.cs(361,27): warning CS8618: Non-nullable property 'CallerInfo' must contain a non-null value when exiting constructor. Consider adding the 'required' modifier or declaring the property as nullable. [C:\ExplorerPro\ExplorerPro_on4pkfpc_wpftmp.csproj]
         C:\ExplorerPro\FileOperations\FileIconProvider.cs(64,89): warning CS8600: Converting null literal or possible null value to non-nullable type. [C:\ExplorerPro\ExplorerPro_on4pkfpc_wpftmp.csproj]
         C:\ExplorerPro\FileOperations\FileIconProvider.cs(79,24): warning CS8603: Possible null reference return. [C:\ExplorerPro\ExplorerPro_on4pkfpc_wpftmp.csproj]
         C:\ExplorerPro\ViewModels\MainWindowViewModel.cs(327,20): warning CS8603: Possible null reference return. [C:\ExplorerPro\ExplorerPro_on4pkfpc_wpftmp.csproj]
         C:\ExplorerPro\Themes\ThemeManager.cs(135,43): warning CS8622: Nullability of reference types in type of parameter 'sender' of 'void ThemeManager.OnThemeChangeDebounce(object sender, EventArgs e)' doesn't match the target delegate 'EventHandler' (possibly because of nullability attributes). [C:\ExplorerPro\ExplorerPro_on4pkfpc_wpftmp.csproj]
         C:\ExplorerPro\Themes\ThemeManager.cs(117,17): warning CS8618: Non-nullable event 'ThemeChanged' must contain a non-null value when exiting constructor. Consider adding the 'required' modifier or declaring the event as nullable. [C:\ExplorerPro\ExplorerPro_on4pkfpc_wpftmp.csproj]
         C:\ExplorerPro\Themes\ThemeManager.cs(117,17): warning CS8618: Non-nullable event 'ThemeRefreshing' must contain a non-null value when exiting constructor. Consider adding the 'required' modifier or declaring the event as nullable. [C:\ExplorerPro\ExplorerPro_on4pkfpc_wpftmp.csproj]
         C:\ExplorerPro\Themes\ThemeManager.cs(117,17): warning CS8618: Non-nullable event 'ThemeRefreshed' must contain a non-null value when exiting constructor. Consider adding the 'required' modifier or declaring the event as nullable. [C:\ExplorerPro\ExplorerPro_on4pkfpc_wpftmp.csproj]
         C:\ExplorerPro\Themes\ThemeManager.cs(117,17): warning CS8618: Non-nullable property 'DefaultResources' must contain a non-null value when exiting constructor. Consider adding the 'required' modifier or declaring the property as nullable. [C:\ExplorerPro\ExplorerPro_on4pkfpc_wpftmp.csproj]
         C:\ExplorerPro\FileOperations\FileIconProvider.cs(109,89): warning CS8600: Converting null literal or possible null value to non-nullable type. [C:\ExplorerPro\ExplorerPro_on4pkfpc_wpftmp.csproj]
         C:\ExplorerPro\FileOperations\FileIconProvider.cs(146,24): warning CS8603: Possible null reference return. [C:\ExplorerPro\ExplorerPro_on4pkfpc_wpftmp.csproj]
         C:\ExplorerPro\Themes\ThemeManager.cs(176,50): warning CS8622: Nullability of reference types in type of parameter 'sender' of 'void ThemeManager.Application_Activated(object sender, EventArgs e)' doesn't match the target delegate 'EventHandler' (possibly because of nullability attributes). [C:\ExplorerPro\ExplorerPro_on4pkfpc_wpftmp.csproj]
         C:\ExplorerPro\ViewModels\MainWindowViewModel.cs(374,74): warning CS8604: Possible null reference argument for parameter 'tabItem' in 'bool MainWindowViewModel.CloseTab(TabModel tabItem)'. [C:\ExplorerPro\ExplorerPro_on4pkfpc_wpftmp.csproj]
         C:\ExplorerPro\ViewModels\MainWindowViewModel.cs(376,82): warning CS8604: Possible null reference argument for parameter 'tabItem' in 'TabModel MainWindowViewModel.DuplicateTab(TabModel tabItem)'. [C:\ExplorerPro\ExplorerPro_on4pkfpc_wpftmp.csproj]
         C:\ExplorerPro\ViewModels\MainWindowViewModel.cs(377,62): warning CS8622: Nullability of reference types in type of parameter 'tabItem' of 'void MainWindowViewModel.TogglePinTab(TabModel tabItem)' doesn't match the target delegate 'Action<TabModel?>' (possibly because of nullability attributes). [C:\ExplorerPro\ExplorerPro_on4pkfpc_wpftmp.csproj]
         C:\ExplorerPro\Core\WindowLifecycleManager.cs(518,32): warning CS8625: Cannot convert null literal to non-nullable reference type. [C:\ExplorerPro\ExplorerPro_on4pkfpc_wpftmp.csproj]
         C:\ExplorerPro\Core\WindowLifecycleManager.cs(519,32): warning CS8625: Cannot convert null literal to non-nullable reference type. [C:\ExplorerPro\ExplorerPro_on4pkfpc_wpftmp.csproj]
         C:\ExplorerPro\Core\WindowLifecycleManager.cs(516,60): warning CS0252: Possible unintended reference comparison; to get a value comparison, cast the left hand side to type 'MulticastDelegate' [C:\ExplorerPro\ExplorerPro_on4pkfpc_wpftmp.csproj]
         C:\ExplorerPro\Tests\TabManagement\TabDragDropIntegrationTests.cs(112,72): warning CS8625: Cannot convert null literal to non-nullable reference type. [C:\ExplorerPro\ExplorerPro_on4pkfpc_wpftmp.csproj]
         C:\ExplorerPro\Core\WindowLifecycleManager.cs(34,17): warning CS8618: Non-nullable field '_logger' must contain a non-null value when exiting constructor. Consider adding the 'required' modifier or declaring the field as nullable. [C:\ExplorerPro\ExplorerPro_on4pkfpc_wpftmp.csproj]
         C:\ExplorerPro\FileOperations\FileIconProvider.cs(194,24): warning CS8603: Possible null reference return. [C:\ExplorerPro\ExplorerPro_on4pkfpc_wpftmp.csproj]
         C:\ExplorerPro\Models\UndoCommands.cs(374,26): warning CS8601: Possible null reference assignment. [C:\ExplorerPro\ExplorerPro_on4pkfpc_wpftmp.csproj]
         C:\ExplorerPro\Models\UndoCommands.cs(368,16): warning CS8618: Non-nullable field '_sourceDir' must contain a non-null value when exiting constructor. Consider adding the 'required' modifier or declaring the field as nullable. [C:\ExplorerPro\ExplorerPro_on4pkfpc_wpftmp.csproj]
         C:\ExplorerPro\Models\UndoCommands.cs(368,16): warning CS8618: Non-nullable field '_destinationPath' must contain a non-null value when exiting constructor. Consider adding the 'required' modifier or declaring the field as nullable. [C:\ExplorerPro\ExplorerPro_on4pkfpc_wpftmp.csproj]
         C:\ExplorerPro\Themes\ThemeManager.cs(298,20): warning CS8603: Possible null reference return. [C:\ExplorerPro\ExplorerPro_on4pkfpc_wpftmp.csproj]
         C:\ExplorerPro\FileOperations\FileIconProvider.cs(252,28): warning CS8603: Possible null reference return. [C:\ExplorerPro\ExplorerPro_on4pkfpc_wpftmp.csproj]
         C:\ExplorerPro\FileOperations\FileIconProvider.cs(269,24): warning CS8603: Possible null reference return. [C:\ExplorerPro\ExplorerPro_on4pkfpc_wpftmp.csproj]
         C:\ExplorerPro\Themes\ThemeManager.cs(332,20): warning CS8603: Possible null reference return. [C:\ExplorerPro\ExplorerPro_on4pkfpc_wpftmp.csproj]
         C:\ExplorerPro\Commands\UnifiedTabCommands.cs(384,24): warning CS8603: Possible null reference return. [C:\ExplorerPro\ExplorerPro_on4pkfpc_wpftmp.csproj]
         C:\ExplorerPro\Commands\UnifiedTabCommands.cs(67,27): warning CS8618: Non-nullable property 'TabSource' must contain a non-null value when exiting constructor. Consider adding the 'required' modifier or declaring the property as nullable. [C:\ExplorerPro\ExplorerPro_on4pkfpc_wpftmp.csproj]
         C:\ExplorerPro\Commands\UnifiedTabCommands.cs(69,42): warning CS8618: Non-nullable property 'MainTabControl' must contain a non-null value when exiting constructor. Consider adding the 'required' modifier or declaring the property as nullable. [C:\ExplorerPro\ExplorerPro_on4pkfpc_wpftmp.csproj]
         C:\ExplorerPro\Commands\UnifiedTabCommands.cs(70,32): warning CS8618: Non-nullable property 'PaneManager' must contain a non-null value when exiting constructor. Consider adding the 'required' modifier or declaring the property as nullable. [C:\ExplorerPro\ExplorerPro_on4pkfpc_wpftmp.csproj]
         C:\ExplorerPro\Commands\UnifiedTabCommands.cs(71,27): warning CS8618: Non-nullable property 'ParentWindow' must contain a non-null value when exiting constructor. Consider adding the 'required' modifier or declaring the property as nullable. [C:\ExplorerPro\ExplorerPro_on4pkfpc_wpftmp.csproj]
         C:\ExplorerPro\Commands\UnifiedTabCommands.cs(72,28): warning CS8618: Non-nullable property 'Logger' must contain a non-null value when exiting constructor. Consider adding the 'required' modifier or declaring the property as nullable. [C:\ExplorerPro\ExplorerPro_on4pkfpc_wpftmp.csproj]
         C:\ExplorerPro\UI\Controls\TabVisualManager.cs(33,16): warning CS8618: Non-nullable field '_logger' must contain a non-null value when exiting constructor. Consider adding the 'required' modifier or declaring the field as nullable. [C:\ExplorerPro\ExplorerPro_on4pkfpc_wpftmp.csproj]
         C:\ExplorerPro\UI\Controls\TabVisualManager.cs(33,16): warning CS8618: Non-nullable field '_activeBrush' must contain a non-null value when exiting constructor. Consider adding the 'required' modifier or declaring the field as nullable. [C:\ExplorerPro\ExplorerPro_on4pkfpc_wpftmp.csproj]
         C:\ExplorerPro\UI\Controls\TabVisualManager.cs(33,16): warning CS8618: Non-nullable field '_inactiveBrush' must contain a non-null value when exiting constructor. Consider adding the 'required' modifier or declaring the field as nullable. [C:\ExplorerPro\ExplorerPro_on4pkfpc_wpftmp.csproj]
         C:\ExplorerPro\UI\Controls\TabVisualManager.cs(33,16): warning CS8618: Non-nullable field '_hoverBrush' must contain a non-null value when exiting constructor. Consider adding the 'required' modifier or declaring the field as nullable. [C:\ExplorerPro\ExplorerPro_on4pkfpc_wpftmp.csproj]
         C:\ExplorerPro\UI\Controls\TabVisualManager.cs(33,16): warning CS8618: Non-nullable field '_pinnedBrush' must contain a non-null value when exiting constructor. Consider adding the 'required' modifier or declaring the field as nullable. [C:\ExplorerPro\ExplorerPro_on4pkfpc_wpftmp.csproj]
         C:\ExplorerPro\UI\Controls\TabVisualManager.cs(33,16): warning CS8618: Non-nullable event 'ThemeChanged' must contain a non-null value when exiting constructor. Consider adding the 'required' modifier or declaring the event as nullable. [C:\ExplorerPro\ExplorerPro_on4pkfpc_wpftmp.csproj]
         C:\ExplorerPro\UI\Controls\TabVisualManager.cs(33,16): warning CS8618: Non-nullable event 'VisualStateChanged' must contain a non-null value when exiting constructor. Consider adding the 'required' modifier or declaring the event as nullable. [C:\ExplorerPro\ExplorerPro_on4pkfpc_wpftmp.csproj]
         C:\ExplorerPro\Core\WindowLifecycleManager.cs(113,82): warning CS8625: Cannot convert null literal to non-nullable reference type. [C:\ExplorerPro\ExplorerPro_on4pkfpc_wpftmp.csproj]
         C:\ExplorerPro\Models\UndoCommands.cs(296,16): warning CS8618: Non-nullable field '_copiedPath' must contain a non-null value when exiting constructor. Consider adding the 'required' modifier or declaring the field as nullable. [C:\ExplorerPro\ExplorerPro_on4pkfpc_wpftmp.csproj]
         C:\ExplorerPro\Themes\ThemeManager.cs(421,20): warning CS8603: Possible null reference return. [C:\ExplorerPro\ExplorerPro_on4pkfpc_wpftmp.csproj]
         C:\ExplorerPro\Core\WindowLifecycleManager.cs(126,22): warning CS8625: Cannot convert null literal to non-nullable reference type. [C:\ExplorerPro\ExplorerPro_on4pkfpc_wpftmp.csproj]
         C:\ExplorerPro\Models\BatchFileOperation.cs(102,23): warning CS8618: Non-nullable property 'CurrentOperation' must contain a non-null value when exiting constructor. Consider adding the 'required' modifier or declaring the property as nullable. [C:\ExplorerPro\ExplorerPro_on4pkfpc_wpftmp.csproj]
         C:\ExplorerPro\Models\UndoCommands.cs(235,26): warning CS8601: Possible null reference assignment. [C:\ExplorerPro\ExplorerPro_on4pkfpc_wpftmp.csproj]
         C:\ExplorerPro\Models\UndoCommands.cs(230,16): warning CS8618: Non-nullable field '_parentDir' must contain a non-null value when exiting constructor. Consider adding the 'required' modifier or declaring the field as nullable. [C:\ExplorerPro\ExplorerPro_on4pkfpc_wpftmp.csproj]
         C:\ExplorerPro\ViewModels\MainWindowTabsViewModel.cs(34,16): warning CS8618: Non-nullable field '_logger' must contain a non-null value when exiting constructor. Consider adding the 'required' modifier or declaring the field as nullable. [C:\ExplorerPro\ExplorerPro_on4pkfpc_wpftmp.csproj]
         C:\ExplorerPro\ViewModels\MainWindowTabsViewModel.cs(34,16): warning CS8618: Non-nullable field '_threadSafeOperations' must contain a non-null value when exiting constructor. Consider adding the 'required' modifier or declaring the field as nullable. [C:\ExplorerPro\ExplorerPro_on4pkfpc_wpftmp.csproj]
         C:\ExplorerPro\ViewModels\MainWindowTabsViewModel.cs(34,16): warning CS8618: Non-nullable property 'NewTabCommand' must contain a non-null value when exiting constructor. Consider adding the 'required' modifier or declaring the property as nullable. [C:\ExplorerPro\ExplorerPro_on4pkfpc_wpftmp.csproj]
         C:\ExplorerPro\ViewModels\MainWindowTabsViewModel.cs(34,16): warning CS8618: Non-nullable property 'CloseTabCommand' must contain a non-null value when exiting constructor. Consider adding the 'required' modifier or declaring the property as nullable. [C:\ExplorerPro\ExplorerPro_on4pkfpc_wpftmp.csproj]
         C:\ExplorerPro\ViewModels\MainWindowTabsViewModel.cs(34,16): warning CS8618: Non-nullable property 'DuplicateTabCommand' must contain a non-null value when exiting constructor. Consider adding the 'required' modifier or declaring the property as nullable. [C:\ExplorerPro\ExplorerPro_on4pkfpc_wpftmp.csproj]
         C:\ExplorerPro\ViewModels\MainWindowTabsViewModel.cs(34,16): warning CS8618: Non-nullable property 'RenameTabCommand' must contain a non-null value when exiting constructor. Consider adding the 'required' modifier or declaring the property as nullable. [C:\ExplorerPro\ExplorerPro_on4pkfpc_wpftmp.csproj]
         C:\ExplorerPro\ViewModels\MainWindowTabsViewModel.cs(34,16): warning CS8618: Non-nullable property 'ChangeTabColorCommand' must contain a non-null value when exiting constructor. Consider adding the 'required' modifier or declaring the property as nullable. [C:\ExplorerPro\ExplorerPro_on4pkfpc_wpftmp.csproj]
         C:\ExplorerPro\ViewModels\MainWindowTabsViewModel.cs(34,16): warning CS8618: Non-nullable property 'ClearTabColorCommand' must contain a non-null value when exiting constructor. Consider adding the 'required' modifier or declaring the property as nullable. [C:\ExplorerPro\ExplorerPro_on4pkfpc_wpftmp.csproj]
         C:\ExplorerPro\ViewModels\MainWindowTabsViewModel.cs(34,16): warning CS8618: Non-nullable property 'TogglePinTabCommand' must contain a non-null value when exiting constructor. Consider adding the 'required' modifier or declaring the property as nullable. [C:\ExplorerPro\ExplorerPro_on4pkfpc_wpftmp.csproj]
         C:\ExplorerPro\ViewModels\MainWindowTabsViewModel.cs(34,16): warning CS8618: Non-nullable property 'NextTabCommand' must contain a non-null value when exiting constructor. Consider adding the 'required' modifier or declaring the property as nullable. [C:\ExplorerPro\ExplorerPro_on4pkfpc_wpftmp.csproj]
         C:\ExplorerPro\ViewModels\MainWindowTabsViewModel.cs(34,16): warning CS8618: Non-nullable property 'PreviousTabCommand' must contain a non-null value when exiting constructor. Consider adding the 'required' modifier or declaring the property as nullable. [C:\ExplorerPro\ExplorerPro_on4pkfpc_wpftmp.csproj]
         C:\ExplorerPro\ViewModels\MainWindowTabsViewModel.cs(34,16): warning CS8618: Non-nullable property 'MoveTabCommand' must contain a non-null value when exiting constructor. Consider adding the 'required' modifier or declaring the property as nullable. [C:\ExplorerPro\ExplorerPro_on4pkfpc_wpftmp.csproj]
         C:\ExplorerPro\ViewModels\MainWindowTabsViewModel.cs(34,16): warning CS8618: Non-nullable property 'ActivateTabCommand' must contain a non-null value when exiting constructor. Consider adding the 'required' modifier or declaring the property as nullable. [C:\ExplorerPro\ExplorerPro_on4pkfpc_wpftmp.csproj]
         C:\ExplorerPro\Tests\ServiceIntegrationTests.cs(39,38): warning CS8604: Possible null reference argument for parameter 'logger' in 'Task<ServiceIntegrationManager> ServiceIntegrationManager.CreateAsync(IServiceProvider serviceProvider, ILogger<ServiceIntegrationManager> logger = null, CancellationToken cancellationToken = default(CancellationToken))'. [C:\ExplorerPro\ExplorerPro_on4pkfpc_wpftmp.csproj]
         C:\ExplorerPro\Tests\ServiceIntegrationTests.cs(64,50): warning CS8625: Cannot convert null literal to non-nullable reference type. [C:\ExplorerPro\ExplorerPro_on4pkfpc_wpftmp.csproj]
         C:\ExplorerPro\Models\UndoCommands.cs(159,16): warning CS8618: Non-nullable field '_createdPath' must contain a non-null value when exiting constructor. Consider adding the 'required' modifier or declaring the field as nullable. [C:\ExplorerPro\ExplorerPro_on4pkfpc_wpftmp.csproj]
         C:\ExplorerPro\Utilities\PathUtils.cs(184,28): warning CS8603: Possible null reference return. [C:\ExplorerPro\ExplorerPro_on4pkfpc_wpftmp.csproj]
         C:\ExplorerPro\Utilities\PathUtils.cs(190,28): warning CS8603: Possible null reference return. [C:\ExplorerPro\ExplorerPro_on4pkfpc_wpftmp.csproj]
         C:\ExplorerPro\Utilities\PathUtils.cs(194,36): warning CS8600: Converting null literal or possible null value to non-nullable type. [C:\ExplorerPro\ExplorerPro_on4pkfpc_wpftmp.csproj]
         C:\ExplorerPro\Utilities\PathUtils.cs(214,24): warning CS8603: Possible null reference return. [C:\ExplorerPro\ExplorerPro_on4pkfpc_wpftmp.csproj]
         C:\ExplorerPro\Services\NavigationService.cs(244,20): warning CS8603: Possible null reference return. [C:\ExplorerPro\ExplorerPro_on4pkfpc_wpftmp.csproj]
         C:\ExplorerPro\UI\Controls\ChromeStyleTabControl.cs(213,16): warning CS8618: Non-nullable event 'NewTabRequested' must contain a non-null value when exiting constructor. Consider adding the 'required' modifier or declaring the event as nullable. [C:\ExplorerPro\ExplorerPro_on4pkfpc_wpftmp.csproj]
         C:\ExplorerPro\UI\Controls\ChromeStyleTabControl.cs(213,16): warning CS8618: Non-nullable event 'TabCloseRequested' must contain a non-null value when exiting constructor. Consider adding the 'required' modifier or declaring the event as nullable. [C:\ExplorerPro\ExplorerPro_on4pkfpc_wpftmp.csproj]
         C:\ExplorerPro\UI\Controls\ChromeStyleTabControl.cs(213,16): warning CS8618: Non-nullable event 'TabDragged' must contain a non-null value when exiting constructor. Consider adding the 'required' modifier or declaring the event as nullable. [C:\ExplorerPro\ExplorerPro_on4pkfpc_wpftmp.csproj]
         C:\ExplorerPro\UI\Controls\ChromeStyleTabControl.cs(213,16): warning CS8618: Non-nullable event 'TabDragStarted' must contain a non-null value when exiting constructor. Consider adding the 'required' modifier or declaring the event as nullable. [C:\ExplorerPro\ExplorerPro_on4pkfpc_wpftmp.csproj]
         C:\ExplorerPro\UI\Controls\ChromeStyleTabControl.cs(213,16): warning CS8618: Non-nullable event 'TabDragging' must contain a non-null value when exiting constructor. Consider adding the 'required' modifier or declaring the event as nullable. [C:\ExplorerPro\ExplorerPro_on4pkfpc_wpftmp.csproj]
         C:\ExplorerPro\UI\Controls\ChromeStyleTabControl.cs(213,16): warning CS8618: Non-nullable event 'TabDragCompleted' must contain a non-null value when exiting constructor. Consider adding the 'required' modifier or declaring the event as nullable. [C:\ExplorerPro\ExplorerPro_on4pkfpc_wpftmp.csproj]
         C:\ExplorerPro\UI\Controls\ChromeStyleTabControl.cs(213,16): warning CS8618: Non-nullable event 'TabMetadataChanged' must contain a non-null value when exiting constructor. Consider adding the 'required' modifier or declaring the event as nullable. [C:\ExplorerPro\ExplorerPro_on4pkfpc_wpftmp.csproj]
         C:\ExplorerPro\UI\Controls\ChromeStyleTabControl.cs(213,16): warning CS8618: Non-nullable field '_draggedTab' must contain a non-null value when exiting constructor. Consider adding the 'required' modifier or declaring the field as nullable. [C:\ExplorerPro\ExplorerPro_on4pkfpc_wpftmp.csproj]
         C:\ExplorerPro\UI\Controls\ChromeStyleTabControl.cs(213,16): warning CS8618: Non-nullable field '_tabOperationsManager' must contain a non-null value when exiting constructor. Consider adding the 'required' modifier or declaring the field as nullable. [C:\ExplorerPro\ExplorerPro_on4pkfpc_wpftmp.csproj]
         C:\ExplorerPro\UI\Controls\ChromeStyleTabControl.cs(213,16): warning CS8618: Non-nullable field '_dragDropService' must contain a non-null value when exiting constructor. Consider adding the 'required' modifier or declaring the field as nullable. [C:\ExplorerPro\ExplorerPro_on4pkfpc_wpftmp.csproj]
         C:\ExplorerPro\UI\Controls\ChromeStyleTabControl.cs(213,16): warning CS8618: Non-nullable field '_currentDragOperation' must contain a non-null value when exiting constructor. Consider adding the 'required' modifier or declaring the field as nullable. [C:\ExplorerPro\ExplorerPro_on4pkfpc_wpftmp.csproj]
         C:\ExplorerPro\UI\Controls\ChromeStyleTabControl.cs(213,16): warning CS8618: Non-nullable field '_insertionIndicator' must contain a non-null value when exiting constructor. Consider adding the 'required' modifier or declaring the field as nullable. [C:\ExplorerPro\ExplorerPro_on4pkfpc_wpftmp.csproj]
         C:\ExplorerPro\UI\Controls\ChromeStyleTabControl.cs(213,16): warning CS8618: Non-nullable field '_detachPreviewWindow' must contain a non-null value when exiting constructor. Consider adding the 'required' modifier or declaring the field as nullable. [C:\ExplorerPro\ExplorerPro_on4pkfpc_wpftmp.csproj]
         C:\ExplorerPro\UI\Controls\ChromeStyleTabControl.cs(213,16): warning CS8618: Non-nullable field '_dragVisualWindow' must contain a non-null value when exiting constructor. Consider adding the 'required' modifier or declaring the field as nullable. [C:\ExplorerPro\ExplorerPro_on4pkfpc_wpftmp.csproj]
         C:\ExplorerPro\UI\Controls\ChromeStyleTabControl.cs(213,16): warning CS8618: Non-nullable field '_insertionLine' must contain a non-null value when exiting constructor. Consider adding the 'required' modifier or declaring the field as nullable. [C:\ExplorerPro\ExplorerPro_on4pkfpc_wpftmp.csproj]
         C:\ExplorerPro\UI\Controls\ChromeStyleTabControl.cs(213,16): warning CS8618: Non-nullable field '_currentAnimation' must contain a non-null value when exiting constructor. Consider adding the 'required' modifier or declaring the field as nullable. [C:\ExplorerPro\ExplorerPro_on4pkfpc_wpftmp.csproj]
         C:\ExplorerPro\Models\UndoCommands.cs(88,16): warning CS8618: Non-nullable field '_createdPath' must contain a non-null value when exiting constructor. Consider adding the 'required' modifier or declaring the field as nullable. [C:\ExplorerPro\ExplorerPro_on4pkfpc_wpftmp.csproj]
         C:\ExplorerPro\UI\Dialogs\TextInputDialog.xaml.cs(22,16): warning CS8618: Non-nullable property 'InputText' must contain a non-null value when exiting constructor. Consider adding the 'required' modifier or declaring the property as nullable. [C:\ExplorerPro\ExplorerPro_on4pkfpc_wpftmp.csproj]
         C:\ExplorerPro\UI\Controls\ChromeStyleTabControl.cs(302,27): warning CS8625: Cannot convert null literal to non-nullable reference type. [C:\ExplorerPro\ExplorerPro_on4pkfpc_wpftmp.csproj]
         C:\ExplorerPro\Themes\ThemeManager.cs(568,51): warning CS8600: Converting null literal or possible null value to non-nullable type. [C:\ExplorerPro\ExplorerPro_on4pkfpc_wpftmp.csproj]
         C:\ExplorerPro\Themes\ThemeManager.cs(569,47): warning CS8600: Converting null literal or possible null value to non-nullable type. [C:\ExplorerPro\ExplorerPro_on4pkfpc_wpftmp.csproj]
         C:\ExplorerPro\Models\UndoCommands.cs(33,16): warning CS8618: Non-nullable field '_newPath' must contain a non-null value when exiting constructor. Consider adding the 'required' modifier or declaring the field as nullable. [C:\ExplorerPro\ExplorerPro_on4pkfpc_wpftmp.csproj]
         C:\ExplorerPro\Tests\ServiceIntegrationTests.cs(106,65): warning CS8604: Possible null reference argument for parameter 'tabManagerService' in 'ThreadSafeTabOperations.ThreadSafeTabOperations(ITabManagerService tabManagerService, ILogger<ThreadSafeTabOperations> logger = null, Dispatcher dispatcher = null)'. [C:\ExplorerPro\ExplorerPro_on4pkfpc_wpftmp.csproj]
         C:\ExplorerPro\Tests\ServiceIntegrationTests.cs(118,25): warning CS8625: Cannot convert null literal to non-nullable reference type. [C:\ExplorerPro\ExplorerPro_on4pkfpc_wpftmp.csproj]
         C:\ExplorerPro\Models\TabNavigationHistory.cs(22,16): warning CS8618: Non-nullable field '_current' must contain a non-null value when exiting constructor. Consider adding the 'required' modifier or declaring the field as nullable. [C:\ExplorerPro\ExplorerPro_on4pkfpc_wpftmp.csproj]
         C:\ExplorerPro\Models\TabNavigationHistory.cs(22,16): warning CS8618: Non-nullable event 'PropertyChanged' must contain a non-null value when exiting constructor. Consider adding the 'required' modifier or declaring the event as nullable. [C:\ExplorerPro\ExplorerPro_on4pkfpc_wpftmp.csproj]
         C:\ExplorerPro\Models\TabNavigationHistory.cs(41,53): warning CS8603: Possible null reference return. [C:\ExplorerPro\ExplorerPro_on4pkfpc_wpftmp.csproj]
         C:\ExplorerPro\UI\Converters\ColorToBrushConverter.cs(43,42): warning CS8605: Unboxing a possibly null value. [C:\ExplorerPro\ExplorerPro_on4pkfpc_wpftmp.csproj]
         C:\ExplorerPro\UI\FileTree\VirtualizingTreeView.cs(103,21): warning CS8604: Possible null reference argument for parameter 'item' in 'void Collection<T>.Add(T item)'. [C:\ExplorerPro\ExplorerPro_on4pkfpc_wpftmp.csproj]
         C:\ExplorerPro\UI\Controls\ChromeStyleTabControl.cs(486,39): warning CS8625: Cannot convert null literal to non-nullable reference type. [C:\ExplorerPro\ExplorerPro_on4pkfpc_wpftmp.csproj]
         C:\ExplorerPro\UI\Controls\ChromeStyleTabControl.cs(487,49): warning CS8625: Cannot convert null literal to non-nullable reference type. [C:\ExplorerPro\ExplorerPro_on4pkfpc_wpftmp.csproj]
         C:\ExplorerPro\Tests\ServiceIntegrationTests.cs(179,38): warning CS8604: Possible null reference argument for parameter 'logger' in 'Task<ServiceIntegrationManager> ServiceIntegrationManager.CreateAsync(IServiceProvider serviceProvider, ILogger<ServiceIntegrationManager> logger = null, CancellationToken cancellationToken = default(CancellationToken))'. [C:\ExplorerPro\ExplorerPro_on4pkfpc_wpftmp.csproj]
         C:\ExplorerPro\UI\Controls\ChromeStyleTabControl.cs(515,27): warning CS8625: Cannot convert null literal to non-nullable reference type. [C:\ExplorerPro\ExplorerPro_on4pkfpc_wpftmp.csproj]
         C:\ExplorerPro\Models\ConfigManager.cs(71,20): warning CS8603: Possible null reference return. [C:\ExplorerPro\ExplorerPro_on4pkfpc_wpftmp.csproj]
         C:\ExplorerPro\Themes\ThemeManager.cs(31,37): warning CS8618: Non-nullable field '_instance' must contain a non-null value when exiting constructor. Consider adding the 'required' modifier or declaring the field as nullable. [C:\ExplorerPro\ExplorerPro_on4pkfpc_wpftmp.csproj]
         C:\ExplorerPro\Core\WindowLifecycleManager.cs(414,20): warning CS8618: Non-nullable property 'CleanupSubscription' must contain a non-null value when exiting constructor. Consider adding the 'required' modifier or declaring the property as nullable. [C:\ExplorerPro\ExplorerPro_on4pkfpc_wpftmp.csproj]
         C:\ExplorerPro\Core\WindowLifecycleManager.cs(422,24): warning CS8603: Possible null reference return. [C:\ExplorerPro\ExplorerPro_on4pkfpc_wpftmp.csproj]
         C:\ExplorerPro\UI\FileTree\Commands\FileOperationHandler.cs(56,16): warning CS8618: Non-nullable event 'DirectoryRefreshRequested' must contain a non-null value when exiting constructor. Consider adding the 'required' modifier or declaring the event as nullable. [C:\ExplorerPro\ExplorerPro_on4pkfpc_wpftmp.csproj]
         C:\ExplorerPro\UI\FileTree\Commands\FileOperationHandler.cs(56,16): warning CS8618: Non-nullable event 'MultipleDirectoriesRefreshRequested' must contain a non-null value when exiting constructor. Consider adding the 'required' modifier or declaring the event as nullable. [C:\ExplorerPro\ExplorerPro_on4pkfpc_wpftmp.csproj]
         C:\ExplorerPro\UI\FileTree\Commands\FileOperationHandler.cs(56,16): warning CS8618: Non-nullable event 'OperationError' must contain a non-null value when exiting constructor. Consider adding the 'required' modifier or declaring the event as nullable. [C:\ExplorerPro\ExplorerPro_on4pkfpc_wpftmp.csproj]
         C:\ExplorerPro\UI\FileTree\Commands\FileOperationHandler.cs(56,16): warning CS8618: Non-nullable event 'PasteCompleted' must contain a non-null value when exiting constructor. Consider adding the 'required' modifier or declaring the event as nullable. [C:\ExplorerPro\ExplorerPro_on4pkfpc_wpftmp.csproj]
         C:\ExplorerPro\Core\WindowInitializationContext.cs(24,16): warning CS8618: Non-nullable property 'LastError' must contain a non-null value when exiting constructor. Consider adding the 'required' modifier or declaring the property as nullable. [C:\ExplorerPro\ExplorerPro_on4pkfpc_wpftmp.csproj]
         C:\ExplorerPro\UI\Controls\ChromeStyleTabControl.cs(588,38): warning CS8629: Nullable value type may be null. [C:\ExplorerPro\ExplorerPro_on4pkfpc_wpftmp.csproj]
         C:\ExplorerPro\Core\WindowInitializationContext.cs(84,24): warning CS8603: Possible null reference return. [C:\ExplorerPro\ExplorerPro_on4pkfpc_wpftmp.csproj]
         C:\ExplorerPro\ViewModels\MainWindowTabsViewModel.cs(567,33): warning CS8625: Cannot convert null literal to non-nullable reference type. [C:\ExplorerPro\ExplorerPro_on4pkfpc_wpftmp.csproj]
         C:\ExplorerPro\ViewModels\MainWindowTabsViewModel.cs(568,35): warning CS8625: Cannot convert null literal to non-nullable reference type. [C:\ExplorerPro\ExplorerPro_on4pkfpc_wpftmp.csproj]
         C:\ExplorerPro\ViewModels\MainWindowTabsViewModel.cs(569,39): warning CS8625: Cannot convert null literal to non-nullable reference type. [C:\ExplorerPro\ExplorerPro_on4pkfpc_wpftmp.csproj]
         C:\ExplorerPro\ViewModels\MainWindowTabsViewModel.cs(570,36): warning CS8625: Cannot convert null literal to non-nullable reference type. [C:\ExplorerPro\ExplorerPro_on4pkfpc_wpftmp.csproj]
         C:\ExplorerPro\ViewModels\MainWindowTabsViewModel.cs(571,41): warning CS8625: Cannot convert null literal to non-nullable reference type. [C:\ExplorerPro\ExplorerPro_on4pkfpc_wpftmp.csproj]
         C:\ExplorerPro\ViewModels\MainWindowTabsViewModel.cs(572,40): warning CS8625: Cannot convert null literal to non-nullable reference type. [C:\ExplorerPro\ExplorerPro_on4pkfpc_wpftmp.csproj]
         C:\ExplorerPro\ViewModels\MainWindowTabsViewModel.cs(573,39): warning CS8625: Cannot convert null literal to non-nullable reference type. [C:\ExplorerPro\ExplorerPro_on4pkfpc_wpftmp.csproj]
         C:\ExplorerPro\ViewModels\MainWindowTabsViewModel.cs(574,34): warning CS8625: Cannot convert null literal to non-nullable reference type. [C:\ExplorerPro\ExplorerPro_on4pkfpc_wpftmp.csproj]
         C:\ExplorerPro\ViewModels\MainWindowTabsViewModel.cs(575,38): warning CS8625: Cannot convert null literal to non-nullable reference type. [C:\ExplorerPro\ExplorerPro_on4pkfpc_wpftmp.csproj]
         C:\ExplorerPro\ViewModels\MainWindowTabsViewModel.cs(576,34): warning CS8625: Cannot convert null literal to non-nullable reference type. [C:\ExplorerPro\ExplorerPro_on4pkfpc_wpftmp.csproj]
         C:\ExplorerPro\ViewModels\MainWindowTabsViewModel.cs(577,38): warning CS8625: Cannot convert null literal to non-nullable reference type. [C:\ExplorerPro\ExplorerPro_on4pkfpc_wpftmp.csproj]
         C:\ExplorerPro\UI\Controls\TabVisualManager.cs(633,20): warning CS8603: Possible null reference return. [C:\ExplorerPro\ExplorerPro_on4pkfpc_wpftmp.csproj]
         C:\ExplorerPro\UI\Controls\TabVisualManager.cs(638,20): warning CS8603: Possible null reference return. [C:\ExplorerPro\ExplorerPro_on4pkfpc_wpftmp.csproj]
         C:\ExplorerPro\Core\WeakEventHelper.cs(48,85): warning CS8604: Possible null reference argument for parameter 'sender' in 'void WeakEventHandler<TEventArgs>.Handle(object sender, TEventArgs e)'. [C:\ExplorerPro\ExplorerPro_on4pkfpc_wpftmp.csproj]
         C:\ExplorerPro\UI\Dialogs\RenameDialog.xaml.cs(27,69): warning CS8625: Cannot convert null literal to non-nullable reference type. [C:\ExplorerPro\ExplorerPro_on4pkfpc_wpftmp.csproj]
         C:\ExplorerPro\UI\Dialogs\RenameDialog.xaml.cs(27,75): warning CS8625: Cannot convert null literal to non-nullable reference type. [C:\ExplorerPro\ExplorerPro_on4pkfpc_wpftmp.csproj]
         C:\ExplorerPro\Models\TabNavigationHistory.cs(93,20): warning CS8603: Possible null reference return. [C:\ExplorerPro\ExplorerPro_on4pkfpc_wpftmp.csproj]
         C:\ExplorerPro\Core\WeakEventHelper.cs(72,58): warning CS8601: Possible null reference assignment. [C:\ExplorerPro\ExplorerPro_on4pkfpc_wpftmp.csproj]
         C:\ExplorerPro\Models\TabNavigationHistory.cs(109,20): warning CS8603: Possible null reference return. [C:\ExplorerPro\ExplorerPro_on4pkfpc_wpftmp.csproj]
         C:\ExplorerPro\Models\TabNavigationHistory.cs(126,24): warning CS8625: Cannot convert null literal to non-nullable reference type. [C:\ExplorerPro\ExplorerPro_on4pkfpc_wpftmp.csproj]
         C:\ExplorerPro\Core\UIThreadHelper.cs(10,51): warning CS8603: Possible null reference return. [C:\ExplorerPro\ExplorerPro_on4pkfpc_wpftmp.csproj]
         C:\ExplorerPro\UI\Dialogs\RenameDialog.xaml.cs(113,30): warning CS8604: Possible null reference argument for parameter 'name' in 'bool RenameDialog.ValidateName(string name)'. [C:\ExplorerPro\ExplorerPro_on4pkfpc_wpftmp.csproj]
         C:\ExplorerPro\UI\Controls\ChromeStyleTabControl.cs(741,29): warning CS8629: Nullable value type may be null. [C:\ExplorerPro\ExplorerPro_on4pkfpc_wpftmp.csproj]
         C:\ExplorerPro\Core\UIThreadHelper.cs(56,44): warning CS8603: Possible null reference return. [C:\ExplorerPro\ExplorerPro_on4pkfpc_wpftmp.csproj]
         C:\ExplorerPro\Models\TabNavigationHistory.cs(160,24): warning CS8601: Possible null reference assignment. [C:\ExplorerPro\ExplorerPro_on4pkfpc_wpftmp.csproj]
         C:\ExplorerPro\Utilities\Extensions.cs(54,32): warning CS8600: Converting null literal or possible null value to non-nullable type. [C:\ExplorerPro\ExplorerPro_on4pkfpc_wpftmp.csproj]
         C:\ExplorerPro\Utilities\Extensions.cs(66,17): warning CS8602: Dereference of a possibly null reference. [C:\ExplorerPro\ExplorerPro_on4pkfpc_wpftmp.csproj]
         C:\ExplorerPro\Tests\Phase6ValidationTests.cs(137,21): warning CS0219: The variable 'backgroundTestCompleted' is assigned but its value is never used [C:\ExplorerPro\ExplorerPro_on4pkfpc_wpftmp.csproj]
         C:\ExplorerPro\UI\MainWindow\TabIntegrationBridge.cs(350,20): warning CS8603: Possible null reference return. [C:\ExplorerPro\ExplorerPro_on4pkfpc_wpftmp.csproj]
         C:\ExplorerPro\UI\Controls\ChromeStyleTabControl.cs(769,39): warning CS8600: Converting null literal or possible null value to non-nullable type. [C:\ExplorerPro\ExplorerPro_on4pkfpc_wpftmp.csproj]
         C:\ExplorerPro\UI\Controls\ChromeStyleTabControl.cs(785,65): warning CS8604: Possible null reference argument for parameter 'targetWindow' in 'bool ITabDragDropService.CompleteDrag(Window targetWindow, Point dropPoint)'. [C:\ExplorerPro\ExplorerPro_on4pkfpc_wpftmp.csproj]
         C:\ExplorerPro\UI\Controls\ChromeStyleTabControl.cs(841,29): warning CS8629: Nullable value type may be null. [C:\ExplorerPro\ExplorerPro_on4pkfpc_wpftmp.csproj]
         C:\ExplorerPro\UI\Controls\ChromeStyleTabControl.cs(896,35): warning CS8625: Cannot convert null literal to non-nullable reference type. [C:\ExplorerPro\ExplorerPro_on4pkfpc_wpftmp.csproj]
         C:\ExplorerPro\UI\Controls\ChromeStyleTabControl.cs(897,45): warning CS8625: Cannot convert null literal to non-nullable reference type. [C:\ExplorerPro\ExplorerPro_on4pkfpc_wpftmp.csproj]
         C:\ExplorerPro\Utilities\Extensions.cs(126,40): warning CS8603: Possible null reference return. [C:\ExplorerPro\ExplorerPro_on4pkfpc_wpftmp.csproj]
         C:\ExplorerPro\Utilities\Extensions.cs(128,28): warning CS8600: Converting null literal or possible null value to non-nullable type. [C:\ExplorerPro\ExplorerPro_on4pkfpc_wpftmp.csproj]
         C:\ExplorerPro\Utilities\Extensions.cs(164,20): warning CS8603: Possible null reference return. [C:\ExplorerPro\ExplorerPro_on4pkfpc_wpftmp.csproj]
         C:\ExplorerPro\UI\MainWindow\TabIntegrationBridge.cs(36,16): warning CS8618: Non-nullable field '_logger' must contain a non-null value when exiting constructor. Consider adding the 'required' modifier or declaring the field as nullable. [C:\ExplorerPro\ExplorerPro_on4pkfpc_wpftmp.csproj]
         C:\ExplorerPro\UI\MainWindow\TabIntegrationBridge.cs(36,16): warning CS8618: Non-nullable field '_modernTabControl' must contain a non-null value when exiting constructor. Consider adding the 'required' modifier or declaring the field as nullable. [C:\ExplorerPro\ExplorerPro_on4pkfpc_wpftmp.csproj]
         C:\ExplorerPro\UI\MainWindow\TabIntegrationBridge.cs(36,16): warning CS8618: Non-nullable field '_legacyTabControl' must contain a non-null value when exiting constructor. Consider adding the 'required' modifier or declaring the field as nullable. [C:\ExplorerPro\ExplorerPro_on4pkfpc_wpftmp.csproj]
         C:\ExplorerPro\Utilities\Extensions.cs(181,28): warning CS8603: Possible null reference return. [C:\ExplorerPro\ExplorerPro_on4pkfpc_wpftmp.csproj]
         C:\ExplorerPro\UI\Controls\ChromeStyleTabControl.cs(924,29): warning CS8604: Possible null reference argument for parameter 'tab' in 'bool TabOperationsManager.ReorderTab(ChromeStyleTabControl tabControl, TabModel tab, int newIndex)'. [C:\ExplorerPro\ExplorerPro_on4pkfpc_wpftmp.csproj]
         C:\ExplorerPro\UI\Controls\TabVirtualizationManager.cs(722,23): warning CS8618: Non-nullable property 'TabId' must contain a non-null value when exiting constructor. Consider adding the 'required' modifier or declaring the property as nullable. [C:\ExplorerPro\ExplorerPro_on4pkfpc_wpftmp.csproj]
         C:\ExplorerPro\UI\FileTree\ContextMenuProvider.cs(231,57): warning CS8625: Cannot convert null literal to non-nullable reference type. [C:\ExplorerPro\ExplorerPro_on4pkfpc_wpftmp.csproj]
         C:\ExplorerPro\UI\FileTree\ContextMenuProvider.cs(247,56): warning CS8604: Possible null reference argument for parameter 'targetPath' in 'void ContextMenuProvider.ExtractArchive(string archivePath, string targetPath)'. [C:\ExplorerPro\ExplorerPro_on4pkfpc_wpftmp.csproj]
         C:\ExplorerPro\UI\MainWindow\TabIntegrationBridge.cs(129,37): warning CS8601: Possible null reference assignment. [C:\ExplorerPro\ExplorerPro_on4pkfpc_wpftmp.csproj]
         C:\ExplorerPro\Tests\Phase6ValidationTests.cs(195,74): warning CS1998: This async method lacks 'await' operators and will run synchronously. Consider using the 'await' operator to await non-blocking API calls, or 'await Task.Run(...)' to do CPU-bound work on a background thread. [C:\ExplorerPro\ExplorerPro_on4pkfpc_wpftmp.csproj]
         C:\ExplorerPro\Models\MetadataManager.cs(77,39): warning CS8622: Nullability of reference types in type of parameter 'state' of 'void MetadataManager.PerformCleanup(object state)' doesn't match the target delegate 'TimerCallback' (possibly because of nullability attributes). [C:\ExplorerPro\ExplorerPro_on4pkfpc_wpftmp.csproj]
         C:\ExplorerPro\Core\TransactionalOperation.cs(200,20): warning CS8603: Possible null reference return. [C:\ExplorerPro\ExplorerPro_on4pkfpc_wpftmp.csproj]
         C:\ExplorerPro\Utilities\Extensions.cs(362,20): warning CS8603: Possible null reference return. [C:\ExplorerPro\ExplorerPro_on4pkfpc_wpftmp.csproj]
         C:\ExplorerPro\UI\Controls\ChromeStyleTabControl.cs(962,45): warning CS8625: Cannot convert null literal to non-nullable reference type. [C:\ExplorerPro\ExplorerPro_on4pkfpc_wpftmp.csproj]
         C:\ExplorerPro\UI\Controls\ChromeStyleTabControl.cs(993,33): warning CS8604: Possible null reference argument for parameter 'tab' in 'bool TabOperationsManager.ReorderTab(ChromeStyleTabControl tabControl, TabModel tab, int newIndex)'. [C:\ExplorerPro\ExplorerPro_on4pkfpc_wpftmp.csproj]
         C:\ExplorerPro\UI\Controls\ChromeStyleTabControl.cs(1058,31): warning CS8625: Cannot convert null literal to non-nullable reference type. [C:\ExplorerPro\ExplorerPro_on4pkfpc_wpftmp.csproj]
         C:\ExplorerPro\UI\Controls\ChromeStyleTabControl.cs(1059,41): warning CS8625: Cannot convert null literal to non-nullable reference type. [C:\ExplorerPro\ExplorerPro_on4pkfpc_wpftmp.csproj]
         C:\ExplorerPro\UI\Controls\TabVirtualizationManager.cs(715,23): warning CS8618: Non-nullable property 'TabId' must contain a non-null value when exiting constructor. Consider adding the 'required' modifier or declaring the property as nullable. [C:\ExplorerPro\ExplorerPro_on4pkfpc_wpftmp.csproj]
         C:\ExplorerPro\Models\MetadataManager.cs(937,29): warning CS8618: Non-nullable property 'PinnedItems' must contain a non-null value when exiting constructor. Consider adding the 'required' modifier or declaring the property as nullable. [C:\ExplorerPro\ExplorerPro_on4pkfpc_wpftmp.csproj]
         C:\ExplorerPro\Models\MetadataManager.cs(940,29): warning CS8618: Non-nullable property 'RecentItems' must contain a non-null value when exiting constructor. Consider adding the 'required' modifier or declaring the property as nullable. [C:\ExplorerPro\ExplorerPro_on4pkfpc_wpftmp.csproj]
         C:\ExplorerPro\Models\MetadataManager.cs(943,49): warning CS8618: Non-nullable property 'Tags' must contain a non-null value when exiting constructor. Consider adding the 'required' modifier or declaring the property as nullable. [C:\ExplorerPro\ExplorerPro_on4pkfpc_wpftmp.csproj]
         C:\ExplorerPro\Models\MetadataManager.cs(946,43): warning CS8618: Non-nullable property 'LastAccessed' must contain a non-null value when exiting constructor. Consider adding the 'required' modifier or declaring the property as nullable. [C:\ExplorerPro\ExplorerPro_on4pkfpc_wpftmp.csproj]
         C:\ExplorerPro\Models\MetadataManager.cs(949,43): warning CS8618: Non-nullable property 'ItemColors' must contain a non-null value when exiting constructor. Consider adding the 'required' modifier or declaring the property as nullable. [C:\ExplorerPro\ExplorerPro_on4pkfpc_wpftmp.csproj]
         C:\ExplorerPro\Models\MetadataManager.cs(952,41): warning CS8618: Non-nullable property 'ItemBold' must contain a non-null value when exiting constructor. Consider adding the 'required' modifier or declaring the property as nullable. [C:\ExplorerPro\ExplorerPro_on4pkfpc_wpftmp.csproj]
         C:\ExplorerPro\Models\MetadataManager.cs(955,29): warning CS8618: Non-nullable property 'RecentColors' must contain a non-null value when exiting constructor. Consider adding the 'required' modifier or declaring the property as nullable. [C:\ExplorerPro\ExplorerPro_on4pkfpc_wpftmp.csproj]
         C:\ExplorerPro\UI\Controls\TabVirtualizationManager.cs(688,23): warning CS8618: Non-nullable property 'ContentSnapshot' must contain a non-null value when exiting constructor. Consider adding the 'required' modifier or declaring the property as nullable. [C:\ExplorerPro\ExplorerPro_on4pkfpc_wpftmp.csproj]
         C:\ExplorerPro\UI\Controls\TabVirtualizationManager.cs(689,23): warning CS8618: Non-nullable property 'ViewState' must contain a non-null value when exiting constructor. Consider adding the 'required' modifier or declaring the property as nullable. [C:\ExplorerPro\ExplorerPro_on4pkfpc_wpftmp.csproj]
         C:\ExplorerPro\UI\FileTree\Commands\DragDropCommand.cs(328,32): warning CS8600: Converting null literal or possible null value to non-nullable type. [C:\ExplorerPro\ExplorerPro_on4pkfpc_wpftmp.csproj]
         C:\ExplorerPro\UI\FileTree\Commands\DragDropCommand.cs(337,40): warning CS8604: Possible null reference argument for parameter 'path1' in 'string Path.Combine(string path1, string path2)'. [C:\ExplorerPro\ExplorerPro_on4pkfpc_wpftmp.csproj]
         C:\ExplorerPro\UI\Controls\ChromeStyleTabControl.cs(1126,59): warning CS8604: Possible null reference argument for parameter 'tab' in 'bool TabOperationsManager.ReorderTab(ChromeStyleTabControl tabControl, TabModel tab, int newIndex)'. [C:\ExplorerPro\ExplorerPro_on4pkfpc_wpftmp.csproj]
         C:\ExplorerPro\UI\Controls\ChromeStyleTabControl.cs(1142,38): warning CS8602: Dereference of a possibly null reference. [C:\ExplorerPro\ExplorerPro_on4pkfpc_wpftmp.csproj]
         C:\ExplorerPro\UI\MainWindow\MainWindow.xaml.cs(201,44): warning CS8625: Cannot convert null literal to non-nullable reference type. [C:\ExplorerPro\ExplorerPro_on4pkfpc_wpftmp.csproj]
         C:\ExplorerPro\UI\MainWindow\MainWindow.xaml.cs(202,37): warning CS8625: Cannot convert null literal to non-nullable reference type. [C:\ExplorerPro\ExplorerPro_on4pkfpc_wpftmp.csproj]
         C:\ExplorerPro\UI\FileTree\VirtualizingTreeView.cs(18,54): warning CS8618: Non-nullable field '_virtualItems' must contain a non-null value when exiting constructor. Consider adding the 'required' modifier or declaring the field as nullable. [C:\ExplorerPro\ExplorerPro_on4pkfpc_wpftmp.csproj]
         C:\ExplorerPro\UI\Controls\ChromeStyleTabControl.cs(1171,78): warning CS8604: Possible null reference argument for parameter 'tab' in 'bool TabOperationsManager.TransferTab(ChromeStyleTabControl source, ChromeStyleTabControl target, TabModel tab, int targetIndex = -1)'. [C:\ExplorerPro\ExplorerPro_on4pkfpc_wpftmp.csproj]
         C:\ExplorerPro\Tests\Phase6ValidationTests.cs(267,78): warning CS1998: This async method lacks 'await' operators and will run synchronously. Consider using the 'await' operator to await non-blocking API calls, or 'await Task.Run(...)' to do CPU-bound work on a background thread. [C:\ExplorerPro\ExplorerPro_on4pkfpc_wpftmp.csproj]
         C:\ExplorerPro\UI\Controls\ChromeStyleTabControl.cs(1186,41): warning CS8625: Cannot convert null literal to non-nullable reference type. [C:\ExplorerPro\ExplorerPro_on4pkfpc_wpftmp.csproj]
         C:\ExplorerPro\UI\FileTree\Utilities\VisualTreeHelper.cs(106,24): warning CS8603: Possible null reference return. [C:\ExplorerPro\ExplorerPro_on4pkfpc_wpftmp.csproj]
         C:\ExplorerPro\UI\Toolbar\Toolbar.xaml.cs(911,28): warning CS8603: Possible null reference return. [C:\ExplorerPro\ExplorerPro_on4pkfpc_wpftmp.csproj]
         C:\ExplorerPro\UI\Toolbar\Toolbar.xaml.cs(913,28): warning CS8603: Possible null reference return. [C:\ExplorerPro\ExplorerPro_on4pkfpc_wpftmp.csproj]
         C:\ExplorerPro\UI\Toolbar\Toolbar.xaml.cs(915,28): warning CS8603: Possible null reference return. [C:\ExplorerPro\ExplorerPro_on4pkfpc_wpftmp.csproj]
         C:\ExplorerPro\UI\Toolbar\Toolbar.xaml.cs(918,20): warning CS8603: Possible null reference return. [C:\ExplorerPro\ExplorerPro_on4pkfpc_wpftmp.csproj]
         C:\ExplorerPro\UI\FileTree\Commands\FileOperationHandler.cs(175,51): warning CS8620: Argument of type 'List<string?>' cannot be used for parameter 'directories' of type 'IEnumerable<string>' in 'void FileOperationHandler.RequestRefreshMultipleDirectories(IEnumerable<string> directories)' due to differences in the nullability of reference types. [C:\ExplorerPro\ExplorerPro_on4pkfpc_wpftmp.csproj]
         C:\ExplorerPro\UI\FileTree\Utilities\VisualTreeHelper.cs(169,20): warning CS8603: Possible null reference return. [C:\ExplorerPro\ExplorerPro_on4pkfpc_wpftmp.csproj]
         C:\ExplorerPro\UI\FileTree\Commands\DragDropCommand.cs(379,34): warning CS8600: Converting null literal or possible null value to non-nullable type. [C:\ExplorerPro\ExplorerPro_on4pkfpc_wpftmp.csproj]
         C:\ExplorerPro\UI\FileTree\Commands\DragDropCommand.cs(382,37): warning CS8600: Converting null literal or possible null value to non-nullable type. [C:\ExplorerPro\ExplorerPro_on4pkfpc_wpftmp.csproj]
         C:\ExplorerPro\UI\FileTree\Commands\DragDropCommand.cs(383,40): warning CS8602: Dereference of a possibly null reference. [C:\ExplorerPro\ExplorerPro_on4pkfpc_wpftmp.csproj]
         C:\ExplorerPro\UI\Toolbar\Toolbar.xaml.cs(950,40): warning CS8603: Possible null reference return. [C:\ExplorerPro\ExplorerPro_on4pkfpc_wpftmp.csproj]
         C:\ExplorerPro\UI\Toolbar\Toolbar.xaml.cs(968,20): warning CS8603: Possible null reference return. [C:\ExplorerPro\ExplorerPro_on4pkfpc_wpftmp.csproj]
         C:\ExplorerPro\UI\FileTree\Commands\DragDropCommand.cs(411,27): warning CS8618: Non-nullable property 'SourcePath' must contain a non-null value when exiting constructor. Consider adding the 'required' modifier or declaring the property as nullable. [C:\ExplorerPro\ExplorerPro_on4pkfpc_wpftmp.csproj]
         C:\ExplorerPro\UI\FileTree\Commands\DragDropCommand.cs(412,27): warning CS8618: Non-nullable property 'TargetDirectory' must contain a non-null value when exiting constructor. Consider adding the 'required' modifier or declaring the property as nullable. [C:\ExplorerPro\ExplorerPro_on4pkfpc_wpftmp.csproj]
         C:\ExplorerPro\UI\FileTree\Commands\DragDropCommand.cs(413,27): warning CS8618: Non-nullable property 'TargetPath' must contain a non-null value when exiting constructor. Consider adding the 'required' modifier or declaring the property as nullable. [C:\ExplorerPro\ExplorerPro_on4pkfpc_wpftmp.csproj]
         C:\ExplorerPro\Models\MetadataManager.cs(92,36): warning CS8601: Possible null reference assignment. [C:\ExplorerPro\ExplorerPro_on4pkfpc_wpftmp.csproj]
         C:\ExplorerPro\Models\MetadataManager.cs(95,29): warning CS8602: Dereference of a possibly null reference. [C:\ExplorerPro\ExplorerPro_on4pkfpc_wpftmp.csproj]
         C:\ExplorerPro\UI\Controls\ChromeStyleTabControl.cs(1256,59): warning CS8622: Nullability of reference types in type of parameter 'sender' of 'void ChromeStyleTabControl.OnAnimationCompleted(object sender, EventArgs e)' doesn't match the target delegate 'EventHandler' (possibly because of nullability attributes). [C:\ExplorerPro\ExplorerPro_on4pkfpc_wpftmp.csproj]
         C:\ExplorerPro\UI\Controls\ChromeStyleTabControl.cs(1257,59): warning CS8622: Nullability of reference types in type of parameter 'sender' of 'void ChromeStyleTabControl.OnAnimationCompleted(object sender, EventArgs e)' doesn't match the target delegate 'EventHandler' (possibly because of nullability attributes). [C:\ExplorerPro\ExplorerPro_on4pkfpc_wpftmp.csproj]
         C:\ExplorerPro\Models\TabModelAdapter.cs(29,45): warning CS8622: Nullability of reference types in type of parameter 'sender' of 'void TabModelAdapter.OnSourceModelPropertyChanged(object sender, PropertyChangedEventArgs e)' doesn't match the target delegate 'PropertyChangedEventHandler' (possibly because of nullability attributes). [C:\ExplorerPro\ExplorerPro_on4pkfpc_wpftmp.csproj]
         C:\ExplorerPro\UI\MainWindow\MainWindowTabIntegration.cs(59,34): warning CS8625: Cannot convert null literal to non-nullable reference type. [C:\ExplorerPro\ExplorerPro_on4pkfpc_wpftmp.csproj]
         C:\ExplorerPro\UI\MainWindow\MainWindowTabIntegration.cs(46,16): warning CS8618: Non-nullable field '_unifiedTabService' must contain a non-null value when exiting constructor. Consider adding the 'required' modifier or declaring the field as nullable. [C:\ExplorerPro\ExplorerPro_on4pkfpc_wpftmp.csproj]
         C:\ExplorerPro\UI\MainWindow\MainWindowTabIntegration.cs(46,16): warning CS8618: Non-nullable field '_logger' must contain a non-null value when exiting constructor. Consider adding the 'required' modifier or declaring the field as nullable. [C:\ExplorerPro\ExplorerPro_on4pkfpc_wpftmp.csproj]
         C:\ExplorerPro\UI\FileTree\Utilities\VisualTreeHelper.cs(211,40): warning CS8603: Possible null reference return. [C:\ExplorerPro\ExplorerPro_on4pkfpc_wpftmp.csproj]
         C:\ExplorerPro\UI\FileTree\Utilities\VisualTreeHelper.cs(230,20): warning CS8603: Possible null reference return. [C:\ExplorerPro\ExplorerPro_on4pkfpc_wpftmp.csproj]
         C:\ExplorerPro\Models\MetadataManager.cs(140,47): warning CS8604: Possible null reference argument for parameter 'path' in 'DirectoryInfo Directory.CreateDirectory(string path)'. [C:\ExplorerPro\ExplorerPro_on4pkfpc_wpftmp.csproj]
         C:\ExplorerPro\UI\FileTree\Utilities\VisualTreeHelper.cs(246,20): warning CS8603: Possible null reference return. [C:\ExplorerPro\ExplorerPro_on4pkfpc_wpftmp.csproj]
         C:\ExplorerPro\Models\MetadataManager.cs(180,33): warning CS8601: Possible null reference assignment. [C:\ExplorerPro\ExplorerPro_on4pkfpc_wpftmp.csproj]
         C:\ExplorerPro\UI\MainWindow\MainWindowTabIntegration.cs(178,56): warning CS8604: Possible null reference argument for parameter 'tabId' in 'TabModel UnifiedTabService.GetModernTabById(string tabId)'. [C:\ExplorerPro\ExplorerPro_on4pkfpc_wpftmp.csproj]
         C:\ExplorerPro\UI\MainWindow\MainWindowTabIntegration.cs(187,56): warning CS8604: Possible null reference argument for parameter 'tabId' in 'TabModel UnifiedTabService.GetLegacyTabById(string tabId)'. [C:\ExplorerPro\ExplorerPro_on4pkfpc_wpftmp.csproj]
         C:\ExplorerPro\Models\TabModelAdapter.cs(239,42): warning CS8603: Possible null reference return. [C:\ExplorerPro\ExplorerPro_on4pkfpc_wpftmp.csproj]
         C:\ExplorerPro\UI\MainWindow\MainWindow.xaml.cs(380,62): warning CS8601: Possible null reference assignment. [C:\ExplorerPro\ExplorerPro_on4pkfpc_wpftmp.csproj]
         C:\ExplorerPro\Models\TabModelAdapter.cs(254,20): warning CS8603: Possible null reference return. [C:\ExplorerPro\ExplorerPro_on4pkfpc_wpftmp.csproj]
         C:\ExplorerPro\Models\TabModelAdapter.cs(269,49): warning CS8622: Nullability of reference types in type of parameter 'sender' of 'void TabModelAdapter.OnSourceModelPropertyChanged(object sender, PropertyChangedEventArgs e)' doesn't match the target delegate 'PropertyChangedEventHandler' (possibly because of nullability attributes). [C:\ExplorerPro\ExplorerPro_on4pkfpc_wpftmp.csproj]
         C:\ExplorerPro\UI\FileTree\Utilities\VisualTreeHelper.cs(395,20): warning CS8603: Possible null reference return. [C:\ExplorerPro\ExplorerPro_on4pkfpc_wpftmp.csproj]
         C:\ExplorerPro\Models\TabModel.cs(46,16): warning CS8618: Non-nullable field '_content' must contain a non-null value when exiting constructor. Consider adding the 'required' modifier or declaring the field as nullable. [C:\ExplorerPro\ExplorerPro_on4pkfpc_wpftmp.csproj]
         C:\ExplorerPro\Models\TabModel.cs(46,16): warning CS8618: Non-nullable event 'PropertyChanged' must contain a non-null value when exiting constructor. Consider adding the 'required' modifier or declaring the event as nullable. [C:\ExplorerPro\ExplorerPro_on4pkfpc_wpftmp.csproj]
         C:\ExplorerPro\UI\FileTree\ContextMenuProvider.cs(516,28): warning CS8603: Possible null reference return. [C:\ExplorerPro\ExplorerPro_on4pkfpc_wpftmp.csproj]
         C:\ExplorerPro\UI\FileTree\Utilities\VisualTreeHelper.cs(448,24): warning CS8603: Possible null reference return. [C:\ExplorerPro\ExplorerPro_on4pkfpc_wpftmp.csproj]
         C:\ExplorerPro\UI\MainWindow\MainWindow.xaml.cs(686,44): warning CS8603: Possible null reference return. [C:\ExplorerPro\ExplorerPro_on4pkfpc_wpftmp.csproj]
         C:\ExplorerPro\UI\MainWindow\MainWindow.xaml.cs(687,45): warning CS8603: Possible null reference return. [C:\ExplorerPro\ExplorerPro_on4pkfpc_wpftmp.csproj]
         C:\ExplorerPro\UI\MainWindow\MainWindow.xaml.cs(688,48): warning CS8603: Possible null reference return. [C:\ExplorerPro\ExplorerPro_on4pkfpc_wpftmp.csproj]
         C:\ExplorerPro\UI\MainWindow\MainWindow.xaml.cs(689,48): warning CS8603: Possible null reference return. [C:\ExplorerPro\ExplorerPro_on4pkfpc_wpftmp.csproj]
         C:\ExplorerPro\UI\Controls\TabVirtualizationManager.cs(673,16): warning CS8618: Non-nullable property 'HibernationData' must contain a non-null value when exiting constructor. Consider adding the 'required' modifier or declaring the property as nullable. [C:\ExplorerPro\ExplorerPro_on4pkfpc_wpftmp.csproj]
         C:\ExplorerPro\UI\Controls\TabVirtualizationManager.cs(682,31): warning CS8625: Cannot convert null literal to non-nullable reference type. [C:\ExplorerPro\ExplorerPro_on4pkfpc_wpftmp.csproj]
         C:\ExplorerPro\UI\Panels\ToDoPanel\ToDoPanel.xaml.cs(760,16): warning CS8618: Non-nullable field '_text' must contain a non-null value when exiting constructor. Consider adding the 'required' modifier or declaring the field as nullable. [C:\ExplorerPro\ExplorerPro_on4pkfpc_wpftmp.csproj]
         C:\ExplorerPro\UI\Panels\ToDoPanel\ToDoPanel.xaml.cs(760,16): warning CS8618: Non-nullable field '_category' must contain a non-null value when exiting constructor. Consider adding the 'required' modifier or declaring the field as nullable. [C:\ExplorerPro\ExplorerPro_on4pkfpc_wpftmp.csproj]
         C:\ExplorerPro\UI\Panels\ToDoPanel\ToDoPanel.xaml.cs(760,16): warning CS8618: Non-nullable field '_recurrencePattern' must contain a non-null value when exiting constructor. Consider adding the 'required' modifier or declaring the field as nullable. [C:\ExplorerPro\ExplorerPro_on4pkfpc_wpftmp.csproj]
         C:\ExplorerPro\UI\Panels\ToDoPanel\ToDoPanel.xaml.cs(760,16): warning CS8618: Non-nullable field '_notes' must contain a non-null value when exiting constructor. Consider adding the 'required' modifier or declaring the field as nullable. [C:\ExplorerPro\ExplorerPro_on4pkfpc_wpftmp.csproj]
         C:\ExplorerPro\UI\Panels\ToDoPanel\ToDoPanel.xaml.cs(760,16): warning CS8618: Non-nullable event 'PropertyChanged' must contain a non-null value when exiting constructor. Consider adding the 'required' modifier or declaring the event as nullable. [C:\ExplorerPro\ExplorerPro_on4pkfpc_wpftmp.csproj]
         C:\ExplorerPro\UI\MainWindow\MainWindowTabIntegration.cs(308,58): warning CS8622: Nullability of reference types in type of parameter 'sender' of 'void MainWindowTabIntegration.OnChromeTabNewRequested(object sender, NewTabRequestedEventArgs e)' doesn't match the target delegate 'EventHandler<NewTabRequestedEventArgs>' (possibly because of nullability attributes). [C:\ExplorerPro\ExplorerPro_on4pkfpc_wpftmp.csproj]
         C:\ExplorerPro\UI\MainWindow\MainWindowTabIntegration.cs(309,60): warning CS8622: Nullability of reference types in type of parameter 'sender' of 'void MainWindowTabIntegration.OnChromeTabCloseRequested(object sender, TabCloseRequestedEventArgs e)' doesn't match the target delegate 'EventHandler<TabCloseRequestedEventArgs>' (possibly because of nullability attributes). [C:\ExplorerPro\ExplorerPro_on4pkfpc_wpftmp.csproj]
         C:\ExplorerPro\UI\FileTree\Utilities\VisualTreeHelper.cs(35,46): warning CS8603: Possible null reference return. [C:\ExplorerPro\ExplorerPro_on4pkfpc_wpftmp.csproj]
         C:\ExplorerPro\UI\FileTree\Utilities\VisualTreeHelper.cs(43,54): warning CS8600: Converting null literal or possible null value to non-nullable type. [C:\ExplorerPro\ExplorerPro_on4pkfpc_wpftmp.csproj]
         C:\ExplorerPro\UI\FileTree\Utilities\VisualTreeHelper.cs(50,24): warning CS8603: Possible null reference return. [C:\ExplorerPro\ExplorerPro_on4pkfpc_wpftmp.csproj]
         C:\ExplorerPro\UI\Panels\ToDoPanel\ToDoPanel.xaml.cs(599,20): warning CS8603: Possible null reference return. [C:\ExplorerPro\ExplorerPro_on4pkfpc_wpftmp.csproj]
         C:\ExplorerPro\UI\PaneManagement\PaneManager.xaml.cs(207,43): warning CS8604: Possible null reference argument for parameter 'child' in 'TabItem PaneManager.FindParent<TabItem>(DependencyObject child)'. [C:\ExplorerPro\ExplorerPro_on4pkfpc_wpftmp.csproj]
         C:\ExplorerPro\UI\Controls\ChromeStyleTabControl.cs(1431,55): warning CS8622: Nullability of reference types in type of parameter 'sender' of 'void ChromeStyleTabControl.OnAnimationCompleted(object sender, EventArgs e)' doesn't match the target delegate 'EventHandler' (possibly because of nullability attributes). [C:\ExplorerPro\ExplorerPro_on4pkfpc_wpftmp.csproj]
         C:\ExplorerPro\UI\Controls\ChromeStyleTabControl.cs(1432,55): warning CS8622: Nullability of reference types in type of parameter 'sender' of 'void ChromeStyleTabControl.OnAnimationCompleted(object sender, EventArgs e)' doesn't match the target delegate 'EventHandler' (possibly because of nullability attributes). [C:\ExplorerPro\ExplorerPro_on4pkfpc_wpftmp.csproj]
         C:\ExplorerPro\UI\PaneManagement\PaneManager.xaml.cs(252,46): warning CS8603: Possible null reference return. [C:\ExplorerPro\ExplorerPro_on4pkfpc_wpftmp.csproj]
         C:\ExplorerPro\UI\PaneManagement\PaneManager.xaml.cs(254,24): warning CS8600: Converting null literal or possible null value to non-nullable type. [C:\ExplorerPro\ExplorerPro_on4pkfpc_wpftmp.csproj]
         C:\ExplorerPro\UI\FileTree\ContextMenuProvider.cs(724,37): warning CS8600: Converting null literal or possible null value to non-nullable type. [C:\ExplorerPro\ExplorerPro_on4pkfpc_wpftmp.csproj]
         C:\ExplorerPro\UI\Panels\ToDoPanel\ToDoPanel.xaml.cs(65,16): warning CS8618: Non-nullable event 'PropertyChanged' must contain a non-null value when exiting constructor. Consider adding the 'required' modifier or declaring the event as nullable. [C:\ExplorerPro\ExplorerPro_on4pkfpc_wpftmp.csproj]
         C:\ExplorerPro\UI\Panels\ToDoPanel\ToDoPanel.xaml.cs(65,16): warning CS8618: Non-nullable field '_logger' must contain a non-null value when exiting constructor. Consider adding the 'required' modifier or declaring the field as nullable. [C:\ExplorerPro\ExplorerPro_on4pkfpc_wpftmp.csproj]
         C:\ExplorerPro\UI\Panels\ToDoPanel\ToDoPanel.xaml.cs(65,16): warning CS8618: Non-nullable field '_tasks' must contain a non-null value when exiting constructor. Consider adding the 'required' modifier or declaring the field as nullable. [C:\ExplorerPro\ExplorerPro_on4pkfpc_wpftmp.csproj]
         C:\ExplorerPro\UI\PaneManagement\PaneManager.xaml.cs(288,43): warning CS8622: Nullability of reference types in type of parameter 'sender' of 'void PaneManager.OnFileTreePropertyChanged(object sender, PropertyChangedEventArgs e)' doesn't match the target delegate 'PropertyChangedEventHandler' (possibly because of nullability attributes). [C:\ExplorerPro\ExplorerPro_on4pkfpc_wpftmp.csproj]
         C:\ExplorerPro\UI\FileTree\ContextMenuProvider.cs(755,29): warning CS8600: Converting null literal or possible null value to non-nullable type. [C:\ExplorerPro\ExplorerPro_on4pkfpc_wpftmp.csproj]
         C:\ExplorerPro\UI\FileTree\ContextMenuProvider.cs(756,51): warning CS8604: Possible null reference argument for parameter 'targetPath' in 'Task<bool> FileOperationHandler.PasteItemsAsync(string targetPath)'. [C:\ExplorerPro\ExplorerPro_on4pkfpc_wpftmp.csproj]
         C:\ExplorerPro\Models\MetadataManager.cs(469,28): warning CS8625: Cannot convert null literal to non-nullable reference type. [C:\ExplorerPro\ExplorerPro_on4pkfpc_wpftmp.csproj]
         C:\ExplorerPro\UI\MainWindow\MainWindow.xaml.cs(878,17): warning CS8618: Non-nullable field '_metadataManager' must contain a non-null value when exiting constructor. Consider adding the 'required' modifier or declaring the field as nullable. [C:\ExplorerPro\ExplorerPro_on4pkfpc_wpftmp.csproj]
         C:\ExplorerPro\UI\MainWindow\MainWindow.xaml.cs(878,17): warning CS8618: Non-nullable field '_mainTabsControl' must contain a non-null value when exiting constructor. Consider adding the 'required' modifier or declaring the field as nullable. [C:\ExplorerPro\ExplorerPro_on4pkfpc_wpftmp.csproj]
         C:\ExplorerPro\UI\MainWindow\MainWindow.xaml.cs(878,17): warning CS8618: Non-nullable field '_windowManager' must contain a non-null value when exiting constructor. Consider adding the 'required' modifier or declaring the field as nullable. [C:\ExplorerPro\ExplorerPro_on4pkfpc_wpftmp.csproj]
         C:\ExplorerPro\UI\MainWindow\MainWindow.xaml.cs(878,17): warning CS8618: Non-nullable field '_tabOperationsManager' must contain a non-null value when exiting constructor. Consider adding the 'required' modifier or declaring the field as nullable. [C:\ExplorerPro\ExplorerPro_on4pkfpc_wpftmp.csproj]
         C:\ExplorerPro\UI\MainWindow\MainWindow.xaml.cs(878,17): warning CS8618: Non-nullable field '_dragDropService' must contain a non-null value when exiting constructor. Consider adding the 'required' modifier or declaring the field as nullable. [C:\ExplorerPro\ExplorerPro_on4pkfpc_wpftmp.csproj]
         C:\ExplorerPro\UI\MainWindow\MainWindow.xaml.cs(878,17): warning CS8618: Non-nullable field '_tabIntegrationBridge' must contain a non-null value when exiting constructor. Consider adding the 'required' modifier or declaring the field as nullable. [C:\ExplorerPro\ExplorerPro_on4pkfpc_wpftmp.csproj]
         C:\ExplorerPro\Models\MetadataManager.cs(626,70): warning CS8600: Converting null literal or possible null value to non-nullable type. [C:\ExplorerPro\ExplorerPro_on4pkfpc_wpftmp.csproj]
         C:\ExplorerPro\Models\MetadataManager.cs(626,24): warning CS8603: Possible null reference return. [C:\ExplorerPro\ExplorerPro_on4pkfpc_wpftmp.csproj]
         C:\ExplorerPro\UI\Controls\ChromeStyleTabControl.cs(1650,58): warning CS8622: Nullability of reference types in type of parameter 'sender' of 'void ChromeStyleTabControl.OnDragEndAnimationCompleted(object sender, EventArgs e)' doesn't match the target delegate 'EventHandler' (possibly because of nullability attributes). [C:\ExplorerPro\ExplorerPro_on4pkfpc_wpftmp.csproj]
         C:\ExplorerPro\UI\Controls\ChromeStyleTabControl.cs(1651,58): warning CS8622: Nullability of reference types in type of parameter 'sender' of 'void ChromeStyleTabControl.OnDragEndAnimationCompleted(object sender, EventArgs e)' doesn't match the target delegate 'EventHandler' (possibly because of nullability attributes). [C:\ExplorerPro\ExplorerPro_on4pkfpc_wpftmp.csproj]
         C:\ExplorerPro\UI\Controls\ChromeStyleTabControl.cs(1672,62): warning CS8622: Nullability of reference types in type of parameter 'sender' of 'void ChromeStyleTabControl.OnDragVisualFadeOutCompleted(object sender, EventArgs e)' doesn't match the target delegate 'EventHandler' (possibly because of nullability attributes). [C:\ExplorerPro\ExplorerPro_on4pkfpc_wpftmp.csproj]
         C:\ExplorerPro\UI\Controls\ChromeStyleTabControl.cs(1673,62): warning CS8622: Nullability of reference types in type of parameter 'sender' of 'void ChromeStyleTabControl.OnDragVisualFadeOutCompleted(object sender, EventArgs e)' doesn't match the target delegate 'EventHandler' (possibly because of nullability attributes). [C:\ExplorerPro\ExplorerPro_on4pkfpc_wpftmp.csproj]
         C:\ExplorerPro\UI\Controls\ChromeStyleTabControl.cs(1697,41): warning CS8625: Cannot convert null literal to non-nullable reference type. [C:\ExplorerPro\ExplorerPro_on4pkfpc_wpftmp.csproj]
         C:\ExplorerPro\UI\FileTree\ContextMenuProvider.cs(762,29): warning CS8600: Converting null literal or possible null value to non-nullable type. [C:\ExplorerPro\ExplorerPro_on4pkfpc_wpftmp.csproj]
         C:\ExplorerPro\UI\FileTree\ContextMenuProvider.cs(763,51): warning CS8604: Possible null reference argument for parameter 'targetPath' in 'Task<bool> FileOperationHandler.PasteItemsAsync(string targetPath)'. [C:\ExplorerPro\ExplorerPro_on4pkfpc_wpftmp.csproj]
         C:\ExplorerPro\Models\TabModel.cs(435,28): warning CS8625: Cannot convert null literal to non-nullable reference type. [C:\ExplorerPro\ExplorerPro_on4pkfpc_wpftmp.csproj]
         C:\ExplorerPro\UI\FileTree\Commands\FileOperationHandler.cs(302,33): warning CS8600: Converting null literal or possible null value to non-nullable type. [C:\ExplorerPro\ExplorerPro_on4pkfpc_wpftmp.csproj]
         C:\ExplorerPro\UI\Panels\ToDoPanel\ToDoPanel.xaml.cs(210,36): warning CS8600: Converting null literal or possible null value to non-nullable type. [C:\ExplorerPro\ExplorerPro_on4pkfpc_wpftmp.csproj]
         C:\ExplorerPro\UI\Panels\ToDoPanel\ToDoPanel.xaml.cs(301,20): warning CS8603: Possible null reference return. [C:\ExplorerPro\ExplorerPro_on4pkfpc_wpftmp.csproj]
         C:\ExplorerPro\Core\Threading\ThreadSafeTabOperations.cs(40,16): warning CS8618: Non-nullable field '_logger' must contain a non-null value when exiting constructor. Consider adding the 'required' modifier or declaring the field as nullable. [C:\ExplorerPro\ExplorerPro_on4pkfpc_wpftmp.csproj]
         C:\ExplorerPro\Models\MetadataManager.cs(971,16): warning CS8618: Non-nullable property 'Path' must contain a non-null value when exiting constructor. Consider adding the 'required' modifier or declaring the property as nullable. [C:\ExplorerPro\ExplorerPro_on4pkfpc_wpftmp.csproj]
         C:\ExplorerPro\Models\MetadataManager.cs(971,16): warning CS8618: Non-nullable property 'Color' must contain a non-null value when exiting constructor. Consider adding the 'required' modifier or declaring the property as nullable. [C:\ExplorerPro\ExplorerPro_on4pkfpc_wpftmp.csproj]
         C:\ExplorerPro\Models\MetadataManager.cs(818,64): warning CS8600: Converting null literal or possible null value to non-nullable type. [C:\ExplorerPro\ExplorerPro_on4pkfpc_wpftmp.csproj]
         C:\ExplorerPro\UI\Controls\TabVirtualizationManager.cs(79,43): warning CS8622: Nullability of reference types in type of parameter 'state' of 'void TabVirtualizationManager.ProcessHibernationQueue(object state)' doesn't match the target delegate 'TimerCallback' (possibly because of nullability attributes). [C:\ExplorerPro\ExplorerPro_on4pkfpc_wpftmp.csproj]
         C:\ExplorerPro\UI\Controls\TabVirtualizationManager.cs(86,35): warning CS8622: Nullability of reference types in type of parameter 'sender' of 'void TabVirtualizationManager.OnCleanupTimer(object sender, EventArgs e)' doesn't match the target delegate 'EventHandler' (possibly because of nullability attributes). [C:\ExplorerPro\ExplorerPro_on4pkfpc_wpftmp.csproj]
         C:\ExplorerPro\UI\Controls\TabVirtualizationManager.cs(92,56): warning CS8622: Nullability of reference types in type of parameter 'sender' of 'void TabVirtualizationManager.OnHighMemoryPressure(object sender, MemoryPressureEventArgs e)' doesn't match the target delegate 'EventHandler<MemoryPressureEventArgs>' (possibly because of nullability attributes). [C:\ExplorerPro\ExplorerPro_on4pkfpc_wpftmp.csproj]
         C:\ExplorerPro\UI\Controls\TabVirtualizationManager.cs(93,63): warning CS8622: Nullability of reference types in type of parameter 'sender' of 'void TabVirtualizationManager.OnFrequentGarbageCollection(object sender, GarbageCollectionEventArgs e)' doesn't match the target delegate 'EventHandler<GarbageCollectionEventArgs>' (possibly because of nullability attributes). [C:\ExplorerPro\ExplorerPro_on4pkfpc_wpftmp.csproj]
         C:\ExplorerPro\UI\Controls\TabVirtualizationManager.cs(56,16): warning CS8618: Non-nullable field '_logger' must contain a non-null value when exiting constructor. Consider adding the 'required' modifier or declaring the field as nullable. [C:\ExplorerPro\ExplorerPro_on4pkfpc_wpftmp.csproj]
         C:\ExplorerPro\UI\Controls\TabVirtualizationManager.cs(56,16): warning CS8618: Non-nullable field '_resourceMonitor' must contain a non-null value when exiting constructor. Consider adding the 'required' modifier or declaring the field as nullable. [C:\ExplorerPro\ExplorerPro_on4pkfpc_wpftmp.csproj]
         C:\ExplorerPro\UI\Controls\TabVirtualizationManager.cs(56,16): warning CS8618: Non-nullable event 'TabHibernated' must contain a non-null value when exiting constructor. Consider adding the 'required' modifier or declaring the event as nullable. [C:\ExplorerPro\ExplorerPro_on4pkfpc_wpftmp.csproj]
         C:\ExplorerPro\UI\Controls\TabVirtualizationManager.cs(56,16): warning CS8618: Non-nullable event 'TabReactivated' must contain a non-null value when exiting constructor. Consider adding the 'required' modifier or declaring the event as nullable. [C:\ExplorerPro\ExplorerPro_on4pkfpc_wpftmp.csproj]
         C:\ExplorerPro\UI\Controls\TabVirtualizationManager.cs(56,16): warning CS8618: Non-nullable event 'StatsUpdated' must contain a non-null value when exiting constructor. Consider adding the 'required' modifier or declaring the event as nullable. [C:\ExplorerPro\ExplorerPro_on4pkfpc_wpftmp.csproj]
         C:\ExplorerPro\UI\MainWindow\MainWindow.xaml.cs(933,42): warning CS8600: Converting null literal or possible null value to non-nullable type. [C:\ExplorerPro\ExplorerPro_on4pkfpc_wpftmp.csproj]
         C:\ExplorerPro\UI\FileTree\ContextMenuProvider.cs(865,56): warning CS8625: Cannot convert null literal to non-nullable reference type. [C:\ExplorerPro\ExplorerPro_on4pkfpc_wpftmp.csproj]
         C:\ExplorerPro\UI\FileTree\ContextMenuProvider.cs(873,54): warning CS8625: Cannot convert null literal to non-nullable reference type. [C:\ExplorerPro\ExplorerPro_on4pkfpc_wpftmp.csproj]
         C:\ExplorerPro\UI\FileTree\ContextMenuProvider.cs(874,55): warning CS8625: Cannot convert null literal to non-nullable reference type. [C:\ExplorerPro\ExplorerPro_on4pkfpc_wpftmp.csproj]
         C:\ExplorerPro\UI\FileTree\ContextMenuProvider.cs(879,62): warning CS8625: Cannot convert null literal to non-nullable reference type. [C:\ExplorerPro\ExplorerPro_on4pkfpc_wpftmp.csproj]
         C:\ExplorerPro\UI\MainWindow\MainWindowContainer.xaml.cs(432,25): warning CS8602: Dereference of a possibly null reference. [C:\ExplorerPro\ExplorerPro_on4pkfpc_wpftmp.csproj]
         C:\ExplorerPro\UI\FileTree\Commands\FileOperationHandler.cs(564,36): warning CS8600: Converting null literal or possible null value to non-nullable type. [C:\ExplorerPro\ExplorerPro_on4pkfpc_wpftmp.csproj]
         C:\ExplorerPro\UI\FileTree\Commands\FileOperationHandler.cs(636,49): warning CS8625: Cannot convert null literal to non-nullable reference type. [C:\ExplorerPro\ExplorerPro_on4pkfpc_wpftmp.csproj]
         C:\ExplorerPro\UI\FileTree\Commands\FileOperationHandler.cs(637,59): warning CS8625: Cannot convert null literal to non-nullable reference type. [C:\ExplorerPro\ExplorerPro_on4pkfpc_wpftmp.csproj]
         C:\ExplorerPro\UI\FileTree\Commands\FileOperationHandler.cs(638,38): warning CS8625: Cannot convert null literal to non-nullable reference type. [C:\ExplorerPro\ExplorerPro_on4pkfpc_wpftmp.csproj]
         C:\ExplorerPro\UI\FileTree\Commands\FileOperationHandler.cs(639,38): warning CS8625: Cannot convert null literal to non-nullable reference type. [C:\ExplorerPro\ExplorerPro_on4pkfpc_wpftmp.csproj]
         C:\ExplorerPro\UI\FileTree\TreeViewItemExtensions.cs(58,42): warning CS8600: Converting null literal or possible null value to non-nullable type. [C:\ExplorerPro\ExplorerPro_on4pkfpc_wpftmp.csproj]
         C:\ExplorerPro\UI\Controls\TabVirtualizationManager.cs(344,46): warning CS8625: Cannot convert null literal to non-nullable reference type. [C:\ExplorerPro\ExplorerPro_on4pkfpc_wpftmp.csproj]
         C:\ExplorerPro\UI\FileTree\TreeViewItemExtensions.cs(104,20): warning CS8603: Possible null reference return. [C:\ExplorerPro\ExplorerPro_on4pkfpc_wpftmp.csproj]
         C:\ExplorerPro\UI\FileTree\ContextMenuProvider.cs(1008,62): warning CS8625: Cannot convert null literal to non-nullable reference type. [C:\ExplorerPro\ExplorerPro_on4pkfpc_wpftmp.csproj]
         C:\ExplorerPro\UI\FileTree\ContextMenuProvider.cs(1026,41): warning CS8600: Converting null literal or possible null value to non-nullable type. [C:\ExplorerPro\ExplorerPro_on4pkfpc_wpftmp.csproj]
         C:\ExplorerPro\UI\FileTree\ContextMenuProvider.cs(1035,66): warning CS8625: Cannot convert null literal to non-nullable reference type. [C:\ExplorerPro\ExplorerPro_on4pkfpc_wpftmp.csproj]
         C:\ExplorerPro\UI\FileTree\ContextMenuProvider.cs(1038,50): warning CS8625: Cannot convert null literal to non-nullable reference type. [C:\ExplorerPro\ExplorerPro_on4pkfpc_wpftmp.csproj]
         C:\ExplorerPro\UI\FileTree\ContextMenuProvider.cs(1041,67): warning CS8625: Cannot convert null literal to non-nullable reference type. [C:\ExplorerPro\ExplorerPro_on4pkfpc_wpftmp.csproj]
         C:\ExplorerPro\UI\Controls\ChromeStyleTabControl.cs(1916,24): warning CS8603: Possible null reference return. [C:\ExplorerPro\ExplorerPro_on4pkfpc_wpftmp.csproj]
         C:\ExplorerPro\UI\FileTree\ContextMenuProvider.cs(1148,72): warning CS8625: Cannot convert null literal to non-nullable reference type. [C:\ExplorerPro\ExplorerPro_on4pkfpc_wpftmp.csproj]
         C:\ExplorerPro\Core\Threading\ThreadSafeTabOperations.cs(269,24): warning CS8603: Possible null reference return. [C:\ExplorerPro\ExplorerPro_on4pkfpc_wpftmp.csproj]
         C:\ExplorerPro\UI\MainWindow\MainWindow.xaml.cs(1391,39): warning CS1998: This async method lacks 'await' operators and will run synchronously. Consider using the 'await' operator to await non-blocking API calls, or 'await Task.Run(...)' to do CPU-bound work on a background thread. [C:\ExplorerPro\ExplorerPro_on4pkfpc_wpftmp.csproj]
         C:\ExplorerPro\UI\FileTree\ContextMenuProvider.cs(1183,44): warning CS8604: Possible null reference argument for parameter 'directoryPath' in 'void IFileTree.RefreshDirectory(string directoryPath)'. [C:\ExplorerPro\ExplorerPro_on4pkfpc_wpftmp.csproj]
         C:\ExplorerPro\Tests\Phase3ValidationTests.cs(225,39): warning CS8618: Non-nullable event 'TestEvent' must contain a non-null value when exiting constructor. Consider adding the 'required' modifier or declaring the event as nullable. [C:\ExplorerPro\ExplorerPro_on4pkfpc_wpftmp.csproj]
         C:\ExplorerPro\UI\Controls\ChromeStyleTabControl.cs(2191,37): warning CS8625: Cannot convert null literal to non-nullable reference type. [C:\ExplorerPro\ExplorerPro_on4pkfpc_wpftmp.csproj]
         C:\ExplorerPro\UI\Controls\ChromeStyleTabControl.cs(2208,27): warning CS8625: Cannot convert null literal to non-nullable reference type. [C:\ExplorerPro\ExplorerPro_on4pkfpc_wpftmp.csproj]
         C:\ExplorerPro\UI\Controls\ChromeStyleTabControl.cs(2210,37): warning CS8625: Cannot convert null literal to non-nullable reference type. [C:\ExplorerPro\ExplorerPro_on4pkfpc_wpftmp.csproj]
         C:\ExplorerPro\UI\FileTree\Services\SelectionService.cs(161,50): warning CS8603: Possible null reference return. [C:\ExplorerPro\ExplorerPro_on4pkfpc_wpftmp.csproj]
         C:\ExplorerPro\UI\FileTree\Services\SelectionService.cs(166,44): warning CS8603: Possible null reference return. [C:\ExplorerPro\ExplorerPro_on4pkfpc_wpftmp.csproj]
         C:\ExplorerPro\UI\Controls\ChromeStyleTabControl.cs(2223,24): warning CS8603: Possible null reference return. [C:\ExplorerPro\ExplorerPro_on4pkfpc_wpftmp.csproj]
         C:\ExplorerPro\UI\Controls\ChromeStyleTabControl.cs(2225,20): warning CS8603: Possible null reference return. [C:\ExplorerPro\ExplorerPro_on4pkfpc_wpftmp.csproj]
         C:\ExplorerPro\UI\FileTree\ContextMenuProvider.cs(1192,41): warning CS8604: Possible null reference argument for parameter 'targetPath' in 'void ContextMenuProvider.ExtractArchive(string archivePath, string targetPath)'. [C:\ExplorerPro\ExplorerPro_on4pkfpc_wpftmp.csproj]
         C:\ExplorerPro\UI\FileTree\Services\SelectionService.cs(186,41): warning CS8622: Nullability of reference types in type of parameter 'sender' of 'void SelectionService.OnDebounceTimerTick(object sender, EventArgs e)' doesn't match the target delegate 'EventHandler' (possibly because of nullability attributes). [C:\ExplorerPro\ExplorerPro_on4pkfpc_wpftmp.csproj]
         C:\ExplorerPro\UI\FileTree\Services\SelectionService.cs(172,16): warning CS8618: Non-nullable field '_lastSelectedItem' must contain a non-null value when exiting constructor. Consider adding the 'required' modifier or declaring the field as nullable. [C:\ExplorerPro\ExplorerPro_on4pkfpc_wpftmp.csproj]
         C:\ExplorerPro\UI\FileTree\Services\SelectionService.cs(172,16): warning CS8618: Non-nullable field '_anchorItem' must contain a non-null value when exiting constructor. Consider adding the 'required' modifier or declaring the field as nullable. [C:\ExplorerPro\ExplorerPro_on4pkfpc_wpftmp.csproj]
         C:\ExplorerPro\UI\FileTree\Services\SelectionService.cs(172,16): warning CS8618: Non-nullable field '_lastPattern' must contain a non-null value when exiting constructor. Consider adding the 'required' modifier or declaring the field as nullable. [C:\ExplorerPro\ExplorerPro_on4pkfpc_wpftmp.csproj]
         C:\ExplorerPro\UI\FileTree\ContextMenuProvider.cs(1222,36): warning CS8600: Converting null literal or possible null value to non-nullable type. [C:\ExplorerPro\ExplorerPro_on4pkfpc_wpftmp.csproj]
         C:\ExplorerPro\UI\FileTree\ContextMenuProvider.cs(1241,36): warning CS8600: Converting null literal or possible null value to non-nullable type. [C:\ExplorerPro\ExplorerPro_on4pkfpc_wpftmp.csproj]
         C:\ExplorerPro\UI\FileTree\ContextMenuProvider.cs(1260,36): warning CS8600: Converting null literal or possible null value to non-nullable type. [C:\ExplorerPro\ExplorerPro_on4pkfpc_wpftmp.csproj]
         C:\ExplorerPro\UI\FileTree\ContextMenuProvider.cs(1268,30): warning CS0168: The variable 'ex' is declared but never used [C:\ExplorerPro\ExplorerPro_on4pkfpc_wpftmp.csproj]
         C:\ExplorerPro\UI\Controls\ChromeStyleTabControl.cs(2278,28): warning CS8603: Possible null reference return. [C:\ExplorerPro\ExplorerPro_on4pkfpc_wpftmp.csproj]
         C:\ExplorerPro\UI\Controls\ChromeStyleTabControl.cs(2285,28): warning CS8603: Possible null reference return. [C:\ExplorerPro\ExplorerPro_on4pkfpc_wpftmp.csproj]
         C:\ExplorerPro\UI\Controls\ChromeStyleTabControl.cs(2318,24): warning CS8603: Possible null reference return. [C:\ExplorerPro\ExplorerPro_on4pkfpc_wpftmp.csproj]
         C:\ExplorerPro\UI\Controls\ChromeStyleTabControl.cs(2323,24): warning CS8603: Possible null reference return. [C:\ExplorerPro\ExplorerPro_on4pkfpc_wpftmp.csproj]
         C:\ExplorerPro\UI\FileTree\Services\SelectionService.cs(428,65): warning CS8603: Possible null reference return. [C:\ExplorerPro\ExplorerPro_on4pkfpc_wpftmp.csproj]
         C:\ExplorerPro\UI\FileTree\Services\SelectionService.cs(430,54): warning CS8600: Converting null literal or possible null value to non-nullable type. [C:\ExplorerPro\ExplorerPro_on4pkfpc_wpftmp.csproj]
         C:\ExplorerPro\UI\FileTree\Services\SelectionService.cs(435,20): warning CS8603: Possible null reference return. [C:\ExplorerPro\ExplorerPro_on4pkfpc_wpftmp.csproj]
         C:\ExplorerPro\UI\FileTree\ContextMenuProvider.cs(1283,36): warning CS8600: Converting null literal or possible null value to non-nullable type. [C:\ExplorerPro\ExplorerPro_on4pkfpc_wpftmp.csproj]
         C:\ExplorerPro\UI\Controls\TabVirtualizationManager.cs(403,28): warning CS1998: This async method lacks 'await' operators and will run synchronously. Consider using the 'await' operator to await non-blocking API calls, or 'await Task.Run(...)' to do CPU-bound work on a background thread. [C:\ExplorerPro\ExplorerPro_on4pkfpc_wpftmp.csproj]
         C:\ExplorerPro\UI\FileTree\ContextMenuProvider.cs(1317,40): warning CS8600: Converting null literal or possible null value to non-nullable type. [C:\ExplorerPro\ExplorerPro_on4pkfpc_wpftmp.csproj]
         C:\ExplorerPro\UI\FileTree\ContextMenuProvider.cs(1341,40): warning CS8600: Converting null literal or possible null value to non-nullable type. [C:\ExplorerPro\ExplorerPro_on4pkfpc_wpftmp.csproj]
         C:\ExplorerPro\Tests\Phase2ValidationTests.cs(203,34): warning CS1998: This async method lacks 'await' operators and will run synchronously. Consider using the 'await' operator to await non-blocking API calls, or 'await Task.Run(...)' to do CPU-bound work on a background thread. [C:\ExplorerPro\ExplorerPro_on4pkfpc_wpftmp.csproj]
         C:\ExplorerPro\Tests\Phase2ValidationTests.cs(236,25): warning CS8605: Unboxing a possibly null value. [C:\ExplorerPro\ExplorerPro_on4pkfpc_wpftmp.csproj]
         C:\ExplorerPro\UI\PaneManagement\PaneHistoryManager.cs(102,61): warning CS8600: Converting null literal or possible null value to non-nullable type. [C:\ExplorerPro\ExplorerPro_on4pkfpc_wpftmp.csproj]
         C:\ExplorerPro\UI\PaneManagement\PaneHistoryManager.cs(127,61): warning CS8600: Converting null literal or possible null value to non-nullable type. [C:\ExplorerPro\ExplorerPro_on4pkfpc_wpftmp.csproj]
         C:\ExplorerPro\UI\PaneManagement\PaneHistoryManager.cs(135,65): warning CS8600: Converting null literal or possible null value to non-nullable type. [C:\ExplorerPro\ExplorerPro_on4pkfpc_wpftmp.csproj]
         C:\ExplorerPro\Tests\Phase2ValidationTests.cs(262,25): warning CS8605: Unboxing a possibly null value. [C:\ExplorerPro\ExplorerPro_on4pkfpc_wpftmp.csproj]
         C:\ExplorerPro\UI\PaneManagement\PaneHistoryManager.cs(154,61): warning CS8600: Converting null literal or possible null value to non-nullable type. [C:\ExplorerPro\ExplorerPro_on4pkfpc_wpftmp.csproj]
         C:\ExplorerPro\UI\PaneManagement\PaneHistoryManager.cs(169,35): warning CS8603: Possible null reference return. [C:\ExplorerPro\ExplorerPro_on4pkfpc_wpftmp.csproj]
         C:\ExplorerPro\UI\PaneManagement\PaneHistoryManager.cs(173,61): warning CS8600: Converting null literal or possible null value to non-nullable type. [C:\ExplorerPro\ExplorerPro_on4pkfpc_wpftmp.csproj]
         C:\ExplorerPro\UI\PaneManagement\PaneHistoryManager.cs(178,24): warning CS8603: Possible null reference return. [C:\ExplorerPro\ExplorerPro_on4pkfpc_wpftmp.csproj]
         C:\ExplorerPro\UI\PaneManagement\PaneHistoryManager.cs(189,35): warning CS8603: Possible null reference return. [C:\ExplorerPro\ExplorerPro_on4pkfpc_wpftmp.csproj]
         C:\ExplorerPro\UI\PaneManagement\PaneHistoryManager.cs(193,61): warning CS8600: Converting null literal or possible null value to non-nullable type. [C:\ExplorerPro\ExplorerPro_on4pkfpc_wpftmp.csproj]
         C:\ExplorerPro\UI\PaneManagement\PaneHistoryManager.cs(198,24): warning CS8603: Possible null reference return. [C:\ExplorerPro\ExplorerPro_on4pkfpc_wpftmp.csproj]
         C:\ExplorerPro\UI\MainWindow\MainWindowContainer.xaml.cs(1390,36): warning CS8600: Converting null literal or possible null value to non-nullable type. [C:\ExplorerPro\ExplorerPro_on4pkfpc_wpftmp.csproj]
         C:\ExplorerPro\UI\MainWindow\MainWindowContainer.xaml.cs(1391,42): warning CS8600: Converting null literal or possible null value to non-nullable type. [C:\ExplorerPro\ExplorerPro_on4pkfpc_wpftmp.csproj]
         C:\ExplorerPro\UI\MainWindow\MainWindowContainer.xaml.cs(1392,41): warning CS8600: Converting null literal or possible null value to non-nullable type. [C:\ExplorerPro\ExplorerPro_on4pkfpc_wpftmp.csproj]
         C:\ExplorerPro\UI\MainWindow\MainWindowContainer.xaml.cs(1396,35): warning CS8600: Converting null literal or possible null value to non-nullable type. [C:\ExplorerPro\ExplorerPro_on4pkfpc_wpftmp.csproj]
         C:\ExplorerPro\UI\MainWindow\MainWindowContainer.xaml.cs(1402,35): warning CS8600: Converting null literal or possible null value to non-nullable type. [C:\ExplorerPro\ExplorerPro_on4pkfpc_wpftmp.csproj]
         C:\ExplorerPro\UI\MainWindow\MainWindowContainer.xaml.cs(1405,32): warning CS8600: Converting null literal or possible null value to non-nullable type. [C:\ExplorerPro\ExplorerPro_on4pkfpc_wpftmp.csproj]
         C:\ExplorerPro\UI\MainWindow\MainWindowContainer.xaml.cs(1428,73): warning CS8604: Possible null reference argument for parameter 'splitter' in 'void MainWindowContainer.SetSinglePanelLayout(Grid sidebarGrid, PanelInfo visiblePanel, GridSplitter splitter)'. [C:\ExplorerPro\ExplorerPro_on4pkfpc_wpftmp.csproj]
         C:\ExplorerPro\UI\MainWindow\MainWindowContainer.xaml.cs(1434,69): warning CS8604: Possible null reference argument for parameter 'splitter' in 'void MainWindowContainer.SetMultiPanelLayout(Grid sidebarGrid, List<PanelInfo> visiblePanels, GridSplitter splitter)'. [C:\ExplorerPro\ExplorerPro_on4pkfpc_wpftmp.csproj]
         C:\ExplorerPro\UI\PaneManagement\PaneHistoryManager.cs(209,35): warning CS8603: Possible null reference return. [C:\ExplorerPro\ExplorerPro_on4pkfpc_wpftmp.csproj]
         C:\ExplorerPro\UI\PaneManagement\PaneHistoryManager.cs(213,62): warning CS8600: Converting null literal or possible null value to non-nullable type. [C:\ExplorerPro\ExplorerPro_on4pkfpc_wpftmp.csproj]
         C:\ExplorerPro\UI\PaneManagement\PaneHistoryManager.cs(215,28): warning CS8603: Possible null reference return. [C:\ExplorerPro\ExplorerPro_on4pkfpc_wpftmp.csproj]
         C:\ExplorerPro\UI\PaneManagement\PaneHistoryManager.cs(221,28): warning CS8603: Possible null reference return. [C:\ExplorerPro\ExplorerPro_on4pkfpc_wpftmp.csproj]
         C:\ExplorerPro\UI\PaneManagement\PaneHistoryManager.cs(225,40): warning CS8600: Converting null literal or possible null value to non-nullable type. [C:\ExplorerPro\ExplorerPro_on4pkfpc_wpftmp.csproj]
         C:\ExplorerPro\UI\PaneManagement\PaneHistoryManager.cs(233,24): warning CS8603: Possible null reference return. [C:\ExplorerPro\ExplorerPro_on4pkfpc_wpftmp.csproj]
         C:\ExplorerPro\Tests\Phase2ValidationTests.cs(359,51): warning CS8625: Cannot convert null literal to non-nullable reference type. [C:\ExplorerPro\ExplorerPro_on4pkfpc_wpftmp.csproj]
         C:\ExplorerPro\Tests\Phase2ValidationTests.cs(360,46): warning CS8625: Cannot convert null literal to non-nullable reference type. [C:\ExplorerPro\ExplorerPro_on4pkfpc_wpftmp.csproj]
         C:\ExplorerPro\UI\Controls\TabVirtualizationManager.cs(513,31): warning CS8625: Cannot convert null literal to non-nullable reference type. [C:\ExplorerPro\ExplorerPro_on4pkfpc_wpftmp.csproj]
         C:\ExplorerPro\Core\Threading\ThreadSafeExtensions.cs(60,37): warning CS8603: Possible null reference return. [C:\ExplorerPro\ExplorerPro_on4pkfpc_wpftmp.csproj]
         C:\ExplorerPro\UI\PaneManagement\PaneHistoryManager.cs(443,20): warning CS8618: Non-nullable field '_currentEntry' must contain a non-null value when exiting constructor. Consider adding the 'required' modifier or declaring the field as nullable. [C:\ExplorerPro\ExplorerPro_on4pkfpc_wpftmp.csproj]
         C:\ExplorerPro\UI\Dialogs\FilePropertiesDialog.xaml.cs(40,28): warning CS8625: Cannot convert null literal to non-nullable reference type. [C:\ExplorerPro\ExplorerPro_on4pkfpc_wpftmp.csproj]
         C:\ExplorerPro\UI\Dialogs\FilePropertiesDialog.xaml.cs(45,29): warning CS8625: Cannot convert null literal to non-nullable reference type. [C:\ExplorerPro\ExplorerPro_on4pkfpc_wpftmp.csproj]
         C:\ExplorerPro\UI\Dialogs\FilePropertiesDialog.xaml.cs(27,16): warning CS8618: Non-nullable field '_fileInfo' must contain a non-null value when exiting constructor. Consider adding the 'required' modifier or declaring the field as nullable. [C:\ExplorerPro\ExplorerPro_on4pkfpc_wpftmp.csproj]
         C:\ExplorerPro\UI\Dialogs\FilePropertiesDialog.xaml.cs(27,16): warning CS8618: Non-nullable field '_dirInfo' must contain a non-null value when exiting constructor. Consider adding the 'required' modifier or declaring the field as nullable. [C:\ExplorerPro\ExplorerPro_on4pkfpc_wpftmp.csproj]
         C:\ExplorerPro\UI\Panels\BookmarksPanel\BookmarksPanel.xaml.cs(23,32): warning CS8601: Possible null reference assignment. [C:\ExplorerPro\ExplorerPro_on4pkfpc_wpftmp.csproj]
         C:\ExplorerPro\UI\Panels\BookmarksPanel\BookmarksPanel.xaml.cs(18,16): warning CS8618: Non-nullable field '_metadataManager' must contain a non-null value when exiting constructor. Consider adding the 'required' modifier or declaring the field as nullable. [C:\ExplorerPro\ExplorerPro_on4pkfpc_wpftmp.csproj]
         C:\ExplorerPro\UI\Panels\ProcoreLinksPanel\ProcoreLinksPanel.xaml.cs(1183,31): warning CS8601: Possible null reference assignment. [C:\ExplorerPro\ExplorerPro_on4pkfpc_wpftmp.csproj]
         C:\ExplorerPro\UI\Panels\ProcoreLinksPanel\ProcoreLinksPanel.xaml.cs(1133,16): warning CS8618: Non-nullable property 'SelectedTag' must contain a non-null value when exiting constructor. Consider adding the 'required' modifier or declaring the property as nullable. [C:\ExplorerPro\ExplorerPro_on4pkfpc_wpftmp.csproj]
         C:\ExplorerPro\UI\PaneManagement\PaneHistoryManager.cs(540,39): warning CS8603: Possible null reference return. [C:\ExplorerPro\ExplorerPro_on4pkfpc_wpftmp.csproj]
         C:\ExplorerPro\UI\PaneManagement\PaneHistoryManager.cs(544,50): warning CS8603: Possible null reference return. [C:\ExplorerPro\ExplorerPro_on4pkfpc_wpftmp.csproj]
         C:\ExplorerPro\UI\PaneManagement\PaneHistoryManager.cs(554,28): warning CS8603: Possible null reference return. [C:\ExplorerPro\ExplorerPro_on4pkfpc_wpftmp.csproj]
         C:\ExplorerPro\UI\Controls\ChromeTabSizingHelper.cs(237,20): warning CS8603: Possible null reference return. [C:\ExplorerPro\ExplorerPro_on4pkfpc_wpftmp.csproj]
         C:\ExplorerPro\UI\PaneManagement\PaneHistoryManager.cs(564,39): warning CS8603: Possible null reference return. [C:\ExplorerPro\ExplorerPro_on4pkfpc_wpftmp.csproj]
         C:\ExplorerPro\UI\PaneManagement\PaneHistoryManager.cs(568,57): warning CS8603: Possible null reference return. [C:\ExplorerPro\ExplorerPro_on4pkfpc_wpftmp.csproj]
         C:\ExplorerPro\UI\PaneManagement\PaneHistoryManager.cs(578,28): warning CS8603: Possible null reference return. [C:\ExplorerPro\ExplorerPro_on4pkfpc_wpftmp.csproj]
         C:\ExplorerPro\UI\Dialogs\FilePropertiesDialog.xaml.cs(139,61): warning CS8605: Unboxing a possibly null value. [C:\ExplorerPro\ExplorerPro_on4pkfpc_wpftmp.csproj]
         C:\ExplorerPro\UI\PaneManagement\PaneHistoryManager.cs(588,39): warning CS8603: Possible null reference return. [C:\ExplorerPro\ExplorerPro_on4pkfpc_wpftmp.csproj]
         C:\ExplorerPro\UI\PaneManagement\PaneHistoryManager.cs(592,28): warning CS8603: Possible null reference return. [C:\ExplorerPro\ExplorerPro_on4pkfpc_wpftmp.csproj]
         C:\ExplorerPro\UI\MainWindow\MainWindow.xaml.cs(1976,40): warning CS8600: Converting null literal or possible null value to non-nullable type. [C:\ExplorerPro\ExplorerPro_on4pkfpc_wpftmp.csproj]
         C:\ExplorerPro\UI\MainWindow\MainWindow.xaml.cs(1976,59): warning CS8600: Converting null literal or possible null value to non-nullable type. [C:\ExplorerPro\ExplorerPro_on4pkfpc_wpftmp.csproj]
         C:\ExplorerPro\UI\MainWindow\MainWindow.xaml.cs(1982,41): warning CS8600: Converting null literal or possible null value to non-nullable type. [C:\ExplorerPro\ExplorerPro_on4pkfpc_wpftmp.csproj]
         C:\ExplorerPro\UI\MainWindow\MainWindow.xaml.cs(1983,38): warning CS8600: Converting null literal or possible null value to non-nullable type. [C:\ExplorerPro\ExplorerPro_on4pkfpc_wpftmp.csproj]
         C:\ExplorerPro\UI\PaneManagement\DraggablePaneBar.cs(33,16): warning CS8618: Non-nullable field 'draggedTabItem' must contain a non-null value when exiting constructor. Consider adding the 'required' modifier or declaring the field as nullable. [C:\ExplorerPro\ExplorerPro_on4pkfpc_wpftmp.csproj]
         C:\ExplorerPro\UI\PaneManagement\DraggablePaneBar.cs(33,16): warning CS8618: Non-nullable event 'PaneDetached' must contain a non-null value when exiting constructor. Consider adding the 'required' modifier or declaring the event as nullable. [C:\ExplorerPro\ExplorerPro_on4pkfpc_wpftmp.csproj]
         C:\ExplorerPro\UI\Controls\ChromeStyleTabControl.cs(2334,28): warning CS8603: Possible null reference return. [C:\ExplorerPro\ExplorerPro_on4pkfpc_wpftmp.csproj]
         C:\ExplorerPro\UI\Controls\ChromeStyleTabControl.cs(2348,28): warning CS8603: Possible null reference return. [C:\ExplorerPro\ExplorerPro_on4pkfpc_wpftmp.csproj]
         C:\ExplorerPro\UI\Controls\ChromeStyleTabControl.cs(2352,24): warning CS8603: Possible null reference return. [C:\ExplorerPro\ExplorerPro_on4pkfpc_wpftmp.csproj]
         C:\ExplorerPro\UI\Controls\ChromeStyleTabControl.cs(2357,24): warning CS8603: Possible null reference return. [C:\ExplorerPro\ExplorerPro_on4pkfpc_wpftmp.csproj]
         C:\ExplorerPro\UI\PaneManagement\DraggablePaneBar.cs(88,30): warning CS8625: Cannot convert null literal to non-nullable reference type. [C:\ExplorerPro\ExplorerPro_on4pkfpc_wpftmp.csproj]
         C:\ExplorerPro\UI\Controls\ChromeStyleTabControl.cs(2377,41): warning CS8601: Possible null reference assignment. [C:\ExplorerPro\ExplorerPro_on4pkfpc_wpftmp.csproj]
         C:\ExplorerPro\UI\Controls\ChromeStyleTabControl.cs(2382,36): warning CS8601: Possible null reference assignment. [C:\ExplorerPro\ExplorerPro_on4pkfpc_wpftmp.csproj]
         C:\ExplorerPro\UI\PaneManagement\DraggablePaneBar.cs(127,34): warning CS8625: Cannot convert null literal to non-nullable reference type. [C:\ExplorerPro\ExplorerPro_on4pkfpc_wpftmp.csproj]
         C:\ExplorerPro\Core\TabManagement\WindowLocator.cs(38,24): warning CS8603: Possible null reference return. [C:\ExplorerPro\ExplorerPro_on4pkfpc_wpftmp.csproj]
         C:\ExplorerPro\Core\TabManagement\WindowLocator.cs(55,20): warning CS8603: Possible null reference return. [C:\ExplorerPro\ExplorerPro_on4pkfpc_wpftmp.csproj]
         C:\ExplorerPro\Core\TabManagement\VirtualizationTypes.cs(175,33): warning CS8618: Non-nullable property 'Stats' must contain a non-null value when exiting constructor. Consider adding the 'required' modifier or declaring the property as nullable. [C:\ExplorerPro\ExplorerPro_on4pkfpc_wpftmp.csproj]
         C:\ExplorerPro\UI\PaneManagement\DraggablePaneBar.cs(155,20): warning CS8603: Possible null reference return. [C:\ExplorerPro\ExplorerPro_on4pkfpc_wpftmp.csproj]
         C:\ExplorerPro\Core\TabManagement\VirtualizationTypes.cs(156,23): warning CS8618: Non-nullable property 'TabId' must contain a non-null value when exiting constructor. Consider adding the 'required' modifier or declaring the property as nullable. [C:\ExplorerPro\ExplorerPro_on4pkfpc_wpftmp.csproj]
         C:\ExplorerPro\Core\TabManagement\VirtualizationTypes.cs(147,23): warning CS8618: Non-nullable property 'TabId' must contain a non-null value when exiting constructor. Consider adding the 'required' modifier or declaring the property as nullable. [C:\ExplorerPro\ExplorerPro_on4pkfpc_wpftmp.csproj]
         C:\ExplorerPro\Core\TabManagement\VirtualizationTypes.cs(148,25): warning CS8618: Non-nullable property 'Tab' must contain a non-null value when exiting constructor. Consider adding the 'required' modifier or declaring the property as nullable. [C:\ExplorerPro\ExplorerPro_on4pkfpc_wpftmp.csproj]
         C:\ExplorerPro\UI\Controls\TabVirtualizationManager.cs(630,56): warning CS8622: Nullability of reference types in type of parameter 'sender' of 'void TabVirtualizationManager.OnHighMemoryPressure(object sender, MemoryPressureEventArgs e)' doesn't match the target delegate 'EventHandler<MemoryPressureEventArgs>' (possibly because of nullability attributes). [C:\ExplorerPro\ExplorerPro_on4pkfpc_wpftmp.csproj]
         C:\ExplorerPro\UI\Controls\TabVirtualizationManager.cs(631,63): warning CS8622: Nullability of reference types in type of parameter 'sender' of 'void TabVirtualizationManager.OnFrequentGarbageCollection(object sender, GarbageCollectionEventArgs e)' doesn't match the target delegate 'EventHandler<GarbageCollectionEventArgs>' (possibly because of nullability attributes). [C:\ExplorerPro\ExplorerPro_on4pkfpc_wpftmp.csproj]
         C:\ExplorerPro\Core\TabManagement\VirtualizationTypes.cs(138,23): warning CS8618: Non-nullable property 'TabId' must contain a non-null value when exiting constructor. Consider adding the 'required' modifier or declaring the property as nullable. [C:\ExplorerPro\ExplorerPro_on4pkfpc_wpftmp.csproj]
         C:\ExplorerPro\UI\PaneManagement\DraggablePaneBar.cs(175,24): warning CS8603: Possible null reference return. [C:\ExplorerPro\ExplorerPro_on4pkfpc_wpftmp.csproj]
         C:\ExplorerPro\UI\PaneManagement\DraggablePaneBar.cs(178,20): warning CS8603: Possible null reference return. [C:\ExplorerPro\ExplorerPro_on4pkfpc_wpftmp.csproj]
         C:\ExplorerPro\Core\TabManagement\VirtualizationTypes.cs(123,23): warning CS8618: Non-nullable property 'TabId' must contain a non-null value when exiting constructor. Consider adding the 'required' modifier or declaring the property as nullable. [C:\ExplorerPro\ExplorerPro_on4pkfpc_wpftmp.csproj]
         C:\ExplorerPro\Core\TabManagement\VirtualizationTypes.cs(124,23): warning CS8618: Non-nullable property 'OriginalTitle' must contain a non-null value when exiting constructor. Consider adding the 'required' modifier or declaring the property as nullable. [C:\ExplorerPro\ExplorerPro_on4pkfpc_wpftmp.csproj]
         C:\ExplorerPro\Core\TabManagement\VirtualizationTypes.cs(125,23): warning CS8618: Non-nullable property 'OriginalPath' must contain a non-null value when exiting constructor. Consider adding the 'required' modifier or declaring the property as nullable. [C:\ExplorerPro\ExplorerPro_on4pkfpc_wpftmp.csproj]
         C:\ExplorerPro\Core\TabManagement\VirtualizationTypes.cs(128,23): warning CS8618: Non-nullable property 'Metadata' must contain a non-null value when exiting constructor. Consider adding the 'required' modifier or declaring the property as nullable. [C:\ExplorerPro\ExplorerPro_on4pkfpc_wpftmp.csproj]
         C:\ExplorerPro\Core\TabManagement\VirtualizationTypes.cs(131,33): warning CS8618: Non-nullable property 'MemoryProfile' must contain a non-null value when exiting constructor. Consider adding the 'required' modifier or declaring the property as nullable. [C:\ExplorerPro\ExplorerPro_on4pkfpc_wpftmp.csproj]
         C:\ExplorerPro\Core\TabManagement\VirtualizationTypes.cs(133,23): warning CS8618: Non-nullable property 'ExtendedState' must contain a non-null value when exiting constructor. Consider adding the 'required' modifier or declaring the property as nullable. [C:\ExplorerPro\ExplorerPro_on4pkfpc_wpftmp.csproj]
         C:\ExplorerPro\Core\TabManagement\VirtualizationTypes.cs(83,23): warning CS8618: Non-nullable property 'TabId' must contain a non-null value when exiting constructor. Consider adding the 'required' modifier or declaring the property as nullable. [C:\ExplorerPro\ExplorerPro_on4pkfpc_wpftmp.csproj]
         C:\ExplorerPro\Core\TabManagement\VirtualizationTypes.cs(74,23): warning CS8618: Non-nullable property 'TabId' must contain a non-null value when exiting constructor. Consider adding the 'required' modifier or declaring the property as nullable. [C:\ExplorerPro\ExplorerPro_on4pkfpc_wpftmp.csproj]
         C:\ExplorerPro\UI\Controls\ChromeStyleTabControl.cs(2469,20): warning CS8603: Possible null reference return. [C:\ExplorerPro\ExplorerPro_on4pkfpc_wpftmp.csproj]
         C:\ExplorerPro\UI\Controls\ChromeStyleTabControl.cs(2490,20): warning CS8603: Possible null reference return. [C:\ExplorerPro\ExplorerPro_on4pkfpc_wpftmp.csproj]
         C:\ExplorerPro\UI\FileTree\Services\SelectionService.cs(924,53): warning CS8622: Nullability of reference types in type of parameter 'sender' of 'void SelectionService.OnDebounceTimerTick(object sender, EventArgs e)' doesn't match the target delegate 'EventHandler' (possibly because of nullability attributes). [C:\ExplorerPro\ExplorerPro_on4pkfpc_wpftmp.csproj]
         C:\ExplorerPro\UI\FileTree\Services\SelectionService.cs(939,41): warning CS8625: Cannot convert null literal to non-nullable reference type. [C:\ExplorerPro\ExplorerPro_on4pkfpc_wpftmp.csproj]
         C:\ExplorerPro\UI\FileTree\Services\SelectionService.cs(940,35): warning CS8625: Cannot convert null literal to non-nullable reference type. [C:\ExplorerPro\ExplorerPro_on4pkfpc_wpftmp.csproj]
         C:\ExplorerPro\UI\FileTree\Services\SelectionService.cs(941,36): warning CS8625: Cannot convert null literal to non-nullable reference type. [C:\ExplorerPro\ExplorerPro_on4pkfpc_wpftmp.csproj]
         C:\ExplorerPro\Core\TabManagement\UnifiedTabService.cs(53,45): warning CS8622: Nullability of reference types in type of parameter 'sender' of 'void UnifiedTabService.OnModernTabCreated(object sender, TabEventArgs e)' doesn't match the target delegate 'EventHandler<TabEventArgs>' (possibly because of nullability attributes). [C:\ExplorerPro\ExplorerPro_on4pkfpc_wpftmp.csproj]
         C:\ExplorerPro\Core\TabManagement\UnifiedTabService.cs(54,44): warning CS8622: Nullability of reference types in type of parameter 'sender' of 'void UnifiedTabService.OnModernTabClosed(object sender, TabEventArgs e)' doesn't match the target delegate 'EventHandler<TabEventArgs>' (possibly because of nullability attributes). [C:\ExplorerPro\ExplorerPro_on4pkfpc_wpftmp.csproj]
         C:\ExplorerPro\Core\TabManagement\UnifiedTabService.cs(55,51): warning CS8622: Nullability of reference types in type of parameter 'sender' of 'void UnifiedTabService.OnModernActiveTabChanged(object sender, TabChangedEventArgs e)' doesn't match the target delegate 'EventHandler<TabChangedEventArgs>' (possibly because of nullability attributes). [C:\ExplorerPro\ExplorerPro_on4pkfpc_wpftmp.csproj]
         C:\ExplorerPro\Core\TabManagement\UnifiedTabService.cs(56,46): warning CS8622: Nullability of reference types in type of parameter 'sender' of 'void UnifiedTabService.OnModernTabModified(object sender, TabModifiedEventArgs e)' doesn't match the target delegate 'EventHandler<TabModifiedEventArgs>' (possibly because of nullability attributes). [C:\ExplorerPro\ExplorerPro_on4pkfpc_wpftmp.csproj]
         C:\ExplorerPro\Core\TabManagement\UnifiedTabService.cs(57,48): warning CS8622: Nullability of reference types in type of parameter 'sender' of 'void UnifiedTabService.OnModernTabsReordered(object sender, TabReorderedEventArgs e)' doesn't match the target delegate 'EventHandler<TabReorderedEventArgs>' (possibly because of nullability attributes). [C:\ExplorerPro\ExplorerPro_on4pkfpc_wpftmp.csproj]
         C:\ExplorerPro\Core\TabManagement\UnifiedTabService.cs(62,61): warning CS8622: Nullability of reference types in type of parameter 'sender' of 'void UnifiedTabService.OnModernTabsCollectionChanged(object sender, NotifyCollectionChangedEventArgs e)' doesn't match the target delegate 'NotifyCollectionChangedEventHandler' (possibly because of nullability attributes). [C:\ExplorerPro\ExplorerPro_on4pkfpc_wpftmp.csproj]
         C:\ExplorerPro\Core\TabManagement\UnifiedTabService.cs(45,16): warning CS8618: Non-nullable field '_logger' must contain a non-null value when exiting constructor. Consider adding the 'required' modifier or declaring the field as nullable. [C:\ExplorerPro\ExplorerPro_on4pkfpc_wpftmp.csproj]
         C:\ExplorerPro\Core\TabManagement\UnifiedTabService.cs(45,16): warning CS8618: Non-nullable event 'PropertyChanged' must contain a non-null value when exiting constructor. Consider adding the 'required' modifier or declaring the event as nullable. [C:\ExplorerPro\ExplorerPro_on4pkfpc_wpftmp.csproj]
         C:\ExplorerPro\Core\TabManagement\UnifiedTabService.cs(102,24): warning CS8603: Possible null reference return. [C:\ExplorerPro\ExplorerPro_on4pkfpc_wpftmp.csproj]
         C:\ExplorerPro\UI\Controls\TabSizingManager.cs(27,16): warning CS8618: Non-nullable field '_logger' must contain a non-null value when exiting constructor. Consider adding the 'required' modifier or declaring the field as nullable. [C:\ExplorerPro\ExplorerPro_on4pkfpc_wpftmp.csproj]
         C:\ExplorerPro\UI\Controls\TabSizingManager.cs(27,16): warning CS8618: Non-nullable event 'SizingChanged' must contain a non-null value when exiting constructor. Consider adding the 'required' modifier or declaring the event as nullable. [C:\ExplorerPro\ExplorerPro_on4pkfpc_wpftmp.csproj]
         C:\ExplorerPro\UI\Controls\TabSizingManager.cs(27,16): warning CS8618: Non-nullable event 'OverflowStateChanged' must contain a non-null value when exiting constructor. Consider adding the 'required' modifier or declaring the event as nullable. [C:\ExplorerPro\ExplorerPro_on4pkfpc_wpftmp.csproj]
         C:\ExplorerPro\UI\MainWindow\MainWindow.xaml.cs(2320,20): warning CS8603: Possible null reference return. [C:\ExplorerPro\ExplorerPro_on4pkfpc_wpftmp.csproj]
         C:\ExplorerPro\UI\Controls\ChromeStyleTabControl.cs(2592,37): warning CS8625: Cannot convert null literal to non-nullable reference type. [C:\ExplorerPro\ExplorerPro_on4pkfpc_wpftmp.csproj]
         C:\ExplorerPro\Core\TabManagement\UnifiedTabService.cs(158,20): warning CS8603: Possible null reference return. [C:\ExplorerPro\ExplorerPro_on4pkfpc_wpftmp.csproj]
         C:\ExplorerPro\Core\TabManagement\UnifiedTabService.cs(173,20): warning CS8603: Possible null reference return. [C:\ExplorerPro\ExplorerPro_on4pkfpc_wpftmp.csproj]
         C:\ExplorerPro\UI\MainWindow\MainWindow.xaml.cs(2395,57): warning CS8602: Dereference of a possibly null reference. [C:\ExplorerPro\ExplorerPro_on4pkfpc_wpftmp.csproj]
         C:\ExplorerPro\UI\MainWindow\MainWindow.xaml.cs(7001,27): warning CS8618: Non-nullable property 'Window' must contain a non-null value when exiting constructor. Consider adding the 'required' modifier or declaring the property as nullable. [C:\ExplorerPro\ExplorerPro_on4pkfpc_wpftmp.csproj]
         C:\ExplorerPro\Core\TabManagement\UnifiedTabService.cs(352,49): warning CS8602: Dereference of a possibly null reference. [C:\ExplorerPro\ExplorerPro_on4pkfpc_wpftmp.csproj]
         C:\ExplorerPro\Core\TabManagement\UnifiedTabService.cs(359,49): warning CS8602: Dereference of a possibly null reference. [C:\ExplorerPro\ExplorerPro_on4pkfpc_wpftmp.csproj]
         C:\ExplorerPro\UI\FileTree\CustomFileSystemModel.cs(31,27): warning CS8601: Possible null reference assignment. [C:\ExplorerPro\ExplorerPro_on4pkfpc_wpftmp.csproj]
         C:\ExplorerPro\UI\FileTree\CustomFileSystemModel.cs(26,16): warning CS8618: Non-nullable field 'logger' must contain a non-null value when exiting constructor. Consider adding the 'required' modifier or declaring the field as nullable. [C:\ExplorerPro\ExplorerPro_on4pkfpc_wpftmp.csproj]
         C:\ExplorerPro\UI\Panels\ProcoreLinksPanel\ProcoreLinksPanel.xaml.cs(1048,16): warning CS8618: Non-nullable property 'ResponseText' must contain a non-null value when exiting constructor. Consider adding the 'required' modifier or declaring the property as nullable. [C:\ExplorerPro\ExplorerPro_on4pkfpc_wpftmp.csproj]
         C:\ExplorerPro\UI\MainWindow\MainWindowContainer.xaml.cs(2515,28): warning CS8603: Possible null reference return. [C:\ExplorerPro\ExplorerPro_on4pkfpc_wpftmp.csproj]
         C:\ExplorerPro\UI\MainWindow\MainWindowContainer.xaml.cs(2523,20): warning CS8603: Possible null reference return. [C:\ExplorerPro\ExplorerPro_on4pkfpc_wpftmp.csproj]
         C:\ExplorerPro\UI\FileTree\Dialogs\SelectByPatternDialog.xaml.cs(93,16): warning CS8618: Non-nullable field '_selectCommand' must contain a non-null value when exiting constructor. Consider adding the 'required' modifier or declaring the field as nullable. [C:\ExplorerPro\ExplorerPro_on4pkfpc_wpftmp.csproj]
         C:\ExplorerPro\UI\FileTree\Dialogs\SelectByPatternDialog.xaml.cs(93,16): warning CS8618: Non-nullable event 'PropertyChanged' must contain a non-null value when exiting constructor. Consider adding the 'required' modifier or declaring the event as nullable. [C:\ExplorerPro\ExplorerPro_on4pkfpc_wpftmp.csproj]
         C:\ExplorerPro\Core\TabManagement\UnifiedTabService.cs(411,53): warning CS8622: Nullability of reference types in type of parameter 'sender' of 'void UnifiedTabService.OnModernTabCreated(object sender, TabEventArgs e)' doesn't match the target delegate 'EventHandler<TabEventArgs>' (possibly because of nullability attributes). [C:\ExplorerPro\ExplorerPro_on4pkfpc_wpftmp.csproj]
         C:\ExplorerPro\Core\TabManagement\UnifiedTabService.cs(412,52): warning CS8622: Nullability of reference types in type of parameter 'sender' of 'void UnifiedTabService.OnModernTabClosed(object sender, TabEventArgs e)' doesn't match the target delegate 'EventHandler<TabEventArgs>' (possibly because of nullability attributes). [C:\ExplorerPro\ExplorerPro_on4pkfpc_wpftmp.csproj]
         C:\ExplorerPro\Core\TabManagement\UnifiedTabService.cs(413,59): warning CS8622: Nullability of reference types in type of parameter 'sender' of 'void UnifiedTabService.OnModernActiveTabChanged(object sender, TabChangedEventArgs e)' doesn't match the target delegate 'EventHandler<TabChangedEventArgs>' (possibly because of nullability attributes). [C:\ExplorerPro\ExplorerPro_on4pkfpc_wpftmp.csproj]
         C:\ExplorerPro\Core\TabManagement\UnifiedTabService.cs(414,54): warning CS8622: Nullability of reference types in type of parameter 'sender' of 'void UnifiedTabService.OnModernTabModified(object sender, TabModifiedEventArgs e)' doesn't match the target delegate 'EventHandler<TabModifiedEventArgs>' (possibly because of nullability attributes). [C:\ExplorerPro\ExplorerPro_on4pkfpc_wpftmp.csproj]
         C:\ExplorerPro\Core\TabManagement\UnifiedTabService.cs(415,56): warning CS8622: Nullability of reference types in type of parameter 'sender' of 'void UnifiedTabService.OnModernTabsReordered(object sender, TabReorderedEventArgs e)' doesn't match the target delegate 'EventHandler<TabReorderedEventArgs>' (possibly because of nullability attributes). [C:\ExplorerPro\ExplorerPro_on4pkfpc_wpftmp.csproj]
         C:\ExplorerPro\Core\TabManagement\UnifiedTabService.cs(419,69): warning CS8622: Nullability of reference types in type of parameter 'sender' of 'void UnifiedTabService.OnModernTabsCollectionChanged(object sender, NotifyCollectionChangedEventArgs e)' doesn't match the target delegate 'NotifyCollectionChangedEventHandler' (possibly because of nullability attributes). [C:\ExplorerPro\ExplorerPro_on4pkfpc_wpftmp.csproj]
         C:\ExplorerPro\UI\Panels\ProcoreLinksPanel\ProcoreLinksPanel.xaml.cs(47,27): warning CS8618: Non-nullable property 'Url' must contain a non-null value when exiting constructor. Consider adding the 'required' modifier or declaring the property as nullable. [C:\ExplorerPro\ExplorerPro_on4pkfpc_wpftmp.csproj]
         C:\ExplorerPro\UI\Controls\ChromeStyleTabControl.cs(2893,41): warning CS8625: Cannot convert null literal to non-nullable reference type. [C:\ExplorerPro\ExplorerPro_on4pkfpc_wpftmp.csproj]
         C:\ExplorerPro\UI\Panels\ProcoreLinksPanel\ProcoreLinksPanel.xaml.cs(151,52): warning CS8601: Possible null reference assignment. [C:\ExplorerPro\ExplorerPro_on4pkfpc_wpftmp.csproj]
         C:\ExplorerPro\Models\RecurringTaskManager.cs(453,52): warning CS8600: Converting null literal or possible null value to non-nullable type. [C:\ExplorerPro\ExplorerPro_on4pkfpc_wpftmp.csproj]
         C:\ExplorerPro\UI\Panels\ProcoreLinksPanel\ProcoreLinksPanel.xaml.cs(227,47): warning CS8604: Possible null reference argument for parameter 'path' in 'DirectoryInfo Directory.CreateDirectory(string path)'. [C:\ExplorerPro\ExplorerPro_on4pkfpc_wpftmp.csproj]
         C:\ExplorerPro\UI\Controls\ChromeStyleTabControl.cs(2906,24): warning CS8603: Possible null reference return. [C:\ExplorerPro\ExplorerPro_on4pkfpc_wpftmp.csproj]
         C:\ExplorerPro\UI\Controls\ChromeStyleTabControl.cs(2917,24): warning CS8603: Possible null reference return. [C:\ExplorerPro\ExplorerPro_on4pkfpc_wpftmp.csproj]
         C:\ExplorerPro\UI\Dialogs\ColorPickerDialog.xaml.cs(35,75): warning CS8625: Cannot convert null literal to non-nullable reference type. [C:\ExplorerPro\ExplorerPro_on4pkfpc_wpftmp.csproj]
         C:\ExplorerPro\UI\Dialogs\ColorPickerDialog.xaml.cs(35,81): warning CS8625: Cannot convert null literal to non-nullable reference type. [C:\ExplorerPro\ExplorerPro_on4pkfpc_wpftmp.csproj]
         C:\ExplorerPro\UI\Panels\ProcoreLinksPanel\ProcoreLinksPanel.xaml.cs(257,40): warning CS8604: Possible null reference argument for parameter 'item' in 'bool HashSet<string>.Add(string item)'. [C:\ExplorerPro\ExplorerPro_on4pkfpc_wpftmp.csproj]
         C:\ExplorerPro\UI\Controls\TabSizingManager.cs(330,34): warning CS8600: Converting null literal or possible null value to non-nullable type. [C:\ExplorerPro\ExplorerPro_on4pkfpc_wpftmp.csproj]
         C:\ExplorerPro\UI\Controls\TabSizingManager.cs(333,29): warning CS8600: Converting null literal or possible null value to non-nullable type. [C:\ExplorerPro\ExplorerPro_on4pkfpc_wpftmp.csproj]
         C:\ExplorerPro\UI\Dialogs\ColorPickerDialog.xaml.cs(45,16): warning CS8618: Non-nullable field '_selectedColorButton' must contain a non-null value when exiting constructor. Consider adding the 'required' modifier or declaring the field as nullable. [C:\ExplorerPro\ExplorerPro_on4pkfpc_wpftmp.csproj]
         C:\ExplorerPro\UI\Panels\ProcoreLinksPanel\ProcoreLinksPanel.xaml.cs(276,45): warning CS8604: Possible null reference argument for parameter 'item' in 'bool HashSet<string>.Contains(string item)'. [C:\ExplorerPro\ExplorerPro_on4pkfpc_wpftmp.csproj]
         C:\ExplorerPro\UI\Controls\ChromeStyleTabControl.cs(2967,35): warning CS8601: Possible null reference assignment. [C:\ExplorerPro\ExplorerPro_on4pkfpc_wpftmp.csproj]
         C:\ExplorerPro\UI\Controls\ChromeStyleTabControl.cs(2989,20): warning CS8603: Possible null reference return. [C:\ExplorerPro\ExplorerPro_on4pkfpc_wpftmp.csproj]
         C:\ExplorerPro\UI\FileTree\DragDrop\SpringLoadedFolderHelper.cs(56,39): warning CS8622: Nullability of reference types in type of parameter 'sender' of 'void SpringLoadedFolderHelper.OnExpandTimerTick(object sender, EventArgs e)' doesn't match the target delegate 'EventHandler' (possibly because of nullability attributes). [C:\ExplorerPro\ExplorerPro_on4pkfpc_wpftmp.csproj]
         C:\ExplorerPro\UI\FileTree\DragDrop\SpringLoadedFolderHelper.cs(57,41): warning CS8622: Nullability of reference types in type of parameter 'sender' of 'void SpringLoadedFolderHelper.OnCollapseTimerTick(object sender, EventArgs e)' doesn't match the target delegate 'EventHandler' (possibly because of nullability attributes). [C:\ExplorerPro\ExplorerPro_on4pkfpc_wpftmp.csproj]
         C:\ExplorerPro\UI\FileTree\DragDrop\SpringLoadedFolderHelper.cs(51,16): warning CS8618: Non-nullable field '_pendingExpandItem' must contain a non-null value when exiting constructor. Consider adding the 'required' modifier or declaring the field as nullable. [C:\ExplorerPro\ExplorerPro_on4pkfpc_wpftmp.csproj]
         C:\ExplorerPro\UI\FileTree\DragDrop\SpringLoadedFolderHelper.cs(51,16): warning CS8618: Non-nullable field '_pendingCollapseItem' must contain a non-null value when exiting constructor. Consider adding the 'required' modifier or declaring the field as nullable. [C:\ExplorerPro\ExplorerPro_on4pkfpc_wpftmp.csproj]
         C:\ExplorerPro\UI\FileTree\DragDrop\SpringLoadedFolderHelper.cs(51,16): warning CS8618: Non-nullable event 'FolderExpanding' must contain a non-null value when exiting constructor. Consider adding the 'required' modifier or declaring the event as nullable. [C:\ExplorerPro\ExplorerPro_on4pkfpc_wpftmp.csproj]
         C:\ExplorerPro\UI\FileTree\DragDrop\SpringLoadedFolderHelper.cs(51,16): warning CS8618: Non-nullable event 'FolderCollapsing' must contain a non-null value when exiting constructor. Consider adding the 'required' modifier or declaring the event as nullable. [C:\ExplorerPro\ExplorerPro_on4pkfpc_wpftmp.csproj]
         C:\ExplorerPro\UI\FileTree\DragDrop\SpringLoadedFolderHelper.cs(92,40): warning CS8625: Cannot convert null literal to non-nullable reference type. [C:\ExplorerPro\ExplorerPro_on4pkfpc_wpftmp.csproj]
         C:\ExplorerPro\UI\FileTree\DragDrop\SpringLoadedFolderHelper.cs(114,38): warning CS8625: Cannot convert null literal to non-nullable reference type. [C:\ExplorerPro\ExplorerPro_on4pkfpc_wpftmp.csproj]
         C:\ExplorerPro\UI\FileTree\DragDrop\SpringLoadedFolderHelper.cs(135,34): warning CS8625: Cannot convert null literal to non-nullable reference type. [C:\ExplorerPro\ExplorerPro_on4pkfpc_wpftmp.csproj]
         C:\ExplorerPro\UI\FileTree\DragDrop\SpringLoadedFolderHelper.cs(136,36): warning CS8625: Cannot convert null literal to non-nullable reference type. [C:\ExplorerPro\ExplorerPro_on4pkfpc_wpftmp.csproj]
         C:\ExplorerPro\UI\FileTree\DragDrop\SpringLoadedFolderHelper.cs(183,34): warning CS8625: Cannot convert null literal to non-nullable reference type. [C:\ExplorerPro\ExplorerPro_on4pkfpc_wpftmp.csproj]
         C:\ExplorerPro\UI\FileTree\DragDrop\SpringLoadedFolderHelper.cs(198,36): warning CS8625: Cannot convert null literal to non-nullable reference type. [C:\ExplorerPro\ExplorerPro_on4pkfpc_wpftmp.csproj]
         C:\ExplorerPro\UI\Controls\ChromeStyleTabControl.cs(3028,56): warning CS8622: Nullability of reference types in type of parameter 'sender' of 'void ChromeStyleTabControl.OnTabItemsCollectionChanged(object sender, NotifyCollectionChangedEventArgs e)' doesn't match the target delegate 'NotifyCollectionChangedEventHandler' (possibly because of nullability attributes). [C:\ExplorerPro\ExplorerPro_on4pkfpc_wpftmp.csproj]
         C:\ExplorerPro\UI\Controls\ChromeStyleTabControl.cs(3038,81): warning CS8622: Nullability of reference types in type of parameter 'sender' of 'void ChromeStyleTabControl.OnTabItemsCollectionChanged(object sender, NotifyCollectionChangedEventArgs e)' doesn't match the target delegate 'NotifyCollectionChangedEventHandler' (possibly because of nullability attributes). [C:\ExplorerPro\ExplorerPro_on4pkfpc_wpftmp.csproj]
         C:\ExplorerPro\UI\Controls\ChromeStyleTabControl.cs(3043,60): warning CS8622: Nullability of reference types in type of parameter 'sender' of 'void ChromeStyleTabControl.OnTabItemsCollectionChanged(object sender, NotifyCollectionChangedEventArgs e)' doesn't match the target delegate 'NotifyCollectionChangedEventHandler' (possibly because of nullability attributes). [C:\ExplorerPro\ExplorerPro_on4pkfpc_wpftmp.csproj]
         C:\ExplorerPro\UI\FileTree\DragDrop\SpringLoadedFolderHelper.cs(231,40): warning CS8625: Cannot convert null literal to non-nullable reference type. [C:\ExplorerPro\ExplorerPro_on4pkfpc_wpftmp.csproj]
         C:\ExplorerPro\UI\FileTree\DragDrop\SpringLoadedFolderHelper.cs(245,42): warning CS8625: Cannot convert null literal to non-nullable reference type. [C:\ExplorerPro\ExplorerPro_on4pkfpc_wpftmp.csproj]
         C:\ExplorerPro\UI\FileTree\DragDrop\SpringLoadedFolderHelper.cs(252,42): warning CS8625: Cannot convert null literal to non-nullable reference type. [C:\ExplorerPro\ExplorerPro_on4pkfpc_wpftmp.csproj]
         C:\ExplorerPro\UI\FileTree\DragDrop\SpringLoadedFolderHelper.cs(253,44): warning CS8625: Cannot convert null literal to non-nullable reference type. [C:\ExplorerPro\ExplorerPro_on4pkfpc_wpftmp.csproj]
         C:\ExplorerPro\UI\FileTree\DragDrop\SpringLoadedFolderHelper.cs(256,39): warning CS8625: Cannot convert null literal to non-nullable reference type. [C:\ExplorerPro\ExplorerPro_on4pkfpc_wpftmp.csproj]
         C:\ExplorerPro\UI\FileTree\DragDrop\SpringLoadedFolderHelper.cs(257,40): warning CS8625: Cannot convert null literal to non-nullable reference type. [C:\ExplorerPro\ExplorerPro_on4pkfpc_wpftmp.csproj]
         C:\ExplorerPro\UI\FileTree\DragDrop\SpringLoadedFolderHelper.cs(258,47): warning CS8625: Cannot convert null literal to non-nullable reference type. [C:\ExplorerPro\ExplorerPro_on4pkfpc_wpftmp.csproj]
         C:\ExplorerPro\UI\FileTree\DragDrop\SpringLoadedFolderHelper.cs(259,49): warning CS8625: Cannot convert null literal to non-nullable reference type. [C:\ExplorerPro\ExplorerPro_on4pkfpc_wpftmp.csproj]
         C:\ExplorerPro\UI\FileTree\DragDrop\AutoScrollHelper.cs(47,39): warning CS8622: Nullability of reference types in type of parameter 'sender' of 'void AutoScrollHelper.OnScrollTimerTick(object sender, EventArgs e)' doesn't match the target delegate 'EventHandler' (possibly because of nullability attributes). [C:\ExplorerPro\ExplorerPro_on4pkfpc_wpftmp.csproj]
         C:\ExplorerPro\UI\MainWindow\MainWindow.xaml.cs(2572,35): warning CS8625: Cannot convert null literal to non-nullable reference type. [C:\ExplorerPro\ExplorerPro_on4pkfpc_wpftmp.csproj]
         C:\ExplorerPro\UI\Panels\ProcoreLinksPanel\ProcoreLinksPanel.xaml.cs(377,38): warning CS8600: Converting null literal or possible null value to non-nullable type. [C:\ExplorerPro\ExplorerPro_on4pkfpc_wpftmp.csproj]
         C:\ExplorerPro\UI\Panels\ProcoreLinksPanel\ProcoreLinksPanel.xaml.cs(378,43): warning CS8600: Converting null literal or possible null value to non-nullable type. [C:\ExplorerPro\ExplorerPro_on4pkfpc_wpftmp.csproj]
         C:\ExplorerPro\UI\Panels\ProcoreLinksPanel\ProcoreLinksPanel.xaml.cs(381,21): warning CS8602: Dereference of a possibly null reference. [C:\ExplorerPro\ExplorerPro_on4pkfpc_wpftmp.csproj]
         C:\ExplorerPro\UI\Panels\ProcoreLinksPanel\ProcoreLinksPanel.xaml.cs(397,39): warning CS8600: Converting null literal or possible null value to non-nullable type. [C:\ExplorerPro\ExplorerPro_on4pkfpc_wpftmp.csproj]
         C:\ExplorerPro\UI\Panels\ProcoreLinksPanel\ProcoreLinksPanel.xaml.cs(398,41): warning CS8600: Converting null literal or possible null value to non-nullable type. [C:\ExplorerPro\ExplorerPro_on4pkfpc_wpftmp.csproj]
         C:\ExplorerPro\UI\Panels\ProcoreLinksPanel\ProcoreLinksPanel.xaml.cs(400,38): warning CS8602: Dereference of a possibly null reference. [C:\ExplorerPro\ExplorerPro_on4pkfpc_wpftmp.csproj]
         C:\ExplorerPro\Core\TabManagement\TabServicesFactory.cs(30,23): warning CS8601: Possible null reference assignment. [C:\ExplorerPro\ExplorerPro_on4pkfpc_wpftmp.csproj]
         C:\ExplorerPro\Core\TabManagement\TabServicesFactory.cs(27,16): warning CS8618: Non-nullable field '_logger' must contain a non-null value when exiting constructor. Consider adding the 'required' modifier or declaring the field as nullable. [C:\ExplorerPro\ExplorerPro_on4pkfpc_wpftmp.csproj]
         C:\ExplorerPro\UI\Panels\ProcoreLinksPanel\ProcoreLinksPanel.xaml.cs(459,41): warning CS8600: Converting null literal or possible null value to non-nullable type. [C:\ExplorerPro\ExplorerPro_on4pkfpc_wpftmp.csproj]
         C:\ExplorerPro\Core\TabManagement\TabServicesFactory.cs(47,53): warning CS8604: Possible null reference argument for parameter 'logger' in 'TabManagerService.TabManagerService(ILogger<TabManagerService> logger = null)'. [C:\ExplorerPro\ExplorerPro_on4pkfpc_wpftmp.csproj]
         C:\ExplorerPro\Core\TabManagement\TabServicesFactory.cs(68,73): warning CS8604: Possible null reference argument for parameter 'logger' in 'MainWindowTabsViewModel.MainWindowTabsViewModel(ITabManagerService tabManager, ILogger<MainWindowTabsViewModel> logger = null)'. [C:\ExplorerPro\ExplorerPro_on4pkfpc_wpftmp.csproj]
         C:\ExplorerPro\Core\TabManagement\TabServicesFactory.cs(179,33): warning CS8625: Cannot convert null literal to non-nullable reference type. [C:\ExplorerPro\ExplorerPro_on4pkfpc_wpftmp.csproj]
         C:\ExplorerPro\UI\FileTree\DragDrop\AutoScrollHelper.cs(261,40): warning CS8625: Cannot convert null literal to non-nullable reference type. [C:\ExplorerPro\ExplorerPro_on4pkfpc_wpftmp.csproj]
         C:\ExplorerPro\UI\FileTree\DragDrop\AutoScrollHelper.cs(265,47): warning CS8625: Cannot convert null literal to non-nullable reference type. [C:\ExplorerPro\ExplorerPro_on4pkfpc_wpftmp.csproj]
         C:\ExplorerPro\UI\MainWindow\MainWindow.xaml.cs(2774,55): warning CS8604: Possible null reference argument for parameter 'contextMenu' in 'TabModel MainWindow.GetContextMenuTabModel(ContextMenu contextMenu)'. [C:\ExplorerPro\ExplorerPro_on4pkfpc_wpftmp.csproj]
         C:\ExplorerPro\Core\TabManagement\TabServicesFactory.cs(130,43): warning CS8618: Non-nullable field '_instance' must contain a non-null value when exiting constructor. Consider adding the 'required' modifier or declaring the field as nullable. [C:\ExplorerPro\ExplorerPro_on4pkfpc_wpftmp.csproj]
         C:\ExplorerPro\UI\Panels\ProcoreLinksPanel\ProcoreLinksPanel.xaml.cs(602,41): warning CS8600: Converting null literal or possible null value to non-nullable type. [C:\ExplorerPro\ExplorerPro_on4pkfpc_wpftmp.csproj]
         C:\ExplorerPro\UI\Panels\ProcoreLinksPanel\ProcoreLinksPanel.xaml.cs(612,31): warning CS8600: Converting null literal or possible null value to non-nullable type. [C:\ExplorerPro\ExplorerPro_on4pkfpc_wpftmp.csproj]
         C:\ExplorerPro\UI\Panels\ProcoreLinksPanel\ProcoreLinksPanel.xaml.cs(619,34): warning CS8602: Dereference of a possibly null reference. [C:\ExplorerPro\ExplorerPro_on4pkfpc_wpftmp.csproj]
         C:\ExplorerPro\UI\Panels\ProcoreLinksPanel\ProcoreLinksPanel.xaml.cs(619,34): warning CS8600: Converting null literal or possible null value to non-nullable type. [C:\ExplorerPro\ExplorerPro_on4pkfpc_wpftmp.csproj]
         C:\ExplorerPro\UI\Panels\ProcoreLinksPanel\ProcoreLinksPanel.xaml.cs(635,39): warning CS8604: Possible null reference argument for parameter 'key' in 'bool Dictionary<string, ProjectData>.ContainsKey(string key)'. [C:\ExplorerPro\ExplorerPro_on4pkfpc_wpftmp.csproj]
         C:\ExplorerPro\UI\Controls\DateEditControl.xaml.cs(57,16): warning CS8618: Non-nullable event 'DateChanged' must contain a non-null value when exiting constructor. Consider adding the 'required' modifier or declaring the event as nullable. [C:\ExplorerPro\ExplorerPro_on4pkfpc_wpftmp.csproj]
         C:\ExplorerPro\UI\FileTree\DragDrop\DragAdorner.cs(189,29): warning CS8600: Converting null literal or possible null value to non-nullable type. [C:\ExplorerPro\ExplorerPro_on4pkfpc_wpftmp.csproj]
         C:\ExplorerPro\UI\MainWindow\MainWindowContainer.xaml.cs(1234,27): warning CS8618: Non-nullable property 'Name' must contain a non-null value when exiting constructor. Consider adding the 'required' modifier or declaring the property as nullable. [C:\ExplorerPro\ExplorerPro_on4pkfpc_wpftmp.csproj]
         C:\ExplorerPro\UI\MainWindow\MainWindowContainer.xaml.cs(1235,27): warning CS8618: Non-nullable property 'Container' must contain a non-null value when exiting constructor. Consider adding the 'required' modifier or declaring the property as nullable. [C:\ExplorerPro\ExplorerPro_on4pkfpc_wpftmp.csproj]
         C:\ExplorerPro\UI\MainWindow\MainWindowContainer.xaml.cs(1236,27): warning CS8618: Non-nullable property 'Header' must contain a non-null value when exiting constructor. Consider adding the 'required' modifier or declaring the property as nullable. [C:\ExplorerPro\ExplorerPro_on4pkfpc_wpftmp.csproj]
         C:\ExplorerPro\UI\Panels\ProcoreLinksPanel\ProcoreLinksPanel.xaml.cs(666,34): warning CS8600: Converting null literal or possible null value to non-nullable type. [C:\ExplorerPro\ExplorerPro_on4pkfpc_wpftmp.csproj]
         C:\ExplorerPro\UI\Panels\ProcoreLinksPanel\ProcoreLinksPanel.xaml.cs(667,40): warning CS8604: Possible null reference argument for parameter 'key' in 'bool Dictionary<string, ProjectData>.ContainsKey(string key)'. [C:\ExplorerPro\ExplorerPro_on4pkfpc_wpftmp.csproj]
         C:\ExplorerPro\UI\Panels\ProcoreLinksPanel\ProcoreLinksPanel.xaml.cs(712,41): warning CS8600: Converting null literal or possible null value to non-nullable type. [C:\ExplorerPro\ExplorerPro_on4pkfpc_wpftmp.csproj]
         C:\ExplorerPro\UI\Panels\ProcoreLinksPanel\ProcoreLinksPanel.xaml.cs(721,44): warning CS8600: Converting null literal or possible null value to non-nullable type. [C:\ExplorerPro\ExplorerPro_on4pkfpc_wpftmp.csproj]
         C:\ExplorerPro\UI\Panels\ProcoreLinksPanel\ProcoreLinksPanel.xaml.cs(722,38): warning CS8602: Dereference of a possibly null reference. [C:\ExplorerPro\ExplorerPro_on4pkfpc_wpftmp.csproj]
         C:\ExplorerPro\UI\Panels\ProcoreLinksPanel\ProcoreLinksPanel.xaml.cs(722,38): warning CS8600: Converting null literal or possible null value to non-nullable type. [C:\ExplorerPro\ExplorerPro_on4pkfpc_wpftmp.csproj]
         C:\ExplorerPro\UI\Panels\ProcoreLinksPanel\ProcoreLinksPanel.xaml.cs(723,36): warning CS8600: Converting null literal or possible null value to non-nullable type. [C:\ExplorerPro\ExplorerPro_on4pkfpc_wpftmp.csproj]
         C:\ExplorerPro\UI\Panels\ProcoreLinksPanel\ProcoreLinksPanel.xaml.cs(725,43): warning CS8604: Possible null reference argument for parameter 'key' in 'bool Dictionary<string, ProjectData>.ContainsKey(string key)'. [C:\ExplorerPro\ExplorerPro_on4pkfpc_wpftmp.csproj]
         C:\ExplorerPro\UI\Panels\ProcoreLinksPanel\ProcoreLinksPanel.xaml.cs(725,94): warning CS8604: Possible null reference argument for parameter 'key' in 'bool Dictionary<string, object>.ContainsKey(string key)'. [C:\ExplorerPro\ExplorerPro_on4pkfpc_wpftmp.csproj]
         C:\ExplorerPro\UI\Panels\ProcoreLinksPanel\ProcoreLinksPanel.xaml.cs(734,38): warning CS8600: Converting null literal or possible null value to non-nullable type. [C:\ExplorerPro\ExplorerPro_on4pkfpc_wpftmp.csproj]
         C:\ExplorerPro\UI\Panels\ProcoreLinksPanel\ProcoreLinksPanel.xaml.cs(735,43): warning CS8604: Possible null reference argument for parameter 'key' in 'bool Dictionary<string, ProjectData>.ContainsKey(string key)'. [C:\ExplorerPro\ExplorerPro_on4pkfpc_wpftmp.csproj]
         C:\ExplorerPro\UI\Panels\ProcoreLinksPanel\ProcoreLinksPanel.xaml.cs(752,30): warning CS8600: Converting null literal or possible null value to non-nullable type. [C:\ExplorerPro\ExplorerPro_on4pkfpc_wpftmp.csproj]
         C:\ExplorerPro\UI\Panels\ProcoreLinksPanel\ProcoreLinksPanel.xaml.cs(754,79): warning CS8604: Possible null reference argument for parameter 'defaultValue' in 'InputDialog.InputDialog(string title, string prompt, string defaultValue = "")'. [C:\ExplorerPro\ExplorerPro_on4pkfpc_wpftmp.csproj]
         C:\ExplorerPro\Core\TabManagement\TabSearchManager.cs(157,58): warning CS1998: This async method lacks 'await' operators and will run synchronously. Consider using the 'await' operator to await non-blocking API calls, or 'await Task.Run(...)' to do CPU-bound work on a background thread. [C:\ExplorerPro\ExplorerPro_on4pkfpc_wpftmp.csproj]
         C:\ExplorerPro\UI\Controls\ChromeStyleTabControl.cs(3594,46): warning CS8603: Possible null reference return. [C:\ExplorerPro\ExplorerPro_on4pkfpc_wpftmp.csproj]
         C:\ExplorerPro\UI\Controls\ChromeStyleTabControl.cs(3596,24): warning CS8600: Converting null literal or possible null value to non-nullable type. [C:\ExplorerPro\ExplorerPro_on4pkfpc_wpftmp.csproj]
         C:\ExplorerPro\UI\Panels\ProcoreLinksPanel\ProcoreLinksPanel.xaml.cs(778,34): warning CS8600: Converting null literal or possible null value to non-nullable type. [C:\ExplorerPro\ExplorerPro_on4pkfpc_wpftmp.csproj]
         C:\ExplorerPro\UI\Panels\ProcoreLinksPanel\ProcoreLinksPanel.xaml.cs(779,30): warning CS8600: Converting null literal or possible null value to non-nullable type. [C:\ExplorerPro\ExplorerPro_on4pkfpc_wpftmp.csproj]
         C:\ExplorerPro\UI\Panels\ProcoreLinksPanel\ProcoreLinksPanel.xaml.cs(780,33): warning CS8600: Converting null literal or possible null value to non-nullable type. [C:\ExplorerPro\ExplorerPro_on4pkfpc_wpftmp.csproj]
         C:\ExplorerPro\UI\Panels\ProcoreLinksPanel\ProcoreLinksPanel.xaml.cs(785,76): warning CS8604: Possible null reference argument for parameter 'defaultValue' in 'InputDialog.InputDialog(string title, string prompt, string defaultValue = "")'. [C:\ExplorerPro\ExplorerPro_on4pkfpc_wpftmp.csproj]
         C:\ExplorerPro\UI\Panels\ProcoreLinksPanel\ProcoreLinksPanel.xaml.cs(790,43): warning CS8604: Possible null reference argument for parameter 'key' in 'bool Dictionary<string, ProjectData>.ContainsKey(string key)'. [C:\ExplorerPro\ExplorerPro_on4pkfpc_wpftmp.csproj]
         C:\ExplorerPro\UI\FileTree\FileTreeDemo.xaml.cs(18,57): warning CS8622: Nullability of reference types in type of parameter 'sender' of 'void FileTreeDemo.ImprovedFileTreeListView_LocationChanged(object sender, string path)' doesn't match the target delegate 'EventHandler<string>' (possibly because of nullability attributes). [C:\ExplorerPro\ExplorerPro_on4pkfpc_wpftmp.csproj]
         C:\ExplorerPro\UI\FileTree\FileTreeDemo.xaml.cs(19,68): warning CS8622: Nullability of reference types in type of parameter 'sender' of 'void FileTreeDemo.ImprovedFileTreeListView_ContextMenuActionTriggered(object sender, Tuple<string, string> e)' doesn't match the target delegate 'EventHandler<Tuple<string, string>>' (possibly because of nullability attributes). [C:\ExplorerPro\ExplorerPro_on4pkfpc_wpftmp.csproj]
         C:\ExplorerPro\UI\FileTree\FileTreeDemo.xaml.cs(48,33): warning CS8600: Converting null literal or possible null value to non-nullable type. [C:\ExplorerPro\ExplorerPro_on4pkfpc_wpftmp.csproj]
         C:\ExplorerPro\UI\FileTree\DragDrop\DragAdorner.cs(353,20): warning CS8603: Possible null reference return. [C:\ExplorerPro\ExplorerPro_on4pkfpc_wpftmp.csproj]
         C:\ExplorerPro\UI\Panels\ProcoreLinksPanel\ProcoreLinksPanel.xaml.cs(826,34): warning CS8600: Converting null literal or possible null value to non-nullable type. [C:\ExplorerPro\ExplorerPro_on4pkfpc_wpftmp.csproj]
         C:\ExplorerPro\UI\Panels\ProcoreLinksPanel\ProcoreLinksPanel.xaml.cs(827,31): warning CS8600: Converting null literal or possible null value to non-nullable type. [C:\ExplorerPro\ExplorerPro_on4pkfpc_wpftmp.csproj]
         C:\ExplorerPro\UI\Panels\ProcoreLinksPanel\ProcoreLinksPanel.xaml.cs(828,33): warning CS8600: Converting null literal or possible null value to non-nullable type. [C:\ExplorerPro\ExplorerPro_on4pkfpc_wpftmp.csproj]
         C:\ExplorerPro\UI\FileTree\FileTreeItem.cs(298,51): warning CS8622: Nullability of reference types in type of parameter 'sender' of 'void FileTreeItem.Children_CollectionChanged(object sender, NotifyCollectionChangedEventArgs e)' doesn't match the target delegate 'NotifyCollectionChangedEventHandler' (possibly because of nullability attributes). [C:\ExplorerPro\ExplorerPro_on4pkfpc_wpftmp.csproj]
         C:\ExplorerPro\Core\TabManagement\TabPreviewManager.cs(102,41): warning CS1998: This async method lacks 'await' operators and will run synchronously. Consider using the 'await' operator to await non-blocking API calls, or 'await Task.Run(...)' to do CPU-bound work on a background thread. [C:\ExplorerPro\ExplorerPro_on4pkfpc_wpftmp.csproj]
         C:\ExplorerPro\UI\FileTree\FileTreeItem.cs(350,20): warning CS8603: Possible null reference return. [C:\ExplorerPro\ExplorerPro_on4pkfpc_wpftmp.csproj]
         C:\ExplorerPro\UI\FileTree\FileTreeItem.cs(351,33): warning CS8601: Possible null reference assignment. [C:\ExplorerPro\ExplorerPro_on4pkfpc_wpftmp.csproj]
         C:\ExplorerPro\UI\FileTree\Services\OutlookDataExtractor.cs(161,88): warning CS8604: Possible null reference argument for parameter 'progress' in 'ExtractionResult OutlookDataExtractor.ExtractWithFileDescriptor(IDataObject dataObject, string targetPath, bool useUnicode, IProgress<string> progress = null, CancellationToken cancellationToken = default(CancellationToken))'. [C:\ExplorerPro\ExplorerPro_on4pkfpc_wpftmp.csproj]
         C:\ExplorerPro\UI\FileTree\Services\OutlookDataExtractor.cs(168,89): warning CS8604: Possible null reference argument for parameter 'progress' in 'ExtractionResult OutlookDataExtractor.ExtractWithFileDescriptor(IDataObject dataObject, string targetPath, bool useUnicode, IProgress<string> progress = null, CancellationToken cancellationToken = default(CancellationToken))'. [C:\ExplorerPro\ExplorerPro_on4pkfpc_wpftmp.csproj]
         C:\ExplorerPro\UI\Panels\ProcoreLinksPanel\ProcoreLinksPanel.xaml.cs(861,34): warning CS8600: Converting null literal or possible null value to non-nullable type. [C:\ExplorerPro\ExplorerPro_on4pkfpc_wpftmp.csproj]
         C:\ExplorerPro\UI\Panels\ProcoreLinksPanel\ProcoreLinksPanel.xaml.cs(862,31): warning CS8600: Converting null literal or possible null value to non-nullable type. [C:\ExplorerPro\ExplorerPro_on4pkfpc_wpftmp.csproj]
         C:\ExplorerPro\UI\Panels\ProcoreLinksPanel\ProcoreLinksPanel.xaml.cs(863,33): warning CS8600: Converting null literal or possible null value to non-nullable type. [C:\ExplorerPro\ExplorerPro_on4pkfpc_wpftmp.csproj]
         C:\ExplorerPro\UI\MainWindow\MainWindow.xaml.cs(3017,21): warning CS8602: Dereference of a possibly null reference. [C:\ExplorerPro\ExplorerPro_on4pkfpc_wpftmp.csproj]
         C:\ExplorerPro\UI\FileTree\FileTreeItem.cs(392,39): warning CS8622: Nullability of reference types in type of parameter 'sender' of 'void FileTreeItem.Children_CollectionChanged(object sender, NotifyCollectionChangedEventArgs e)' doesn't match the target delegate 'NotifyCollectionChangedEventHandler' (possibly because of nullability attributes). [C:\ExplorerPro\ExplorerPro_on4pkfpc_wpftmp.csproj]
         C:\ExplorerPro\UI\FileTree\FileTreeItem.cs(387,16): warning CS8618: Non-nullable field '_name' must contain a non-null value when exiting constructor. Consider adding the 'required' modifier or declaring the field as nullable. [C:\ExplorerPro\ExplorerPro_on4pkfpc_wpftmp.csproj]
         C:\ExplorerPro\UI\FileTree\FileTreeItem.cs(387,16): warning CS8618: Non-nullable field '_path' must contain a non-null value when exiting constructor. Consider adding the 'required' modifier or declaring the field as nullable. [C:\ExplorerPro\ExplorerPro_on4pkfpc_wpftmp.csproj]
         C:\ExplorerPro\UI\FileTree\FileTreeItem.cs(387,16): warning CS8618: Non-nullable field '_type' must contain a non-null value when exiting constructor. Consider adding the 'required' modifier or declaring the field as nullable. [C:\ExplorerPro\ExplorerPro_on4pkfpc_wpftmp.csproj]
         C:\ExplorerPro\UI\FileTree\FileTreeItem.cs(387,16): warning CS8618: Non-nullable field '_size' must contain a non-null value when exiting constructor. Consider adding the 'required' modifier or declaring the field as nullable. [C:\ExplorerPro\ExplorerPro_on4pkfpc_wpftmp.csproj]
         C:\ExplorerPro\UI\FileTree\FileTreeItem.cs(387,16): warning CS8618: Non-nullable field '_lastModifiedStr' must contain a non-null value when exiting constructor. Consider adding the 'required' modifier or declaring the field as nullable. [C:\ExplorerPro\ExplorerPro_on4pkfpc_wpftmp.csproj]
         C:\ExplorerPro\UI\FileTree\FileTreeItem.cs(387,16): warning CS8618: Non-nullable field '_foreground' must contain a non-null value when exiting constructor. Consider adding the 'required' modifier or declaring the field as nullable. [C:\ExplorerPro\ExplorerPro_on4pkfpc_wpftmp.csproj]
         C:\ExplorerPro\UI\FileTree\FileTreeItem.cs(387,16): warning CS8618: Non-nullable field '_parentRef' must contain a non-null value when exiting constructor. Consider adding the 'required' modifier or declaring the field as nullable. [C:\ExplorerPro\ExplorerPro_on4pkfpc_wpftmp.csproj]
         C:\ExplorerPro\UI\FileTree\FileTreeItem.cs(387,16): warning CS8618: Non-nullable field '_loadChildrenHandler' must contain a non-null value when exiting constructor. Consider adding the 'required' modifier or declaring the field as nullable. [C:\ExplorerPro\ExplorerPro_on4pkfpc_wpftmp.csproj]
         C:\ExplorerPro\UI\FileTree\FileTreeItem.cs(387,16): warning CS8618: Non-nullable property 'Icon' must contain a non-null value when exiting constructor. Consider adding the 'required' modifier or declaring the property as nullable. [C:\ExplorerPro\ExplorerPro_on4pkfpc_wpftmp.csproj]
         C:\ExplorerPro\UI\FileTree\FileTreeItem.cs(387,16): warning CS8618: Non-nullable event 'PropertyChanged' must contain a non-null value when exiting constructor. Consider adding the 'required' modifier or declaring the event as nullable. [C:\ExplorerPro\ExplorerPro_on4pkfpc_wpftmp.csproj]
         C:\ExplorerPro\Core\TabManagement\TabPerformanceIntegration.cs(76,48): warning CS8622: Nullability of reference types in type of parameter 'state' of 'void TabPerformanceIntegration.PerformanceCheckCallback(object state)' doesn't match the target delegate 'TimerCallback' (possibly because of nullability attributes). [C:\ExplorerPro\ExplorerPro_on4pkfpc_wpftmp.csproj]
         C:\ExplorerPro\Core\TabManagement\TabPerformanceIntegration.cs(63,16): warning CS8618: Non-nullable field '_logger' must contain a non-null value when exiting constructor. Consider adding the 'required' modifier or declaring the field as nullable. [C:\ExplorerPro\ExplorerPro_on4pkfpc_wpftmp.csproj]
         C:\ExplorerPro\UI\FileTree\Services\OutlookDataExtractor.cs(238,84): warning CS8625: Cannot convert null literal to non-nullable reference type. [C:\ExplorerPro\ExplorerPro_on4pkfpc_wpftmp.csproj]
         C:\ExplorerPro\UI\FileTree\Services\OutlookDataExtractor.cs(244,85): warning CS8625: Cannot convert null literal to non-nullable reference type. [C:\ExplorerPro\ExplorerPro_on4pkfpc_wpftmp.csproj]
         C:\ExplorerPro\UI\Panels\ProcoreLinksPanel\ProcoreLinksPanel.xaml.cs(895,34): warning CS8600: Converting null literal or possible null value to non-nullable type. [C:\ExplorerPro\ExplorerPro_on4pkfpc_wpftmp.csproj]
         C:\ExplorerPro\UI\Panels\ProcoreLinksPanel\ProcoreLinksPanel.xaml.cs(896,39): warning CS8600: Converting null literal or possible null value to non-nullable type. [C:\ExplorerPro\ExplorerPro_on4pkfpc_wpftmp.csproj]
         C:\ExplorerPro\UI\FileTree\Example_OptimizedTreeViewIntegration.cs(16,26): warning CS8618: Non-nullable field '_treeView' must contain a non-null value when exiting constructor. Consider adding the 'required' modifier or declaring the field as nullable. [C:\ExplorerPro\ExplorerPro_on4pkfpc_wpftmp.csproj]
         C:\ExplorerPro\UI\FileTree\Example_OptimizedTreeViewIntegration.cs(17,53): warning CS8618: Non-nullable field '_performanceManager' must contain a non-null value when exiting constructor. Consider adding the 'required' modifier or declaring the field as nullable. [C:\ExplorerPro\ExplorerPro_on4pkfpc_wpftmp.csproj]
         C:\ExplorerPro\UI\FileTree\FileTreeItem.cs(487,32): warning CS8625: Cannot convert null literal to non-nullable reference type. [C:\ExplorerPro\ExplorerPro_on4pkfpc_wpftmp.csproj]
         C:\ExplorerPro\Core\TabManagement\TabPerformanceIntegration.cs(115,54): warning CS8622: Nullability of reference types in type of parameter 'sender' of 'void TabPerformanceIntegration.OnTabCreated(object sender, TabEventArgs e)' doesn't match the target delegate 'EventHandler<TabEventArgs>' (possibly because of nullability attributes). [C:\ExplorerPro\ExplorerPro_on4pkfpc_wpftmp.csproj]
         C:\ExplorerPro\Core\TabManagement\TabPerformanceIntegration.cs(116,53): warning CS8622: Nullability of reference types in type of parameter 'sender' of 'void TabPerformanceIntegration.OnTabClosed(object sender, TabEventArgs e)' doesn't match the target delegate 'EventHandler<TabEventArgs>' (possibly because of nullability attributes). [C:\ExplorerPro\ExplorerPro_on4pkfpc_wpftmp.csproj]
         C:\ExplorerPro\Core\TabManagement\TabPerformanceIntegration.cs(117,60): warning CS8622: Nullability of reference types in type of parameter 'sender' of 'void TabPerformanceIntegration.OnActiveTabChanged(object sender, TabChangedEventArgs e)' doesn't match the target delegate 'EventHandler<TabChangedEventArgs>' (possibly because of nullability attributes). [C:\ExplorerPro\ExplorerPro_on4pkfpc_wpftmp.csproj]
         C:\ExplorerPro\Core\TabManagement\TabPerformanceIntegration.cs(132,25): warning CS8604: Possible null reference argument for parameter 'logger' in 'TabVirtualizationManager.TabVirtualizationManager(ILogger<TabVirtualizationManager> logger = null, ResourceMonitor resourceMonitor = null, VirtualizationSettings settings = null)'. [C:\ExplorerPro\ExplorerPro_on4pkfpc_wpftmp.csproj]
         C:\ExplorerPro\Core\TabManagement\TabPerformanceIntegration.cs(148,25): warning CS8604: Possible null reference argument for parameter 'logger' in 'TabHibernationManager.TabHibernationManager(ILogger<TabHibernationManager> logger = null, ResourceMonitor resourceMonitor = null, HibernationSettings settings = null)'. [C:\ExplorerPro\ExplorerPro_on4pkfpc_wpftmp.csproj]
         C:\ExplorerPro\Core\TabManagement\TabPerformanceIntegration.cs(164,25): warning CS8604: Possible null reference argument for parameter 'logger' in 'PerformanceOptimizer.PerformanceOptimizer(ILogger<PerformanceOptimizer> logger = null, ResourceMonitor resourceMonitor = null, TabVirtualizationManager virtualizationManager = null, TabHibernationManager hibernationManager = null, PerformanceSettings settings = null)'. [C:\ExplorerPro\ExplorerPro_on4pkfpc_wpftmp.csproj]
         C:\ExplorerPro\Core\TabManagement\TabPerformanceIntegration.cs(166,25): warning CS8625: Cannot convert null literal to non-nullable reference type. [C:\ExplorerPro\ExplorerPro_on4pkfpc_wpftmp.csproj]
         C:\ExplorerPro\Core\TabManagement\TabPerformanceIntegration.cs(167,25): warning CS8604: Possible null reference argument for parameter 'hibernationManager' in 'PerformanceOptimizer.PerformanceOptimizer(ILogger<PerformanceOptimizer> logger = null, ResourceMonitor resourceMonitor = null, TabVirtualizationManager virtualizationManager = null, TabHibernationManager hibernationManager = null, PerformanceSettings settings = null)'. [C:\ExplorerPro\ExplorerPro_on4pkfpc_wpftmp.csproj]
         C:\ExplorerPro\UI\FileTree\Services\OutlookDataExtractor.cs(291,49): warning CS8600: Converting null literal or possible null value to non-nullable type. [C:\ExplorerPro\ExplorerPro_on4pkfpc_wpftmp.csproj]
         C:\ExplorerPro\UI\Panels\ProcoreLinksPanel\ProcoreLinksPanel.xaml.cs(929,34): warning CS8600: Converting null literal or possible null value to non-nullable type. [C:\ExplorerPro\ExplorerPro_on4pkfpc_wpftmp.csproj]
         C:\ExplorerPro\UI\Panels\ProcoreLinksPanel\ProcoreLinksPanel.xaml.cs(930,39): warning CS8600: Converting null literal or possible null value to non-nullable type. [C:\ExplorerPro\ExplorerPro_on4pkfpc_wpftmp.csproj]
         C:\ExplorerPro\UI\Controls\ChromeStyleTabControl.cs(3799,47): warning CS8625: Cannot convert null literal to non-nullable reference type. [C:\ExplorerPro\ExplorerPro_on4pkfpc_wpftmp.csproj]
         C:\ExplorerPro\UI\Controls\ChromeStyleTabControl.cs(3804,48): warning CS8625: Cannot convert null literal to non-nullable reference type. [C:\ExplorerPro\ExplorerPro_on4pkfpc_wpftmp.csproj]
         C:\ExplorerPro\UI\Controls\ChromeStyleTabControl.cs(3805,45): warning CS8625: Cannot convert null literal to non-nullable reference type. [C:\ExplorerPro\ExplorerPro_on4pkfpc_wpftmp.csproj]
         C:\ExplorerPro\UI\Controls\ChromeStyleTabControl.cs(3812,46): warning CS8625: Cannot convert null literal to non-nullable reference type. [C:\ExplorerPro\ExplorerPro_on4pkfpc_wpftmp.csproj]
         C:\ExplorerPro\UI\Controls\ChromeStyleTabControl.cs(3823,49): warning CS8625: Cannot convert null literal to non-nullable reference type. [C:\ExplorerPro\ExplorerPro_on4pkfpc_wpftmp.csproj]
         C:\ExplorerPro\UI\Controls\ChromeStyleTabControl.cs(3830,44): warning CS8625: Cannot convert null literal to non-nullable reference type. [C:\ExplorerPro\ExplorerPro_on4pkfpc_wpftmp.csproj]
         C:\ExplorerPro\UI\Controls\ChromeStyleTabControl.cs(3837,49): warning CS8625: Cannot convert null literal to non-nullable reference type. [C:\ExplorerPro\ExplorerPro_on4pkfpc_wpftmp.csproj]
         C:\ExplorerPro\UI\Controls\ChromeStyleTabControl.cs(3862,59): warning CS8622: Nullability of reference types in type of parameter 'sender' of 'void ChromeStyleTabControl.OnTabItemsCollectionChanged(object sender, NotifyCollectionChangedEventArgs e)' doesn't match the target delegate 'NotifyCollectionChangedEventHandler' (possibly because of nullability attributes). [C:\ExplorerPro\ExplorerPro_on4pkfpc_wpftmp.csproj]
         C:\ExplorerPro\UI\Controls\ChromeStyleTabControl.cs(3872,39): warning CS8625: Cannot convert null literal to non-nullable reference type. [C:\ExplorerPro\ExplorerPro_on4pkfpc_wpftmp.csproj]
         C:\ExplorerPro\Core\MainWindowInitializer.cs(289,51): warning CS8625: Cannot convert null literal to non-nullable reference type. [C:\ExplorerPro\ExplorerPro_on4pkfpc_wpftmp.csproj]
         C:\ExplorerPro\Core\MainWindowInitializer.cs(289,76): warning CS8625: Cannot convert null literal to non-nullable reference type. [C:\ExplorerPro\ExplorerPro_on4pkfpc_wpftmp.csproj]
         C:\ExplorerPro\Core\TabManagement\TabPerformanceIntegration.cs(217,24): warning CS8603: Possible null reference return. [C:\ExplorerPro\ExplorerPro_on4pkfpc_wpftmp.csproj]
         C:\ExplorerPro\UI\Panels\ProcoreLinksPanel\ProcoreLinksPanel.xaml.cs(78,28): warning CS8603: Possible null reference return. [C:\ExplorerPro\ExplorerPro_on4pkfpc_wpftmp.csproj]
         C:\ExplorerPro\UI\Panels\ProcoreLinksPanel\ProcoreLinksPanel.xaml.cs(88,31): warning CS8601: Possible null reference assignment. [C:\ExplorerPro\ExplorerPro_on4pkfpc_wpftmp.csproj]
         C:\ExplorerPro\UI\Panels\ProcoreLinksPanel\ProcoreLinksPanel.xaml.cs(93,37): warning CS8619: Nullability of reference types in value of type 'List<string?>' doesn't match target type 'List<string>'. [C:\ExplorerPro\ExplorerPro_on4pkfpc_wpftmp.csproj]
         C:\ExplorerPro\UI\Panels\ProcoreLinksPanel\ProcoreLinksPanel.xaml.cs(114,24): warning CS8603: Possible null reference return. [C:\ExplorerPro\ExplorerPro_on4pkfpc_wpftmp.csproj]
         C:\ExplorerPro\UI\FileTree\FileTreeItem.cs(580,36): warning CS8625: Cannot convert null literal to non-nullable reference type. [C:\ExplorerPro\ExplorerPro_on4pkfpc_wpftmp.csproj]
         C:\ExplorerPro\Core\Monitoring\ResourceMonitor.cs(25,39): warning CS8622: Nullability of reference types in type of parameter 'state' of 'void ResourceMonitor.MonitorCallback(object state)' doesn't match the target delegate 'TimerCallback' (possibly because of nullability attributes). [C:\ExplorerPro\ExplorerPro_on4pkfpc_wpftmp.csproj]
         C:\ExplorerPro\Core\Monitoring\ResourceMonitor.cs(21,16): warning CS8618: Non-nullable event 'ResourceUsageUpdated' must contain a non-null value when exiting constructor. Consider adding the 'required' modifier or declaring the event as nullable. [C:\ExplorerPro\ExplorerPro_on4pkfpc_wpftmp.csproj]
         C:\ExplorerPro\Core\Monitoring\ResourceMonitor.cs(21,16): warning CS8618: Non-nullable event 'HighMemoryPressure' must contain a non-null value when exiting constructor. Consider adding the 'required' modifier or declaring the event as nullable. [C:\ExplorerPro\ExplorerPro_on4pkfpc_wpftmp.csproj]
         C:\ExplorerPro\Core\Monitoring\ResourceMonitor.cs(21,16): warning CS8618: Non-nullable event 'FrequentGarbageCollection' must contain a non-null value when exiting constructor. Consider adding the 'required' modifier or declaring the event as nullable. [C:\ExplorerPro\ExplorerPro_on4pkfpc_wpftmp.csproj]
         C:\ExplorerPro\UI\FileTree\FileTreeItem.cs(627,39): warning CS8625: Cannot convert null literal to non-nullable reference type. [C:\ExplorerPro\ExplorerPro_on4pkfpc_wpftmp.csproj]
         C:\ExplorerPro\UI\FileTree\FileTreeItem.cs(633,51): warning CS8625: Cannot convert null literal to non-nullable reference type. [C:\ExplorerPro\ExplorerPro_on4pkfpc_wpftmp.csproj]
         C:\ExplorerPro\UI\FileTree\FileTreeItem.cs(640,34): warning CS8625: Cannot convert null literal to non-nullable reference type. [C:\ExplorerPro\ExplorerPro_on4pkfpc_wpftmp.csproj]
         C:\ExplorerPro\UI\FileTree\FileTreeItem.cs(643,35): warning CS8625: Cannot convert null literal to non-nullable reference type. [C:\ExplorerPro\ExplorerPro_on4pkfpc_wpftmp.csproj]
         C:\ExplorerPro\UI\FileTree\FileTreeItem.cs(644,28): warning CS8625: Cannot convert null literal to non-nullable reference type. [C:\ExplorerPro\ExplorerPro_on4pkfpc_wpftmp.csproj]
         C:\ExplorerPro\UI\FileTree\FileTreeItem.cs(647,44): warning CS8625: Cannot convert null literal to non-nullable reference type. [C:\ExplorerPro\ExplorerPro_on4pkfpc_wpftmp.csproj]
         C:\ExplorerPro\Core\Monitoring\ResourceMonitor.cs(43,29): warning CS8625: Cannot convert null literal to non-nullable reference type. [C:\ExplorerPro\ExplorerPro_on4pkfpc_wpftmp.csproj]
         C:\ExplorerPro\Core\OperationContext.cs(117,43): warning CS8601: Possible null reference assignment. [C:\ExplorerPro\ExplorerPro_on4pkfpc_wpftmp.csproj]
         C:\ExplorerPro\Core\OperationContext.cs(118,46): warning CS8601: Possible null reference assignment. [C:\ExplorerPro\ExplorerPro_on4pkfpc_wpftmp.csproj]
         C:\ExplorerPro\UI\Panels\ProcoreLinksPanel\ProcoreLinksPanel.xaml.cs(1034,20): warning CS8603: Possible null reference return. [C:\ExplorerPro\ExplorerPro_on4pkfpc_wpftmp.csproj]
         C:\ExplorerPro\UI\Controls\Interfaces\ITabAnimationManager.cs(174,32): warning CS8618: Non-nullable property 'EasingFunction' must contain a non-null value when exiting constructor. Consider adding the 'required' modifier or declaring the property as nullable. [C:\ExplorerPro\ExplorerPro_on4pkfpc_wpftmp.csproj]
         C:\ExplorerPro\UI\Controls\ChromeStyleTabControl.cs(4013,66): warning CS8601: Possible null reference assignment. [C:\ExplorerPro\ExplorerPro_on4pkfpc_wpftmp.csproj]
         C:\ExplorerPro\Core\Services\WindowLifecycleService.cs(90,16): warning CS8618: Non-nullable event 'LayoutSaved' must contain a non-null value when exiting constructor. Consider adding the 'required' modifier or declaring the event as nullable. [C:\ExplorerPro\ExplorerPro_on4pkfpc_wpftmp.csproj]
         C:\ExplorerPro\Core\Services\WindowLifecycleService.cs(90,16): warning CS8618: Non-nullable event 'LayoutRestored' must contain a non-null value when exiting constructor. Consider adding the 'required' modifier or declaring the event as nullable. [C:\ExplorerPro\ExplorerPro_on4pkfpc_wpftmp.csproj]
         C:\ExplorerPro\UI\Controls\ChromeStyleTabControl.cs(4061,66): warning CS8601: Possible null reference assignment. [C:\ExplorerPro\ExplorerPro_on4pkfpc_wpftmp.csproj]
         C:\ExplorerPro\Core\TabManagement\TabPerformanceIntegration.cs(454,54): warning CS8622: Nullability of reference types in type of parameter 'sender' of 'void TabPerformanceIntegration.OnTabHibernatedByManager(object sender, TabHibernationEventArgs e)' doesn't match the target delegate 'EventHandler<TabHibernationEventArgs>' (possibly because of nullability attributes). [C:\ExplorerPro\ExplorerPro_on4pkfpc_wpftmp.csproj]
         C:\ExplorerPro\Core\TabManagement\TabPerformanceIntegration.cs(455,55): warning CS8622: Nullability of reference types in type of parameter 'sender' of 'void TabPerformanceIntegration.OnTabReactivatedByManager(object sender, TabReactivationEventArgs e)' doesn't match the target delegate 'EventHandler<TabReactivationEventArgs>' (possibly because of nullability attributes). [C:\ExplorerPro\ExplorerPro_on4pkfpc_wpftmp.csproj]
         C:\ExplorerPro\Core\TabManagement\TabPerformanceIntegration.cs(456,53): warning CS8622: Nullability of reference types in type of parameter 'sender' of 'void TabPerformanceIntegration.OnHibernationStatsUpdated(object sender, HibernationStatsEventArgs e)' doesn't match the target delegate 'EventHandler<HibernationStatsEventArgs>' (possibly because of nullability attributes). [C:\ExplorerPro\ExplorerPro_on4pkfpc_wpftmp.csproj]
         C:\ExplorerPro\Core\TabManagement\TabPerformanceIntegration.cs(462,64): warning CS8622: Nullability of reference types in type of parameter 'sender' of 'void TabPerformanceIntegration.OnOptimizationCompleted(object sender, OptimizationCompletedEventArgs e)' doesn't match the target delegate 'EventHandler<OptimizationCompletedEventArgs>' (possibly because of nullability attributes). [C:\ExplorerPro\ExplorerPro_on4pkfpc_wpftmp.csproj]
         C:\ExplorerPro\Core\TabManagement\TabPerformanceIntegration.cs(463,60): warning CS8622: Nullability of reference types in type of parameter 'sender' of 'void TabPerformanceIntegration.OnPerformanceThresholdExceeded(object sender, PerformanceThresholdEventArgs e)' doesn't match the target delegate 'EventHandler<PerformanceThresholdEventArgs>' (possibly because of nullability attributes). [C:\ExplorerPro\ExplorerPro_on4pkfpc_wpftmp.csproj]
         C:\ExplorerPro\Core\SettingsService.cs(35,16): warning CS8618: Non-nullable event 'SettingChanged' must contain a non-null value when exiting constructor. Consider adding the 'required' modifier or declaring the event as nullable. [C:\ExplorerPro\ExplorerPro_on4pkfpc_wpftmp.csproj]
         C:\ExplorerPro\Core\SettingsService.cs(35,16): warning CS8618: Non-nullable event 'ValidationFailed' must contain a non-null value when exiting constructor. Consider adding the 'required' modifier or declaring the event as nullable. [C:\ExplorerPro\ExplorerPro_on4pkfpc_wpftmp.csproj]
         C:\ExplorerPro\UI\Controls\ChromeStyleTabControl.cs(4134,66): warning CS8601: Possible null reference assignment. [C:\ExplorerPro\ExplorerPro_on4pkfpc_wpftmp.csproj]
         C:\ExplorerPro\UI\Controls\ChromeStyleTabControl.cs(4177,66): warning CS8601: Possible null reference assignment. [C:\ExplorerPro\ExplorerPro_on4pkfpc_wpftmp.csproj]
         C:\ExplorerPro\UI\Controls\PreviewHandlers\PdfPreviewControl.xaml.cs(50,16): warning CS8618: Non-nullable field '_pdfDocument' must contain a non-null value when exiting constructor. Consider adding the 'required' modifier or declaring the field as nullable. [C:\ExplorerPro\ExplorerPro_on4pkfpc_wpftmp.csproj]
         C:\ExplorerPro\UI\Controls\PreviewHandlers\PdfPreviewControl.xaml.cs(50,16): warning CS8618: Non-nullable field '_parentWindow' must contain a non-null value when exiting constructor. Consider adding the 'required' modifier or declaring the field as nullable. [C:\ExplorerPro\ExplorerPro_on4pkfpc_wpftmp.csproj]
         C:\ExplorerPro\Core\SettingsService.cs(95,35): warning CS8600: Converting null literal or possible null value to non-nullable type. [C:\ExplorerPro\ExplorerPro_on4pkfpc_wpftmp.csproj]
         C:\ExplorerPro\Core\SettingsService.cs(111,57): warning CS8604: Possible null reference argument for parameter 'value' in 'void SettingsManager.UpdateSetting(string key, object value)'. [C:\ExplorerPro\ExplorerPro_on4pkfpc_wpftmp.csproj]
         C:\ExplorerPro\Core\SettingsService.cs(132,90): warning CS8604: Possible null reference argument for parameter 'previousValue' in 'SettingChangedEventArgs.SettingChangedEventArgs(string key, object value, object previousValue = null)'. [C:\ExplorerPro\ExplorerPro_on4pkfpc_wpftmp.csproj]
         C:\ExplorerPro\UI\FileTree\Helpers\FileTreeOperationHelper.cs(208,28): warning CS1998: This async method lacks 'await' operators and will run synchronously. Consider using the 'await' operator to await non-blocking API calls, or 'await Task.Run(...)' to do CPU-bound work on a background thread. [C:\ExplorerPro\ExplorerPro_on4pkfpc_wpftmp.csproj]
         C:\ExplorerPro\UI\FileTree\Services\OutlookDataExtractor.cs(530,34): warning CS8600: Converting null literal or possible null value to non-nullable type. [C:\ExplorerPro\ExplorerPro_on4pkfpc_wpftmp.csproj]
         C:\ExplorerPro\UI\FileTree\Services\OutlookDataExtractor.cs(563,36): warning CS8600: Converting null literal or possible null value to non-nullable type. [C:\ExplorerPro\ExplorerPro_on4pkfpc_wpftmp.csproj]
         C:\ExplorerPro\UI\Controls\PreviewHandlers\ImagePreviewControl.xaml.cs(48,16): warning CS8618: Non-nullable field '_originalImage' must contain a non-null value when exiting constructor. Consider adding the 'required' modifier or declaring the field as nullable. [C:\ExplorerPro\ExplorerPro_on4pkfpc_wpftmp.csproj]
         C:\ExplorerPro\UI\Controls\PreviewHandlers\ImagePreviewControl.xaml.cs(48,16): warning CS8618: Non-nullable field '_parentWindow' must contain a non-null value when exiting constructor. Consider adding the 'required' modifier or declaring the field as nullable. [C:\ExplorerPro\ExplorerPro_on4pkfpc_wpftmp.csproj]
         C:\ExplorerPro\Core\TabManagement\TabPerformanceIntegration.cs(633,50): warning CS8622: Nullability of reference types in type of parameter 'sender' of 'void TabPerformanceIntegration.OnTabCreated(object sender, TabEventArgs e)' doesn't match the target delegate 'EventHandler<TabEventArgs>' (possibly because of nullability attributes). [C:\ExplorerPro\ExplorerPro_on4pkfpc_wpftmp.csproj]
         C:\ExplorerPro\Core\TabManagement\TabPerformanceIntegration.cs(634,49): warning CS8622: Nullability of reference types in type of parameter 'sender' of 'void TabPerformanceIntegration.OnTabClosed(object sender, TabEventArgs e)' doesn't match the target delegate 'EventHandler<TabEventArgs>' (possibly because of nullability attributes). [C:\ExplorerPro\ExplorerPro_on4pkfpc_wpftmp.csproj]
         C:\ExplorerPro\Core\TabManagement\TabPerformanceIntegration.cs(635,56): warning CS8622: Nullability of reference types in type of parameter 'sender' of 'void TabPerformanceIntegration.OnActiveTabChanged(object sender, TabChangedEventArgs e)' doesn't match the target delegate 'EventHandler<TabChangedEventArgs>' (possibly because of nullability attributes). [C:\ExplorerPro\ExplorerPro_on4pkfpc_wpftmp.csproj]
         C:\ExplorerPro\Core\TabManagement\TabPerformanceIntegration.cs(648,54): warning CS8622: Nullability of reference types in type of parameter 'sender' of 'void TabPerformanceIntegration.OnTabHibernatedByManager(object sender, TabHibernationEventArgs e)' doesn't match the target delegate 'EventHandler<TabHibernationEventArgs>' (possibly because of nullability attributes). [C:\ExplorerPro\ExplorerPro_on4pkfpc_wpftmp.csproj]
         C:\ExplorerPro\Core\TabManagement\TabPerformanceIntegration.cs(649,55): warning CS8622: Nullability of reference types in type of parameter 'sender' of 'void TabPerformanceIntegration.OnTabReactivatedByManager(object sender, TabReactivationEventArgs e)' doesn't match the target delegate 'EventHandler<TabReactivationEventArgs>' (possibly because of nullability attributes). [C:\ExplorerPro\ExplorerPro_on4pkfpc_wpftmp.csproj]
         C:\ExplorerPro\Core\TabManagement\TabPerformanceIntegration.cs(650,53): warning CS8622: Nullability of reference types in type of parameter 'sender' of 'void TabPerformanceIntegration.OnHibernationStatsUpdated(object sender, HibernationStatsEventArgs e)' doesn't match the target delegate 'EventHandler<HibernationStatsEventArgs>' (possibly because of nullability attributes). [C:\ExplorerPro\ExplorerPro_on4pkfpc_wpftmp.csproj]
         C:\ExplorerPro\Core\TabManagement\TabPerformanceIntegration.cs(655,64): warning CS8622: Nullability of reference types in type of parameter 'sender' of 'void TabPerformanceIntegration.OnOptimizationCompleted(object sender, OptimizationCompletedEventArgs e)' doesn't match the target delegate 'EventHandler<OptimizationCompletedEventArgs>' (possibly because of nullability attributes). [C:\ExplorerPro\ExplorerPro_on4pkfpc_wpftmp.csproj]
         C:\ExplorerPro\Core\TabManagement\TabPerformanceIntegration.cs(656,60): warning CS8622: Nullability of reference types in type of parameter 'sender' of 'void TabPerformanceIntegration.OnPerformanceThresholdExceeded(object sender, PerformanceThresholdEventArgs e)' doesn't match the target delegate 'EventHandler<PerformanceThresholdEventArgs>' (possibly because of nullability attributes). [C:\ExplorerPro\ExplorerPro_on4pkfpc_wpftmp.csproj]
         C:\ExplorerPro\UI\FileTree\Helpers\FileTreeOperationHelper.cs(258,28): warning CS8603: Possible null reference return. [C:\ExplorerPro\ExplorerPro_on4pkfpc_wpftmp.csproj]
         C:\ExplorerPro\UI\FileTree\Helpers\FileTreeOperationHelper.cs(264,20): warning CS8603: Possible null reference return. [C:\ExplorerPro\ExplorerPro_on4pkfpc_wpftmp.csproj]
         C:\ExplorerPro\UI\Controls\PreviewHandlers\PdfPreviewControl.xaml.cs(77,36): warning CS8625: Cannot convert null literal to non-nullable reference type. [C:\ExplorerPro\ExplorerPro_on4pkfpc_wpftmp.csproj]
         C:\ExplorerPro\Core\SettingsService.cs(160,40): warning CS8600: Converting null literal or possible null value to non-nullable type. [C:\ExplorerPro\ExplorerPro_on4pkfpc_wpftmp.csproj]
         C:\ExplorerPro\Core\SettingsService.cs(179,86): warning CS8604: Possible null reference argument for parameter 'previousValue' in 'SettingChangedEventArgs.SettingChangedEventArgs(string key, object value, object previousValue = null)'. [C:\ExplorerPro\ExplorerPro_on4pkfpc_wpftmp.csproj]
         C:\ExplorerPro\UI\FileTree\Services\OutlookDataExtractor.cs(638,34): warning CS8600: Converting null literal or possible null value to non-nullable type. [C:\ExplorerPro\ExplorerPro_on4pkfpc_wpftmp.csproj]
         C:\ExplorerPro\UI\FileTree\Services\OutlookDataExtractor.cs(682,24): warning CS8603: Possible null reference return. [C:\ExplorerPro\ExplorerPro_on4pkfpc_wpftmp.csproj]
         C:\ExplorerPro\UI\FileTree\Services\OutlookDataExtractor.cs(687,24): warning CS8603: Possible null reference return. [C:\ExplorerPro\ExplorerPro_on4pkfpc_wpftmp.csproj]
         C:\ExplorerPro\UI\FileTree\Managers\OptimizedTreeViewIndexer.cs(93,39): warning CS8622: Nullability of reference types in type of parameter 'state' of 'void OptimizedTreeViewIndexer.PerformCleanup(object state)' doesn't match the target delegate 'TimerCallback' (possibly because of nullability attributes). [C:\ExplorerPro\ExplorerPro_on4pkfpc_wpftmp.csproj]
         C:\ExplorerPro\UI\FileTree\Managers\OptimizedTreeViewIndexer.cs(96,48): warning CS8622: Nullability of reference types in type of parameter 'state' of 'void OptimizedTreeViewIndexer.UpdateVisibility(object state)' doesn't match the target delegate 'TimerCallback' (possibly because of nullability attributes). [C:\ExplorerPro\ExplorerPro_on4pkfpc_wpftmp.csproj]
         C:\ExplorerPro\UI\FileTree\Managers\OptimizedTreeViewIndexer.cs(87,16): warning CS8618: Non-nullable event 'ContainerCreated' must contain a non-null value when exiting constructor. Consider adding the 'required' modifier or declaring the event as nullable. [C:\ExplorerPro\ExplorerPro_on4pkfpc_wpftmp.csproj]
         C:\ExplorerPro\UI\FileTree\Managers\OptimizedTreeViewIndexer.cs(87,16): warning CS8618: Non-nullable event 'ContainerDestroyed' must contain a non-null value when exiting constructor. Consider adding the 'required' modifier or declaring the event as nullable. [C:\ExplorerPro\ExplorerPro_on4pkfpc_wpftmp.csproj]
         C:\ExplorerPro\UI\FileTree\Managers\OptimizedTreeViewIndexer.cs(87,16): warning CS8618: Non-nullable event 'VisibilityChanged' must contain a non-null value when exiting constructor. Consider adding the 'required' modifier or declaring the event as nullable. [C:\ExplorerPro\ExplorerPro_on4pkfpc_wpftmp.csproj]
         C:\ExplorerPro\UI\FileTree\Models\FileTreeItem.cs(124,16): warning CS8618: Non-nullable field '_name' must contain a non-null value when exiting constructor. Consider adding the 'required' modifier or declaring the field as nullable. [C:\ExplorerPro\ExplorerPro_on4pkfpc_wpftmp.csproj]
         C:\ExplorerPro\UI\FileTree\Models\FileTreeItem.cs(124,16): warning CS8618: Non-nullable field '_path' must contain a non-null value when exiting constructor. Consider adding the 'required' modifier or declaring the field as nullable. [C:\ExplorerPro\ExplorerPro_on4pkfpc_wpftmp.csproj]
         C:\ExplorerPro\UI\FileTree\Models\FileTreeItem.cs(124,16): warning CS8618: Non-nullable field '_icon' must contain a non-null value when exiting constructor. Consider adding the 'required' modifier or declaring the field as nullable. [C:\ExplorerPro\ExplorerPro_on4pkfpc_wpftmp.csproj]
         C:\ExplorerPro\UI\FileTree\Models\FileTreeItem.cs(124,16): warning CS8618: Non-nullable field '_parent' must contain a non-null value when exiting constructor. Consider adding the 'required' modifier or declaring the field as nullable. [C:\ExplorerPro\ExplorerPro_on4pkfpc_wpftmp.csproj]
         C:\ExplorerPro\UI\FileTree\Models\FileTreeItem.cs(124,16): warning CS8618: Non-nullable event 'PropertyChanged' must contain a non-null value when exiting constructor. Consider adding the 'required' modifier or declaring the event as nullable. [C:\ExplorerPro\ExplorerPro_on4pkfpc_wpftmp.csproj]
         C:\ExplorerPro\UI\FileTree\Managers\OptimizedTreeViewIndexer.cs(135,44): warning CS8622: Nullability of reference types in type of parameter 'sender' of 'void OptimizedTreeViewIndexer.OnGeneratorStatusChanged(object sender, EventArgs e)' doesn't match the target delegate 'EventHandler' (possibly because of nullability attributes). [C:\ExplorerPro\ExplorerPro_on4pkfpc_wpftmp.csproj]
         C:\ExplorerPro\Core\SettingsService.cs(216,47): warning CS8625: Cannot convert null literal to non-nullable reference type. [C:\ExplorerPro\ExplorerPro_on4pkfpc_wpftmp.csproj]
         C:\ExplorerPro\UI\FileTree\Managers\OptimizedTreeViewIndexer.cs(152,44): warning CS8622: Nullability of reference types in type of parameter 'sender' of 'void OptimizedTreeViewIndexer.OnGeneratorStatusChanged(object sender, EventArgs e)' doesn't match the target delegate 'EventHandler' (possibly because of nullability attributes). [C:\ExplorerPro\ExplorerPro_on4pkfpc_wpftmp.csproj]
         C:\ExplorerPro\UI\Controls\PreviewHandlers\ImagePreviewControl.xaml.cs(142,61): warning CS8600: Converting null literal or possible null value to non-nullable type. [C:\ExplorerPro\ExplorerPro_on4pkfpc_wpftmp.csproj]
         C:\ExplorerPro\UI\FileTree\Models\FileTreeItem.cs(152,32): warning CS8625: Cannot convert null literal to non-nullable reference type. [C:\ExplorerPro\ExplorerPro_on4pkfpc_wpftmp.csproj]
         C:\ExplorerPro\UI\FileTree\Models\FileTreeItem.cs(160,32): warning CS8625: Cannot convert null literal to non-nullable reference type. [C:\ExplorerPro\ExplorerPro_on4pkfpc_wpftmp.csproj]
         C:\ExplorerPro\UI\FileTree\Managers\OptimizedTreeViewIndexer.cs(180,55): warning CS8603: Possible null reference return. [C:\ExplorerPro\ExplorerPro_on4pkfpc_wpftmp.csproj]
         C:\ExplorerPro\UI\FileTree\Managers\OptimizedTreeViewIndexer.cs(191,20): warning CS8603: Possible null reference return. [C:\ExplorerPro\ExplorerPro_on4pkfpc_wpftmp.csproj]
         C:\ExplorerPro\UI\Controls\PreviewHandlers\PdfPreviewControl.xaml.cs(123,58): warning CS8600: Converting null literal or possible null value to non-nullable type. [C:\ExplorerPro\ExplorerPro_on4pkfpc_wpftmp.csproj]
         C:\ExplorerPro\Core\Services\DragDropService.cs(301,24): warning CS8603: Possible null reference return. [C:\ExplorerPro\ExplorerPro_on4pkfpc_wpftmp.csproj]
         C:\ExplorerPro\UI\FileTree\Services\OutlookDataExtractor.cs(712,39): warning CS8600: Converting null literal or possible null value to non-nullable type. [C:\ExplorerPro\ExplorerPro_on4pkfpc_wpftmp.csproj]
         C:\ExplorerPro\UI\MainWindow\MainWindow.xaml.cs(3383,24): warning CS8603: Possible null reference return. [C:\ExplorerPro\ExplorerPro_on4pkfpc_wpftmp.csproj]
         C:\ExplorerPro\UI\MainWindow\MainWindow.xaml.cs(3390,24): warning CS8603: Possible null reference return. [C:\ExplorerPro\ExplorerPro_on4pkfpc_wpftmp.csproj]
         C:\ExplorerPro\UI\MainWindow\MainWindow.xaml.cs(3448,24): warning CS8603: Possible null reference return. [C:\ExplorerPro\ExplorerPro_on4pkfpc_wpftmp.csproj]
         C:\ExplorerPro\UI\FileTree\Managers\OptimizedTreeViewIndexer.cs(199,56): warning CS8603: Possible null reference return. [C:\ExplorerPro\ExplorerPro_on4pkfpc_wpftmp.csproj]
         C:\ExplorerPro\UI\FileTree\Managers\OptimizedTreeViewIndexer.cs(201,20): warning CS8603: Possible null reference return. [C:\ExplorerPro\ExplorerPro_on4pkfpc_wpftmp.csproj]
         C:\ExplorerPro\UI\MainWindow\MainWindow.xaml.cs(3459,38): warning CS8604: Possible null reference argument for parameter 'tabItem' in 'MainWindow MainWindow.DetachTabToNewWindow(TabItem tabItem)'. [C:\ExplorerPro\ExplorerPro_on4pkfpc_wpftmp.csproj]
         C:\ExplorerPro\UI\Controls\TabAnimationManager.cs(31,16): warning CS8618: Non-nullable field '_logger' must contain a non-null value when exiting constructor. Consider adding the 'required' modifier or declaring the field as nullable. [C:\ExplorerPro\ExplorerPro_on4pkfpc_wpftmp.csproj]
         C:\ExplorerPro\Core\Services\WindowLifecycleService.cs(178,40): warning CS8600: Converting null literal or possible null value to non-nullable type. [C:\ExplorerPro\ExplorerPro_on4pkfpc_wpftmp.csproj]
         C:\ExplorerPro\Core\Services\WindowLifecycleService.cs(178,59): warning CS8600: Converting null literal or possible null value to non-nullable type. [C:\ExplorerPro\ExplorerPro_on4pkfpc_wpftmp.csproj]
         C:\ExplorerPro\Core\Services\WindowLifecycleService.cs(184,41): warning CS8600: Converting null literal or possible null value to non-nullable type. [C:\ExplorerPro\ExplorerPro_on4pkfpc_wpftmp.csproj]
         C:\ExplorerPro\Core\Services\WindowLifecycleService.cs(185,38): warning CS8600: Converting null literal or possible null value to non-nullable type. [C:\ExplorerPro\ExplorerPro_on4pkfpc_wpftmp.csproj]
         C:\ExplorerPro\UI\Controls\ModernTabControl.cs(148,16): warning CS8618: Non-nullable field '_logger' must contain a non-null value when exiting constructor. Consider adding the 'required' modifier or declaring the field as nullable. [C:\ExplorerPro\ExplorerPro_on4pkfpc_wpftmp.csproj]
         C:\ExplorerPro\UI\Controls\ModernTabControl.cs(148,16): warning CS8618: Non-nullable field '_dragDropManager' must contain a non-null value when exiting constructor. Consider adding the 'required' modifier or declaring the field as nullable. [C:\ExplorerPro\ExplorerPro_on4pkfpc_wpftmp.csproj]
         C:\ExplorerPro\UI\Controls\ModernTabControl.cs(148,16): warning CS8618: Non-nullable field '_animationManager' must contain a non-null value when exiting constructor. Consider adding the 'required' modifier or declaring the field as nullable. [C:\ExplorerPro\ExplorerPro_on4pkfpc_wpftmp.csproj]
         C:\ExplorerPro\UI\Controls\ModernTabControl.cs(148,16): warning CS8618: Non-nullable field '_sizingManager' must contain a non-null value when exiting constructor. Consider adding the 'required' modifier or declaring the field as nullable. [C:\ExplorerPro\ExplorerPro_on4pkfpc_wpftmp.csproj]
         C:\ExplorerPro\UI\Controls\ModernTabControl.cs(148,16): warning CS8618: Non-nullable field '_visualManager' must contain a non-null value when exiting constructor. Consider adding the 'required' modifier or declaring the field as nullable. [C:\ExplorerPro\ExplorerPro_on4pkfpc_wpftmp.csproj]
         C:\ExplorerPro\UI\Controls\ModernTabControl.cs(148,16): warning CS8618: Non-nullable field '_tabManagerService' must contain a non-null value when exiting constructor. Consider adding the 'required' modifier or declaring the field as nullable. [C:\ExplorerPro\ExplorerPro_on4pkfpc_wpftmp.csproj]
         C:\ExplorerPro\UI\Controls\ModernTabControl.cs(148,16): warning CS8618: Non-nullable field '_viewModel' must contain a non-null value when exiting constructor. Consider adding the 'required' modifier or declaring the field as nullable. [C:\ExplorerPro\ExplorerPro_on4pkfpc_wpftmp.csproj]
         C:\ExplorerPro\UI\Controls\ModernTabControl.cs(181,44): warning CS8604: Possible null reference argument for parameter 'logger' in 'TabDragDropManager.TabDragDropManager(ILogger<TabDragDropManager> logger = null)'. [C:\ExplorerPro\ExplorerPro_on4pkfpc_wpftmp.csproj]
         C:\ExplorerPro\UI\Controls\ModernTabControl.cs(184,45): warning CS8604: Possible null reference argument for parameter 'logger' in 'TabAnimationManager.TabAnimationManager(ILogger<TabAnimationManager> logger = null)'. [C:\ExplorerPro\ExplorerPro_on4pkfpc_wpftmp.csproj]
         C:\ExplorerPro\UI\Controls\ModernTabControl.cs(187,42): warning CS8604: Possible null reference argument for parameter 'logger' in 'TabSizingManager.TabSizingManager(ILogger<TabSizingManager> logger = null)'. [C:\ExplorerPro\ExplorerPro_on4pkfpc_wpftmp.csproj]
         C:\ExplorerPro\UI\Controls\ModernTabControl.cs(190,42): warning CS8604: Possible null reference argument for parameter 'logger' in 'TabVisualManager.TabVisualManager(ILogger<TabVisualManager> logger = null)'. [C:\ExplorerPro\ExplorerPro_on4pkfpc_wpftmp.csproj]
         C:\ExplorerPro\UI\FileTree\Services\OutlookDataExtractor.cs(71,20): warning CS8618: Non-nullable property 'ErrorMessage' must contain a non-null value when exiting constructor. Consider adding the 'required' modifier or declaring the property as nullable. [C:\ExplorerPro\ExplorerPro_on4pkfpc_wpftmp.csproj]
         C:\ExplorerPro\UI\FileTree\Services\OutlookDataExtractor.cs(71,20): warning CS8618: Non-nullable property 'Stage' must contain a non-null value when exiting constructor. Consider adding the 'required' modifier or declaring the property as nullable. [C:\ExplorerPro\ExplorerPro_on4pkfpc_wpftmp.csproj]
         C:\ExplorerPro\UI\Controls\ModernTabControl.cs(294,77): warning CS8604: Possible null reference argument for parameter 'previousTab' in 'Task ITabAnimationManager.AnimateTabActivationAsync(TabItem tabItem, TabItem previousTab = null)'. [C:\ExplorerPro\ExplorerPro_on4pkfpc_wpftmp.csproj]
         C:\ExplorerPro\UI\Controls\PreviewHandlers\PdfPreviewControl.xaml.cs(444,42): warning CS8625: Cannot convert null literal to non-nullable reference type. [C:\ExplorerPro\ExplorerPro_on4pkfpc_wpftmp.csproj]
         C:\ExplorerPro\UI\Controls\PreviewHandlers\PdfPreviewControl.xaml.cs(444,48): warning CS8625: Cannot convert null literal to non-nullable reference type. [C:\ExplorerPro\ExplorerPro_on4pkfpc_wpftmp.csproj]
         C:\ExplorerPro\UI\Controls\PreviewHandlers\PdfPreviewControl.xaml.cs(450,42): warning CS8625: Cannot convert null literal to non-nullable reference type. [C:\ExplorerPro\ExplorerPro_on4pkfpc_wpftmp.csproj]
         C:\ExplorerPro\UI\Controls\PreviewHandlers\PdfPreviewControl.xaml.cs(450,48): warning CS8625: Cannot convert null literal to non-nullable reference type. [C:\ExplorerPro\ExplorerPro_on4pkfpc_wpftmp.csproj]
         C:\ExplorerPro\UI\Controls\PreviewHandlers\PdfPreviewControl.xaml.cs(458,44): warning CS8625: Cannot convert null literal to non-nullable reference type. [C:\ExplorerPro\ExplorerPro_on4pkfpc_wpftmp.csproj]
         C:\ExplorerPro\UI\Controls\PreviewHandlers\PdfPreviewControl.xaml.cs(458,50): warning CS8625: Cannot convert null literal to non-nullable reference type. [C:\ExplorerPro\ExplorerPro_on4pkfpc_wpftmp.csproj]
         C:\ExplorerPro\UI\Controls\PreviewHandlers\PdfPreviewControl.xaml.cs(467,45): warning CS8625: Cannot convert null literal to non-nullable reference type. [C:\ExplorerPro\ExplorerPro_on4pkfpc_wpftmp.csproj]
         C:\ExplorerPro\UI\Controls\PreviewHandlers\PdfPreviewControl.xaml.cs(467,51): warning CS8625: Cannot convert null literal to non-nullable reference type. [C:\ExplorerPro\ExplorerPro_on4pkfpc_wpftmp.csproj]
         C:\ExplorerPro\UI\Controls\PreviewHandlers\PdfPreviewControl.xaml.cs(476,47): warning CS8625: Cannot convert null literal to non-nullable reference type. [C:\ExplorerPro\ExplorerPro_on4pkfpc_wpftmp.csproj]
         C:\ExplorerPro\UI\Controls\PreviewHandlers\PdfPreviewControl.xaml.cs(476,53): warning CS8625: Cannot convert null literal to non-nullable reference type. [C:\ExplorerPro\ExplorerPro_on4pkfpc_wpftmp.csproj]
         C:\ExplorerPro\UI\Controls\PreviewHandlers\PdfPreviewControl.xaml.cs(484,48): warning CS8625: Cannot convert null literal to non-nullable reference type. [C:\ExplorerPro\ExplorerPro_on4pkfpc_wpftmp.csproj]
         C:\ExplorerPro\UI\Controls\PreviewHandlers\PdfPreviewControl.xaml.cs(484,54): warning CS8625: Cannot convert null literal to non-nullable reference type. [C:\ExplorerPro\ExplorerPro_on4pkfpc_wpftmp.csproj]
         C:\ExplorerPro\UI\FileTree\Services\FileTreeThemeService.cs(60,25): warning CS8601: Possible null reference assignment. [C:\ExplorerPro\ExplorerPro_on4pkfpc_wpftmp.csproj]
         C:\ExplorerPro\UI\FileTree\Services\FileTreeThemeService.cs(72,42): warning CS8622: Nullability of reference types in type of parameter 'sender' of 'void FileTreeThemeService.OnDeferredUpdateTimerTick(object sender, EventArgs e)' doesn't match the target delegate 'EventHandler' (possibly because of nullability attributes). [C:\ExplorerPro\ExplorerPro_on4pkfpc_wpftmp.csproj]
         C:\ExplorerPro\UI\FileTree\Services\FileTreeThemeService.cs(78,36): warning CS8622: Nullability of reference types in type of parameter 'sender' of 'void FileTreeThemeService.OnThemeChanged(object sender, AppTheme newTheme)' doesn't match the target delegate 'EventHandler<AppTheme>' (possibly because of nullability attributes). [C:\ExplorerPro\ExplorerPro_on4pkfpc_wpftmp.csproj]
         C:\ExplorerPro\UI\FileTree\Services\FileTreeThemeService.cs(79,38): warning CS8622: Nullability of reference types in type of parameter 'sender' of 'void FileTreeThemeService.OnThemeRefreshed(object sender, AppTheme currentTheme)' doesn't match the target delegate 'EventHandler<AppTheme>' (possibly because of nullability attributes). [C:\ExplorerPro\ExplorerPro_on4pkfpc_wpftmp.csproj]
         C:\ExplorerPro\UI\FileTree\Services\FileTreeThemeService.cs(57,16): warning CS8618: Non-nullable field '_mainGrid' must contain a non-null value when exiting constructor. Consider adding the 'required' modifier or declaring the field as nullable. [C:\ExplorerPro\ExplorerPro_on4pkfpc_wpftmp.csproj]
         C:\ExplorerPro\UI\FileTree\Services\FileTreeThemeService.cs(57,16): warning CS8618: Non-nullable field '_treeScrollViewer' must contain a non-null value when exiting constructor. Consider adding the 'required' modifier or declaring the field as nullable. [C:\ExplorerPro\ExplorerPro_on4pkfpc_wpftmp.csproj]
         C:\ExplorerPro\UI\Controls\PreviewHandlers\PdfPreviewControl.xaml.cs(500,40): warning CS8625: Cannot convert null literal to non-nullable reference type. [C:\ExplorerPro\ExplorerPro_on4pkfpc_wpftmp.csproj]
         C:\ExplorerPro\UI\Controls\PreviewHandlers\PdfPreviewControl.xaml.cs(500,46): warning CS8625: Cannot convert null literal to non-nullable reference type. [C:\ExplorerPro\ExplorerPro_on4pkfpc_wpftmp.csproj]
         C:\ExplorerPro\UI\Controls\PreviewHandlers\PdfPreviewControl.xaml.cs(502,41): warning CS8625: Cannot convert null literal to non-nullable reference type. [C:\ExplorerPro\ExplorerPro_on4pkfpc_wpftmp.csproj]
         C:\ExplorerPro\UI\Controls\PreviewHandlers\PdfPreviewControl.xaml.cs(502,47): warning CS8625: Cannot convert null literal to non-nullable reference type. [C:\ExplorerPro\ExplorerPro_on4pkfpc_wpftmp.csproj]
         C:\ExplorerPro\UI\Controls\PreviewHandlers\PdfPreviewControl.xaml.cs(510,42): warning CS8625: Cannot convert null literal to non-nullable reference type. [C:\ExplorerPro\ExplorerPro_on4pkfpc_wpftmp.csproj]
         C:\ExplorerPro\UI\Controls\PreviewHandlers\PdfPreviewControl.xaml.cs(510,48): warning CS8625: Cannot convert null literal to non-nullable reference type. [C:\ExplorerPro\ExplorerPro_on4pkfpc_wpftmp.csproj]
         C:\ExplorerPro\UI\Controls\PreviewHandlers\PdfPreviewControl.xaml.cs(512,42): warning CS8625: Cannot convert null literal to non-nullable reference type. [C:\ExplorerPro\ExplorerPro_on4pkfpc_wpftmp.csproj]
         C:\ExplorerPro\UI\Controls\PreviewHandlers\PdfPreviewControl.xaml.cs(512,48): warning CS8625: Cannot convert null literal to non-nullable reference type. [C:\ExplorerPro\ExplorerPro_on4pkfpc_wpftmp.csproj]
         C:\ExplorerPro\UI\Controls\ModernTabControl.cs(319,44): warning CS8602: Dereference of a possibly null reference. [C:\ExplorerPro\ExplorerPro_on4pkfpc_wpftmp.csproj]
         C:\ExplorerPro\Core\Services\WindowLifecycleService.cs(77,23): warning CS8618: Non-nullable property 'WindowId' must contain a non-null value when exiting constructor. Consider adding the 'required' modifier or declaring the property as nullable. [C:\ExplorerPro\ExplorerPro_on4pkfpc_wpftmp.csproj]
         C:\ExplorerPro\Core\Services\WindowLifecycleService.cs(79,23): warning CS8618: Non-nullable property 'Message' must contain a non-null value when exiting constructor. Consider adding the 'required' modifier or declaring the property as nullable. [C:\ExplorerPro\ExplorerPro_on4pkfpc_wpftmp.csproj]
         C:\ExplorerPro\Core\Services\WindowLifecycleService.cs(80,26): warning CS8618: Non-nullable property 'Exception' must contain a non-null value when exiting constructor. Consider adding the 'required' modifier or declaring the property as nullable. [C:\ExplorerPro\ExplorerPro_on4pkfpc_wpftmp.csproj]
         C:\ExplorerPro\UI\Controls\PreviewHandlers\PdfPreviewControl.xaml.cs(582,32): warning CS8625: Cannot convert null literal to non-nullable reference type. [C:\ExplorerPro\ExplorerPro_on4pkfpc_wpftmp.csproj]
         C:\ExplorerPro\Core\Services\ThemeService.cs(88,16): warning CS8618: Non-nullable event 'ThemeChanged' must contain a non-null value when exiting constructor. Consider adding the 'required' modifier or declaring the event as nullable. [C:\ExplorerPro\ExplorerPro_on4pkfpc_wpftmp.csproj]
         C:\ExplorerPro\UI\Controls\ModernTabControl.cs(419,52): warning CS8604: Possible null reference argument for parameter 'oldService' in 'void ModernTabControl.OnTabManagerServiceChanged(ITabManagerService oldService, ITabManagerService newService)'. [C:\ExplorerPro\ExplorerPro_on4pkfpc_wpftmp.csproj]
         C:\ExplorerPro\UI\Controls\ModernTabControl.cs(419,86): warning CS8604: Possible null reference argument for parameter 'newService' in 'void ModernTabControl.OnTabManagerServiceChanged(ITabManagerService oldService, ITabManagerService newService)'. [C:\ExplorerPro\ExplorerPro_on4pkfpc_wpftmp.csproj]
         C:\ExplorerPro\Core\Services\DragDropService.cs(318,28): warning CS1998: This async method lacks 'await' operators and will run synchronously. Consider using the 'await' operator to await non-blocking API calls, or 'await Task.Run(...)' to do CPU-bound work on a background thread. [C:\ExplorerPro\ExplorerPro_on4pkfpc_wpftmp.csproj]
         C:\ExplorerPro\UI\Controls\ModernTabControl.cs(427,44): warning CS8604: Possible null reference argument for parameter 'oldViewModel' in 'void ModernTabControl.OnViewModelChanged(MainWindowTabsViewModel oldViewModel, MainWindowTabsViewModel newViewModel)'. [C:\ExplorerPro\ExplorerPro_on4pkfpc_wpftmp.csproj]
         C:\ExplorerPro\UI\Controls\ModernTabControl.cs(427,83): warning CS8604: Possible null reference argument for parameter 'newViewModel' in 'void ModernTabControl.OnViewModelChanged(MainWindowTabsViewModel oldViewModel, MainWindowTabsViewModel newViewModel)'. [C:\ExplorerPro\ExplorerPro_on4pkfpc_wpftmp.csproj]
         C:\ExplorerPro\Core\Services\ThemeService.cs(135,57): warning CS8602: Dereference of a possibly null reference. [C:\ExplorerPro\ExplorerPro_on4pkfpc_wpftmp.csproj]
         C:\ExplorerPro\UI\Controls\ModernTabControl.cs(452,42): warning CS8622: Nullability of reference types in type of parameter 'sender' of 'void ModernTabControl.OnTabCreated(object sender, TabEventArgs e)' doesn't match the target delegate 'EventHandler<TabEventArgs>' (possibly because of nullability attributes). [C:\ExplorerPro\ExplorerPro_on4pkfpc_wpftmp.csproj]
         C:\ExplorerPro\UI\Controls\ModernTabControl.cs(453,41): warning CS8622: Nullability of reference types in type of parameter 'sender' of 'void ModernTabControl.OnTabClosed(object sender, TabEventArgs e)' doesn't match the target delegate 'EventHandler<TabEventArgs>' (possibly because of nullability attributes). [C:\ExplorerPro\ExplorerPro_on4pkfpc_wpftmp.csproj]
         C:\ExplorerPro\UI\Controls\ModernTabControl.cs(454,48): warning CS8622: Nullability of reference types in type of parameter 'sender' of 'void ModernTabControl.OnActiveTabChanged(object sender, TabChangedEventArgs e)' doesn't match the target delegate 'EventHandler<TabChangedEventArgs>' (possibly because of nullability attributes). [C:\ExplorerPro\ExplorerPro_on4pkfpc_wpftmp.csproj]
         C:\ExplorerPro\UI\Controls\ModernTabControl.cs(462,42): warning CS8622: Nullability of reference types in type of parameter 'sender' of 'void ModernTabControl.OnTabCreated(object sender, TabEventArgs e)' doesn't match the target delegate 'EventHandler<TabEventArgs>' (possibly because of nullability attributes). [C:\ExplorerPro\ExplorerPro_on4pkfpc_wpftmp.csproj]
         C:\ExplorerPro\UI\Controls\ModernTabControl.cs(463,41): warning CS8622: Nullability of reference types in type of parameter 'sender' of 'void ModernTabControl.OnTabClosed(object sender, TabEventArgs e)' doesn't match the target delegate 'EventHandler<TabEventArgs>' (possibly because of nullability attributes). [C:\ExplorerPro\ExplorerPro_on4pkfpc_wpftmp.csproj]
         C:\ExplorerPro\UI\Controls\ModernTabControl.cs(464,48): warning CS8622: Nullability of reference types in type of parameter 'sender' of 'void ModernTabControl.OnActiveTabChanged(object sender, TabChangedEventArgs e)' doesn't match the target delegate 'EventHandler<TabChangedEventArgs>' (possibly because of nullability attributes). [C:\ExplorerPro\ExplorerPro_on4pkfpc_wpftmp.csproj]
         C:\ExplorerPro\Core\Services\ThemeService.cs(177,24): warning CS8603: Possible null reference return. [C:\ExplorerPro\ExplorerPro_on4pkfpc_wpftmp.csproj]
         C:\ExplorerPro\UI\FileTree\Managers\OptimizedTreeViewIndexer.cs(351,38): warning CS8604: Possible null reference argument for parameter 'generator' in 'void OptimizedTreeViewIndexer.HandleItemsAdded(ItemContainerGenerator generator, ItemsChangedEventArgs e)'. [C:\ExplorerPro\ExplorerPro_on4pkfpc_wpftmp.csproj]
         C:\ExplorerPro\UI\FileTree\Managers\OptimizedTreeViewIndexer.cs(355,40): warning CS8604: Possible null reference argument for parameter 'generator' in 'void OptimizedTreeViewIndexer.HandleItemsRemoved(ItemContainerGenerator generator, ItemsChangedEventArgs e)'. [C:\ExplorerPro\ExplorerPro_on4pkfpc_wpftmp.csproj]
         C:\ExplorerPro\UI\FileTree\Managers\OptimizedTreeViewIndexer.cs(359,38): warning CS8604: Possible null reference argument for parameter 'generator' in 'void OptimizedTreeViewIndexer.HandleItemsReset(ItemContainerGenerator generator)'. [C:\ExplorerPro\ExplorerPro_on4pkfpc_wpftmp.csproj]
         C:\ExplorerPro\UI\FileTree\Managers\OptimizedTreeViewIndexer.cs(363,41): warning CS8604: Possible null reference argument for parameter 'generator' in 'void OptimizedTreeViewIndexer.HandleItemsReplaced(ItemContainerGenerator generator, ItemsChangedEventArgs e)'. [C:\ExplorerPro\ExplorerPro_on4pkfpc_wpftmp.csproj]
         C:\ExplorerPro\UI\Controls\ModernTabControl.cs(507,51): warning CS8604: Possible null reference argument for parameter 'model' in 'TabItem ModernTabControl.FindTabItemFromModel(TabModel model)'. [C:\ExplorerPro\ExplorerPro_on4pkfpc_wpftmp.csproj]
         C:\ExplorerPro\UI\FileTree\Services\FileTreeCacheService.cs(53,16): warning CS8618: Non-nullable event 'ItemEvicted' must contain a non-null value when exiting constructor. Consider adding the 'required' modifier or declaring the event as nullable. [C:\ExplorerPro\ExplorerPro_on4pkfpc_wpftmp.csproj]
         C:\ExplorerPro\Core\ShutdownManager.cs(142,34): warning CS1998: This async method lacks 'await' operators and will run synchronously. Consider using the 'await' operator to await non-blocking API calls, or 'await Task.Run(...)' to do CPU-bound work on a background thread. [C:\ExplorerPro\ExplorerPro_on4pkfpc_wpftmp.csproj]
         C:\ExplorerPro\UI\Controls\ModernTabControl.cs(522,54): warning CS8622: Nullability of reference types in type of parameter 'sender' of 'void ModernTabControl.OnDragDropReorderRequested(object sender, TabReorderRequestedEventArgs e)' doesn't match the target delegate 'EventHandler<TabReorderRequestedEventArgs>' (possibly because of nullability attributes). [C:\ExplorerPro\ExplorerPro_on4pkfpc_wpftmp.csproj]
         C:\ExplorerPro\UI\Controls\ModernTabControl.cs(523,53): warning CS8622: Nullability of reference types in type of parameter 'sender' of 'void ModernTabControl.OnDragDropDetachRequested(object sender, TabDetachRequestedEventArgs e)' doesn't match the target delegate 'EventHandler<TabDetachRequestedEventArgs>' (possibly because of nullability attributes). [C:\ExplorerPro\ExplorerPro_on4pkfpc_wpftmp.csproj]
         C:\ExplorerPro\UI\Controls\ModernTabControl.cs(528,49): warning CS8622: Nullability of reference types in type of parameter 'sender' of 'void ModernTabControl.OnSizingChanged(object sender, TabSizingChangedEventArgs e)' doesn't match the target delegate 'EventHandler<TabSizingChangedEventArgs>' (possibly because of nullability attributes). [C:\ExplorerPro\ExplorerPro_on4pkfpc_wpftmp.csproj]
         C:\ExplorerPro\UI\Controls\ModernTabControl.cs(533,54): warning CS8622: Nullability of reference types in type of parameter 'sender' of 'void ModernTabControl.OnVisualStateChanged(object sender, TabVisualStateChangedEventArgs e)' doesn't match the target delegate 'EventHandler<TabVisualStateChangedEventArgs>' (possibly because of nullability attributes). [C:\ExplorerPro\ExplorerPro_on4pkfpc_wpftmp.csproj]
         C:\ExplorerPro\UI\FileTree\Services\FileTreeCacheService.cs(79,49): warning CS8600: Converting null literal or possible null value to non-nullable type. [C:\ExplorerPro\ExplorerPro_on4pkfpc_wpftmp.csproj]
         C:\ExplorerPro\Core\Services\ThemeService.cs(276,32): warning CS8625: Cannot convert null literal to non-nullable reference type. [C:\ExplorerPro\ExplorerPro_on4pkfpc_wpftmp.csproj]
         C:\ExplorerPro\UI\FileTree\Services\FileTreeCacheService.cs(112,49): warning CS8600: Converting null literal or possible null value to non-nullable type. [C:\ExplorerPro\ExplorerPro_on4pkfpc_wpftmp.csproj]
         C:\ExplorerPro\UI\FileTree\Services\FileTreeCacheService.cs(185,45): warning CS8600: Converting null literal or possible null value to non-nullable type. [C:\ExplorerPro\ExplorerPro_on4pkfpc_wpftmp.csproj]
         C:\ExplorerPro\UI\FileTree\Services\FileTreeDragDropService.cs(124,45): warning CS8622: Nullability of reference types in type of parameter 'sender' of 'void FileTreeDragDropService.OnSpringLoadedFolderExpanding(object sender, FileTreeItem item)' doesn't match the target delegate 'EventHandler<FileTreeItem>' (possibly because of nullability attributes). [C:\ExplorerPro\ExplorerPro_on4pkfpc_wpftmp.csproj]
         C:\ExplorerPro\UI\FileTree\Services\FileTreeDragDropService.cs(125,46): warning CS8622: Nullability of reference types in type of parameter 'sender' of 'void FileTreeDragDropService.OnSpringLoadedFolderCollapsing(object sender, FileTreeItem item)' doesn't match the target delegate 'EventHandler<FileTreeItem>' (possibly because of nullability attributes). [C:\ExplorerPro\ExplorerPro_on4pkfpc_wpftmp.csproj]
         C:\ExplorerPro\UI\FileTree\Services\FileTreeDragDropService.cs(126,40): warning CS8622: Nullability of reference types in type of parameter 'sender' of 'void FileTreeDragDropService.OnSelectionChanged(object sender, FileTreeSelectionChangedEventArgs e)' doesn't match the target delegate 'EventHandler<FileTreeSelectionChangedEventArgs>' (possibly because of nullability attributes). [C:\ExplorerPro\ExplorerPro_on4pkfpc_wpftmp.csproj]
         C:\ExplorerPro\UI\FileTree\Services\FileTreeDragDropService.cs(114,16): warning CS8618: Non-nullable field '_control' must contain a non-null value when exiting constructor. Consider adding the 'required' modifier or declaring the field as nullable. [C:\ExplorerPro\ExplorerPro_on4pkfpc_wpftmp.csproj]
         C:\ExplorerPro\UI\FileTree\Services\FileTreeDragDropService.cs(114,16): warning CS8618: Non-nullable field '_potentialDragItem' must contain a non-null value when exiting constructor. Consider adding the 'required' modifier or declaring the field as nullable. [C:\ExplorerPro\ExplorerPro_on4pkfpc_wpftmp.csproj]
         C:\ExplorerPro\UI\FileTree\Services\FileTreeDragDropService.cs(114,16): warning CS8618: Non-nullable field '_dragAdorner' must contain a non-null value when exiting constructor. Consider adding the 'required' modifier or declaring the field as nullable. [C:\ExplorerPro\ExplorerPro_on4pkfpc_wpftmp.csproj]
         C:\ExplorerPro\UI\FileTree\Services\FileTreeDragDropService.cs(114,16): warning CS8618: Non-nullable field '_adornerLayer' must contain a non-null value when exiting constructor. Consider adding the 'required' modifier or declaring the field as nullable. [C:\ExplorerPro\ExplorerPro_on4pkfpc_wpftmp.csproj]
         C:\ExplorerPro\UI\FileTree\Services\FileTreeDragDropService.cs(114,16): warning CS8618: Non-nullable field '_autoScrollHelper' must contain a non-null value when exiting constructor. Consider adding the 'required' modifier or declaring the field as nullable. [C:\ExplorerPro\ExplorerPro_on4pkfpc_wpftmp.csproj]
         C:\ExplorerPro\UI\FileTree\Services\FileTreeDragDropService.cs(114,16): warning CS8618: Non-nullable field '_currentDropTarget' must contain a non-null value when exiting constructor. Consider adding the 'required' modifier or declaring the field as nullable. [C:\ExplorerPro\ExplorerPro_on4pkfpc_wpftmp.csproj]
         C:\ExplorerPro\UI\FileTree\Services\FileTreeDragDropService.cs(114,16): warning CS8618: Non-nullable field '_getItemFromPoint' must contain a non-null value when exiting constructor. Consider adding the 'required' modifier or declaring the field as nullable. [C:\ExplorerPro\ExplorerPro_on4pkfpc_wpftmp.csproj]
         C:\ExplorerPro\Core\Services\ServiceHealthMonitor.cs(365,23): warning CS8618: Non-nullable property 'ServiceName' must contain a non-null value when exiting constructor. Consider adding the 'required' modifier or declaring the property as nullable. [C:\ExplorerPro\ExplorerPro_on4pkfpc_wpftmp.csproj]
         C:\ExplorerPro\Core\Services\ServiceHealthMonitor.cs(366,30): warning CS8618: Non-nullable property 'ServiceInstance' must contain a non-null value when exiting constructor. Consider adding the 'required' modifier or declaring the property as nullable. [C:\ExplorerPro\ExplorerPro_on4pkfpc_wpftmp.csproj]
         C:\ExplorerPro\Core\Services\ServiceHealthMonitor.cs(369,23): warning CS8618: Non-nullable property 'LastError' must contain a non-null value when exiting constructor. Consider adding the 'required' modifier or declaring the property as nullable. [C:\ExplorerPro\ExplorerPro_on4pkfpc_wpftmp.csproj]
         C:\ExplorerPro\Core\Services\ServiceHealthMonitor.cs(37,43): warning CS8622: Nullability of reference types in type of parameter 'state' of 'void ServiceHealthMonitor.PerformHealthChecks(object state)' doesn't match the target delegate 'TimerCallback' (possibly because of nullability attributes). [C:\ExplorerPro\ExplorerPro_on4pkfpc_wpftmp.csproj]
         C:\ExplorerPro\Core\Services\ServiceHealthMonitor.cs(29,16): warning CS8618: Non-nullable field '_logger' must contain a non-null value when exiting constructor. Consider adding the 'required' modifier or declaring the field as nullable. [C:\ExplorerPro\ExplorerPro_on4pkfpc_wpftmp.csproj]
         C:\ExplorerPro\UI\FileTree\Services\FileTreeCacheService.cs(273,49): warning CS8600: Converting null literal or possible null value to non-nullable type. [C:\ExplorerPro\ExplorerPro_on4pkfpc_wpftmp.csproj]
         C:\ExplorerPro\Core\Services\NavigationService.cs(81,23): warning CS8618: Non-nullable property 'OldPath' must contain a non-null value when exiting constructor. Consider adding the 'required' modifier or declaring the property as nullable. [C:\ExplorerPro\ExplorerPro_on4pkfpc_wpftmp.csproj]
         C:\ExplorerPro\Core\Services\NavigationService.cs(82,23): warning CS8618: Non-nullable property 'NewPath' must contain a non-null value when exiting constructor. Consider adding the 'required' modifier or declaring the property as nullable. [C:\ExplorerPro\ExplorerPro_on4pkfpc_wpftmp.csproj]
         C:\ExplorerPro\UI\FileTree\Services\FileTreeDragDropService.cs(215,37): warning CS8625: Cannot convert null literal to non-nullable reference type. [C:\ExplorerPro\ExplorerPro_on4pkfpc_wpftmp.csproj]
         C:\ExplorerPro\UI\FileTree\Services\FileTreeDragDropService.cs(222,24): warning CS8625: Cannot convert null literal to non-nullable reference type. [C:\ExplorerPro\ExplorerPro_on4pkfpc_wpftmp.csproj]
         C:\ExplorerPro\UI\FileTree\Services\FileTreeDragDropService.cs(223,33): warning CS8625: Cannot convert null literal to non-nullable reference type. [C:\ExplorerPro\ExplorerPro_on4pkfpc_wpftmp.csproj]
         C:\ExplorerPro\UI\FileTree\Services\FileTreeDragDropService.cs(82,33): warning CS8618: Non-nullable property 'Item' must contain a non-null value when exiting constructor. Consider adding the 'required' modifier or declaring the property as nullable. [C:\ExplorerPro\ExplorerPro_on4pkfpc_wpftmp.csproj]
         C:\ExplorerPro\UI\FileTree\Services\FileTreeDragDropService.cs(1396,25): warning CS8618: Non-nullable property 'SourcePaths' must contain a non-null value when exiting constructor. Consider adding the 'required' modifier or declaring the property as nullable. [C:\ExplorerPro\ExplorerPro_on4pkfpc_wpftmp.csproj]
         C:\ExplorerPro\UI\FileTree\Services\FileTreeDragDropService.cs(1397,23): warning CS8618: Non-nullable property 'TargetTabId' must contain a non-null value when exiting constructor. Consider adding the 'required' modifier or declaring the property as nullable. [C:\ExplorerPro\ExplorerPro_on4pkfpc_wpftmp.csproj]
         C:\ExplorerPro\UI\Controls\TabDragDropManager.cs(37,16): warning CS8618: Non-nullable field '_logger' must contain a non-null value when exiting constructor. Consider adding the 'required' modifier or declaring the field as nullable. [C:\ExplorerPro\ExplorerPro_on4pkfpc_wpftmp.csproj]
         C:\ExplorerPro\UI\Controls\TabDragDropManager.cs(37,16): warning CS8618: Non-nullable field '_tabControl' must contain a non-null value when exiting constructor. Consider adding the 'required' modifier or declaring the field as nullable. [C:\ExplorerPro\ExplorerPro_on4pkfpc_wpftmp.csproj]
         C:\ExplorerPro\UI\Controls\TabDragDropManager.cs(37,16): warning CS8618: Non-nullable field '_draggedTab' must contain a non-null value when exiting constructor. Consider adding the 'required' modifier or declaring the field as nullable. [C:\ExplorerPro\ExplorerPro_on4pkfpc_wpftmp.csproj]
         C:\ExplorerPro\UI\Controls\TabDragDropManager.cs(37,16): warning CS8618: Non-nullable field '_draggedTabItem' must contain a non-null value when exiting constructor. Consider adding the 'required' modifier or declaring the field as nullable. [C:\ExplorerPro\ExplorerPro_on4pkfpc_wpftmp.csproj]
         C:\ExplorerPro\UI\Controls\TabDragDropManager.cs(37,16): warning CS8618: Non-nullable field '_dragVisualWindow' must contain a non-null value when exiting constructor. Consider adding the 'required' modifier or declaring the field as nullable. [C:\ExplorerPro\ExplorerPro_on4pkfpc_wpftmp.csproj]
         C:\ExplorerPro\UI\Controls\TabDragDropManager.cs(37,16): warning CS8618: Non-nullable field '_insertionIndicator' must contain a non-null value when exiting constructor. Consider adding the 'required' modifier or declaring the field as nullable. [C:\ExplorerPro\ExplorerPro_on4pkfpc_wpftmp.csproj]
         C:\ExplorerPro\UI\Controls\TabDragDropManager.cs(37,16): warning CS8618: Non-nullable event 'DragStarted' must contain a non-null value when exiting constructor. Consider adding the 'required' modifier or declaring the event as nullable. [C:\ExplorerPro\ExplorerPro_on4pkfpc_wpftmp.csproj]
         C:\ExplorerPro\UI\Controls\TabDragDropManager.cs(37,16): warning CS8618: Non-nullable event 'Dragging' must contain a non-null value when exiting constructor. Consider adding the 'required' modifier or declaring the event as nullable. [C:\ExplorerPro\ExplorerPro_on4pkfpc_wpftmp.csproj]
         C:\ExplorerPro\UI\Controls\TabDragDropManager.cs(37,16): warning CS8618: Non-nullable event 'DragCompleted' must contain a non-null value when exiting constructor. Consider adding the 'required' modifier or declaring the event as nullable. [C:\ExplorerPro\ExplorerPro_on4pkfpc_wpftmp.csproj]
         C:\ExplorerPro\UI\Controls\TabDragDropManager.cs(37,16): warning CS8618: Non-nullable event 'ReorderRequested' must contain a non-null value when exiting constructor. Consider adding the 'required' modifier or declaring the event as nullable. [C:\ExplorerPro\ExplorerPro_on4pkfpc_wpftmp.csproj]
         C:\ExplorerPro\UI\Controls\TabDragDropManager.cs(37,16): warning CS8618: Non-nullable event 'DetachRequested' must contain a non-null value when exiting constructor. Consider adding the 'required' modifier or declaring the event as nullable. [C:\ExplorerPro\ExplorerPro_on4pkfpc_wpftmp.csproj]
         C:\ExplorerPro\Core\Services\ServiceHealthMonitor.cs(149,20): warning CS8603: Possible null reference return. [C:\ExplorerPro\ExplorerPro_on4pkfpc_wpftmp.csproj]
         C:\ExplorerPro\Core\TabManagement\DetachedWindowInfo.cs(13,23): warning CS8618: Non-nullable property 'Window' must contain a non-null value when exiting constructor. Consider adding the 'required' modifier or declaring the property as nullable. [C:\ExplorerPro\ExplorerPro_on4pkfpc_wpftmp.csproj]
         C:\ExplorerPro\Core\TabManagement\DetachedWindowInfo.cs(14,38): warning CS8618: Non-nullable property 'TabControl' must contain a non-null value when exiting constructor. Consider adding the 'required' modifier or declaring the property as nullable. [C:\ExplorerPro\ExplorerPro_on4pkfpc_wpftmp.csproj]
         C:\ExplorerPro\Core\TabManagement\DetachedWindowInfo.cs(15,25): warning CS8618: Non-nullable property 'OriginalTab' must contain a non-null value when exiting constructor. Consider adding the 'required' modifier or declaring the property as nullable. [C:\ExplorerPro\ExplorerPro_on4pkfpc_wpftmp.csproj]
         C:\ExplorerPro\Core\TabManagement\DetachedWindowInfo.cs(16,23): warning CS8618: Non-nullable property 'SourceWindow' must contain a non-null value when exiting constructor. Consider adding the 'required' modifier or declaring the property as nullable. [C:\ExplorerPro\ExplorerPro_on4pkfpc_wpftmp.csproj]
         C:\ExplorerPro\UI\FileTree\Services\FileTreeDragDropService.cs(270,43): warning CS8604: Possible null reference argument for parameter 'files' in 'bool FileTreeDragDropService.HandleFileDropInternal(string[] files, string targetPath, DragDropEffects effects, bool isInternal)'. [C:\ExplorerPro\ExplorerPro_on4pkfpc_wpftmp.csproj]
         C:\ExplorerPro\UI\FileTree\Services\FileTreeDragDropService.cs(270,57): warning CS8604: Possible null reference argument for parameter 'targetPath' in 'bool FileTreeDragDropService.HandleFileDropInternal(string[] files, string targetPath, DragDropEffects effects, bool isInternal)'. [C:\ExplorerPro\ExplorerPro_on4pkfpc_wpftmp.csproj]
         C:\ExplorerPro\UI\FileTree\Services\FileTreeDragDropService.cs(275,43): warning CS8604: Possible null reference argument for parameter 'files' in 'bool FileTreeDragDropService.HandleFileDropInternal(string[] files, string targetPath, DragDropEffects effects, bool isInternal)'. [C:\ExplorerPro\ExplorerPro_on4pkfpc_wpftmp.csproj]
         C:\ExplorerPro\UI\FileTree\Services\FileTreeDragDropService.cs(275,57): warning CS8604: Possible null reference argument for parameter 'targetPath' in 'bool FileTreeDragDropService.HandleFileDropInternal(string[] files, string targetPath, DragDropEffects effects, bool isInternal)'. [C:\ExplorerPro\ExplorerPro_on4pkfpc_wpftmp.csproj]
         C:\ExplorerPro\Core\Services\NavigationService.cs(111,16): warning CS8618: Non-nullable event 'NavigationChanged' must contain a non-null value when exiting constructor. Consider adding the 'required' modifier or declaring the event as nullable. [C:\ExplorerPro\ExplorerPro_on4pkfpc_wpftmp.csproj]
         C:\ExplorerPro\UI\Controls\ModernTabControl.cs(588,24): warning CS8603: Possible null reference return. [C:\ExplorerPro\ExplorerPro_on4pkfpc_wpftmp.csproj]
         C:\ExplorerPro\UI\Controls\ModernTabControl.cs(597,20): warning CS8603: Possible null reference return. [C:\ExplorerPro\ExplorerPro_on4pkfpc_wpftmp.csproj]
         C:\ExplorerPro\UI\Controls\ModernTabControl.cs(602,20): warning CS8603: Possible null reference return. [C:\ExplorerPro\ExplorerPro_on4pkfpc_wpftmp.csproj]
         C:\ExplorerPro\UI\FileTree\Managers\OptimizedTreeViewIndexer.cs(663,40): warning CS8604: Possible null reference argument for parameter 'item' in 'void List<TreeViewItem>.Add(TreeViewItem item)'. [C:\ExplorerPro\ExplorerPro_on4pkfpc_wpftmp.csproj]
         C:\ExplorerPro\UI\FileTree\Services\FileTreeCacheService.cs(432,51): warning CS8600: Converting null literal or possible null value to non-nullable type. [C:\ExplorerPro\ExplorerPro_on4pkfpc_wpftmp.csproj]
         C:\ExplorerPro\UI\FileTree\Managers\OptimizedTreeViewIndexer.cs(698,41): warning CS8603: Possible null reference return. [C:\ExplorerPro\ExplorerPro_on4pkfpc_wpftmp.csproj]
         C:\ExplorerPro\UI\FileTree\Managers\OptimizedTreeViewIndexer.cs(710,20): warning CS8603: Possible null reference return. [C:\ExplorerPro\ExplorerPro_on4pkfpc_wpftmp.csproj]
         C:\ExplorerPro\UI\FileTree\Services\FileTreeCacheService.cs(447,45): warning CS8600: Converting null literal or possible null value to non-nullable type. [C:\ExplorerPro\ExplorerPro_on4pkfpc_wpftmp.csproj]
         C:\ExplorerPro\UI\FileTree\Managers\OptimizedTreeViewIndexer.cs(723,20): warning CS8603: Possible null reference return. [C:\ExplorerPro\ExplorerPro_on4pkfpc_wpftmp.csproj]
         C:\ExplorerPro\Core\Services\ServiceHealthMonitor.cs(244,44): warning CS8601: Possible null reference assignment. [C:\ExplorerPro\ExplorerPro_on4pkfpc_wpftmp.csproj]
         C:\ExplorerPro\UI\Controls\ModernTabControl.cs(648,58): warning CS8622: Nullability of reference types in type of parameter 'sender' of 'void ModernTabControl.OnTabCreated(object sender, TabEventArgs e)' doesn't match the target delegate 'EventHandler<TabEventArgs>' (possibly because of nullability attributes). [C:\ExplorerPro\ExplorerPro_on4pkfpc_wpftmp.csproj]
         C:\ExplorerPro\UI\Controls\ModernTabControl.cs(649,57): warning CS8622: Nullability of reference types in type of parameter 'sender' of 'void ModernTabControl.OnTabClosed(object sender, TabEventArgs e)' doesn't match the target delegate 'EventHandler<TabEventArgs>' (possibly because of nullability attributes). [C:\ExplorerPro\ExplorerPro_on4pkfpc_wpftmp.csproj]
         C:\ExplorerPro\UI\Controls\ModernTabControl.cs(650,64): warning CS8622: Nullability of reference types in type of parameter 'sender' of 'void ModernTabControl.OnActiveTabChanged(object sender, TabChangedEventArgs e)' doesn't match the target delegate 'EventHandler<TabChangedEventArgs>' (possibly because of nullability attributes). [C:\ExplorerPro\ExplorerPro_on4pkfpc_wpftmp.csproj]
         C:\ExplorerPro\UI\FileTree\Services\FileTreeDragDropServiceAdapter.cs(206,44): warning CS8625: Cannot convert null literal to non-nullable reference type. [C:\ExplorerPro\ExplorerPro_on4pkfpc_wpftmp.csproj]
         C:\ExplorerPro\UI\FileTree\Services\FileTreeDragDropServiceAdapter.cs(207,42): warning CS8625: Cannot convert null literal to non-nullable reference type. [C:\ExplorerPro\ExplorerPro_on4pkfpc_wpftmp.csproj]
         C:\ExplorerPro\UI\FileTree\Services\FileTreeDragDropServiceAdapter.cs(208,45): warning CS8625: Cannot convert null literal to non-nullable reference type. [C:\ExplorerPro\ExplorerPro_on4pkfpc_wpftmp.csproj]
         C:\ExplorerPro\UI\FileTree\Services\FileTreeDragDropServiceAdapter.cs(209,48): warning CS8625: Cannot convert null literal to non-nullable reference type. [C:\ExplorerPro\ExplorerPro_on4pkfpc_wpftmp.csproj]
         C:\ExplorerPro\UI\FileTree\Managers\OptimizedTreeViewIndexer.cs(759,32): warning CS8625: Cannot convert null literal to non-nullable reference type. [C:\ExplorerPro\ExplorerPro_on4pkfpc_wpftmp.csproj]
         C:\ExplorerPro\UI\FileTree\Managers\OptimizedTreeViewIndexer.cs(760,34): warning CS8625: Cannot convert null literal to non-nullable reference type. [C:\ExplorerPro\ExplorerPro_on4pkfpc_wpftmp.csproj]
         C:\ExplorerPro\UI\FileTree\Managers\OptimizedTreeViewIndexer.cs(761,33): warning CS8625: Cannot convert null literal to non-nullable reference type. [C:\ExplorerPro\ExplorerPro_on4pkfpc_wpftmp.csproj]
         C:\ExplorerPro\Core\Services\ServiceHealthMonitor.cs(272,34): warning CS1998: This async method lacks 'await' operators and will run synchronously. Consider using the 'await' operator to await non-blocking API calls, or 'await Task.Run(...)' to do CPU-bound work on a background thread. [C:\ExplorerPro\ExplorerPro_on4pkfpc_wpftmp.csproj]
         C:\ExplorerPro\UI\FileTree\Services\FileTreeCacheService.cs(575,39): warning CS8625: Cannot convert null literal to non-nullable reference type. [C:\ExplorerPro\ExplorerPro_on4pkfpc_wpftmp.csproj]
         C:\ExplorerPro\UI\FileTree\Services\FileTreeCacheService.cs(540,27): warning CS8618: Non-nullable property 'Key' must contain a non-null value when exiting constructor. Consider adding the 'required' modifier or declaring the property as nullable. [C:\ExplorerPro\ExplorerPro_on4pkfpc_wpftmp.csproj]
         C:\ExplorerPro\UI\FileTree\Services\FileTreeCacheService.cs(541,33): warning CS8618: Non-nullable property 'Item' must contain a non-null value when exiting constructor. Consider adding the 'required' modifier or declaring the property as nullable. [C:\ExplorerPro\ExplorerPro_on4pkfpc_wpftmp.csproj]
         C:\ExplorerPro\Core\TabManagement\DetachedWindowManager.cs(44,32): warning CS8603: Possible null reference return. [C:\ExplorerPro\ExplorerPro_on4pkfpc_wpftmp.csproj]
         C:\ExplorerPro\Core\TabManagement\DetachedWindowManager.cs(55,32): warning CS8603: Possible null reference return. [C:\ExplorerPro\ExplorerPro_on4pkfpc_wpftmp.csproj]
         C:\ExplorerPro\Core\TabManagement\DetachedWindowManager.cs(77,38): warning CS8601: Possible null reference assignment. [C:\ExplorerPro\ExplorerPro_on4pkfpc_wpftmp.csproj]
         C:\ExplorerPro\Core\TabManagement\DetachedWindowManager.cs(101,24): warning CS8603: Possible null reference return. [C:\ExplorerPro\ExplorerPro_on4pkfpc_wpftmp.csproj]
         C:\ExplorerPro\UI\Controls\TabAnimationManager.cs(617,20): warning CS8603: Possible null reference return. [C:\ExplorerPro\ExplorerPro_on4pkfpc_wpftmp.csproj]
         C:\ExplorerPro\Core\TabManagement\TabOperationsManager.cs(239,24): warning CS8603: Possible null reference return. [C:\ExplorerPro\ExplorerPro_on4pkfpc_wpftmp.csproj]
         C:\ExplorerPro\UI\Controls\TabAnimationManager.cs(635,45): warning CS8600: Converting null literal or possible null value to non-nullable type. [C:\ExplorerPro\ExplorerPro_on4pkfpc_wpftmp.csproj]
         C:\ExplorerPro\UI\Controls\TabDragDropManager.cs(336,20): warning CS8603: Possible null reference return. [C:\ExplorerPro\ExplorerPro_on4pkfpc_wpftmp.csproj]
         C:\ExplorerPro\UI\Controls\TabDragDropManager.cs(346,20): warning CS8603: Possible null reference return. [C:\ExplorerPro\ExplorerPro_on4pkfpc_wpftmp.csproj]
         C:\ExplorerPro\UI\Controls\TabDragDropManager.cs(351,20): warning CS8603: Possible null reference return. [C:\ExplorerPro\ExplorerPro_on4pkfpc_wpftmp.csproj]
         C:\ExplorerPro\Core\TabManagement\DetachedWindowManager.cs(208,38): warning CS8622: Nullability of reference types in type of parameter 'sender' of 'void DetachedWindowManager.OnWindowClosed(object sender, EventArgs e)' doesn't match the target delegate 'EventHandler' (possibly because of nullability attributes). [C:\ExplorerPro\ExplorerPro_on4pkfpc_wpftmp.csproj]
         C:\ExplorerPro\Core\TabManagement\DetachedWindowManager.cs(223,34): warning CS8622: Nullability of reference types in type of parameter 'sender' of 'void DetachedWindowManager.OnWindowClosed(object sender, EventArgs e)' doesn't match the target delegate 'EventHandler' (possibly because of nullability attributes). [C:\ExplorerPro\ExplorerPro_on4pkfpc_wpftmp.csproj]
         C:\ExplorerPro\Core\TabManagement\DetachedWindowManager.cs(245,24): warning CS8603: Possible null reference return. [C:\ExplorerPro\ExplorerPro_on4pkfpc_wpftmp.csproj]
         C:\ExplorerPro\Core\TabManagement\DetachedWindowManager.cs(284,20): warning CS8603: Possible null reference return. [C:\ExplorerPro\ExplorerPro_on4pkfpc_wpftmp.csproj]
         C:\ExplorerPro\UI\Controls\TabDragDropManager.cs(419,20): warning CS8603: Possible null reference return. [C:\ExplorerPro\ExplorerPro_on4pkfpc_wpftmp.csproj]
         C:\ExplorerPro\UI\Controls\TabDragDropManager.cs(426,20): warning CS8603: Possible null reference return. [C:\ExplorerPro\ExplorerPro_on4pkfpc_wpftmp.csproj]
         C:\ExplorerPro\UI\Controls\TabDragDropManager.cs(453,37): warning CS8625: Cannot convert null literal to non-nullable reference type. [C:\ExplorerPro\ExplorerPro_on4pkfpc_wpftmp.csproj]
         C:\ExplorerPro\UI\FileTree\Managers\FileTreeEventManager.cs(177,16): warning CS8618: Non-nullable property 'SelectedPaths' must contain a non-null value when exiting constructor. Consider adding the 'required' modifier or declaring the property as nullable. [C:\ExplorerPro\ExplorerPro_on4pkfpc_wpftmp.csproj]
         C:\ExplorerPro\Core\TabManagement\DragOperation.cs(13,25): warning CS8618: Non-nullable property 'Tab' must contain a non-null value when exiting constructor. Consider adding the 'required' modifier or declaring the property as nullable. [C:\ExplorerPro\ExplorerPro_on4pkfpc_wpftmp.csproj]
         C:\ExplorerPro\Core\TabManagement\DragOperation.cs(14,23): warning CS8618: Non-nullable property 'SourceWindow' must contain a non-null value when exiting constructor. Consider adding the 'required' modifier or declaring the property as nullable. [C:\ExplorerPro\ExplorerPro_on4pkfpc_wpftmp.csproj]
         C:\ExplorerPro\Core\TabManagement\DragOperation.cs(15,38): warning CS8618: Non-nullable property 'SourceTabControl' must contain a non-null value when exiting constructor. Consider adding the 'required' modifier or declaring the property as nullable. [C:\ExplorerPro\ExplorerPro_on4pkfpc_wpftmp.csproj]
         C:\ExplorerPro\Core\TabManagement\DragOperation.cs(16,24): warning CS8618: Non-nullable property 'DraggedTabItem' must contain a non-null value when exiting constructor. Consider adding the 'required' modifier or declaring the property as nullable. [C:\ExplorerPro\ExplorerPro_on4pkfpc_wpftmp.csproj]
         C:\ExplorerPro\UI\Controls\TabDragDropManager.cs(514,41): warning CS8604: Possible null reference argument for parameter 'tabItem' in 'TabModel TabDragDropManager.GetTabModelFromItem(TabItem tabItem)'. [C:\ExplorerPro\ExplorerPro_on4pkfpc_wpftmp.csproj]
         C:\ExplorerPro\UI\FileTree\Services\FileTreeDragDropService.cs(376,46): warning CS8625: Cannot convert null literal to non-nullable reference type. [C:\ExplorerPro\ExplorerPro_on4pkfpc_wpftmp.csproj]
         C:\ExplorerPro\UI\Controls\TabDragDropManager.cs(523,27): warning CS8625: Cannot convert null literal to non-nullable reference type. [C:\ExplorerPro\ExplorerPro_on4pkfpc_wpftmp.csproj]
         C:\ExplorerPro\UI\Controls\TabDragDropManager.cs(524,31): warning CS8625: Cannot convert null literal to non-nullable reference type. [C:\ExplorerPro\ExplorerPro_on4pkfpc_wpftmp.csproj]
         C:\ExplorerPro\Core\TabManagement\TabOperationsManager.cs(458,24): warning CS8603: Possible null reference return. [C:\ExplorerPro\ExplorerPro_on4pkfpc_wpftmp.csproj]
         C:\ExplorerPro\Core\TabManagement\TabOperationsManager.cs(465,24): warning CS8603: Possible null reference return. [C:\ExplorerPro\ExplorerPro_on4pkfpc_wpftmp.csproj]
         C:\ExplorerPro\UI\FileTree\Services\FileTreeDragDropService.cs(405,34): warning CS8625: Cannot convert null literal to non-nullable reference type. [C:\ExplorerPro\ExplorerPro_on4pkfpc_wpftmp.csproj]
         C:\ExplorerPro\UI\FileTree\Services\FileTreeService.cs(174,24): warning CS8603: Possible null reference return. [C:\ExplorerPro\ExplorerPro_on4pkfpc_wpftmp.csproj]
         C:\ExplorerPro\UI\FileTree\Managers\FileTreeEventManager.cs(81,78): warning CS8604: Possible null reference argument for parameter 'current' in 'TreeViewItem VisualTreeHelperEx.FindAncestor<TreeViewItem>(DependencyObject current)'. [C:\ExplorerPro\ExplorerPro_on4pkfpc_wpftmp.csproj]
         C:\ExplorerPro\UI\FileTree\Services\FileTreeService.cs(225,24): warning CS8603: Possible null reference return. [C:\ExplorerPro\ExplorerPro_on4pkfpc_wpftmp.csproj]
         C:\ExplorerPro\UI\FileTree\Services\FileTreeThemeService.cs(613,104): warning CS8604: Possible null reference argument for parameter 'parent' in 'IEnumerable<Line> VisualTreeHelperEx.FindVisualChildren<Line>(DependencyObject parent)'. [C:\ExplorerPro\ExplorerPro_on4pkfpc_wpftmp.csproj]
         C:\ExplorerPro\UI\FileTree\Services\FileTreeThemeService.cs(630,104): warning CS8604: Possible null reference argument for parameter 'parent' in 'IEnumerable<Line> VisualTreeHelperEx.FindVisualChildren<Line>(DependencyObject parent)'. [C:\ExplorerPro\ExplorerPro_on4pkfpc_wpftmp.csproj]
         C:\ExplorerPro\Core\TabManagement\ITabManagerService.cs(285,23): warning CS8618: Non-nullable property 'Content' must contain a non-null value when exiting constructor. Consider adding the 'required' modifier or declaring the property as nullable. [C:\ExplorerPro\ExplorerPro_on4pkfpc_wpftmp.csproj]
         C:\ExplorerPro\UI\FileTree\Managers\FileTreeUIEventManager.cs(53,16): warning CS8618: Non-nullable field '_selectionAdorner' must contain a non-null value when exiting constructor. Consider adding the 'required' modifier or declaring the field as nullable. [C:\ExplorerPro\ExplorerPro_on4pkfpc_wpftmp.csproj]
         C:\ExplorerPro\UI\FileTree\Managers\FileTreeUIEventManager.cs(53,16): warning CS8618: Non-nullable field '_adornerLayer' must contain a non-null value when exiting constructor. Consider adding the 'required' modifier or declaring the field as nullable. [C:\ExplorerPro\ExplorerPro_on4pkfpc_wpftmp.csproj]
         C:\ExplorerPro\UI\FileTree\Managers\FileTreeUIEventManager.cs(83,67): warning CS8622: Nullability of reference types in type of parameter 'sender' of 'void FileTreeUIEventManager.OnItemContainerGeneratorStatusChanged(object sender, EventArgs e)' doesn't match the target delegate 'EventHandler' (possibly because of nullability attributes). [C:\ExplorerPro\ExplorerPro_on4pkfpc_wpftmp.csproj]
         C:\ExplorerPro\UI\FileTree\Managers\FileTreePerformanceManager.cs(94,35): warning CS8622: Nullability of reference types in type of parameter 'sender' of 'void FileTreePerformanceManager.OnCleanupTimer(object sender, EventArgs e)' doesn't match the target delegate 'EventHandler' (possibly because of nullability attributes). [C:\ExplorerPro\ExplorerPro_on4pkfpc_wpftmp.csproj]
         C:\ExplorerPro\UI\FileTree\Managers\FileTreePerformanceManager.cs(70,16): warning CS8618: Non-nullable field '_scrollViewer' must contain a non-null value when exiting constructor. Consider adding the 'required' modifier or declaring the field as nullable. [C:\ExplorerPro\ExplorerPro_on4pkfpc_wpftmp.csproj]
         C:\ExplorerPro\Core\TabManagement\TabManagerService.cs(31,16): warning CS8618: Non-nullable field '_logger' must contain a non-null value when exiting constructor. Consider adding the 'required' modifier or declaring the field as nullable. [C:\ExplorerPro\ExplorerPro_on4pkfpc_wpftmp.csproj]
         C:\ExplorerPro\Core\TabManagement\TabManagerService.cs(31,16): warning CS8618: Non-nullable field '_activeTab' must contain a non-null value when exiting constructor. Consider adding the 'required' modifier or declaring the field as nullable. [C:\ExplorerPro\ExplorerPro_on4pkfpc_wpftmp.csproj]
         C:\ExplorerPro\Core\TabManagement\TabManagerService.cs(31,16): warning CS8618: Non-nullable event 'TabCreated' must contain a non-null value when exiting constructor. Consider adding the 'required' modifier or declaring the event as nullable. [C:\ExplorerPro\ExplorerPro_on4pkfpc_wpftmp.csproj]
         C:\ExplorerPro\Core\TabManagement\TabManagerService.cs(31,16): warning CS8618: Non-nullable event 'TabClosed' must contain a non-null value when exiting constructor. Consider adding the 'required' modifier or declaring the event as nullable. [C:\ExplorerPro\ExplorerPro_on4pkfpc_wpftmp.csproj]
         C:\ExplorerPro\Core\TabManagement\TabManagerService.cs(31,16): warning CS8618: Non-nullable event 'ActiveTabChanged' must contain a non-null value when exiting constructor. Consider adding the 'required' modifier or declaring the event as nullable. [C:\ExplorerPro\ExplorerPro_on4pkfpc_wpftmp.csproj]
         C:\ExplorerPro\Core\TabManagement\TabManagerService.cs(31,16): warning CS8618: Non-nullable event 'TabModified' must contain a non-null value when exiting constructor. Consider adding the 'required' modifier or declaring the event as nullable. [C:\ExplorerPro\ExplorerPro_on4pkfpc_wpftmp.csproj]
         C:\ExplorerPro\Core\TabManagement\TabManagerService.cs(31,16): warning CS8618: Non-nullable event 'TabsReordered' must contain a non-null value when exiting constructor. Consider adding the 'required' modifier or declaring the event as nullable. [C:\ExplorerPro\ExplorerPro_on4pkfpc_wpftmp.csproj]
         C:\ExplorerPro\UI\FileTree\Managers\FileTreePerformanceManager.cs(112,67): warning CS8622: Nullability of reference types in type of parameter 'sender' of 'void FileTreePerformanceManager.OnContainerGeneratorStatusChanged(object sender, EventArgs e)' doesn't match the target delegate 'EventHandler' (possibly because of nullability attributes). [C:\ExplorerPro\ExplorerPro_on4pkfpc_wpftmp.csproj]
         C:\ExplorerPro\UI\FileTree\Managers\FileTreeUIEventManager.cs(99,67): warning CS8622: Nullability of reference types in type of parameter 'sender' of 'void FileTreeUIEventManager.OnItemContainerGeneratorStatusChanged(object sender, EventArgs e)' doesn't match the target delegate 'EventHandler' (possibly because of nullability attributes). [C:\ExplorerPro\ExplorerPro_on4pkfpc_wpftmp.csproj]
         C:\ExplorerPro\UI\FileTree\Services\FileTreeThemeService.cs(707,28): warning CS8603: Possible null reference return. [C:\ExplorerPro\ExplorerPro_on4pkfpc_wpftmp.csproj]
         C:\ExplorerPro\UI\FileTree\Services\FileTreeThemeService.cs(709,28): warning CS8603: Possible null reference return. [C:\ExplorerPro\ExplorerPro_on4pkfpc_wpftmp.csproj]
         C:\ExplorerPro\UI\FileTree\Services\FileTreeThemeService.cs(711,28): warning CS8603: Possible null reference return. [C:\ExplorerPro\ExplorerPro_on4pkfpc_wpftmp.csproj]
         C:\ExplorerPro\UI\FileTree\Services\FileTreeThemeService.cs(713,28): warning CS8603: Possible null reference return. [C:\ExplorerPro\ExplorerPro_on4pkfpc_wpftmp.csproj]
         C:\ExplorerPro\UI\FileTree\Services\FileTreeThemeService.cs(716,20): warning CS8603: Possible null reference return. [C:\ExplorerPro\ExplorerPro_on4pkfpc_wpftmp.csproj]
         C:\ExplorerPro\UI\FileTree\Managers\OptimizedFileTreePerformanceManager.cs(71,43): warning CS8622: Nullability of reference types in type of parameter 'sender' of 'void OptimizedFileTreePerformanceManager.OnIndexerVisibilityChanged(object sender, VisibilityChangedEventArgs e)' doesn't match the target delegate 'EventHandler<OptimizedTreeViewIndexer.VisibilityChangedEventArgs>' (possibly because of nullability attributes). [C:\ExplorerPro\ExplorerPro_on4pkfpc_wpftmp.csproj]
         C:\ExplorerPro\UI\FileTree\Managers\OptimizedFileTreePerformanceManager.cs(75,43): warning CS8622: Nullability of reference types in type of parameter 'state' of 'void OptimizedFileTreePerformanceManager.CheckMemoryUsage(object state)' doesn't match the target delegate 'TimerCallback' (possibly because of nullability attributes). [C:\ExplorerPro\ExplorerPro_on4pkfpc_wpftmp.csproj]
         C:\ExplorerPro\UI\FileTree\Services\FileTreeDragDropService.cs(673,34): warning CS8625: Cannot convert null literal to non-nullable reference type. [C:\ExplorerPro\ExplorerPro_on4pkfpc_wpftmp.csproj]
         C:\ExplorerPro\Core\TabManagement\TabManagerService.cs(62,34): warning CS8601: Possible null reference assignment. [C:\ExplorerPro\ExplorerPro_on4pkfpc_wpftmp.csproj]
         C:\ExplorerPro\Core\TabManagement\TabManagerService.cs(70,76): warning CS8604: Possible null reference argument for parameter 'oldTab' in 'TabChangedEventArgs.TabChangedEventArgs(TabModel oldTab, TabModel newTab, int oldIndex, int newIndex)'. [C:\ExplorerPro\ExplorerPro_on4pkfpc_wpftmp.csproj]
         C:\ExplorerPro\Core\TabManagement\TabManagerService.cs(70,84): warning CS8604: Possible null reference argument for parameter 'newTab' in 'TabChangedEventArgs.TabChangedEventArgs(TabModel oldTab, TabModel newTab, int oldIndex, int newIndex)'. [C:\ExplorerPro\ExplorerPro_on4pkfpc_wpftmp.csproj]
         C:\ExplorerPro\UI\FileTree\Managers\OptimizedFileTreePerformanceManager.cs(103,55): warning CS8603: Possible null reference return. [C:\ExplorerPro\ExplorerPro_on4pkfpc_wpftmp.csproj]
         C:\ExplorerPro\UI\FileTree\Managers\OptimizedFileTreePerformanceManager.cs(113,20): warning CS8603: Possible null reference return. [C:\ExplorerPro\ExplorerPro_on4pkfpc_wpftmp.csproj]
         C:\ExplorerPro\UI\FileTree\Managers\OptimizedFileTreePerformanceManager.cs(134,39): warning CS8604: Possible null reference argument for parameter 'item' in 'void OptimizedFileTreePerformanceManager.CacheHitTestResult(Point point, FileTreeItem item)'. [C:\ExplorerPro\ExplorerPro_on4pkfpc_wpftmp.csproj]
         C:\ExplorerPro\UI\FileTree\Managers\FileTreePerformanceManager.cs(170,42): warning CS8603: Possible null reference return. [C:\ExplorerPro\ExplorerPro_on4pkfpc_wpftmp.csproj]
         C:\ExplorerPro\UI\FileTree\Managers\FileTreePerformanceManager.cs(177,66): warning CS8600: Converting null literal or possible null value to non-nullable type. [C:\ExplorerPro\ExplorerPro_on4pkfpc_wpftmp.csproj]
         C:\ExplorerPro\UI\FileTree\Managers\FileTreePerformanceManager.cs(208,20): warning CS8603: Possible null reference return. [C:\ExplorerPro\ExplorerPro_on4pkfpc_wpftmp.csproj]
         C:\ExplorerPro\UI\FileTree\Managers\FileTreeLoadChildrenManager.cs(262,37): warning CS8600: Converting null literal or possible null value to non-nullable type. [C:\ExplorerPro\ExplorerPro_on4pkfpc_wpftmp.csproj]
         C:\ExplorerPro\UI\FileTree\Managers\FileTreeLoadChildrenManager.cs(263,45): warning CS8600: Converting null literal or possible null value to non-nullable type. [C:\ExplorerPro\ExplorerPro_on4pkfpc_wpftmp.csproj]
         C:\ExplorerPro\Core\TabManagement\ModernTabManagerService.cs(46,16): warning CS8618: Non-nullable field '_logger' must contain a non-null value when exiting constructor. Consider adding the 'required' modifier or declaring the field as nullable. [C:\ExplorerPro\ExplorerPro_on4pkfpc_wpftmp.csproj]
         C:\ExplorerPro\Core\TabManagement\ModernTabManagerService.cs(46,16): warning CS8618: Non-nullable field '_activeTab' must contain a non-null value when exiting constructor. Consider adding the 'required' modifier or declaring the field as nullable. [C:\ExplorerPro\ExplorerPro_on4pkfpc_wpftmp.csproj]
         C:\ExplorerPro\Core\TabManagement\ModernTabManagerService.cs(46,16): warning CS8618: Non-nullable event 'TabCreated' must contain a non-null value when exiting constructor. Consider adding the 'required' modifier or declaring the event as nullable. [C:\ExplorerPro\ExplorerPro_on4pkfpc_wpftmp.csproj]
         C:\ExplorerPro\Core\TabManagement\ModernTabManagerService.cs(46,16): warning CS8618: Non-nullable event 'TabClosed' must contain a non-null value when exiting constructor. Consider adding the 'required' modifier or declaring the event as nullable. [C:\ExplorerPro\ExplorerPro_on4pkfpc_wpftmp.csproj]
         C:\ExplorerPro\Core\TabManagement\ModernTabManagerService.cs(46,16): warning CS8618: Non-nullable event 'ActiveTabChanged' must contain a non-null value when exiting constructor. Consider adding the 'required' modifier or declaring the event as nullable. [C:\ExplorerPro\ExplorerPro_on4pkfpc_wpftmp.csproj]
         C:\ExplorerPro\Core\TabManagement\ModernTabManagerService.cs(46,16): warning CS8618: Non-nullable event 'TabModified' must contain a non-null value when exiting constructor. Consider adding the 'required' modifier or declaring the event as nullable. [C:\ExplorerPro\ExplorerPro_on4pkfpc_wpftmp.csproj]
         C:\ExplorerPro\Core\TabManagement\ModernTabManagerService.cs(46,16): warning CS8618: Non-nullable event 'TabsReordered' must contain a non-null value when exiting constructor. Consider adding the 'required' modifier or declaring the event as nullable. [C:\ExplorerPro\ExplorerPro_on4pkfpc_wpftmp.csproj]
         C:\ExplorerPro\UI\FileTree\Services\FileTreeDragDropService.cs(707,51): warning CS8603: Possible null reference return. [C:\ExplorerPro\ExplorerPro_on4pkfpc_wpftmp.csproj]
         C:\ExplorerPro\UI\FileTree\Managers\FileTreePerformanceManager.cs(229,39): warning CS8604: Possible null reference argument for parameter 'item' in 'void FileTreePerformanceManager.CacheHitTestResult(Point point, FileTreeItem item)'. [C:\ExplorerPro\ExplorerPro_on4pkfpc_wpftmp.csproj]
         C:\ExplorerPro\UI\FileTree\Services\FileTreeThemeService.cs(783,54): warning CS8622: Nullability of reference types in type of parameter 'sender' of 'void FileTreeThemeService.OnDeferredUpdateTimerTick(object sender, EventArgs e)' doesn't match the target delegate 'EventHandler' (possibly because of nullability attributes). [C:\ExplorerPro\ExplorerPro_on4pkfpc_wpftmp.csproj]
         C:\ExplorerPro\UI\FileTree\Services\FileTreeThemeService.cs(790,45): warning CS8625: Cannot convert null literal to non-nullable reference type. [C:\ExplorerPro\ExplorerPro_on4pkfpc_wpftmp.csproj]
         C:\ExplorerPro\UI\FileTree\Services\FileTreeThemeService.cs(797,48): warning CS8625: Cannot convert null literal to non-nullable reference type. [C:\ExplorerPro\ExplorerPro_on4pkfpc_wpftmp.csproj]
         C:\ExplorerPro\UI\FileTree\Services\FileTreeThemeService.cs(803,50): warning CS8625: Cannot convert null literal to non-nullable reference type. [C:\ExplorerPro\ExplorerPro_on4pkfpc_wpftmp.csproj]
         C:\ExplorerPro\Core\TabManagement\ModernTabManagerService.cs(89,38): warning CS8601: Possible null reference assignment. [C:\ExplorerPro\ExplorerPro_on4pkfpc_wpftmp.csproj]
         C:\ExplorerPro\Core\TabManagement\ModernTabManagerService.cs(98,80): warning CS8604: Possible null reference argument for parameter 'oldTab' in 'TabChangedEventArgs.TabChangedEventArgs(TabModel oldTab, TabModel newTab, int oldIndex, int newIndex)'. [C:\ExplorerPro\ExplorerPro_on4pkfpc_wpftmp.csproj]
         C:\ExplorerPro\Core\TabManagement\ModernTabManagerService.cs(98,88): warning CS8604: Possible null reference argument for parameter 'newTab' in 'TabChangedEventArgs.TabChangedEventArgs(TabModel oldTab, TabModel newTab, int oldIndex, int newIndex)'. [C:\ExplorerPro\ExplorerPro_on4pkfpc_wpftmp.csproj]
         C:\ExplorerPro\UI\FileTree\Managers\OptimizedFileTreePerformanceManager.cs(208,32): warning CS8601: Possible null reference assignment. [C:\ExplorerPro\ExplorerPro_on4pkfpc_wpftmp.csproj]
         C:\ExplorerPro\UI\FileTree\Managers\FileTreeLoadChildrenManager.cs(440,20): warning CS8603: Possible null reference return. [C:\ExplorerPro\ExplorerPro_on4pkfpc_wpftmp.csproj]
         C:\ExplorerPro\Core\TabManagement\ModernTabManagerService.cs(132,27): warning CS8601: Possible null reference assignment. [C:\ExplorerPro\ExplorerPro_on4pkfpc_wpftmp.csproj]
         C:\ExplorerPro\Core\TabManagement\PerformanceOptimizer.cs(58,40): warning CS8622: Nullability of reference types in type of parameter 'sender' of 'void PerformanceOptimizer.OnOptimizationTimer(object sender, EventArgs e)' doesn't match the target delegate 'EventHandler' (possibly because of nullability attributes). [C:\ExplorerPro\ExplorerPro_on4pkfpc_wpftmp.csproj]
         C:\ExplorerPro\Core\TabManagement\PerformanceOptimizer.cs(39,20): warning CS8618: Non-nullable field '_logger' must contain a non-null value when exiting constructor. Consider adding the 'required' modifier or declaring the field as nullable. [C:\ExplorerPro\ExplorerPro_on4pkfpc_wpftmp.csproj]
         C:\ExplorerPro\Core\TabManagement\PerformanceOptimizer.cs(39,20): warning CS8618: Non-nullable event 'OptimizationCompleted' must contain a non-null value when exiting constructor. Consider adding the 'required' modifier or declaring the event as nullable. [C:\ExplorerPro\ExplorerPro_on4pkfpc_wpftmp.csproj]
         C:\ExplorerPro\Core\TabManagement\PerformanceOptimizer.cs(39,20): warning CS8618: Non-nullable event 'ThresholdExceeded' must contain a non-null value when exiting constructor. Consider adding the 'required' modifier or declaring the event as nullable. [C:\ExplorerPro\ExplorerPro_on4pkfpc_wpftmp.csproj]
         C:\ExplorerPro\UI\FileTree\Managers\FileTreeLoadChildrenManager.cs(448,40): warning CS8603: Possible null reference return. [C:\ExplorerPro\ExplorerPro_on4pkfpc_wpftmp.csproj]
         C:\ExplorerPro\UI\FileTree\Managers\FileTreeLoadChildrenManager.cs(462,20): warning CS8603: Possible null reference return. [C:\ExplorerPro\ExplorerPro_on4pkfpc_wpftmp.csproj]
         C:\ExplorerPro\Core\TabManagement\TabManagerService.cs(135,40): warning CS8622: Nullability of reference types in type of parameter 'sender' of 'void TabManagerService.Tab_PropertyChanged(object sender, PropertyChangedEventArgs e)' doesn't match the target delegate 'PropertyChangedEventHandler' (possibly because of nullability attributes). [C:\ExplorerPro\ExplorerPro_on4pkfpc_wpftmp.csproj]
         C:\ExplorerPro\UI\FileTree\Managers\FileTreeUIEventManager.cs(185,78): warning CS8604: Possible null reference argument for parameter 'current' in 'TreeViewItem VisualTreeHelperEx.FindAncestor<TreeViewItem>(DependencyObject current)'. [C:\ExplorerPro\ExplorerPro_on4pkfpc_wpftmp.csproj]
         C:\ExplorerPro\UI\FileTree\Services\FileTreeDragDropService.cs(838,48): warning CS8604: Possible null reference argument for parameter 'dataObject' in 'Task<bool> FileTreeDragDropService.HandleOutlookDropAsync(DataObject dataObject, string targetPath)'. [C:\ExplorerPro\ExplorerPro_on4pkfpc_wpftmp.csproj]
         C:\ExplorerPro\UI\FileTree\Services\FileTreeDragDropService.cs(843,34): warning CS8625: Cannot convert null literal to non-nullable reference type. [C:\ExplorerPro\ExplorerPro_on4pkfpc_wpftmp.csproj]
         C:\ExplorerPro\UI\FileTree\Managers\FileTreeLoadChildrenManager.cs(470,41): warning CS8603: Possible null reference return. [C:\ExplorerPro\ExplorerPro_on4pkfpc_wpftmp.csproj]
         C:\ExplorerPro\UI\FileTree\Managers\FileTreeLoadChildrenManager.cs(472,41): warning CS8600: Converting null literal or possible null value to non-nullable type. [C:\ExplorerPro\ExplorerPro_on4pkfpc_wpftmp.csproj]
         C:\ExplorerPro\UI\FileTree\Managers\FileTreeLoadChildrenManager.cs(488,20): warning CS8603: Possible null reference return. [C:\ExplorerPro\ExplorerPro_on4pkfpc_wpftmp.csproj]
         C:\ExplorerPro\UI\FileTree\Managers\OptimizedFileTreePerformanceManager.cs(330,20): warning CS8603: Possible null reference return. [C:\ExplorerPro\ExplorerPro_on4pkfpc_wpftmp.csproj]
         C:\ExplorerPro\UI\FileTree\Managers\FileTreeLoadChildrenManager.cs(529,48): warning CS8625: Cannot convert null literal to non-nullable reference type. [C:\ExplorerPro\ExplorerPro_on4pkfpc_wpftmp.csproj]
         C:\ExplorerPro\UI\FileTree\Managers\FileTreeUIEventManager.cs(240,74): warning CS8604: Possible null reference argument for parameter 'current' in 'CheckBox VisualTreeHelperEx.FindAncestor<CheckBox>(DependencyObject current)'. [C:\ExplorerPro\ExplorerPro_on4pkfpc_wpftmp.csproj]
         C:\ExplorerPro\Core\TabManagement\PerformanceTypes.cs(74,23): warning CS8618: Non-nullable property 'ErrorMessage' must contain a non-null value when exiting constructor. Consider adding the 'required' modifier or declaring the property as nullable. [C:\ExplorerPro\ExplorerPro_on4pkfpc_wpftmp.csproj]
         C:\ExplorerPro\Core\TabManagement\PerformanceTypes.cs(100,48): warning CS8618: Non-nullable property 'Recommendations' must contain a non-null value when exiting constructor. Consider adding the 'required' modifier or declaring the property as nullable. [C:\ExplorerPro\ExplorerPro_on4pkfpc_wpftmp.csproj]
         C:\ExplorerPro\Core\TabManagement\TabManagerService.cs(169,33): warning CS8625: Cannot convert null literal to non-nullable reference type. [C:\ExplorerPro\ExplorerPro_on4pkfpc_wpftmp.csproj]
         C:\ExplorerPro\Core\TabManagement\TabManagerService.cs(176,40): warning CS8622: Nullability of reference types in type of parameter 'sender' of 'void TabManagerService.Tab_PropertyChanged(object sender, PropertyChangedEventArgs e)' doesn't match the target delegate 'PropertyChangedEventHandler' (possibly because of nullability attributes). [C:\ExplorerPro\ExplorerPro_on4pkfpc_wpftmp.csproj]
         C:\ExplorerPro\Core\TabManagement\PerformanceTypes.cs(108,23): warning CS8618: Non-nullable property 'Description' must contain a non-null value when exiting constructor. Consider adding the 'required' modifier or declaring the property as nullable. [C:\ExplorerPro\ExplorerPro_on4pkfpc_wpftmp.csproj]
         C:\ExplorerPro\Core\TabManagement\PerformanceTypes.cs(109,25): warning CS8618: Non-nullable property 'SuggestedActions' must contain a non-null value when exiting constructor. Consider adding the 'required' modifier or declaring the property as nullable. [C:\ExplorerPro\ExplorerPro_on4pkfpc_wpftmp.csproj]
         C:\ExplorerPro\Core\TabManagement\PerformanceTypes.cs(136,35): warning CS8618: Non-nullable property 'Result' must contain a non-null value when exiting constructor. Consider adding the 'required' modifier or declaring the property as nullable. [C:\ExplorerPro\ExplorerPro_on4pkfpc_wpftmp.csproj]
         C:\ExplorerPro\Core\TabManagement\PerformanceTypes.cs(145,23): warning CS8618: Non-nullable property 'Recommendation' must contain a non-null value when exiting constructor. Consider adding the 'required' modifier or declaring the property as nullable. [C:\ExplorerPro\ExplorerPro_on4pkfpc_wpftmp.csproj]
         C:\ExplorerPro\UI\FileTree\Managers\OptimizedFileTreePerformanceManager.cs(387,29): warning CS8602: Dereference of a possibly null reference. [C:\ExplorerPro\ExplorerPro_on4pkfpc_wpftmp.csproj]
         C:\ExplorerPro\Core\TabManagement\TabManagerService.cs(198,61): warning CS8603: Possible null reference return. [C:\ExplorerPro\ExplorerPro_on4pkfpc_wpftmp.csproj]
         C:\ExplorerPro\UI\FileTree\Managers\OptimizedFileTreePerformanceManager.cs(452,33): warning CS8618: Non-nullable property 'Container' must contain a non-null value when exiting constructor. Consider adding the 'required' modifier or declaring the property as nullable. [C:\ExplorerPro\ExplorerPro_on4pkfpc_wpftmp.csproj]
         C:\ExplorerPro\UI\FileTree\Managers\OptimizedFileTreePerformanceManager.cs(444,58): warning CS8618: Non-nullable property 'IndexerStats' must contain a non-null value when exiting constructor. Consider adding the 'required' modifier or declaring the property as nullable. [C:\ExplorerPro\ExplorerPro_on4pkfpc_wpftmp.csproj]
         C:\ExplorerPro\UI\FileTree\Managers\OptimizedFileTreePerformanceManager.cs(431,33): warning CS8618: Non-nullable property 'Item' must contain a non-null value when exiting constructor. Consider adding the 'required' modifier or declaring the property as nullable. [C:\ExplorerPro\ExplorerPro_on4pkfpc_wpftmp.csproj]
         C:\ExplorerPro\Core\TabManagement\ServiceIntegrationManager.cs(43,16): warning CS8618: Non-nullable field '_logger' must contain a non-null value when exiting constructor. Consider adding the 'required' modifier or declaring the field as nullable. [C:\ExplorerPro\ExplorerPro_on4pkfpc_wpftmp.csproj]
         C:\ExplorerPro\Core\TabManagement\ServiceIntegrationManager.cs(43,16): warning CS8618: Non-nullable field '_tabManagerService' must contain a non-null value when exiting constructor. Consider adding the 'required' modifier or declaring the field as nullable. [C:\ExplorerPro\ExplorerPro_on4pkfpc_wpftmp.csproj]
         C:\ExplorerPro\Core\TabManagement\ServiceIntegrationManager.cs(43,16): warning CS8618: Non-nullable field '_threadSafeOperations' must contain a non-null value when exiting constructor. Consider adding the 'required' modifier or declaring the field as nullable. [C:\ExplorerPro\ExplorerPro_on4pkfpc_wpftmp.csproj]
         C:\ExplorerPro\Core\TabManagement\ServiceIntegrationManager.cs(43,16): warning CS8618: Non-nullable field '_tabsViewModel' must contain a non-null value when exiting constructor. Consider adding the 'required' modifier or declaring the field as nullable. [C:\ExplorerPro\ExplorerPro_on4pkfpc_wpftmp.csproj]
         C:\ExplorerPro\Core\TabManagement\ServiceIntegrationManager.cs(43,16): warning CS8618: Non-nullable field '_tabControl' must contain a non-null value when exiting constructor. Consider adding the 'required' modifier or declaring the field as nullable. [C:\ExplorerPro\ExplorerPro_on4pkfpc_wpftmp.csproj]
         C:\ExplorerPro\Core\TabManagement\ServiceIntegrationManager.cs(43,16): warning CS8618: Non-nullable field '_eventManager' must contain a non-null value when exiting constructor. Consider adding the 'required' modifier or declaring the field as nullable. [C:\ExplorerPro\ExplorerPro_on4pkfpc_wpftmp.csproj]
         C:\ExplorerPro\Core\TabManagement\ServiceIntegrationManager.cs(43,16): warning CS8618: Non-nullable field '_healthMonitor' must contain a non-null value when exiting constructor. Consider adding the 'required' modifier or declaring the field as nullable. [C:\ExplorerPro\ExplorerPro_on4pkfpc_wpftmp.csproj]
         C:\ExplorerPro\Core\TabManagement\TabCreationRequest.cs(126,23): warning CS8618: Non-nullable property 'Name' must contain a non-null value when exiting constructor. Consider adding the 'required' modifier or declaring the property as nullable. [C:\ExplorerPro\ExplorerPro_on4pkfpc_wpftmp.csproj]
         C:\ExplorerPro\Core\TabManagement\TabCreationRequest.cs(127,23): warning CS8618: Non-nullable property 'DefaultTitle' must contain a non-null value when exiting constructor. Consider adding the 'required' modifier or declaring the property as nullable. [C:\ExplorerPro\ExplorerPro_on4pkfpc_wpftmp.csproj]
         C:\ExplorerPro\Core\TabManagement\TabCreationRequest.cs(130,21): warning CS8618: Non-nullable property 'ContentType' must contain a non-null value when exiting constructor. Consider adding the 'required' modifier or declaring the property as nullable. [C:\ExplorerPro\ExplorerPro_on4pkfpc_wpftmp.csproj]
         C:\ExplorerPro\Core\TabManagement\TabCreationRequest.cs(131,23): warning CS8618: Non-nullable property 'ContentParameters' must contain a non-null value when exiting constructor. Consider adding the 'required' modifier or declaring the property as nullable. [C:\ExplorerPro\ExplorerPro_on4pkfpc_wpftmp.csproj]
         C:\ExplorerPro\UI\FileTree\Managers\FileTreeUIEventManager.cs(425,37): warning CS8625: Cannot convert null literal to non-nullable reference type. [C:\ExplorerPro\ExplorerPro_on4pkfpc_wpftmp.csproj]
         C:\ExplorerPro\UI\FileTree\Managers\FileTreeUIEventManager.cs(426,33): warning CS8625: Cannot convert null literal to non-nullable reference type. [C:\ExplorerPro\ExplorerPro_on4pkfpc_wpftmp.csproj]
         C:\ExplorerPro\Core\TabManagement\TabCreationRequest.cs(18,23): warning CS8618: Non-nullable property 'Title' must contain a non-null value when exiting constructor. Consider adding the 'required' modifier or declaring the property as nullable. [C:\ExplorerPro\ExplorerPro_on4pkfpc_wpftmp.csproj]
         C:\ExplorerPro\Core\TabManagement\TabCreationRequest.cs(23,23): warning CS8618: Non-nullable property 'Path' must contain a non-null value when exiting constructor. Consider adding the 'required' modifier or declaring the property as nullable. [C:\ExplorerPro\ExplorerPro_on4pkfpc_wpftmp.csproj]
         C:\ExplorerPro\Core\TabManagement\TabCreationRequest.cs(48,23): warning CS8618: Non-nullable property 'Content' must contain a non-null value when exiting constructor. Consider adding the 'required' modifier or declaring the property as nullable. [C:\ExplorerPro\ExplorerPro_on4pkfpc_wpftmp.csproj]
         C:\ExplorerPro\Core\TabManagement\TabCreationRequest.cs(53,28): warning CS8618: Non-nullable property 'Template' must contain a non-null value when exiting constructor. Consider adding the 'required' modifier or declaring the property as nullable. [C:\ExplorerPro\ExplorerPro_on4pkfpc_wpftmp.csproj]
         C:\ExplorerPro\Core\TabManagement\SimpleDetachedWindowManager.cs(31,28): warning CS8603: Possible null reference return. [C:\ExplorerPro\ExplorerPro_on4pkfpc_wpftmp.csproj]
         C:\ExplorerPro\Core\TabManagement\SimpleDetachedWindowManager.cs(37,28): warning CS8603: Possible null reference return. [C:\ExplorerPro\ExplorerPro_on4pkfpc_wpftmp.csproj]
         C:\ExplorerPro\Core\TabManagement\SimpleDetachedWindowManager.cs(45,28): warning CS8603: Possible null reference return. [C:\ExplorerPro\ExplorerPro_on4pkfpc_wpftmp.csproj]
         C:\ExplorerPro\Core\TabManagement\SimpleDetachedWindowManager.cs(52,28): warning CS8603: Possible null reference return. [C:\ExplorerPro\ExplorerPro_on4pkfpc_wpftmp.csproj]
         C:\ExplorerPro\Core\TabManagement\SimpleDetachedWindowManager.cs(60,28): warning CS8603: Possible null reference return. [C:\ExplorerPro\ExplorerPro_on4pkfpc_wpftmp.csproj]
         C:\ExplorerPro\Core\TabManagement\SimpleDetachedWindowManager.cs(68,28): warning CS8603: Possible null reference return. [C:\ExplorerPro\ExplorerPro_on4pkfpc_wpftmp.csproj]
         C:\ExplorerPro\Core\TabManagement\SimpleDetachedWindowManager.cs(77,28): warning CS8603: Possible null reference return. [C:\ExplorerPro\ExplorerPro_on4pkfpc_wpftmp.csproj]
         C:\ExplorerPro\Core\TabManagement\SimpleDetachedWindowManager.cs(100,24): warning CS8603: Possible null reference return. [C:\ExplorerPro\ExplorerPro_on4pkfpc_wpftmp.csproj]
         C:\ExplorerPro\UI\FileTree\Services\FileTreeService.cs(557,24): warning CS8603: Possible null reference return. [C:\ExplorerPro\ExplorerPro_on4pkfpc_wpftmp.csproj]
         C:\ExplorerPro\UI\FileTree\Services\FileTreeService.cs(572,20): warning CS8603: Possible null reference return. [C:\ExplorerPro\ExplorerPro_on4pkfpc_wpftmp.csproj]
         C:\ExplorerPro\Core\TabManagement\TabDragDropService.cs(34,16): warning CS8618: Non-nullable field '_currentDrag' must contain a non-null value when exiting constructor. Consider adding the 'required' modifier or declaring the field as nullable. [C:\ExplorerPro\ExplorerPro_on4pkfpc_wpftmp.csproj]
         C:\ExplorerPro\Core\TabManagement\TabDragDropService.cs(34,16): warning CS8618: Non-nullable field '_floatingWindow' must contain a non-null value when exiting constructor. Consider adding the 'required' modifier or declaring the field as nullable. [C:\ExplorerPro\ExplorerPro_on4pkfpc_wpftmp.csproj]
         C:\ExplorerPro\Core\TabManagement\TabDragDropService.cs(34,16): warning CS8618: Non-nullable field '_dropIndicatorCanvas' must contain a non-null value when exiting constructor. Consider adding the 'required' modifier or declaring the field as nullable. [C:\ExplorerPro\ExplorerPro_on4pkfpc_wpftmp.csproj]
         C:\ExplorerPro\Core\TabManagement\TabDragDropService.cs(34,16): warning CS8618: Non-nullable field '_dropIndicator' must contain a non-null value when exiting constructor. Consider adding the 'required' modifier or declaring the field as nullable. [C:\ExplorerPro\ExplorerPro_on4pkfpc_wpftmp.csproj]
         C:\ExplorerPro\UI\FileTree\Services\FileTreeService.cs(578,24): warning CS8603: Possible null reference return. [C:\ExplorerPro\ExplorerPro_on4pkfpc_wpftmp.csproj]
         C:\ExplorerPro\UI\FileTree\Services\FileTreeService.cs(596,20): warning CS8603: Possible null reference return. [C:\ExplorerPro\ExplorerPro_on4pkfpc_wpftmp.csproj]
         C:\ExplorerPro\UI\FileTree\Managers\FileTreePerformanceManager.cs(417,17): warning CS0219: The variable 'liveCacheUpdated' is assigned but its value is never used [C:\ExplorerPro\ExplorerPro_on4pkfpc_wpftmp.csproj]
         C:\ExplorerPro\Core\TabManagement\TabHibernationManager.cs(56,43): warning CS8622: Nullability of reference types in type of parameter 'state' of 'void TabHibernationManager.ProcessHibernationQueue(object state)' doesn't match the target delegate 'TimerCallback' (possibly because of nullability attributes). [C:\ExplorerPro\ExplorerPro_on4pkfpc_wpftmp.csproj]
         C:\ExplorerPro\Core\TabManagement\TabHibernationManager.cs(59,39): warning CS8622: Nullability of reference types in type of parameter 'state' of 'void TabHibernationManager.CleanupExpiredData(object state)' doesn't match the target delegate 'TimerCallback' (possibly because of nullability attributes). [C:\ExplorerPro\ExplorerPro_on4pkfpc_wpftmp.csproj]
         C:\ExplorerPro\Core\TabManagement\TabHibernationManager.cs(65,56): warning CS8622: Nullability of reference types in type of parameter 'sender' of 'void TabHibernationManager.OnHighMemoryPressure(object sender, MemoryPressureEventArgs e)' doesn't match the target delegate 'EventHandler<MemoryPressureEventArgs>' (possibly because of nullability attributes). [C:\ExplorerPro\ExplorerPro_on4pkfpc_wpftmp.csproj]
         C:\ExplorerPro\Core\TabManagement\TabHibernationManager.cs(41,16): warning CS8618: Non-nullable field '_logger' must contain a non-null value when exiting constructor. Consider adding the 'required' modifier or declaring the field as nullable. [C:\ExplorerPro\ExplorerPro_on4pkfpc_wpftmp.csproj]
         C:\ExplorerPro\Core\TabManagement\TabHibernationManager.cs(41,16): warning CS8618: Non-nullable field '_resourceMonitor' must contain a non-null value when exiting constructor. Consider adding the 'required' modifier or declaring the field as nullable. [C:\ExplorerPro\ExplorerPro_on4pkfpc_wpftmp.csproj]
         C:\ExplorerPro\Core\TabManagement\TabHibernationManager.cs(41,16): warning CS8618: Non-nullable event 'TabHibernated' must contain a non-null value when exiting constructor. Consider adding the 'required' modifier or declaring the event as nullable. [C:\ExplorerPro\ExplorerPro_on4pkfpc_wpftmp.csproj]
         C:\ExplorerPro\Core\TabManagement\TabHibernationManager.cs(41,16): warning CS8618: Non-nullable event 'TabReactivated' must contain a non-null value when exiting constructor. Consider adding the 'required' modifier or declaring the event as nullable. [C:\ExplorerPro\ExplorerPro_on4pkfpc_wpftmp.csproj]
         C:\ExplorerPro\Core\TabManagement\TabHibernationManager.cs(41,16): warning CS8618: Non-nullable event 'StatsUpdated' must contain a non-null value when exiting constructor. Consider adding the 'required' modifier or declaring the event as nullable. [C:\ExplorerPro\ExplorerPro_on4pkfpc_wpftmp.csproj]
         C:\ExplorerPro\Core\TabManagement\ModernTabManagerService.cs(174,40): warning CS8622: Nullability of reference types in type of parameter 'sender' of 'void ModernTabManagerService.OnTabPropertyChanged(object sender, PropertyChangedEventArgs e)' doesn't match the target delegate 'PropertyChangedEventHandler' (possibly because of nullability attributes). [C:\ExplorerPro\ExplorerPro_on4pkfpc_wpftmp.csproj]
         C:\ExplorerPro\UI\FileTree\Services\FileTreeDragDropService.cs(867,56): warning CS8620: Argument of type 'string?[]' cannot be used for parameter 'sourceDirectories' of type 'string[]' in 'FilesMoved.FilesMoved(string[] sourceFiles, string[] sourceDirectories, string targetPath)' due to differences in the nullability of reference types. [C:\ExplorerPro\ExplorerPro_on4pkfpc_wpftmp.csproj]
         C:\ExplorerPro\Core\TabManagement\TabManager.cs(47,32): warning CS1998: This async method lacks 'await' operators and will run synchronously. Consider using the 'await' operator to await non-blocking API calls, or 'await Task.Run(...)' to do CPU-bound work on a background thread. [C:\ExplorerPro\ExplorerPro_on4pkfpc_wpftmp.csproj]
         C:\ExplorerPro\Core\TabManagement\TabHibernationManager.cs(115,27): warning CS1998: This async method lacks 'await' operators and will run synchronously. Consider using the 'await' operator to await non-blocking API calls, or 'await Task.Run(...)' to do CPU-bound work on a background thread. [C:\ExplorerPro\ExplorerPro_on4pkfpc_wpftmp.csproj]
         C:\ExplorerPro\Core\TabManagement\SimpleDetachedWindowManager.cs(225,37): warning CS8603: Possible null reference return. [C:\ExplorerPro\ExplorerPro_on4pkfpc_wpftmp.csproj]
         C:\ExplorerPro\Core\TabManagement\SimpleDetachedWindowManager.cs(241,20): warning CS8603: Possible null reference return. [C:\ExplorerPro\ExplorerPro_on4pkfpc_wpftmp.csproj]
         C:\ExplorerPro\Core\TabManagement\SimpleDetachedWindowManager.cs(260,20): warning CS8603: Possible null reference return. [C:\ExplorerPro\ExplorerPro_on4pkfpc_wpftmp.csproj]
         C:\ExplorerPro\Core\TabManagement\ModernTabManagerService.cs(246,33): warning CS8625: Cannot convert null literal to non-nullable reference type. [C:\ExplorerPro\ExplorerPro_on4pkfpc_wpftmp.csproj]
         C:\ExplorerPro\Core\TabManagement\ModernTabManagerService.cs(253,40): warning CS8622: Nullability of reference types in type of parameter 'sender' of 'void ModernTabManagerService.OnTabPropertyChanged(object sender, PropertyChangedEventArgs e)' doesn't match the target delegate 'PropertyChangedEventHandler' (possibly because of nullability attributes). [C:\ExplorerPro\ExplorerPro_on4pkfpc_wpftmp.csproj]
         C:\ExplorerPro\UI\FileTree\Services\FileTreeDragDropService.cs(985,20): warning CS8603: Possible null reference return. [C:\ExplorerPro\ExplorerPro_on4pkfpc_wpftmp.csproj]
         C:\ExplorerPro\Core\TabManagement\SimpleDetachedWindowManager.cs(268,64): warning CS8603: Possible null reference return. [C:\ExplorerPro\ExplorerPro_on4pkfpc_wpftmp.csproj]
         C:\ExplorerPro\Core\TabManagement\SimpleDetachedWindowManager.cs(270,20): warning CS8603: Possible null reference return. [C:\ExplorerPro\ExplorerPro_on4pkfpc_wpftmp.csproj]
         C:\ExplorerPro\Core\TabManagement\SimpleDetachedWindowManager.cs(299,24): warning CS8603: Possible null reference return. [C:\ExplorerPro\ExplorerPro_on4pkfpc_wpftmp.csproj]
         C:\ExplorerPro\Core\TabManagement\ModernTabManagerService.cs(289,61): warning CS8603: Possible null reference return. [C:\ExplorerPro\ExplorerPro_on4pkfpc_wpftmp.csproj]
         C:\ExplorerPro\Core\TabManagement\ModernTabManagerService.cs(311,24): warning CS8603: Possible null reference return. [C:\ExplorerPro\ExplorerPro_on4pkfpc_wpftmp.csproj]
         C:\ExplorerPro\UI\FileTree\Services\FileTreeDragDropService.cs(1033,34): warning CS8625: Cannot convert null literal to non-nullable reference type. [C:\ExplorerPro\ExplorerPro_on4pkfpc_wpftmp.csproj]
         C:\ExplorerPro\UI\FileTree\Services\FileTreeDragDropService.cs(1039,32): warning CS8625: Cannot convert null literal to non-nullable reference type. [C:\ExplorerPro\ExplorerPro_on4pkfpc_wpftmp.csproj]
         C:\ExplorerPro\UI\FileTree\Services\FileTreeDragDropService.cs(1044,30): warning CS8625: Cannot convert null literal to non-nullable reference type. [C:\ExplorerPro\ExplorerPro_on4pkfpc_wpftmp.csproj]
         C:\ExplorerPro\Core\TabManagement\SimpleDetachedWindowManager.cs(380,35): warning CS8602: Dereference of a possibly null reference. [C:\ExplorerPro\ExplorerPro_on4pkfpc_wpftmp.csproj]
         C:\ExplorerPro\Core\TabManagement\SimpleDetachedWindowManager.cs(466,24): warning CS8603: Possible null reference return. [C:\ExplorerPro\ExplorerPro_on4pkfpc_wpftmp.csproj]
         C:\ExplorerPro\UI\MainWindow\MainWindow.xaml.cs(5396,28): warning CS1998: This async method lacks 'await' operators and will run synchronously. Consider using the 'await' operator to await non-blocking API calls, or 'await Task.Run(...)' to do CPU-bound work on a background thread. [C:\ExplorerPro\ExplorerPro_on4pkfpc_wpftmp.csproj]
         C:\ExplorerPro\Core\TabManagement\TabManagerService.cs(411,20): warning CS8603: Possible null reference return. [C:\ExplorerPro\ExplorerPro_on4pkfpc_wpftmp.csproj]
         C:\ExplorerPro\Core\TabManagement\TabManagerService.cs(438,73): warning CS8604: Possible null reference argument for parameter 'propertyName' in 'TabModifiedEventArgs.TabModifiedEventArgs(TabModel tab, string propertyName, object oldValue, object newValue)'. [C:\ExplorerPro\ExplorerPro_on4pkfpc_wpftmp.csproj]
         C:\ExplorerPro\Core\TabManagement\TabManagerService.cs(438,89): warning CS8625: Cannot convert null literal to non-nullable reference type. [C:\ExplorerPro\ExplorerPro_on4pkfpc_wpftmp.csproj]
         C:\ExplorerPro\Core\TabManagement\TabManagerService.cs(438,95): warning CS8625: Cannot convert null literal to non-nullable reference type. [C:\ExplorerPro\ExplorerPro_on4pkfpc_wpftmp.csproj]
         C:\ExplorerPro\UI\MainWindow\MainWindow.xaml.cs(5456,25): warning CS8622: Nullability of reference types in type of parameter 'sender' of 'void MainWindow.OnNewTabRequested(object sender, NewTabRequestedEventArgs e)' doesn't match the target delegate 'EventHandler<NewTabRequestedEventArgs>' (possibly because of nullability attributes). [C:\ExplorerPro\ExplorerPro_on4pkfpc_wpftmp.csproj]
         C:\ExplorerPro\UI\MainWindow\MainWindow.xaml.cs(5462,25): warning CS8622: Nullability of reference types in type of parameter 'sender' of 'void MainWindow.OnTabCloseRequested(object sender, TabCloseRequestedEventArgs e)' doesn't match the target delegate 'EventHandler<TabCloseRequestedEventArgs>' (possibly because of nullability attributes). [C:\ExplorerPro\ExplorerPro_on4pkfpc_wpftmp.csproj]
         C:\ExplorerPro\UI\MainWindow\MainWindow.xaml.cs(5468,25): warning CS8622: Nullability of reference types in type of parameter 'sender' of 'void MainWindow.OnTabDragged(object sender, TabDragEventArgs e)' doesn't match the target delegate 'EventHandler<TabDragEventArgs>' (possibly because of nullability attributes). [C:\ExplorerPro\ExplorerPro_on4pkfpc_wpftmp.csproj]
         C:\ExplorerPro\UI\MainWindow\MainWindow.xaml.cs(5474,25): warning CS8622: Nullability of reference types in type of parameter 'sender' of 'void MainWindow.OnTabMetadataChanged(object sender, TabMetadataChangedEventArgs e)' doesn't match the target delegate 'EventHandler<TabMetadataChangedEventArgs>' (possibly because of nullability attributes). [C:\ExplorerPro\ExplorerPro_on4pkfpc_wpftmp.csproj]
         C:\ExplorerPro\Core\TabManagement\TabManagerService.cs(459,20): warning CS8603: Possible null reference return. [C:\ExplorerPro\ExplorerPro_on4pkfpc_wpftmp.csproj]
         C:\ExplorerPro\Core\TabManagement\TabDragDropService.cs(540,24): warning CS8603: Possible null reference return. [C:\ExplorerPro\ExplorerPro_on4pkfpc_wpftmp.csproj]
         C:\ExplorerPro\Core\TabManagement\TabDragDropService.cs(545,24): warning CS8603: Possible null reference return. [C:\ExplorerPro\ExplorerPro_on4pkfpc_wpftmp.csproj]
         C:\ExplorerPro\Core\TabManagement\ModernTabManagerService.cs(445,20): warning CS8603: Possible null reference return. [C:\ExplorerPro\ExplorerPro_on4pkfpc_wpftmp.csproj]
         C:\ExplorerPro\UI\FileTree\Services\FileTreeDragDropService.cs(1339,45): warning CS8625: Cannot convert null literal to non-nullable reference type. [C:\ExplorerPro\ExplorerPro_on4pkfpc_wpftmp.csproj]
         C:\ExplorerPro\UI\FileTree\Services\FileTreeDragDropService.cs(1354,47): warning CS8625: Cannot convert null literal to non-nullable reference type. [C:\ExplorerPro\ExplorerPro_on4pkfpc_wpftmp.csproj]
         C:\ExplorerPro\UI\FileTree\Services\FileTreeDragDropService.cs(1364,53): warning CS8625: Cannot convert null literal to non-nullable reference type. [C:\ExplorerPro\ExplorerPro_on4pkfpc_wpftmp.csproj]
         C:\ExplorerPro\UI\FileTree\Services\FileTreeDragDropService.cs(1365,54): warning CS8625: Cannot convert null literal to non-nullable reference type. [C:\ExplorerPro\ExplorerPro_on4pkfpc_wpftmp.csproj]
         C:\ExplorerPro\UI\FileTree\Services\FileTreeDragDropService.cs(1366,48): warning CS8625: Cannot convert null literal to non-nullable reference type. [C:\ExplorerPro\ExplorerPro_on4pkfpc_wpftmp.csproj]
         C:\ExplorerPro\UI\FileTree\Services\FileTreeDragDropService.cs(1367,41): warning CS8625: Cannot convert null literal to non-nullable reference type. [C:\ExplorerPro\ExplorerPro_on4pkfpc_wpftmp.csproj]
         C:\ExplorerPro\UI\FileTree\Services\FileTreeDragDropService.cs(1370,36): warning CS8625: Cannot convert null literal to non-nullable reference type. [C:\ExplorerPro\ExplorerPro_on4pkfpc_wpftmp.csproj]
         C:\ExplorerPro\UI\FileTree\Services\FileTreeDragDropService.cs(1371,37): warning CS8625: Cannot convert null literal to non-nullable reference type. [C:\ExplorerPro\ExplorerPro_on4pkfpc_wpftmp.csproj]
         C:\ExplorerPro\UI\FileTree\Services\FileTreeDragDropService.cs(1372,42): warning CS8625: Cannot convert null literal to non-nullable reference type. [C:\ExplorerPro\ExplorerPro_on4pkfpc_wpftmp.csproj]
         C:\ExplorerPro\UI\FileTree\Services\FileTreeDragDropService.cs(1373,42): warning CS8625: Cannot convert null literal to non-nullable reference type. [C:\ExplorerPro\ExplorerPro_on4pkfpc_wpftmp.csproj]
         C:\ExplorerPro\Core\TabManagement\PerformanceOptimizer.cs(167,48): warning CS1998: This async method lacks 'await' operators and will run synchronously. Consider using the 'await' operator to await non-blocking API calls, or 'await Task.Run(...)' to do CPU-bound work on a background thread. [C:\ExplorerPro\ExplorerPro_on4pkfpc_wpftmp.csproj]
         C:\ExplorerPro\Core\TabManagement\TabManagerService.cs(512,48): warning CS8622: Nullability of reference types in type of parameter 'sender' of 'void TabManagerService.Tab_PropertyChanged(object sender, PropertyChangedEventArgs e)' doesn't match the target delegate 'PropertyChangedEventHandler' (possibly because of nullability attributes). [C:\ExplorerPro\ExplorerPro_on4pkfpc_wpftmp.csproj]
         C:\ExplorerPro\Core\TabManagement\TabManagerService.cs(522,30): warning CS8625: Cannot convert null literal to non-nullable reference type. [C:\ExplorerPro\ExplorerPro_on4pkfpc_wpftmp.csproj]
         C:\ExplorerPro\Core\TabManagement\TabManagerService.cs(523,29): warning CS8625: Cannot convert null literal to non-nullable reference type. [C:\ExplorerPro\ExplorerPro_on4pkfpc_wpftmp.csproj]
         C:\ExplorerPro\Core\TabManagement\TabManagerService.cs(524,36): warning CS8625: Cannot convert null literal to non-nullable reference type. [C:\ExplorerPro\ExplorerPro_on4pkfpc_wpftmp.csproj]
         C:\ExplorerPro\Core\TabManagement\TabManagerService.cs(525,31): warning CS8625: Cannot convert null literal to non-nullable reference type. [C:\ExplorerPro\ExplorerPro_on4pkfpc_wpftmp.csproj]
         C:\ExplorerPro\Core\TabManagement\TabManagerService.cs(526,33): warning CS8625: Cannot convert null literal to non-nullable reference type. [C:\ExplorerPro\ExplorerPro_on4pkfpc_wpftmp.csproj]
         C:\ExplorerPro\UI\FileTree\Managers\FileTreePerformanceManager.cs(560,54): warning CS8600: Converting null literal or possible null value to non-nullable type. [C:\ExplorerPro\ExplorerPro_on4pkfpc_wpftmp.csproj]
         C:\ExplorerPro\UI\FileTree\Managers\FileTreePerformanceManager.cs(578,20): warning CS8603: Possible null reference return. [C:\ExplorerPro\ExplorerPro_on4pkfpc_wpftmp.csproj]
         C:\ExplorerPro\Core\TabManagement\TabDragDropService.cs(653,35): warning CS8625: Cannot convert null literal to non-nullable reference type. [C:\ExplorerPro\ExplorerPro_on4pkfpc_wpftmp.csproj]
         C:\ExplorerPro\Core\TabManagement\ModernTabManagerService.cs(513,60): warning CS8625: Cannot convert null literal to non-nullable reference type. [C:\ExplorerPro\ExplorerPro_on4pkfpc_wpftmp.csproj]
         C:\ExplorerPro\Core\TabManagement\TabManagerService.cs(576,30): warning CS8625: Cannot convert null literal to non-nullable reference type. [C:\ExplorerPro\ExplorerPro_on4pkfpc_wpftmp.csproj]
         C:\ExplorerPro\Core\TabManagement\TabDragDropService.cs(770,28): warning CS8625: Cannot convert null literal to non-nullable reference type. [C:\ExplorerPro\ExplorerPro_on4pkfpc_wpftmp.csproj]
         C:\ExplorerPro\Core\TabManagement\TabDragDropService.cs(779,20): warning CS8603: Possible null reference return. [C:\ExplorerPro\ExplorerPro_on4pkfpc_wpftmp.csproj]
         C:\ExplorerPro\Core\TabManagement\ServiceIntegrationManager.cs(274,110): warning CS8622: Nullability of reference types in type of parameter 'sender' of 'void ServiceIntegrationManager.OnTabCreated(object sender, TabEventArgs e)' doesn't match the target delegate 'EventHandler<TabEventArgs>' (possibly because of nullability attributes). [C:\ExplorerPro\ExplorerPro_on4pkfpc_wpftmp.csproj]
         C:\ExplorerPro\Core\TabManagement\ServiceIntegrationManager.cs(275,109): warning CS8622: Nullability of reference types in type of parameter 'sender' of 'void ServiceIntegrationManager.OnTabClosed(object sender, TabEventArgs e)' doesn't match the target delegate 'EventHandler<TabEventArgs>' (possibly because of nullability attributes). [C:\ExplorerPro\ExplorerPro_on4pkfpc_wpftmp.csproj]
         C:\ExplorerPro\Core\TabManagement\ServiceIntegrationManager.cs(276,123): warning CS8622: Nullability of reference types in type of parameter 'sender' of 'void ServiceIntegrationManager.OnActiveTabChanged(object sender, TabChangedEventArgs e)' doesn't match the target delegate 'EventHandler<TabChangedEventArgs>' (possibly because of nullability attributes). [C:\ExplorerPro\ExplorerPro_on4pkfpc_wpftmp.csproj]
         C:\ExplorerPro\UI\FileTree\Managers\FileTreePerformanceManager.cs(683,43): warning CS8622: Nullability of reference types in type of parameter 'sender' of 'void FileTreePerformanceManager.OnCleanupTimer(object sender, EventArgs e)' doesn't match the target delegate 'EventHandler' (possibly because of nullability attributes). [C:\ExplorerPro\ExplorerPro_on4pkfpc_wpftmp.csproj]
         C:\ExplorerPro\UI\FileTree\Managers\FileTreePerformanceManager.cs(698,71): warning CS8622: Nullability of reference types in type of parameter 'sender' of 'void FileTreePerformanceManager.OnContainerGeneratorStatusChanged(object sender, EventArgs e)' doesn't match the target delegate 'EventHandler' (possibly because of nullability attributes). [C:\ExplorerPro\ExplorerPro_on4pkfpc_wpftmp.csproj]
         C:\ExplorerPro\Core\TabManagement\TabDragDropService.cs(785,20): warning CS8603: Possible null reference return. [C:\ExplorerPro\ExplorerPro_on4pkfpc_wpftmp.csproj]
         C:\ExplorerPro\Core\TabManagement\ModernTabManagerService.cs(612,20): warning CS8603: Possible null reference return. [C:\ExplorerPro\ExplorerPro_on4pkfpc_wpftmp.csproj]
         C:\ExplorerPro\Core\TabManagement\ModernTabManagerService.cs(619,73): warning CS8604: Possible null reference argument for parameter 'propertyName' in 'TabModifiedEventArgs.TabModifiedEventArgs(TabModel tab, string propertyName, object oldValue, object newValue)'. [C:\ExplorerPro\ExplorerPro_on4pkfpc_wpftmp.csproj]
         C:\ExplorerPro\Core\TabManagement\ModernTabManagerService.cs(619,89): warning CS8625: Cannot convert null literal to non-nullable reference type. [C:\ExplorerPro\ExplorerPro_on4pkfpc_wpftmp.csproj]
         C:\ExplorerPro\Core\TabManagement\ModernTabManagerService.cs(619,95): warning CS8625: Cannot convert null literal to non-nullable reference type. [C:\ExplorerPro\ExplorerPro_on4pkfpc_wpftmp.csproj]
         C:\ExplorerPro\Core\TabManagement\ServiceIntegrationManager.cs(284,34): warning CS1998: This async method lacks 'await' operators and will run synchronously. Consider using the 'await' operator to await non-blocking API calls, or 'await Task.Run(...)' to do CPU-bound work on a background thread. [C:\ExplorerPro\ExplorerPro_on4pkfpc_wpftmp.csproj]
         C:\ExplorerPro\Core\TabManagement\PerformanceOptimizer.cs(387,56): warning CS8622: Nullability of reference types in type of parameter 'sender' of 'void PerformanceOptimizer.OnHighMemoryPressure(object sender, MemoryPressureEventArgs e)' doesn't match the target delegate 'EventHandler<MemoryPressureEventArgs>' (possibly because of nullability attributes). [C:\ExplorerPro\ExplorerPro_on4pkfpc_wpftmp.csproj]
         C:\ExplorerPro\Core\TabManagement\PerformanceOptimizer.cs(388,58): warning CS8622: Nullability of reference types in type of parameter 'sender' of 'void PerformanceOptimizer.OnResourceUsageUpdated(object sender, ResourceUsageEventArgs e)' doesn't match the target delegate 'EventHandler<ResourceUsageEventArgs>' (possibly because of nullability attributes). [C:\ExplorerPro\ExplorerPro_on4pkfpc_wpftmp.csproj]
         C:\ExplorerPro\UI\FileTree\Managers\FileTreePerformanceManager.cs(723,33): warning CS8618: Non-nullable property 'Item' must contain a non-null value when exiting constructor. Consider adding the 'required' modifier or declaring the property as nullable. [C:\ExplorerPro\ExplorerPro_on4pkfpc_wpftmp.csproj]
         C:\ExplorerPro\UI\FileTree\Managers\FileTreePerformanceManager.cs(736,38): warning CS8618: Non-nullable property 'CleanupStats' must contain a non-null value when exiting constructor. Consider adding the 'required' modifier or declaring the property as nullable. [C:\ExplorerPro\ExplorerPro_on4pkfpc_wpftmp.csproj]
         C:\ExplorerPro\Core\TabManagement\ModernTabManagerService.cs(664,48): warning CS8622: Nullability of reference types in type of parameter 'sender' of 'void ModernTabManagerService.OnTabPropertyChanged(object sender, PropertyChangedEventArgs e)' doesn't match the target delegate 'PropertyChangedEventHandler' (possibly because of nullability attributes). [C:\ExplorerPro\ExplorerPro_on4pkfpc_wpftmp.csproj]
         C:\ExplorerPro\Core\TabManagement\ServiceIntegrationManager.cs(371,55): warning CS8604: Possible null reference argument for parameter 'logger' in 'Task<ServiceIntegrationManager> ServiceIntegrationManager.CreateAsync(IServiceProvider serviceProvider, ILogger<ServiceIntegrationManager> logger = null, CancellationToken cancellationToken = default(CancellationToken))'. [C:\ExplorerPro\ExplorerPro_on4pkfpc_wpftmp.csproj]
         C:\ExplorerPro\Core\TabManagement\PerformanceOptimizer.cs(478,56): warning CS8622: Nullability of reference types in type of parameter 'sender' of 'void PerformanceOptimizer.OnHighMemoryPressure(object sender, MemoryPressureEventArgs e)' doesn't match the target delegate 'EventHandler<MemoryPressureEventArgs>' (possibly because of nullability attributes). [C:\ExplorerPro\ExplorerPro_on4pkfpc_wpftmp.csproj]
         C:\ExplorerPro\Core\TabManagement\PerformanceOptimizer.cs(479,58): warning CS8622: Nullability of reference types in type of parameter 'sender' of 'void PerformanceOptimizer.OnResourceUsageUpdated(object sender, ResourceUsageEventArgs e)' doesn't match the target delegate 'EventHandler<ResourceUsageEventArgs>' (possibly because of nullability attributes). [C:\ExplorerPro\ExplorerPro_on4pkfpc_wpftmp.csproj]
         C:\ExplorerPro\Core\TabManagement\TabHibernationManager.cs(530,31): warning CS8625: Cannot convert null literal to non-nullable reference type. [C:\ExplorerPro\ExplorerPro_on4pkfpc_wpftmp.csproj]
         C:\ExplorerPro\Core\TabManagement\TabHibernationManager.cs(607,41): warning CS8625: Cannot convert null literal to non-nullable reference type. [C:\ExplorerPro\ExplorerPro_on4pkfpc_wpftmp.csproj]
         C:\ExplorerPro\Core\TabManagement\TabHibernationManager.cs(646,56): warning CS8622: Nullability of reference types in type of parameter 'sender' of 'void TabHibernationManager.OnHighMemoryPressure(object sender, MemoryPressureEventArgs e)' doesn't match the target delegate 'EventHandler<MemoryPressureEventArgs>' (possibly because of nullability attributes). [C:\ExplorerPro\ExplorerPro_on4pkfpc_wpftmp.csproj]
         C:\ExplorerPro\UI\MainWindow\MainWindow.xaml.cs(6156,38): warning CS8625: Cannot convert null literal to non-nullable reference type. [C:\ExplorerPro\ExplorerPro_on4pkfpc_wpftmp.csproj]
         C:\ExplorerPro\UI\MainWindow\MainWindow.xaml.cs(6162,45): warning CS8625: Cannot convert null literal to non-nullable reference type. [C:\ExplorerPro\ExplorerPro_on4pkfpc_wpftmp.csproj]
         C:\ExplorerPro\UI\MainWindow\MainWindow.xaml.cs(6168,40): warning CS8625: Cannot convert null literal to non-nullable reference type. [C:\ExplorerPro\ExplorerPro_on4pkfpc_wpftmp.csproj]
         C:\ExplorerPro\UI\MainWindow\MainWindow.xaml.cs(6174,40): warning CS8625: Cannot convert null literal to non-nullable reference type. [C:\ExplorerPro\ExplorerPro_on4pkfpc_wpftmp.csproj]
         C:\ExplorerPro\UI\MainWindow\MainWindow.xaml.cs(6181,34): warning CS8625: Cannot convert null literal to non-nullable reference type. [C:\ExplorerPro\ExplorerPro_on4pkfpc_wpftmp.csproj]
         C:\ExplorerPro\UI\MainWindow\MainWindow.xaml.cs(6212,30): warning CS8601: Possible null reference assignment. [C:\ExplorerPro\ExplorerPro_on4pkfpc_wpftmp.csproj]
         C:\ExplorerPro\UI\MainWindow\MainWindow.xaml.cs(6288,41): warning CS8603: Possible null reference return. [C:\ExplorerPro\ExplorerPro_on4pkfpc_wpftmp.csproj]
         C:\ExplorerPro\UI\MainWindow\MainWindow.xaml.cs(6329,24): warning CS8603: Possible null reference return. [C:\ExplorerPro\ExplorerPro_on4pkfpc_wpftmp.csproj]
         C:\ExplorerPro\UI\MainWindow\MainWindow.xaml.cs(6654,20): warning CS8603: Possible null reference return. [C:\ExplorerPro\ExplorerPro_on4pkfpc_wpftmp.csproj]
         C:\ExplorerPro\UI\MainWindow\MainWindow.xaml.cs(6665,24): warning CS8603: Possible null reference return. [C:\ExplorerPro\ExplorerPro_on4pkfpc_wpftmp.csproj]
         C:\ExplorerPro\UI\MainWindow\MainWindow.xaml.cs(6670,24): warning CS8603: Possible null reference return. [C:\ExplorerPro\ExplorerPro_on4pkfpc_wpftmp.csproj]
         C:\ExplorerPro\UI\MainWindow\MainWindow.xaml.cs(6692,28): warning CS8603: Possible null reference return. [C:\ExplorerPro\ExplorerPro_on4pkfpc_wpftmp.csproj]
         C:\ExplorerPro\UI\MainWindow\MainWindow.xaml.cs(6700,20): warning CS8603: Possible null reference return. [C:\ExplorerPro\ExplorerPro_on4pkfpc_wpftmp.csproj]
         C:\ExplorerPro\UI\MainWindow\MainWindow.xaml.cs(6893,34): warning CS8601: Possible null reference assignment. [C:\ExplorerPro\ExplorerPro_on4pkfpc_wpftmp.csproj]
         C:\ExplorerPro\UI\MainWindow\MainWindow.xaml.cs(6894,41): warning CS8601: Possible null reference assignment. [C:\ExplorerPro\ExplorerPro_on4pkfpc_wpftmp.csproj]
         C:\ExplorerPro\UI\MainWindow\MainWindow.xaml.cs(6895,36): warning CS8601: Possible null reference assignment. [C:\ExplorerPro\ExplorerPro_on4pkfpc_wpftmp.csproj]
         C:\ExplorerPro\UI\MainWindow\MainWindow.xaml.cs(6903,61): warning CS8601: Possible null reference assignment. [C:\ExplorerPro\ExplorerPro_on4pkfpc_wpftmp.csproj]
         C:\ExplorerPro\UI\MainWindow\MainWindow.xaml.cs(6904,56): warning CS8601: Possible null reference assignment. [C:\ExplorerPro\ExplorerPro_on4pkfpc_wpftmp.csproj]
         C:\ExplorerPro\UI\MainWindow\MainWindow.xaml.cs(6907,124): warning CS8622: Nullability of reference types in type of parameter 'sender' of 'void MainWindow.OnTabDragStarted(object sender, TabDragEventArgs e)' doesn't match the target delegate 'EventHandler<TabDragEventArgs>' (possibly because of nullability attributes). [C:\ExplorerPro\ExplorerPro_on4pkfpc_wpftmp.csproj]
         C:\ExplorerPro\UI\MainWindow\MainWindow.xaml.cs(6908,121): warning CS8622: Nullability of reference types in type of parameter 'sender' of 'void MainWindow.OnTabDragging(object sender, TabDragEventArgs e)' doesn't match the target delegate 'EventHandler<TabDragEventArgs>' (possibly because of nullability attributes). [C:\ExplorerPro\ExplorerPro_on4pkfpc_wpftmp.csproj]
         C:\ExplorerPro\UI\MainWindow\MainWindow.xaml.cs(6909,126): warning CS8622: Nullability of reference types in type of parameter 'sender' of 'void MainWindow.OnTabDragCompleted(object sender, TabDragEventArgs e)' doesn't match the target delegate 'EventHandler<TabDragEventArgs>' (possibly because of nullability attributes). [C:\ExplorerPro\ExplorerPro_on4pkfpc_wpftmp.csproj]
         C:\ExplorerPro\UI\MainWindow\MainWindow.xaml.cs(6966,29): warning CS8604: Possible null reference argument for parameter 'logger' in 'TabIntegrationBridge.TabIntegrationBridge(MainWindow mainWindow, ITabManagerService tabManagerService = null, MainWindowTabsViewModel tabsViewModel = null, ILogger<TabIntegrationBridge> logger = null)'. [C:\ExplorerPro\ExplorerPro_on4pkfpc_wpftmp.csproj]
         C:\ExplorerPro\UI\PaneManagement\PaneManager.xaml.cs(60,22): warning CS0169: The field 'PaneManager._isDragging' is never used [C:\ExplorerPro\ExplorerPro_on4pkfpc_wpftmp.csproj]
         C:\ExplorerPro\UI\PaneManagement\PaneManager.xaml.cs(59,23): warning CS0169: The field 'PaneManager._dragStartPoint' is never used [C:\ExplorerPro\ExplorerPro_on4pkfpc_wpftmp.csproj]
         C:\ExplorerPro\UI\Controls\TabVisualManager.cs(57,61): warning CS0067: The event 'TabVisualManager.ThemeChanged' is never used [C:\ExplorerPro\ExplorerPro_on4pkfpc_wpftmp.csproj]
         C:\ExplorerPro\UI\FileTree\Services\FileTreeDragDropService.cs(99,36): warning CS0067: The event 'FileTreeDragDropService.HideDropIndicator' is never used [C:\ExplorerPro\ExplorerPro_on4pkfpc_wpftmp.csproj]
         C:\ExplorerPro\UI\FileTree\Services\FileTreeDragDropService.cs(98,66): warning CS0067: The event 'FileTreeDragDropService.ShowDropIndicator' is never used [C:\ExplorerPro\ExplorerPro_on4pkfpc_wpftmp.csproj]
         C:\ExplorerPro\UI\Controls\TabVirtualizationManager.cs(47,21): warning CS0169: The field 'TabVirtualizationManager._totalReactivated' is never used [C:\ExplorerPro\ExplorerPro_on4pkfpc_wpftmp.csproj]
         C:\ExplorerPro\Core\TabManagement\TabPerformanceIntegration.cs(52,69): warning CS0067: The event 'TabPerformanceIntegration.OptimizationCompleted' is never used [C:\ExplorerPro\ExplorerPro_on4pkfpc_wpftmp.csproj]
         C:\ExplorerPro\UI\PaneManagement\PaneManager.xaml.cs(58,26): warning CS0169: The field 'PaneManager._draggedItem' is never used [C:\ExplorerPro\ExplorerPro_on4pkfpc_wpftmp.csproj]
         C:\ExplorerPro\ViewModels\MainWindowViewModel.cs(25,67): warning CS0649: Field 'MainWindowViewModel._tabManager' is never assigned to, and will always have its default value null [C:\ExplorerPro\ExplorerPro_on4pkfpc_wpftmp.csproj]
         C:\ExplorerPro\UI\PaneManagement\PaneManager.xaml.cs(40,44): warning CS0067: The event 'PaneManager.ActiveManagerChanged' is never used [C:\ExplorerPro\ExplorerPro_on4pkfpc_wpftmp.csproj]
         C:\ExplorerPro\UI\FileTree\Services\FileTreeDragDropService.cs(97,62): warning CS0067: The event 'FileTreeDragDropService.DragBetweenTabs' is never used [C:\ExplorerPro\ExplorerPro_on4pkfpc_wpftmp.csproj]
         C:\ExplorerPro\Core\TabManagement\TabDragDropService.cs(26,24): warning CS0169: The field 'TabDragDropService._dropIndicatorCanvas' is never used [C:\ExplorerPro\ExplorerPro_on4pkfpc_wpftmp.csproj]
         C:\ExplorerPro\UI\MainWindow\TabIntegrationBridge.cs(29,34): warning CS0649: Field 'TabIntegrationBridge._modernTabControl' is never assigned to, and will always have its default value null [C:\ExplorerPro\ExplorerPro_on4pkfpc_wpftmp.csproj]
         C:\ExplorerPro\UI\FileTree\FileTreeItem.cs(43,30): warning CS0414: The field 'FileTreeItem._loadChildrenHandler' is assigned but its value is never used [C:\ExplorerPro\ExplorerPro_on4pkfpc_wpftmp.csproj]
         C:\ExplorerPro\UI\FileTree\Managers\FileTreeUIEventManager.cs(36,22): warning CS0414: The field 'FileTreeUIEventManager._isHandlingDoubleClick' is assigned but its value is never used [C:\ExplorerPro\ExplorerPro_on4pkfpc_wpftmp.csproj]
         C:\ExplorerPro\UI\PaneManagement\PaneManager.xaml.cs(55,22): warning CS0414: The field 'PaneManager._splitViewActive' is assigned but its value is never used [C:\ExplorerPro\ExplorerPro_on4pkfpc_wpftmp.csproj]
         C:\ExplorerPro\UI\FileTree\Services\FileTreeDragDropService.cs(48,22): warning CS0414: The field 'FileTreeDragDropService._isMouseDown' is assigned but its value is never used [C:\ExplorerPro\ExplorerPro_on4pkfpc_wpftmp.csproj]
         C:\ExplorerPro\Themes\ThemeManager.cs(88,22): warning CS0414: The field 'ThemeManager._resourcesCached' is assigned but its value is never used [C:\ExplorerPro\ExplorerPro_on4pkfpc_wpftmp.csproj]
         C:\ExplorerPro\UI\FileTree\Services\OutlookDataExtractor.cs(581,25): warning CA2022: Avoid inexact read with 'System.IO.Stream.Read(byte[], int, int)' (https://learn.microsoft.com/dotnet/fundamentals/code-analysis/quality-rules/ca2022) [C:\ExplorerPro\ExplorerPro_on4pkfpc_wpftmp.csproj]


       "C:\ExplorerPro\ExplorerPro.sln" (default target) (1:2) ->
       "C:\ExplorerPro\ExplorerPro.csproj" (default target) (2:6) ->
       "C:\ExplorerPro\ExplorerPro_on4pkfpc_wpftmp.csproj" (_CompileTemporaryAssembly target) (3) ->
       (CoreCompile target) -> 
         C:\ExplorerPro\UI\MainWindow\MainWindow.xaml.cs(3149,76): error CS0117: 'UnifiedTabCommands' does not contain a definition for 'TogglePinTabAsync' [C:\ExplorerPro\ExplorerPro_on4pkfpc_wpftmp.csproj]

    1428 Warning(s)
    1 Error(s)

Time Elapsed 00:00:03.68
